
Memory Configuration

Name             Origin             Length             Attributes
ram              0x80000000         0x00500000         xrw
*default*        0x00000000         0xffffffff

Linker script and memory map

                0x00000000                __DYNAMIC=0x0
                0x00400000                PROVIDE (__stack, 0x400000)
                0x00000000                PROVIDE (hardware_init_hook, 0x0)
                0x00000000                PROVIDE (_hardware_init_hook, 0x0)
                0x00000000                PROVIDE (software_init_hook, 0x0)
                0x00000000                PROVIDE (_software_init_hook, 0x0)

.text           0x80000000    0x6cea0
 *(.text)
 .text          0x80000000      0x258 S2_String_Check.o
                0x80000000                S2_String_Check_EventHandler
                0x8000017e                S2_String_CheckEventHandler00000
                0x800000bc                S2_String_Check_main
 .text          0x80000258      0x94a S2_MPS_Text_Centering.o
                0x80000710                S2_MPS_Text_CenteringEventHandler00000
                0x800009c2                S2_MPS_Text_Centering_main
                0x800008f2                S2_MPS_Text_Centering_EventHandler
 *fill*         0x80000ba2        0x2
 .text          0x80000ba4      0xe48 S2_Knob_Acceleration__Pkt_.o
                0x80001518                S2_Knob_Acceleration__Pkt__main
                0x800011a6                S2_Knob_Acceleration__Pkt_EventHandler00000
                0x8000143a                S2_Knob_Acceleration__Pkt__EventHandler
 .text          0x800019ec     0x5420 S2_DMPS_Text_Router_v1_0.o
                0x80006c44                S2_DMPS_Text_Router_v1_0EventHandler00009
                0x80006bee                S2_DMPS_Text_Router_v1_0EventHandler00008
                0x800061aa                S2_DMPS_Text_Router_v1_0_main
                0x8000689c                S2_DMPS_Text_Router_v1_0EventHandler00001
                0x80006a8e                S2_DMPS_Text_Router_v1_0EventHandler00004
                0x80006d8a                S2_DMPS_Text_Router_v1_0EventHandler0000B
                0x80006b1a                S2_DMPS_Text_Router_v1_0EventHandler00007
                0x8000697a                S2_DMPS_Text_Router_v1_0EventHandler00002
                0x80005f66                S2_DMPS_Text_Router_v1_0_EventHandler
                0x800067be                S2_DMPS_Text_Router_v1_0EventHandler00000
                0x80003c78                S2_DMPS_Text_Router_v1_0EventHandler00005
                0x80004c2a                S2_DMPS_Text_Router_v1_0EventHandler00006
                0x80006a02                S2_DMPS_Text_Router_v1_0EventHandler00003
                0x80006ce6                S2_DMPS_Text_Router_v1_0EventHandler0000A
 .text          0x80006e0c    0x4be18 S2_DMPS_Installer_Tools_v1_13.o
                0x80042190                S2_DMPS_Installer_Tools_v1_13EventHandler00029
                0x80044cb0                S2_DMPS_Installer_Tools_v1_13EventHandler00051
                0x8003fbf0                S2_DMPS_Installer_Tools_v1_13EventHandler00014
                0x8005257a                S2_DMPS_Installer_Tools_v1_13EventHandler00044
                0x80016cea                S2_DMPS_Installer_Tools_v1_13EventHandler00001
                0x80012936                S2_DMPS_Installer_Tools_v1_13KEYPADIDWAIT
                0x80051fec                S2_DMPS_Installer_Tools_v1_13EventHandler0003B
                0x80052264                S2_DMPS_Installer_Tools_v1_13EventHandler0003F
                0x8001fc56                S2_DMPS_Installer_Tools_v1_13EventHandler00006
                0x800523a0                S2_DMPS_Installer_Tools_v1_13EventHandler00041
                0x8001b00a                S2_DMPS_Installer_Tools_v1_13EventHandler00004
                0x80052752                S2_DMPS_Installer_Tools_v1_13EventHandler00047
                0x80043a62                S2_DMPS_Installer_Tools_v1_13EventHandler0004D
                0x80046d84                S2_DMPS_Installer_Tools_v1_13_main
                0x800255d4                S2_DMPS_Installer_Tools_v1_13EventHandler0000A
                0x80042ce8                S2_DMPS_Installer_Tools_v1_13EventHandler0002F
                0x80051762                S2_DMPS_Installer_Tools_v1_13EventHandler00011
                0x80052b46                S2_DMPS_Installer_Tools_v1_13EventHandler00054
                0x80040cc6                S2_DMPS_Installer_Tools_v1_13EventHandler0001B
                0x80024c86                S2_DMPS_Installer_Tools_v1_13EventHandler00008
                0x8005288a                S2_DMPS_Installer_Tools_v1_13EventHandler00049
                0x80052bda                S2_DMPS_Installer_Tools_v1_13EventHandler00056
                0x80051eb0                S2_DMPS_Installer_Tools_v1_13EventHandler00039
                0x800517ee                S2_DMPS_Installer_Tools_v1_13EventHandler00019
                0x80041636                S2_DMPS_Installer_Tools_v1_13EventHandler00022
                0x80041cbe                S2_DMPS_Installer_Tools_v1_13EventHandler00026
                0x800516e6                S2_DMPS_Installer_Tools_v1_13PASSWORDWAIT
                0x800521c6                S2_DMPS_Installer_Tools_v1_13EventHandler0003E
                0x80052926                S2_DMPS_Installer_Tools_v1_13EventHandler0004A
                0x80040ffe                S2_DMPS_Installer_Tools_v1_13EventHandler0001C
                0x8004352a                S2_DMPS_Installer_Tools_v1_13EventHandler00032
                0x80052afc                S2_DMPS_Installer_Tools_v1_13EventHandler00053
                0x800424b0                S2_DMPS_Installer_Tools_v1_13EventHandler0002B
                0x800403cc                S2_DMPS_Installer_Tools_v1_13EventHandler00016
                0x80051b9a                S2_DMPS_Installer_Tools_v1_13EventHandler00034
                0x8003ddda                S2_DMPS_Installer_Tools_v1_13EventHandler0000E
                0x80046c60                S2_DMPS_Installer_Tools_v1_13_EventHandler
                0x800526b6                S2_DMPS_Installer_Tools_v1_13EventHandler00046
                0x8002575c                S2_DMPS_Installer_Tools_v1_13EventHandler0000B
                0x80052a5e                S2_DMPS_Installer_Tools_v1_13EventHandler0004E
                0x800172e6                S2_DMPS_Installer_Tools_v1_13EventHandler00003
                0x80052302                S2_DMPS_Installer_Tools_v1_13EventHandler00040
                0x80051f4e                S2_DMPS_Installer_Tools_v1_13EventHandler0003A
                0x8001b53e                S2_DMPS_Installer_Tools_v1_13EventHandler00005
                0x800527ee                S2_DMPS_Installer_Tools_v1_13EventHandler00048
                0x80052b90                S2_DMPS_Installer_Tools_v1_13EventHandler00055
                0x80051a2a                S2_DMPS_Installer_Tools_v1_13EventHandler0001E
                0x8002544c                S2_DMPS_Installer_Tools_v1_13EventHandler00009
                0x80043400                S2_DMPS_Installer_Tools_v1_13EventHandler00031
                0x8003e474                S2_DMPS_Installer_Tools_v1_13EventHandler00010
                0x8004197a                S2_DMPS_Installer_Tools_v1_13EventHandler00024
                0x8004373e                S2_DMPS_Installer_Tools_v1_13EventHandler0004C
                0x8004295c                S2_DMPS_Installer_Tools_v1_13EventHandler0002E
                0x80051cd6                S2_DMPS_Installer_Tools_v1_13EventHandler00036
                0x80042002                S2_DMPS_Installer_Tools_v1_13EventHandler00028
                0x80051e12                S2_DMPS_Installer_Tools_v1_13EventHandler00038
                0x8003d91e                S2_DMPS_Installer_Tools_v1_13RESTOREAUDIODEFAULTSWAIT
                0x8004263e                S2_DMPS_Installer_Tools_v1_13EventHandler0002C
                0x800407ba                S2_DMPS_Installer_Tools_v1_13EventHandler00017
                0x8003db7c                S2_DMPS_Installer_Tools_v1_13RESTOREDEFAULTSWAIT
                0x800529c2                S2_DMPS_Installer_Tools_v1_13EventHandler0004B
                0x80051afc                S2_DMPS_Installer_Tools_v1_13EventHandler00033
                0x8004451e                S2_DMPS_Installer_Tools_v1_13EventHandler00050
                0x80042320                S2_DMPS_Installer_Tools_v1_13EventHandler0002A
                0x8003faaa                S2_DMPS_Installer_Tools_v1_13EventHandler00013
                0x80045442                S2_DMPS_Installer_Tools_v1_13EventHandler00052
                0x8003ffde                S2_DMPS_Installer_Tools_v1_13EventHandler00015
                0x80029752                S2_DMPS_Installer_Tools_v1_13EventHandler0000C
                0x80043d8c                S2_DMPS_Installer_Tools_v1_13EventHandler0004F
                0x8005208a                S2_DMPS_Installer_Tools_v1_13EventHandler0003C
                0x800298ca                S2_DMPS_Installer_Tools_v1_13EventHandler0000D
                0x80045f7e                S2_DMPS_Installer_Tools_v1_13EventHandler00058
                0x800524dc                S2_DMPS_Installer_Tools_v1_13EventHandler00043
                0x80016696                S2_DMPS_Installer_Tools_v1_13EventHandler00000
                0x8002041c                S2_DMPS_Installer_Tools_v1_13EventHandler00007
                0x8005243e                S2_DMPS_Installer_Tools_v1_13EventHandler00042
                0x80052618                S2_DMPS_Installer_Tools_v1_13EventHandler00045
                0x80051724                S2_DMPS_Installer_Tools_v1_13WRONGPASSWORDWAIT
                0x8001704a                S2_DMPS_Installer_Tools_v1_13EventHandler00002
                0x8003ea88                S2_DMPS_Installer_Tools_v1_13EventHandler00012
                0x80045bd4                S2_DMPS_Installer_Tools_v1_13EventHandler00057
                0x800518c6                S2_DMPS_Installer_Tools_v1_13EventHandler0001A
                0x8004118c                S2_DMPS_Installer_Tools_v1_13EventHandler0001F
                0x80043074                S2_DMPS_Installer_Tools_v1_13EventHandler00030
                0x80051d74                S2_DMPS_Installer_Tools_v1_13EventHandler00037
                0x8003e148                S2_DMPS_Installer_Tools_v1_13EventHandler0000F
                0x800417d8                S2_DMPS_Installer_Tools_v1_13EventHandler00023
                0x80041b1c                S2_DMPS_Installer_Tools_v1_13EventHandler00025
                0x800427cc                S2_DMPS_Installer_Tools_v1_13EventHandler0002D
                0x80040a40                S2_DMPS_Installer_Tools_v1_13EventHandler00018
                0x800414a8                S2_DMPS_Installer_Tools_v1_13EventHandler00021
                0x8004131a                S2_DMPS_Installer_Tools_v1_13EventHandler00020
                0x80041e60                S2_DMPS_Installer_Tools_v1_13EventHandler00027
                0x8005199e                S2_DMPS_Installer_Tools_v1_13EventHandler0001D
                0x80051c38                S2_DMPS_Installer_Tools_v1_13EventHandler00035
                0x80052128                S2_DMPS_Installer_Tools_v1_13EventHandler0003D
 .text          0x80052c24     0x2168 S2_APAD_Long_Text_Edit.o
                0x80054ca4                S2_APAD_Long_Text_EditEventHandler0000D
                0x800546fe                S2_APAD_Long_Text_Edit_main
                0x80053958                S2_APAD_Long_Text_EditEventHandler00005
                0x800548f2                S2_APAD_Long_Text_EditEventHandler00002
                0x80054b6e                S2_APAD_Long_Text_EditEventHandler0000A
                0x80053f50                S2_APAD_Long_Text_EditEventHandler00007
                0x80054baa                S2_APAD_Long_Text_EditEventHandler0000B
                0x80053b80                S2_APAD_Long_Text_EditEventHandler00006
                0x800549b4                S2_APAD_Long_Text_EditEventHandler00003
                0x80054be6                S2_APAD_Long_Text_EditEventHandler0000C
                0x80054a4c                S2_APAD_Long_Text_EditEventHandler00008
                0x80054618                S2_APAD_Long_Text_Edit_EventHandler
                0x8005432a                S2_APAD_Long_Text_EditEventHandler00009
                0x80053442                S2_APAD_Long_Text_EditEventHandler00000
                0x800536f6                S2_APAD_Long_Text_EditEventHandler00004
                0x8005359c                S2_APAD_Long_Text_EditEventHandler00001
 .text          0x80054d8c     0x1078 S2_UserProgCmd_Interface_v1_0.o
                0x80054ea6                S2_UserProgCmd_Interface_v1_0EventHandler00000
                0x80055c8c                S2_UserProgCmd_Interface_v1_0_main
                0x80055ba8                S2_UserProgCmd_Interface_v1_0_EventHandler
 .text          0x80055e04      0x34c S2_UserProgCmd_Interface_Serial_To_Analog_v1_0.o
                0x80055f02                S2_UserProgCmd_Interface_Serial_To_Analog_v1_0_main
                0x80055e04                S2_UserProgCmd_Interface_Serial_To_Analog_v1_0_EventHandler
                0x800560c0                S2_UserProgCmd_Interface_Serial_To_Analog_v1_0EventHandler00001
                0x80055fce                S2_UserProgCmd_Interface_Serial_To_Analog_v1_0EventHandler00000
 .text          0x80056150     0x32b4 S2_DMPS_System_Info_V1_0_2.o
                0x80058f96                S2_DMPS_System_Info_V1_0_2EventHandler00002
                0x80059362                S2_DMPS_System_Info_V1_0_2EventHandler00008
                0x8005921e                S2_DMPS_System_Info_V1_0_2EventHandler00006
                0x80056150                S2_DMPS_System_Info_V1_0_2EventHandler00000
                0x80059038                S2_DMPS_System_Info_V1_0_2EventHandler00003
                0x80058c28                S2_DMPS_System_Info_V1_0_2_EventHandler
                0x80058cda                S2_DMPS_System_Info_V1_0_2_main
                0x80056558                S2_DMPS_System_Info_V1_0_2EventHandler00001
                0x80058ee2                S2_DMPS_System_Info_V1_0_2__SPLS_TMPVAR__WAITLABEL_0__
                0x8005917c                S2_DMPS_System_Info_V1_0_2EventHandler00005
                0x800590da                S2_DMPS_System_Info_V1_0_2EventHandler00004
                0x800592c0                S2_DMPS_System_Info_V1_0_2EventHandler00007
 .text          0x80059404     0x1e9c S2_Single_Line_Scroller_v1_2.o
                0x80059ab4                S2_Single_Line_Scroller_v1_2EventHandler00000
                0x8005a08a                S2_Single_Line_Scroller_v1_2EventHandler00001
                0x8005ae64                S2_Single_Line_Scroller_v1_2_main
                0x8005a22a                S2_Single_Line_Scroller_v1_2EventHandler00002
                0x8005b212                S2_Single_Line_Scroller_v1_2EventHandler00006
                0x8005aa82                S2_Single_Line_Scroller_v1_2EventHandler00007
                0x8005ad98                S2_Single_Line_Scroller_v1_2_EventHandler
                0x8005a86a                S2_Single_Line_Scroller_v1_2EventHandler00005
                0x8005a47e                S2_Single_Line_Scroller_v1_2EventHandler00003
                0x8005a6be                S2_Single_Line_Scroller_v1_2EventHandler00004
 .text          0x8005b2a0     0x1140 S2_IP_Address_Edit_with_Up_Down.o
                0x8005c368                S2_IP_Address_Edit_with_Up_DownEventHandler00000
                0x8005c3a4                S2_IP_Address_Edit_with_Up_DownEventHandler00001
                0x8005bfbc                S2_IP_Address_Edit_with_Up_Down_EventHandler
                0x8005c0aa                S2_IP_Address_Edit_with_Up_Down_main
 .text          0x8005c3e0      0xd38 S2_IP_Address_Edit_Acceleration.o
                0x8005c8b4                S2_IP_Address_Edit_AccelerationEventHandler00000
                0x8005cb48                S2_IP_Address_Edit_Acceleration_EventHandler
                0x8005cc26                S2_IP_Address_Edit_Acceleration_main
 .text          0x8005d118      0x53c S2_DMPS_Analog_To_String_Conversion_v1_1.o
                0x8005d118                S2_DMPS_Analog_To_String_Conversion_v1_1EventHandler00000
                0x8005d538                S2_DMPS_Analog_To_String_Conversion_v1_1_EventHandler
                0x8005d5f4                S2_DMPS_Analog_To_String_Conversion_v1_1_main
 .text          0x8005d654      0x31c S2_DMPS_String_to_Analog_Conversion_v1_1.o
                0x8005d8e0                S2_DMPS_String_to_Analog_Conversion_v1_1_main
                0x8005d654                S2_DMPS_String_to_Analog_Conversion_v1_1EventHandler00000
                0x8005d83a                S2_DMPS_String_to_Analog_Conversion_v1_1_EventHandler
 .text          0x8005d970     0x2d34 S2_NTP_Time_Sync_v1_0.o
                0x80060540                S2_NTP_Time_Sync_v1_0_main
                0x80060194                S2_NTP_Time_Sync_v1_0EventHandler00001
                0x80060434                S2_NTP_Time_Sync_v1_0_EventHandler
                0x8005fe8a                S2_NTP_Time_Sync_v1_0SERVERWAIT
                0x8005fb1a                S2_NTP_Time_Sync_v1_0EventHandler00000
 .text          0x800606a4     0x5836 library.o
                0x80064890                RotateRightLong
                0x80064e9e                IsSystem
                0x800647f4                Seed
                0x800620ec                Remove
                0x80064470                Ltoa
                0x8006419c                Atoi
                0x80063504                InitRampInfoArray
                0x80064c4a                Right
                0x80065c7a                LockInputSema
                0x8006471e                Mod
                0x80064906                Getc
                0x80064652                SMuldiv
                0x80064e80                IsHidden
                0x80064536                Min
                0x80065a8e                hextosi
                0x80065024                WriteIntegerArray
                0x8006559a                GetSignedIntArrayElementPtr
                0x80063ebe                CheckStructArray
                0x80065aa2                hextosl
                0x800651aa                WriteSignedIntegerArray
                0x80063b86                InitStringParamArray
                0x80062e58                ReadSignedLongIntegerArray
                0x80061d7a                GatherToDelimiter
                0x800639aa                InitStringArray
                0x80064510                Max
                0x80064eda                IsReadOnly
                0x8006461a                SMax
                0x80061f1e                GatherByLength
                0x800643aa                Chr
                0x80064ffc                ReadSignedLongInteger
                0x80064428                Itohex
                0x80063e30                GetStructArrayElement
                0x80064124                UNS_SetByte
                0x80064c1e                ReverseFindi
                0x80063300                ReadStringArray
                0x800653aa                GetIntArrayElementPtr
                0x80064a5a                Lower
                0x80064810                RotateLeft
                0x80065bc2                ResizeIfAutogrow
                0x80063630                CheckInputArray
                0x80060c12                ResizeStringArray
                0x8006433c                Atosl
                0x80064164                High
                0x800647c0                Rnd
                0x800646e2                UMod
                0x80064866                RotateLeftLong
                0x80065cee                FindNumericChar
                0x800657f2                CheckIOArrayBounds2
                0x80064e38                MakeProgramFilename
                0x80064636                SMin
                0x8006498e                Left
                0x800648d0                CheckBufferThreshold
                0x80064fb4                ReadSignedInteger
                0x8006418e                LowWord
                0x800606a4                Bit
                0x80064f64                ReadLongInteger
                0x80063fa2                Byte
                0x800654a2                GetLongArrayElementPtr
                0x80064bf0                ReverseFind
                0x80064e4e                GetSeries
                0x80065dba                InitTcpServer
                0x80064a42                Len
                0x800658c2                InitializeRampInfoInternal
                0x8006455c                Divide
                0x800642a8                Atol
                0x80064e44                GetModelNumber
                0x8006578a                CheckIOArrayBounds
                0x8006368a                CheckStringInputArray
                0x8006526c                WriteSignedLongIntegerArray
                0x80063d7a                GetStringArrayElement
                0x800644b4                Ltohex
                0x800643e0                Itoa
                0x8006483a                RotateRight
                0x800623da                InternalReverseFind
                0x80064f44                WriteLongInteger
                0x800638ae                InitDynamicStringStruct
                0x800637a0                SetStringArray
                0x80062c36                ReadSignedIntegerArray
                0x800636e4                SetOutputArray
                0x80064ef4                WriteInteger
                0x80063d0e                InitStructDynamicArray
                0x80062664                SetString
                0x8006475a                Random
                0x80064f8c                WriteSignedInteger
                0x80060908                Find
                0x80064e58                GetProgramNumber
                0x80064b2e                Mid
                0x80065d2c                InitTcpClient
                0x800617f6                ResizeStructArray
                0x80065692                GetSignedLongArrayElementPtr
                0x80065ab4                hextol
                0x8006307a                ReadString
                0x80063a40                InitDynamicStringArray
                0x80065b9a                UpperChar
                0x80064238                Atosi
                0x80064f1c                ReadInteger
                0x800645ce                Muldiv
                0x80063752                SetStringOutputArray
                0x80065330                WriteString
                0x8006126a                ResizeIntegerArray
                0x800635f8                InitInOutArray
                0x80063c4e                InitNvramStringArray
                0x800644f8                Abs
                0x8006469e                SDivide
                0x800627f4                ReadIntegerArray
                0x800607b4                CompareStrings
                0x80065b72                LowerChar
                0x80065e4a                InitUdpSocket
                0x800648b8                ClearBuffer
                0x80064d06                Upper
                0x80063cea                InitStructArray
                0x80064ddc                MakeLower
                0x80064ebc                IsVolume
                0x80062246                RemoveByLength
                0x80063f3a                CheckStringOutputArrayIndex
                0x800650e6                WriteLongIntegerArray
                0x8006596e                InitRampInfoStructArray
                0x80064180                HighWord
                0x80060a7c                ResizeString
                0x80064e62                IsDirectory
                0x80062a14                ReadLongIntegerArray
                0x80064172                Low
                0x80061c20                Gather
                0x80064e0a                MakeUpper
                0x80063870                InitStringStruct
                0x8006585a                CheckStringArrayBounds
                0x800645a0                CheckDenominator
                0x80065a76                hextoi
                0x80063198                WriteStringArray
                0x80064062                SetByte
                0x80065918                InitializeRampInfo
                0x80065cb4                UnLockInputSema
                0x80064fdc                WriteSignedLongInteger
                0x80063962                InitNvramStringStruct
 *fill*         0x80065eda        0x6
                0x80065ee0                .=ALIGN(0x10)
 *(.eh_frame)
                0x80065ee0                .=ALIGN(0x10)
 *(.gnu.linkonce.t.*)
                0x80065ee0                .=ALIGN(0x4)
                0x80065ee0                __CTOR_LIST__=.
                0x80065ee0                ___CTOR_LIST__=.
                0x80065ee0        0x4 LONG 0x0 (((__CTOR_END__-__CTOR_LIST__)/0x4)-0x2)
 *(.ctors)
                0x80065ee4        0x4 LONG 0x0
                0x80065ee8                __CTOR_END__=.
                0x80065ee8                __DTOR_LIST__=.
                0x80065ee8                ___DTOR_LIST__=.
                0x80065ee8        0x4 LONG 0x0 (((__DTOR_END__-__DTOR_LIST__)/0x4)-0x2)
 *(.dtors)
                0x80065eec        0x4 LONG 0x0
                0x80065ef0                __DTOR_END__=.
 *(.rodata)
 .rodata        0x80065ef0      0x23b S2_String_Check.o
 .rodata        0x8006612b      0x2f5 S2_MPS_Text_Centering.o
 .rodata        0x80066420      0x3fb S2_Knob_Acceleration__Pkt_.o
 .rodata        0x8006681b      0x687 S2_DMPS_Text_Router_v1_0.o
 .rodata        0x80066ea2     0x2b1d S2_DMPS_Installer_Tools_v1_13.o
 .rodata        0x800699bf      0x3b7 S2_APAD_Long_Text_Edit.o
 .rodata        0x80069d76      0x457 S2_UserProgCmd_Interface_v1_0.o
 .rodata        0x8006a1cd      0x24a S2_UserProgCmd_Interface_Serial_To_Analog_v1_0.o
 .rodata        0x8006a417      0x814 S2_DMPS_System_Info_V1_0_2.o
 .rodata        0x8006ac2b      0x38d S2_Single_Line_Scroller_v1_2.o
 .rodata        0x8006afb8      0x261 S2_IP_Address_Edit_with_Up_Down.o
 .rodata        0x8006b219      0x2de S2_IP_Address_Edit_Acceleration.o
 .rodata        0x8006b4f7      0x2d2 S2_DMPS_Analog_To_String_Conversion_v1_1.o
 .rodata        0x8006b7c9      0x23b S2_DMPS_String_to_Analog_Conversion_v1_1.o
 .rodata        0x8006ba04      0x836 S2_NTP_Time_Sync_v1_0.o
 .rodata        0x8006c23a      0xc54 library.o
 *(.gcc_except_table)
                0x8006ce8e                .=ALIGN(0x2)
                0x8006ce8e                __INIT_SECTION__=.
                0x8006ce8e        0x4 LONG 0x4e560000
 *(.init)
                0x8006ce92        0x2 SHORT 0x4e5e
                0x8006ce94        0x2 SHORT 0x4e75
                0x8006ce96                __FINI_SECTION__=.
                0x8006ce96        0x4 LONG 0x4e560000
 *(.fini)
                0x8006ce9a        0x2 SHORT 0x4e5e
                0x8006ce9c        0x2 SHORT 0x4e75
 *(.lit)
 *fill*         0x8006ce9e        0x2
                0x8006cea0                .=ALIGN(0x10)
                0x8006cea0                _etext=.
                0x8006cea0                etext=.

.data           0x8006cea0        0x0
                0x8006cea0                copy_start=.
 *(.shdata)
 *(.data)
 *(.gnu.linkonce.d.*)
                0x8006cea0                .=ALIGN(0x10)
                0x8006cea0                _edata=.
                0x8006cea0                copy_end=.

.got
 *(.got.plt)
 *(.got)

EntryList       0x8006cea0      0xff0
 *(EntryList)
 EntryList      0x8006cea0      0x110 S2_String_Check.o
                0x8006cea0                S2_String_Check_Entry
 EntryList      0x8006cfb0      0x110 S2_MPS_Text_Centering.o
                0x8006cfb0                S2_MPS_Text_Centering_Entry
 EntryList      0x8006d0c0      0x110 S2_Knob_Acceleration__Pkt_.o
                0x8006d0c0                S2_Knob_Acceleration__Pkt__Entry
 EntryList      0x8006d1d0      0x110 S2_DMPS_Text_Router_v1_0.o
                0x8006d1d0                S2_DMPS_Text_Router_v1_0_Entry
 EntryList      0x8006d2e0      0x110 S2_DMPS_Installer_Tools_v1_13.o
                0x8006d2e0                S2_DMPS_Installer_Tools_v1_13_Entry
 EntryList      0x8006d3f0      0x110 S2_APAD_Long_Text_Edit.o
                0x8006d3f0                S2_APAD_Long_Text_Edit_Entry
 EntryList      0x8006d500      0x110 S2_UserProgCmd_Interface_v1_0.o
                0x8006d500                S2_UserProgCmd_Interface_v1_0_Entry
 EntryList      0x8006d610      0x110 S2_UserProgCmd_Interface_Serial_To_Analog_v1_0.o
                0x8006d610                S2_UserProgCmd_Interface_Serial_To_Analog_v1_0_Entry
 EntryList      0x8006d720      0x110 S2_DMPS_System_Info_V1_0_2.o
                0x8006d720                S2_DMPS_System_Info_V1_0_2_Entry
 EntryList      0x8006d830      0x110 S2_Single_Line_Scroller_v1_2.o
                0x8006d830                S2_Single_Line_Scroller_v1_2_Entry
 EntryList      0x8006d940      0x110 S2_IP_Address_Edit_with_Up_Down.o
                0x8006d940                S2_IP_Address_Edit_with_Up_Down_Entry
 EntryList      0x8006da50      0x110 S2_IP_Address_Edit_Acceleration.o
                0x8006da50                S2_IP_Address_Edit_Acceleration_Entry
 EntryList      0x8006db60      0x110 S2_DMPS_Analog_To_String_Conversion_v1_1.o
                0x8006db60                S2_DMPS_Analog_To_String_Conversion_v1_1_Entry
 EntryList      0x8006dc70      0x110 S2_DMPS_String_to_Analog_Conversion_v1_1.o
                0x8006dc70                S2_DMPS_String_to_Analog_Conversion_v1_1_Entry
 EntryList      0x8006dd80      0x110 S2_NTP_Time_Sync_v1_0.o
                0x8006dd80                S2_NTP_Time_Sync_v1_0_Entry
                0x8006de90                .=ALIGN(0x4)

FunctionList    0x8006de90        0x4
 *(FunctionList)
 FunctionList   0x8006de90        0x4 globals.o
                0x8006de90                g_pFunctions
                0x8006de94                .=ALIGN(0x4)

.bss            0x8006de94        0x0
                0x8006de94                .=ALIGN(0x4)
                0x8006de94                __bss_start=.
 *(.shbss)
 *(.bss)
 *(COMMON)
                0x8006de98                _end=ALIGN(0x8)
                0x8006de98                __end=_end

.stab
 *(.stab)

.stabstr
 *(.stabstr)

.debug
 *(.debug)

.line
 *(.line)

.debug_srcinfo
 *(.debug_srcinfo)

.debug_sfnames
 *(.debug_sfnames)

.debug_aranges
 *(.debug_aranges)

.debug_pubnames
 *(.debug_pubnames)

.debug_info
 *(.debug_info)

.debug_abbrev
 *(.debug_abbrev)

.debug_line
 *(.debug_line)

.debug_frame
 *(.debug_frame)

.debug_str
 *(.debug_str)

.debug_loc
 *(.debug_loc)

.debug_macinfo
 *(.debug_macinfo)

.debug_weaknames
 *(.debug_weaknames)

.debug_funcnames
 *(.debug_funcnames)

.debug_typenames
 *(.debug_typenames)

.debug_varnames
 *(.debug_varnames)
LOAD S2_String_Check.o
LOAD S2_MPS_Text_Centering.o
LOAD S2_Knob_Acceleration__Pkt_.o
LOAD S2_DMPS_Text_Router_v1_0.o
LOAD S2_DMPS_Installer_Tools_v1_13.o
LOAD S2_APAD_Long_Text_Edit.o
LOAD S2_UserProgCmd_Interface_v1_0.o
LOAD S2_UserProgCmd_Interface_Serial_To_Analog_v1_0.o
LOAD S2_DMPS_System_Info_V1_0_2.o
LOAD S2_Single_Line_Scroller_v1_2.o
LOAD S2_IP_Address_Edit_with_Up_Down.o
LOAD S2_IP_Address_Edit_Acceleration.o
LOAD S2_DMPS_Analog_To_String_Conversion_v1_1.o
LOAD S2_DMPS_String_to_Analog_Conversion_v1_1.o
LOAD S2_NTP_Time_Sync_v1_0.o
LOAD globals.o
LOAD library.o
OUTPUT(_S2_SM0446_20190819_DB.spl elf32-m68k)

.comment        0x8006de94      0x286
 .comment       0x8006de94       0x26 S2_String_Check.o
 .comment       0x8006deba       0x26 S2_MPS_Text_Centering.o
 .comment       0x8006dee0       0x26 S2_Knob_Acceleration__Pkt_.o
 .comment       0x8006df06       0x26 S2_DMPS_Text_Router_v1_0.o
 .comment       0x8006df2c       0x26 S2_DMPS_Installer_Tools_v1_13.o
 .comment       0x8006df52       0x26 S2_APAD_Long_Text_Edit.o
 .comment       0x8006df78       0x26 S2_UserProgCmd_Interface_v1_0.o
 .comment       0x8006df9e       0x26 S2_UserProgCmd_Interface_Serial_To_Analog_v1_0.o
 .comment       0x8006dfc4       0x26 S2_DMPS_System_Info_V1_0_2.o
 .comment       0x8006dfea       0x26 S2_Single_Line_Scroller_v1_2.o
 .comment       0x8006e010       0x26 S2_IP_Address_Edit_with_Up_Down.o
 .comment       0x8006e036       0x26 S2_IP_Address_Edit_Acceleration.o
 .comment       0x8006e05c       0x26 S2_DMPS_Analog_To_String_Conversion_v1_1.o
 .comment       0x8006e082       0x26 S2_DMPS_String_to_Analog_Conversion_v1_1.o
 .comment       0x8006e0a8       0x26 S2_NTP_Time_Sync_v1_0.o
 .comment       0x8006e0ce       0x26 globals.o
 .comment       0x8006e0f4       0x26 library.o
