
Memory Configuration

Name             Origin             Length             Attributes
ram              0x80000000         0x00500000         xrw
*default*        0x00000000         0xffffffff

Linker script and memory map

                0x00000000                __DYNAMIC=0x0
                0x00400000                PROVIDE (__stack, 0x400000)
                0x00000000                PROVIDE (hardware_init_hook, 0x0)
                0x00000000                PROVIDE (_hardware_init_hook, 0x0)
                0x00000000                PROVIDE (software_init_hook, 0x0)
                0x00000000                PROVIDE (_software_init_hook, 0x0)

.text           0x80000000    0x922b0
 *(.text)
 .text          0x80000000      0x258 S2_String_Check.o
                0x80000000                S2_String_Check_EventHandler
                0x8000017e                S2_String_CheckEventHandler00000
                0x800000bc                S2_String_Check_main
 .text          0x80000258      0x94a S2_MPS_Text_Centering.o
                0x80000710                S2_MPS_Text_CenteringEventHandler00000
                0x800009c2                S2_MPS_Text_Centering_main
                0x800008f2                S2_MPS_Text_Centering_EventHandler
 *fill*         0x80000ba2        0x2
 .text          0x80000ba4      0xe48 S2_Knob_Acceleration__Pkt_.o
                0x80001518                S2_Knob_Acceleration__Pkt__main
                0x800011a6                S2_Knob_Acceleration__Pkt_EventHandler00000
                0x8000143a                S2_Knob_Acceleration__Pkt__EventHandler
 .text          0x800019ec     0x5420 S2_DMPS_Text_Router_v1_0.o
                0x80006c44                S2_DMPS_Text_Router_v1_0EventHandler00009
                0x80006bee                S2_DMPS_Text_Router_v1_0EventHandler00008
                0x800061aa                S2_DMPS_Text_Router_v1_0_main
                0x8000689c                S2_DMPS_Text_Router_v1_0EventHandler00001
                0x80006a8e                S2_DMPS_Text_Router_v1_0EventHandler00004
                0x80006d8a                S2_DMPS_Text_Router_v1_0EventHandler0000B
                0x80006b1a                S2_DMPS_Text_Router_v1_0EventHandler00007
                0x8000697a                S2_DMPS_Text_Router_v1_0EventHandler00002
                0x80005f66                S2_DMPS_Text_Router_v1_0_EventHandler
                0x800067be                S2_DMPS_Text_Router_v1_0EventHandler00000
                0x80003c78                S2_DMPS_Text_Router_v1_0EventHandler00005
                0x80004c2a                S2_DMPS_Text_Router_v1_0EventHandler00006
                0x80006a02                S2_DMPS_Text_Router_v1_0EventHandler00003
                0x80006ce6                S2_DMPS_Text_Router_v1_0EventHandler0000A
 .text          0x80006e0c    0x4be18 S2_DMPS_Installer_Tools_v1_13.o
                0x80042190                S2_DMPS_Installer_Tools_v1_13EventHandler00029
                0x80044cb0                S2_DMPS_Installer_Tools_v1_13EventHandler00051
                0x8003fbf0                S2_DMPS_Installer_Tools_v1_13EventHandler00014
                0x8005257a                S2_DMPS_Installer_Tools_v1_13EventHandler00044
                0x80016cea                S2_DMPS_Installer_Tools_v1_13EventHandler00001
                0x80012936                S2_DMPS_Installer_Tools_v1_13KEYPADIDWAIT
                0x80051fec                S2_DMPS_Installer_Tools_v1_13EventHandler0003B
                0x80052264                S2_DMPS_Installer_Tools_v1_13EventHandler0003F
                0x8001fc56                S2_DMPS_Installer_Tools_v1_13EventHandler00006
                0x800523a0                S2_DMPS_Installer_Tools_v1_13EventHandler00041
                0x8001b00a                S2_DMPS_Installer_Tools_v1_13EventHandler00004
                0x80052752                S2_DMPS_Installer_Tools_v1_13EventHandler00047
                0x80043a62                S2_DMPS_Installer_Tools_v1_13EventHandler0004D
                0x80046d84                S2_DMPS_Installer_Tools_v1_13_main
                0x800255d4                S2_DMPS_Installer_Tools_v1_13EventHandler0000A
                0x80042ce8                S2_DMPS_Installer_Tools_v1_13EventHandler0002F
                0x80051762                S2_DMPS_Installer_Tools_v1_13EventHandler00011
                0x80052b46                S2_DMPS_Installer_Tools_v1_13EventHandler00054
                0x80040cc6                S2_DMPS_Installer_Tools_v1_13EventHandler0001B
                0x80024c86                S2_DMPS_Installer_Tools_v1_13EventHandler00008
                0x8005288a                S2_DMPS_Installer_Tools_v1_13EventHandler00049
                0x80052bda                S2_DMPS_Installer_Tools_v1_13EventHandler00056
                0x80051eb0                S2_DMPS_Installer_Tools_v1_13EventHandler00039
                0x800517ee                S2_DMPS_Installer_Tools_v1_13EventHandler00019
                0x80041636                S2_DMPS_Installer_Tools_v1_13EventHandler00022
                0x80041cbe                S2_DMPS_Installer_Tools_v1_13EventHandler00026
                0x800516e6                S2_DMPS_Installer_Tools_v1_13PASSWORDWAIT
                0x800521c6                S2_DMPS_Installer_Tools_v1_13EventHandler0003E
                0x80052926                S2_DMPS_Installer_Tools_v1_13EventHandler0004A
                0x80040ffe                S2_DMPS_Installer_Tools_v1_13EventHandler0001C
                0x8004352a                S2_DMPS_Installer_Tools_v1_13EventHandler00032
                0x80052afc                S2_DMPS_Installer_Tools_v1_13EventHandler00053
                0x800424b0                S2_DMPS_Installer_Tools_v1_13EventHandler0002B
                0x800403cc                S2_DMPS_Installer_Tools_v1_13EventHandler00016
                0x80051b9a                S2_DMPS_Installer_Tools_v1_13EventHandler00034
                0x8003ddda                S2_DMPS_Installer_Tools_v1_13EventHandler0000E
                0x80046c60                S2_DMPS_Installer_Tools_v1_13_EventHandler
                0x800526b6                S2_DMPS_Installer_Tools_v1_13EventHandler00046
                0x8002575c                S2_DMPS_Installer_Tools_v1_13EventHandler0000B
                0x80052a5e                S2_DMPS_Installer_Tools_v1_13EventHandler0004E
                0x800172e6                S2_DMPS_Installer_Tools_v1_13EventHandler00003
                0x80052302                S2_DMPS_Installer_Tools_v1_13EventHandler00040
                0x80051f4e                S2_DMPS_Installer_Tools_v1_13EventHandler0003A
                0x8001b53e                S2_DMPS_Installer_Tools_v1_13EventHandler00005
                0x800527ee                S2_DMPS_Installer_Tools_v1_13EventHandler00048
                0x80052b90                S2_DMPS_Installer_Tools_v1_13EventHandler00055
                0x80051a2a                S2_DMPS_Installer_Tools_v1_13EventHandler0001E
                0x8002544c                S2_DMPS_Installer_Tools_v1_13EventHandler00009
                0x80043400                S2_DMPS_Installer_Tools_v1_13EventHandler00031
                0x8003e474                S2_DMPS_Installer_Tools_v1_13EventHandler00010
                0x8004197a                S2_DMPS_Installer_Tools_v1_13EventHandler00024
                0x8004373e                S2_DMPS_Installer_Tools_v1_13EventHandler0004C
                0x8004295c                S2_DMPS_Installer_Tools_v1_13EventHandler0002E
                0x80051cd6                S2_DMPS_Installer_Tools_v1_13EventHandler00036
                0x80042002                S2_DMPS_Installer_Tools_v1_13EventHandler00028
                0x80051e12                S2_DMPS_Installer_Tools_v1_13EventHandler00038
                0x8003d91e                S2_DMPS_Installer_Tools_v1_13RESTOREAUDIODEFAULTSWAIT
                0x8004263e                S2_DMPS_Installer_Tools_v1_13EventHandler0002C
                0x800407ba                S2_DMPS_Installer_Tools_v1_13EventHandler00017
                0x8003db7c                S2_DMPS_Installer_Tools_v1_13RESTOREDEFAULTSWAIT
                0x800529c2                S2_DMPS_Installer_Tools_v1_13EventHandler0004B
                0x80051afc                S2_DMPS_Installer_Tools_v1_13EventHandler00033
                0x8004451e                S2_DMPS_Installer_Tools_v1_13EventHandler00050
                0x80042320                S2_DMPS_Installer_Tools_v1_13EventHandler0002A
                0x8003faaa                S2_DMPS_Installer_Tools_v1_13EventHandler00013
                0x80045442                S2_DMPS_Installer_Tools_v1_13EventHandler00052
                0x8003ffde                S2_DMPS_Installer_Tools_v1_13EventHandler00015
                0x80029752                S2_DMPS_Installer_Tools_v1_13EventHandler0000C
                0x80043d8c                S2_DMPS_Installer_Tools_v1_13EventHandler0004F
                0x8005208a                S2_DMPS_Installer_Tools_v1_13EventHandler0003C
                0x800298ca                S2_DMPS_Installer_Tools_v1_13EventHandler0000D
                0x80045f7e                S2_DMPS_Installer_Tools_v1_13EventHandler00058
                0x800524dc                S2_DMPS_Installer_Tools_v1_13EventHandler00043
                0x80016696                S2_DMPS_Installer_Tools_v1_13EventHandler00000
                0x8002041c                S2_DMPS_Installer_Tools_v1_13EventHandler00007
                0x8005243e                S2_DMPS_Installer_Tools_v1_13EventHandler00042
                0x80052618                S2_DMPS_Installer_Tools_v1_13EventHandler00045
                0x80051724                S2_DMPS_Installer_Tools_v1_13WRONGPASSWORDWAIT
                0x8001704a                S2_DMPS_Installer_Tools_v1_13EventHandler00002
                0x8003ea88                S2_DMPS_Installer_Tools_v1_13EventHandler00012
                0x80045bd4                S2_DMPS_Installer_Tools_v1_13EventHandler00057
                0x800518c6                S2_DMPS_Installer_Tools_v1_13EventHandler0001A
                0x8004118c                S2_DMPS_Installer_Tools_v1_13EventHandler0001F
                0x80043074                S2_DMPS_Installer_Tools_v1_13EventHandler00030
                0x80051d74                S2_DMPS_Installer_Tools_v1_13EventHandler00037
                0x8003e148                S2_DMPS_Installer_Tools_v1_13EventHandler0000F
                0x800417d8                S2_DMPS_Installer_Tools_v1_13EventHandler00023
                0x80041b1c                S2_DMPS_Installer_Tools_v1_13EventHandler00025
                0x800427cc                S2_DMPS_Installer_Tools_v1_13EventHandler0002D
                0x80040a40                S2_DMPS_Installer_Tools_v1_13EventHandler00018
                0x800414a8                S2_DMPS_Installer_Tools_v1_13EventHandler00021
                0x8004131a                S2_DMPS_Installer_Tools_v1_13EventHandler00020
                0x80041e60                S2_DMPS_Installer_Tools_v1_13EventHandler00027
                0x8005199e                S2_DMPS_Installer_Tools_v1_13EventHandler0001D
                0x80051c38                S2_DMPS_Installer_Tools_v1_13EventHandler00035
                0x80052128                S2_DMPS_Installer_Tools_v1_13EventHandler0003D
 .text          0x80052c24     0x2168 S2_APAD_Long_Text_Edit.o
                0x80054ca4                S2_APAD_Long_Text_EditEventHandler0000D
                0x800546fe                S2_APAD_Long_Text_Edit_main
                0x80053958                S2_APAD_Long_Text_EditEventHandler00005
                0x800548f2                S2_APAD_Long_Text_EditEventHandler00002
                0x80054b6e                S2_APAD_Long_Text_EditEventHandler0000A
                0x80053f50                S2_APAD_Long_Text_EditEventHandler00007
                0x80054baa                S2_APAD_Long_Text_EditEventHandler0000B
                0x80053b80                S2_APAD_Long_Text_EditEventHandler00006
                0x800549b4                S2_APAD_Long_Text_EditEventHandler00003
                0x80054be6                S2_APAD_Long_Text_EditEventHandler0000C
                0x80054a4c                S2_APAD_Long_Text_EditEventHandler00008
                0x80054618                S2_APAD_Long_Text_Edit_EventHandler
                0x8005432a                S2_APAD_Long_Text_EditEventHandler00009
                0x80053442                S2_APAD_Long_Text_EditEventHandler00000
                0x800536f6                S2_APAD_Long_Text_EditEventHandler00004
                0x8005359c                S2_APAD_Long_Text_EditEventHandler00001
 .text          0x80054d8c     0x1078 S2_UserProgCmd_Interface_v1_0.o
                0x80054ea6                S2_UserProgCmd_Interface_v1_0EventHandler00000
                0x80055c8c                S2_UserProgCmd_Interface_v1_0_main
                0x80055ba8                S2_UserProgCmd_Interface_v1_0_EventHandler
 .text          0x80055e04      0x34c S2_UserProgCmd_Interface_Serial_To_Analog_v1_0.o
                0x80055f02                S2_UserProgCmd_Interface_Serial_To_Analog_v1_0_main
                0x80055e04                S2_UserProgCmd_Interface_Serial_To_Analog_v1_0_EventHandler
                0x800560c0                S2_UserProgCmd_Interface_Serial_To_Analog_v1_0EventHandler00001
                0x80055fce                S2_UserProgCmd_Interface_Serial_To_Analog_v1_0EventHandler00000
 .text          0x80056150     0x32b4 S2_DMPS_System_Info_V1_0_2.o
                0x80058f96                S2_DMPS_System_Info_V1_0_2EventHandler00002
                0x80059362                S2_DMPS_System_Info_V1_0_2EventHandler00008
                0x8005921e                S2_DMPS_System_Info_V1_0_2EventHandler00006
                0x80056150                S2_DMPS_System_Info_V1_0_2EventHandler00000
                0x80059038                S2_DMPS_System_Info_V1_0_2EventHandler00003
                0x80058c28                S2_DMPS_System_Info_V1_0_2_EventHandler
                0x80058cda                S2_DMPS_System_Info_V1_0_2_main
                0x80056558                S2_DMPS_System_Info_V1_0_2EventHandler00001
                0x80058ee2                S2_DMPS_System_Info_V1_0_2__SPLS_TMPVAR__WAITLABEL_0__
                0x8005917c                S2_DMPS_System_Info_V1_0_2EventHandler00005
                0x800590da                S2_DMPS_System_Info_V1_0_2EventHandler00004
                0x800592c0                S2_DMPS_System_Info_V1_0_2EventHandler00007
 .text          0x80059404     0x1e9c S2_Single_Line_Scroller_v1_2.o
                0x80059ab4                S2_Single_Line_Scroller_v1_2EventHandler00000
                0x8005a08a                S2_Single_Line_Scroller_v1_2EventHandler00001
                0x8005ae64                S2_Single_Line_Scroller_v1_2_main
                0x8005a22a                S2_Single_Line_Scroller_v1_2EventHandler00002
                0x8005b212                S2_Single_Line_Scroller_v1_2EventHandler00006
                0x8005aa82                S2_Single_Line_Scroller_v1_2EventHandler00007
                0x8005ad98                S2_Single_Line_Scroller_v1_2_EventHandler
                0x8005a86a                S2_Single_Line_Scroller_v1_2EventHandler00005
                0x8005a47e                S2_Single_Line_Scroller_v1_2EventHandler00003
                0x8005a6be                S2_Single_Line_Scroller_v1_2EventHandler00004
 .text          0x8005b2a0     0x1140 S2_IP_Address_Edit_with_Up_Down.o
                0x8005c368                S2_IP_Address_Edit_with_Up_DownEventHandler00000
                0x8005c3a4                S2_IP_Address_Edit_with_Up_DownEventHandler00001
                0x8005bfbc                S2_IP_Address_Edit_with_Up_Down_EventHandler
                0x8005c0aa                S2_IP_Address_Edit_with_Up_Down_main
 .text          0x8005c3e0      0xd38 S2_IP_Address_Edit_Acceleration.o
                0x8005c8b4                S2_IP_Address_Edit_AccelerationEventHandler00000
                0x8005cb48                S2_IP_Address_Edit_Acceleration_EventHandler
                0x8005cc26                S2_IP_Address_Edit_Acceleration_main
 .text          0x8005d118      0x53c S2_DMPS_Analog_To_String_Conversion_v1_1.o
                0x8005d118                S2_DMPS_Analog_To_String_Conversion_v1_1EventHandler00000
                0x8005d538                S2_DMPS_Analog_To_String_Conversion_v1_1_EventHandler
                0x8005d5f4                S2_DMPS_Analog_To_String_Conversion_v1_1_main
 .text          0x8005d654      0x31c S2_DMPS_String_to_Analog_Conversion_v1_1.o
                0x8005d8e0                S2_DMPS_String_to_Analog_Conversion_v1_1_main
                0x8005d654                S2_DMPS_String_to_Analog_Conversion_v1_1EventHandler00000
                0x8005d83a                S2_DMPS_String_to_Analog_Conversion_v1_1_EventHandler
 .text          0x8005d970     0x1fc4 S2_Console_Processor_v3_.o
                0x8005f77a                S2_Console_Processor_v3__EventHandler
                0x8005ec2e                S2_Console_Processor_v3_EventHandler00000
                0x8005f024                S2_Console_Processor_v3_EventHandler00003
                0x8005ed80                S2_Console_Processor_v3_EventHandler00001
                0x8005f840                S2_Console_Processor_v3__main
                0x8005eed2                S2_Console_Processor_v3_EventHandler00002
                0x8005f176                S2_Console_Processor_v3_EventHandler00004
 .text          0x8005f934      0x9fa S2_Sleep_timer_countdown.o
                0x800602e4                S2_Sleep_timer_countdownEventHandler00000
                0x8006025a                S2_Sleep_timer_countdown_EventHandler
                0x800601fc                S2_Sleep_timer_countdown_main
                0x8005fcc0                S2_Sleep_timer_countdownEventHandler00001
                0x8005ffc4                S2_Sleep_timer_countdownEventHandler00003
                0x8005fe42                S2_Sleep_timer_countdownEventHandler00002
 *fill*         0x8006032e        0x2
 .text          0x80060330     0x1be8 S2_Fusion_SSI_Device_Usage_Helper_v1_1.o
                0x80060dcc                S2_Fusion_SSI_Device_Usage_Helper_v1_1EventHandler00006
                0x80061c76                S2_Fusion_SSI_Device_Usage_Helper_v1_1EventHandler00003
                0x80060b5a                S2_Fusion_SSI_Device_Usage_Helper_v1_1EventHandler00000
                0x8006138c                S2_Fusion_SSI_Device_Usage_Helper_v1_1_EventHandler
                0x800619ea                S2_Fusion_SSI_Device_Usage_Helper_v1_1_STRUCTUREDEVICE_Constructor
                0x80061a42                S2_Fusion_SSI_Device_Usage_Helper_v1_1_STRUCTUREDEVICE_Destructor
                0x800610f4                S2_Fusion_SSI_Device_Usage_Helper_v1_1EventHandler00008
                0x80061ea0                S2_Fusion_SSI_Device_Usage_Helper_v1_1EventHandler00005
                0x80060f1e                S2_Fusion_SSI_Device_Usage_Helper_v1_1EventHandler00007
                0x80061d88                S2_Fusion_SSI_Device_Usage_Helper_v1_1EventHandler00004
                0x8006147c                S2_Fusion_SSI_Device_Usage_Helper_v1_1_main
                0x80061b5e                S2_Fusion_SSI_Device_Usage_Helper_v1_1EventHandler00002
                0x80061a4c                S2_Fusion_SSI_Device_Usage_Helper_v1_1EventHandler00001
 .text          0x80061f18      0x3ac S2_Panasonic_PT_EZ370RU_Processor.o
                0x80061f18                S2_Panasonic_PT_EZ370RU_ProcessorEventHandler00000
                0x80062196                S2_Panasonic_PT_EZ370RU_Processor_EventHandler
                0x80062252                S2_Panasonic_PT_EZ370RU_Processor_main
 .text          0x800622c4     0x1ad8 S2_tascam_cd500.o
                0x80063cd6                S2_tascam_cd500EventHandler00005
                0x80062f90                S2_tascam_cd500EventHandler0000A
                0x80062584                S2_tascam_cd500EventHandler00002
                0x80062404                S2_tascam_cd500EventHandler00001
                0x80062de4                S2_tascam_cd500EventHandler00009
                0x80062ae2                S2_tascam_cd500EventHandler00007
                0x80063c10                S2_tascam_cd500EventHandler00004
                0x800627ac                S2_tascam_cd500EventHandler00003
                0x800639b0                S2_tascam_cd500_EventHandler
                0x80062ca2                S2_tascam_cd500EventHandler00008
                0x80062996                S2_tascam_cd500EventHandler00006
                0x800622c4                S2_tascam_cd500EventHandler00000
                0x80063a94                S2_tascam_cd500_main
 .text          0x80063d9c     0x5de4 S2_Oppo_Time_Processor_v1_0.o
                0x8006988c                S2_Oppo_Time_Processor_v1_0_main
                0x80067880                S2_Oppo_Time_Processor_v1_0EventHandler00001
                0x80068124                S2_Oppo_Time_Processor_v1_0EventHandler00003
                0x80068264                S2_Oppo_Time_Processor_v1_0EventHandler00004
                0x800697ec                S2_Oppo_Time_Processor_v1_0_EventHandler
                0x80063d9c                S2_Oppo_Time_Processor_v1_0EventHandler00000
                0x800679c0                S2_Oppo_Time_Processor_v1_0EventHandler00002
                0x800690e2                S2_Oppo_Time_Processor_v1_0EventHandler00006
                0x800689c8                S2_Oppo_Time_Processor_v1_0EventHandler00005
 .text          0x80069b80      0x808 S2_Analog_to_Number.o
                0x80069b80                S2_Analog_to_NumberEventHandler00000
                0x8006a2a2                S2_Analog_to_Number_EventHandler
                0x8006a342                S2_Analog_to_Number_main
 .text          0x8006a388      0x3ee S2_Core_3_XPanel_Web_Configuration_Module_v1_1.o
                0x8006a388                S2_Core_3_XPanel_Web_Configuration_Module_v1_1EventHandler00000
                0x8006a620                S2_Core_3_XPanel_Web_Configuration_Module_v1_1_main
                0x8006a562                S2_Core_3_XPanel_Web_Configuration_Module_v1_1_EventHandler
 *fill*         0x8006a776        0x2
 .text          0x8006a778      0xd16 S2_NV_Analog_to_Disk_v2_2.o
                0x8006ac86                S2_NV_Analog_to_Disk_v2_2_EventHandler
                0x8006ad42                S2_NV_Analog_to_Disk_v2_2_main
                0x8006aa5e                S2_NV_Analog_to_Disk_v2_2EventHandler00000
 *fill*         0x8006b48e        0x2
 .text          0x8006b490     0x1a60 S2_CTI_2012_08_29TCP_IP_Time_Updater.o
                0x8006b6d8                S2_CTI_2012_08_29TCP_IP_Time_UpdaterEventHandler00002
                0x8006b57c                S2_CTI_2012_08_29TCP_IP_Time_UpdaterEventHandler00000
                0x8006cc14                S2_CTI_2012_08_29TCP_IP_Time_Updater_main
                0x8006c8d6                S2_CTI_2012_08_29TCP_IP_Time_UpdaterEventHandler00004
                0x8006cad4                S2_CTI_2012_08_29TCP_IP_Time_Updater_EventHandler
                0x8006cdec                S2_CTI_2012_08_29TCP_IP_Time_UpdaterEventHandler00001
                0x8006c77a                S2_CTI_2012_08_29TCP_IP_Time_UpdaterEventHandler00003
 .text          0x8006cef0     0x1774 S2_Roboshot_IP_PTZ.o
                0x8006e448                S2_Roboshot_IP_PTZEventHandler0000C
                0x8006ddf4                S2_Roboshot_IP_PTZEventHandler00004
                0x8006dd46                S2_Roboshot_IP_PTZEventHandler00001
                0x8006e556                S2_Roboshot_IP_PTZEventHandler0000D
                0x8006d930                S2_Roboshot_IP_PTZ_main
                0x8006df02                S2_Roboshot_IP_PTZEventHandler00007
                0x8006e33a                S2_Roboshot_IP_PTZEventHandler0000B
                0x8006e010                S2_Roboshot_IP_PTZEventHandler00008
                0x8006d866                S2_Roboshot_IP_PTZ_EventHandler
                0x8006e11e                S2_Roboshot_IP_PTZEventHandler00009
                0x8006e22c                S2_Roboshot_IP_PTZEventHandler0000A
                0x8006d4c6                S2_Roboshot_IP_PTZEventHandler00006
                0x8006d0e2                S2_Roboshot_IP_PTZEventHandler00003
                0x8006d2d4                S2_Roboshot_IP_PTZEventHandler00005
                0x8006cef0                S2_Roboshot_IP_PTZEventHandler00002
                0x8006dc98                S2_Roboshot_IP_PTZEventHandler00000
 .text          0x8006e664     0x58e2 S2_Biamp_Tesira_Command_Processor_v1_7.o
                0x80073c40                S2_Biamp_Tesira_Command_Processor_v1_7STARTHEARTBEATPROCESS
                0x80073be8                S2_Biamp_Tesira_Command_Processor_v1_7REGISTRATIONWAIT
                0x80073b80                S2_Biamp_Tesira_Command_Processor_v1_7__COMMQUEUE_Destructor
                0x80073498                S2_Biamp_Tesira_Command_Processor_v1_7EventHandler00004
                0x80073b4c                S2_Biamp_Tesira_Command_Processor_v1_7__MODULECOMM_Constructor
                0x80073b56                S2_Biamp_Tesira_Command_Processor_v1_7__MODULECOMM_Destructor
                0x8007326a                S2_Biamp_Tesira_Command_Processor_v1_7EventHandler00001
                0x80070422                S2_Biamp_Tesira_Command_Processor_v1_7QUEUEFALSERESPONSE
                0x80073034                S2_Biamp_Tesira_Command_Processor_v1_7EventHandler00000
                0x80073d28                S2_Biamp_Tesira_Command_Processor_v1_7EventHandler00002
                0x80073b8a                S2_Biamp_Tesira_Command_Processor_v1_7HEARTBEAT
                0x80073e08                S2_Biamp_Tesira_Command_Processor_v1_7EventHandler00003
                0x80073b60                S2_Biamp_Tesira_Command_Processor_v1_7__COMMQUEUE_Constructor
                0x800736ae                S2_Biamp_Tesira_Command_Processor_v1_7_EventHandler
                0x80073efc                S2_Biamp_Tesira_Command_Processor_v1_7EventHandler00005
                0x80073790                S2_Biamp_Tesira_Command_Processor_v1_7_main
 *fill*         0x80073f46        0x2
 .text          0x80073f48     0x7e6a S2_Biamp_Tesira_Level_Control_v1_7.o
                0x8007b9f0                S2_Biamp_Tesira_Level_Control_v1_7RAISE_LEVEL
                0x8007bac4                S2_Biamp_Tesira_Level_Control_v1_7EventHandler00000
                0x8007b828                S2_Biamp_Tesira_Level_Control_v1_7_main
                0x8007bc48                S2_Biamp_Tesira_Level_Control_v1_7EventHandler00002
                0x8007b75e                S2_Biamp_Tesira_Level_Control_v1_7_EventHandler
                0x8007bd3c                S2_Biamp_Tesira_Level_Control_v1_7EventHandler00003
                0x8007ba5a                S2_Biamp_Tesira_Level_Control_v1_7LOWER_LEVEL
                0x8007b0d8                S2_Biamp_Tesira_Level_Control_v1_7EventHandler00004
                0x8007b39c                S2_Biamp_Tesira_Level_Control_v1_7EventHandler00005
                0x8007bb86                S2_Biamp_Tesira_Level_Control_v1_7EventHandler00001
 *fill*         0x8007bdb2        0x2
 .text          0x8007bdb4     0x6070 S2_Biamp_Tesira_State_Control_v1_7.o
                0x80081b40                S2_Biamp_Tesira_State_Control_v1_7_EventHandler
                0x8007fd9a                S2_Biamp_Tesira_State_Control_v1_7EventHandler00002
                0x8007fa50                S2_Biamp_Tesira_State_Control_v1_7EventHandler00000
                0x800817c6                S2_Biamp_Tesira_State_Control_v1_7EventHandler00004
                0x80081c06                S2_Biamp_Tesira_State_Control_v1_7_main
                0x8007fbf6                S2_Biamp_Tesira_State_Control_v1_7EventHandler00001
                0x80081dae                S2_Biamp_Tesira_State_Control_v1_7EventHandler00003
 .text          0x80081e24     0x5836 library.o
                0x80086010                RotateRightLong
                0x8008661e                IsSystem
                0x80085f74                Seed
                0x8008386c                Remove
                0x80085bf0                Ltoa
                0x8008591c                Atoi
                0x80084c84                InitRampInfoArray
                0x800863ca                Right
                0x800873fa                LockInputSema
                0x80085e9e                Mod
                0x80086086                Getc
                0x80085dd2                SMuldiv
                0x80086600                IsHidden
                0x80085cb6                Min
                0x8008720e                hextosi
                0x800867a4                WriteIntegerArray
                0x80086d1a                GetSignedIntArrayElementPtr
                0x8008563e                CheckStructArray
                0x80087222                hextosl
                0x8008692a                WriteSignedIntegerArray
                0x80085306                InitStringParamArray
                0x800845d8                ReadSignedLongIntegerArray
                0x800834fa                GatherToDelimiter
                0x8008512a                InitStringArray
                0x80085c90                Max
                0x8008665a                IsReadOnly
                0x80085d9a                SMax
                0x8008369e                GatherByLength
                0x80085b2a                Chr
                0x8008677c                ReadSignedLongInteger
                0x80085ba8                Itohex
                0x800855b0                GetStructArrayElement
                0x800858a4                UNS_SetByte
                0x8008639e                ReverseFindi
                0x80084a80                ReadStringArray
                0x80086b2a                GetIntArrayElementPtr
                0x800861da                Lower
                0x80085f90                RotateLeft
                0x80087342                ResizeIfAutogrow
                0x80084db0                CheckInputArray
                0x80082392                ResizeStringArray
                0x80085abc                Atosl
                0x800858e4                High
                0x80085f40                Rnd
                0x80085e62                UMod
                0x80085fe6                RotateLeftLong
                0x8008746e                FindNumericChar
                0x80086f72                CheckIOArrayBounds2
                0x800865b8                MakeProgramFilename
                0x80085db6                SMin
                0x8008610e                Left
                0x80086050                CheckBufferThreshold
                0x80086734                ReadSignedInteger
                0x8008590e                LowWord
                0x80081e24                Bit
                0x800866e4                ReadLongInteger
                0x80085722                Byte
                0x80086c22                GetLongArrayElementPtr
                0x80086370                ReverseFind
                0x800865ce                GetSeries
                0x8008753a                InitTcpServer
                0x800861c2                Len
                0x80087042                InitializeRampInfoInternal
                0x80085cdc                Divide
                0x80085a28                Atol
                0x800865c4                GetModelNumber
                0x80086f0a                CheckIOArrayBounds
                0x80084e0a                CheckStringInputArray
                0x800869ec                WriteSignedLongIntegerArray
                0x800854fa                GetStringArrayElement
                0x80085c34                Ltohex
                0x80085b60                Itoa
                0x80085fba                RotateRight
                0x80083b5a                InternalReverseFind
                0x800866c4                WriteLongInteger
                0x8008502e                InitDynamicStringStruct
                0x80084f20                SetStringArray
                0x800843b6                ReadSignedIntegerArray
                0x80084e64                SetOutputArray
                0x80086674                WriteInteger
                0x8008548e                InitStructDynamicArray
                0x80083de4                SetString
                0x80085eda                Random
                0x8008670c                WriteSignedInteger
                0x80082088                Find
                0x800865d8                GetProgramNumber
                0x800862ae                Mid
                0x800874ac                InitTcpClient
                0x80082f76                ResizeStructArray
                0x80086e12                GetSignedLongArrayElementPtr
                0x80087234                hextol
                0x800847fa                ReadString
                0x800851c0                InitDynamicStringArray
                0x8008731a                UpperChar
                0x800859b8                Atosi
                0x8008669c                ReadInteger
                0x80085d4e                Muldiv
                0x80084ed2                SetStringOutputArray
                0x80086ab0                WriteString
                0x800829ea                ResizeIntegerArray
                0x80084d78                InitInOutArray
                0x800853ce                InitNvramStringArray
                0x80085c78                Abs
                0x80085e1e                SDivide
                0x80083f74                ReadIntegerArray
                0x80081f34                CompareStrings
                0x800872f2                LowerChar
                0x800875ca                InitUdpSocket
                0x80086038                ClearBuffer
                0x80086486                Upper
                0x8008546a                InitStructArray
                0x8008655c                MakeLower
                0x8008663c                IsVolume
                0x800839c6                RemoveByLength
                0x800856ba                CheckStringOutputArrayIndex
                0x80086866                WriteLongIntegerArray
                0x800870ee                InitRampInfoStructArray
                0x80085900                HighWord
                0x800821fc                ResizeString
                0x800865e2                IsDirectory
                0x80084194                ReadLongIntegerArray
                0x800858f2                Low
                0x800833a0                Gather
                0x8008658a                MakeUpper
                0x80084ff0                InitStringStruct
                0x80086fda                CheckStringArrayBounds
                0x80085d20                CheckDenominator
                0x800871f6                hextoi
                0x80084918                WriteStringArray
                0x800857e2                SetByte
                0x80087098                InitializeRampInfo
                0x80087434                UnLockInputSema
                0x8008675c                WriteSignedLongInteger
                0x800850e2                InitNvramStringStruct
 *fill*         0x8008765a        0x6
                0x80087660                .=ALIGN(0x10)
 *(.eh_frame)
                0x80087660                .=ALIGN(0x10)
 *(.gnu.linkonce.t.*)
                0x80087660                .=ALIGN(0x4)
                0x80087660                __CTOR_LIST__=.
                0x80087660                ___CTOR_LIST__=.
                0x80087660        0x4 LONG 0x0 (((__CTOR_END__-__CTOR_LIST__)/0x4)-0x2)
 *(.ctors)
                0x80087664        0x4 LONG 0x0
                0x80087668                __CTOR_END__=.
                0x80087668                __DTOR_LIST__=.
                0x80087668                ___DTOR_LIST__=.
                0x80087668        0x4 LONG 0x0 (((__DTOR_END__-__DTOR_LIST__)/0x4)-0x2)
 *(.dtors)
                0x8008766c        0x4 LONG 0x0
                0x80087670                __DTOR_END__=.
 *(.rodata)
 .rodata        0x80087670      0x23b S2_String_Check.o
 .rodata        0x800878ab      0x2f5 S2_MPS_Text_Centering.o
 .rodata        0x80087ba0      0x3fb S2_Knob_Acceleration__Pkt_.o
 .rodata        0x80087f9b      0x687 S2_DMPS_Text_Router_v1_0.o
 .rodata        0x80088622     0x2b1d S2_DMPS_Installer_Tools_v1_13.o
 .rodata        0x8008b13f      0x3b7 S2_APAD_Long_Text_Edit.o
 .rodata        0x8008b4f6      0x457 S2_UserProgCmd_Interface_v1_0.o
 .rodata        0x8008b94d      0x24a S2_UserProgCmd_Interface_Serial_To_Analog_v1_0.o
 .rodata        0x8008bb97      0x814 S2_DMPS_System_Info_V1_0_2.o
 .rodata        0x8008c3ab      0x38d S2_Single_Line_Scroller_v1_2.o
 .rodata        0x8008c738      0x261 S2_IP_Address_Edit_with_Up_Down.o
 .rodata        0x8008c999      0x2de S2_IP_Address_Edit_Acceleration.o
 .rodata        0x8008cc77      0x2d2 S2_DMPS_Analog_To_String_Conversion_v1_1.o
 .rodata        0x8008cf49      0x23b S2_DMPS_String_to_Analog_Conversion_v1_1.o
 .rodata        0x8008d184      0x5fa S2_Console_Processor_v3_.o
 .rodata        0x8008d77e      0x281 S2_Sleep_timer_countdown.o
 .rodata        0x8008d9ff      0x48c S2_Fusion_SSI_Device_Usage_Helper_v1_1.o
 .rodata        0x8008de8b      0x2ba S2_Panasonic_PT_EZ370RU_Processor.o
 .rodata        0x8008e145      0x3cf S2_tascam_cd500.o
 .rodata        0x8008e514      0x666 S2_Oppo_Time_Processor_v1_0.o
 .rodata        0x8008eb7a      0x24c S2_Analog_to_Number.o
 .rodata        0x8008edc6      0x48d S2_Core_3_XPanel_Web_Configuration_Module_v1_1.o
 .rodata        0x8008f253      0x338 S2_NV_Analog_to_Disk_v2_2.o
 .rodata        0x8008f58b      0x619 S2_CTI_2012_08_29TCP_IP_Time_Updater.o
 .rodata        0x8008fba4      0x481 S2_Roboshot_IP_PTZ.o
 .rodata        0x80090025      0x66d S2_Biamp_Tesira_Command_Processor_v1_7.o
 .rodata        0x80090692      0x8e8 S2_Biamp_Tesira_Level_Control_v1_7.o
 .rodata        0x80090f7a      0x6cc S2_Biamp_Tesira_State_Control_v1_7.o
 .rodata        0x80091646      0xc54 library.o
 *(.gcc_except_table)
                0x8009229a                .=ALIGN(0x2)
                0x8009229a                __INIT_SECTION__=.
                0x8009229a        0x4 LONG 0x4e560000
 *(.init)
                0x8009229e        0x2 SHORT 0x4e5e
                0x800922a0        0x2 SHORT 0x4e75
                0x800922a2                __FINI_SECTION__=.
                0x800922a2        0x4 LONG 0x4e560000
 *(.fini)
                0x800922a6        0x2 SHORT 0x4e5e
                0x800922a8        0x2 SHORT 0x4e75
 *(.lit)
 *fill*         0x800922aa        0x6
                0x800922b0                .=ALIGN(0x10)
                0x800922b0                _etext=.
                0x800922b0                etext=.

.data           0x800922b0        0x0
                0x800922b0                copy_start=.
 *(.shdata)
 *(.data)
 *(.gnu.linkonce.d.*)
                0x800922b0                .=ALIGN(0x10)
                0x800922b0                _edata=.
                0x800922b0                copy_end=.

.got
 *(.got.plt)
 *(.got)

EntryList       0x800922b0     0x1dc0
 *(EntryList)
 EntryList      0x800922b0      0x110 S2_String_Check.o
                0x800922b0                S2_String_Check_Entry
 EntryList      0x800923c0      0x110 S2_MPS_Text_Centering.o
                0x800923c0                S2_MPS_Text_Centering_Entry
 EntryList      0x800924d0      0x110 S2_Knob_Acceleration__Pkt_.o
                0x800924d0                S2_Knob_Acceleration__Pkt__Entry
 EntryList      0x800925e0      0x110 S2_DMPS_Text_Router_v1_0.o
                0x800925e0                S2_DMPS_Text_Router_v1_0_Entry
 EntryList      0x800926f0      0x110 S2_DMPS_Installer_Tools_v1_13.o
                0x800926f0                S2_DMPS_Installer_Tools_v1_13_Entry
 EntryList      0x80092800      0x110 S2_APAD_Long_Text_Edit.o
                0x80092800                S2_APAD_Long_Text_Edit_Entry
 EntryList      0x80092910      0x110 S2_UserProgCmd_Interface_v1_0.o
                0x80092910                S2_UserProgCmd_Interface_v1_0_Entry
 EntryList      0x80092a20      0x110 S2_UserProgCmd_Interface_Serial_To_Analog_v1_0.o
                0x80092a20                S2_UserProgCmd_Interface_Serial_To_Analog_v1_0_Entry
 EntryList      0x80092b30      0x110 S2_DMPS_System_Info_V1_0_2.o
                0x80092b30                S2_DMPS_System_Info_V1_0_2_Entry
 EntryList      0x80092c40      0x110 S2_Single_Line_Scroller_v1_2.o
                0x80092c40                S2_Single_Line_Scroller_v1_2_Entry
 EntryList      0x80092d50      0x110 S2_IP_Address_Edit_with_Up_Down.o
                0x80092d50                S2_IP_Address_Edit_with_Up_Down_Entry
 EntryList      0x80092e60      0x110 S2_IP_Address_Edit_Acceleration.o
                0x80092e60                S2_IP_Address_Edit_Acceleration_Entry
 EntryList      0x80092f70      0x110 S2_DMPS_Analog_To_String_Conversion_v1_1.o
                0x80092f70                S2_DMPS_Analog_To_String_Conversion_v1_1_Entry
 EntryList      0x80093080      0x110 S2_DMPS_String_to_Analog_Conversion_v1_1.o
                0x80093080                S2_DMPS_String_to_Analog_Conversion_v1_1_Entry
 EntryList      0x80093190      0x110 S2_Console_Processor_v3_.o
                0x80093190                S2_Console_Processor_v3__Entry
 EntryList      0x800932a0      0x110 S2_Sleep_timer_countdown.o
                0x800932a0                S2_Sleep_timer_countdown_Entry
 EntryList      0x800933b0      0x110 S2_Fusion_SSI_Device_Usage_Helper_v1_1.o
                0x800933b0                S2_Fusion_SSI_Device_Usage_Helper_v1_1_Entry
 EntryList      0x800934c0      0x110 S2_Panasonic_PT_EZ370RU_Processor.o
                0x800934c0                S2_Panasonic_PT_EZ370RU_Processor_Entry
 EntryList      0x800935d0      0x110 S2_tascam_cd500.o
                0x800935d0                S2_tascam_cd500_Entry
 EntryList      0x800936e0      0x110 S2_Oppo_Time_Processor_v1_0.o
                0x800936e0                S2_Oppo_Time_Processor_v1_0_Entry
 EntryList      0x800937f0      0x110 S2_Analog_to_Number.o
                0x800937f0                S2_Analog_to_Number_Entry
 EntryList      0x80093900      0x110 S2_Core_3_XPanel_Web_Configuration_Module_v1_1.o
                0x80093900                S2_Core_3_XPanel_Web_Configuration_Module_v1_1_Entry
 EntryList      0x80093a10      0x110 S2_NV_Analog_to_Disk_v2_2.o
                0x80093a10                S2_NV_Analog_to_Disk_v2_2_Entry
 EntryList      0x80093b20      0x110 S2_CTI_2012_08_29TCP_IP_Time_Updater.o
                0x80093b20                S2_CTI_2012_08_29TCP_IP_Time_Updater_Entry
 EntryList      0x80093c30      0x110 S2_Roboshot_IP_PTZ.o
                0x80093c30                S2_Roboshot_IP_PTZ_Entry
 EntryList      0x80093d40      0x110 S2_Biamp_Tesira_Command_Processor_v1_7.o
                0x80093d40                S2_Biamp_Tesira_Command_Processor_v1_7_Entry
 EntryList      0x80093e50      0x110 S2_Biamp_Tesira_Level_Control_v1_7.o
                0x80093e50                S2_Biamp_Tesira_Level_Control_v1_7_Entry
 EntryList      0x80093f60      0x110 S2_Biamp_Tesira_State_Control_v1_7.o
                0x80093f60                S2_Biamp_Tesira_State_Control_v1_7_Entry
                0x80094070                .=ALIGN(0x4)

FunctionList    0x80094070        0x4
 *(FunctionList)
 FunctionList   0x80094070        0x4 globals.o
                0x80094070                g_pFunctions
                0x80094074                .=ALIGN(0x4)

.bss            0x80094074        0x0
                0x80094074                .=ALIGN(0x4)
                0x80094074                __bss_start=.
 *(.shbss)
 *(.bss)
 *(COMMON)
                0x80094078                _end=ALIGN(0x8)
                0x80094078                __end=_end

.stab
 *(.stab)

.stabstr
 *(.stabstr)

.debug
 *(.debug)

.line
 *(.line)

.debug_srcinfo
 *(.debug_srcinfo)

.debug_sfnames
 *(.debug_sfnames)

.debug_aranges
 *(.debug_aranges)

.debug_pubnames
 *(.debug_pubnames)

.debug_info
 *(.debug_info)

.debug_abbrev
 *(.debug_abbrev)

.debug_line
 *(.debug_line)

.debug_frame
 *(.debug_frame)

.debug_str
 *(.debug_str)

.debug_loc
 *(.debug_loc)

.debug_macinfo
 *(.debug_macinfo)

.debug_weaknames
 *(.debug_weaknames)

.debug_funcnames
 *(.debug_funcnames)

.debug_typenames
 *(.debug_typenames)

.debug_varnames
 *(.debug_varnames)
LOAD S2_String_Check.o
LOAD S2_MPS_Text_Centering.o
LOAD S2_Knob_Acceleration__Pkt_.o
LOAD S2_DMPS_Text_Router_v1_0.o
LOAD S2_DMPS_Installer_Tools_v1_13.o
LOAD S2_APAD_Long_Text_Edit.o
LOAD S2_UserProgCmd_Interface_v1_0.o
LOAD S2_UserProgCmd_Interface_Serial_To_Analog_v1_0.o
LOAD S2_DMPS_System_Info_V1_0_2.o
LOAD S2_Single_Line_Scroller_v1_2.o
LOAD S2_IP_Address_Edit_with_Up_Down.o
LOAD S2_IP_Address_Edit_Acceleration.o
LOAD S2_DMPS_Analog_To_String_Conversion_v1_1.o
LOAD S2_DMPS_String_to_Analog_Conversion_v1_1.o
LOAD S2_Console_Processor_v3_.o
LOAD S2_Sleep_timer_countdown.o
LOAD S2_Fusion_SSI_Device_Usage_Helper_v1_1.o
LOAD S2_Panasonic_PT_EZ370RU_Processor.o
LOAD S2_tascam_cd500.o
LOAD S2_Oppo_Time_Processor_v1_0.o
LOAD S2_Analog_to_Number.o
LOAD S2_Core_3_XPanel_Web_Configuration_Module_v1_1.o
LOAD S2_NV_Analog_to_Disk_v2_2.o
LOAD S2_CTI_2012_08_29TCP_IP_Time_Updater.o
LOAD S2_Roboshot_IP_PTZ.o
LOAD S2_Biamp_Tesira_Command_Processor_v1_7.o
LOAD S2_Biamp_Tesira_Level_Control_v1_7.o
LOAD S2_Biamp_Tesira_State_Control_v1_7.o
LOAD globals.o
LOAD library.o
OUTPUT(_S2_CA3077.spl elf32-m68k)

.comment        0x80094074      0x474
 .comment       0x80094074       0x26 S2_String_Check.o
 .comment       0x8009409a       0x26 S2_MPS_Text_Centering.o
 .comment       0x800940c0       0x26 S2_Knob_Acceleration__Pkt_.o
 .comment       0x800940e6       0x26 S2_DMPS_Text_Router_v1_0.o
 .comment       0x8009410c       0x26 S2_DMPS_Installer_Tools_v1_13.o
 .comment       0x80094132       0x26 S2_APAD_Long_Text_Edit.o
 .comment       0x80094158       0x26 S2_UserProgCmd_Interface_v1_0.o
 .comment       0x8009417e       0x26 S2_UserProgCmd_Interface_Serial_To_Analog_v1_0.o
 .comment       0x800941a4       0x26 S2_DMPS_System_Info_V1_0_2.o
 .comment       0x800941ca       0x26 S2_Single_Line_Scroller_v1_2.o
 .comment       0x800941f0       0x26 S2_IP_Address_Edit_with_Up_Down.o
 .comment       0x80094216       0x26 S2_IP_Address_Edit_Acceleration.o
 .comment       0x8009423c       0x26 S2_DMPS_Analog_To_String_Conversion_v1_1.o
 .comment       0x80094262       0x26 S2_DMPS_String_to_Analog_Conversion_v1_1.o
 .comment       0x80094288       0x26 S2_Console_Processor_v3_.o
 .comment       0x800942ae       0x26 S2_Sleep_timer_countdown.o
 .comment       0x800942d4       0x26 S2_Fusion_SSI_Device_Usage_Helper_v1_1.o
 .comment       0x800942fa       0x26 S2_Panasonic_PT_EZ370RU_Processor.o
 .comment       0x80094320       0x26 S2_tascam_cd500.o
 .comment       0x80094346       0x26 S2_Oppo_Time_Processor_v1_0.o
 .comment       0x8009436c       0x26 S2_Analog_to_Number.o
 .comment       0x80094392       0x26 S2_Core_3_XPanel_Web_Configuration_Module_v1_1.o
 .comment       0x800943b8       0x26 S2_NV_Analog_to_Disk_v2_2.o
 .comment       0x800943de       0x26 S2_CTI_2012_08_29TCP_IP_Time_Updater.o
 .comment       0x80094404       0x26 S2_Roboshot_IP_PTZ.o
 .comment       0x8009442a       0x26 S2_Biamp_Tesira_Command_Processor_v1_7.o
 .comment       0x80094450       0x26 S2_Biamp_Tesira_Level_Control_v1_7.o
 .comment       0x80094476       0x26 S2_Biamp_Tesira_State_Control_v1_7.o
 .comment       0x8009449c       0x26 globals.o
 .comment       0x800944c2       0x26 library.o
