
Memory Configuration

Name             Origin             Length             Attributes
ram              0x80000000         0x00500000         xrw
*default*        0x00000000         0xffffffff

Linker script and memory map

                0x00000000                __DYNAMIC=0x0
                0x00400000                PROVIDE (__stack, 0x400000)
                0x00000000                PROVIDE (hardware_init_hook, 0x0)
                0x00000000                PROVIDE (_hardware_init_hook, 0x0)
                0x00000000                PROVIDE (software_init_hook, 0x0)
                0x00000000                PROVIDE (_software_init_hook, 0x0)

.text           0x80000000    0x98390
 *(.text)
 .text          0x80000000      0x258 S2_String_Check.o
                0x80000000                S2_String_Check_EventHandler
                0x8000017e                S2_String_CheckEventHandler00000
                0x800000bc                S2_String_Check_main
 .text          0x80000258      0x94a S2_MPS_Text_Centering.o
                0x80000710                S2_MPS_Text_CenteringEventHandler00000
                0x800009c2                S2_MPS_Text_Centering_main
                0x800008f2                S2_MPS_Text_Centering_EventHandler
 *fill*         0x80000ba2        0x2
 .text          0x80000ba4      0xe48 S2_Knob_Acceleration__Pkt_.o
                0x80001518                S2_Knob_Acceleration__Pkt__main
                0x800011a6                S2_Knob_Acceleration__Pkt_EventHandler00000
                0x8000143a                S2_Knob_Acceleration__Pkt__EventHandler
 .text          0x800019ec     0x5420 S2_DMPS_Text_Router_v1_0.o
                0x80006c44                S2_DMPS_Text_Router_v1_0EventHandler00009
                0x80006bee                S2_DMPS_Text_Router_v1_0EventHandler00008
                0x800061aa                S2_DMPS_Text_Router_v1_0_main
                0x8000689c                S2_DMPS_Text_Router_v1_0EventHandler00001
                0x80006a8e                S2_DMPS_Text_Router_v1_0EventHandler00004
                0x80006d8a                S2_DMPS_Text_Router_v1_0EventHandler0000B
                0x80006b1a                S2_DMPS_Text_Router_v1_0EventHandler00007
                0x8000697a                S2_DMPS_Text_Router_v1_0EventHandler00002
                0x80005f66                S2_DMPS_Text_Router_v1_0_EventHandler
                0x800067be                S2_DMPS_Text_Router_v1_0EventHandler00000
                0x80003c78                S2_DMPS_Text_Router_v1_0EventHandler00005
                0x80004c2a                S2_DMPS_Text_Router_v1_0EventHandler00006
                0x80006a02                S2_DMPS_Text_Router_v1_0EventHandler00003
                0x80006ce6                S2_DMPS_Text_Router_v1_0EventHandler0000A
 .text          0x80006e0c    0x4be18 S2_DMPS_Installer_Tools_v1_13.o
                0x80042190                S2_DMPS_Installer_Tools_v1_13EventHandler00029
                0x80044cb0                S2_DMPS_Installer_Tools_v1_13EventHandler00051
                0x8003fbf0                S2_DMPS_Installer_Tools_v1_13EventHandler00014
                0x8005257a                S2_DMPS_Installer_Tools_v1_13EventHandler00044
                0x80016cea                S2_DMPS_Installer_Tools_v1_13EventHandler00001
                0x80012936                S2_DMPS_Installer_Tools_v1_13KEYPADIDWAIT
                0x80051fec                S2_DMPS_Installer_Tools_v1_13EventHandler0003B
                0x80052264                S2_DMPS_Installer_Tools_v1_13EventHandler0003F
                0x8001fc56                S2_DMPS_Installer_Tools_v1_13EventHandler00006
                0x800523a0                S2_DMPS_Installer_Tools_v1_13EventHandler00041
                0x8001b00a                S2_DMPS_Installer_Tools_v1_13EventHandler00004
                0x80052752                S2_DMPS_Installer_Tools_v1_13EventHandler00047
                0x80043a62                S2_DMPS_Installer_Tools_v1_13EventHandler0004D
                0x80046d84                S2_DMPS_Installer_Tools_v1_13_main
                0x800255d4                S2_DMPS_Installer_Tools_v1_13EventHandler0000A
                0x80042ce8                S2_DMPS_Installer_Tools_v1_13EventHandler0002F
                0x80051762                S2_DMPS_Installer_Tools_v1_13EventHandler00011
                0x80052b46                S2_DMPS_Installer_Tools_v1_13EventHandler00054
                0x80040cc6                S2_DMPS_Installer_Tools_v1_13EventHandler0001B
                0x80024c86                S2_DMPS_Installer_Tools_v1_13EventHandler00008
                0x8005288a                S2_DMPS_Installer_Tools_v1_13EventHandler00049
                0x80052bda                S2_DMPS_Installer_Tools_v1_13EventHandler00056
                0x80051eb0                S2_DMPS_Installer_Tools_v1_13EventHandler00039
                0x800517ee                S2_DMPS_Installer_Tools_v1_13EventHandler00019
                0x80041636                S2_DMPS_Installer_Tools_v1_13EventHandler00022
                0x80041cbe                S2_DMPS_Installer_Tools_v1_13EventHandler00026
                0x800516e6                S2_DMPS_Installer_Tools_v1_13PASSWORDWAIT
                0x800521c6                S2_DMPS_Installer_Tools_v1_13EventHandler0003E
                0x80052926                S2_DMPS_Installer_Tools_v1_13EventHandler0004A
                0x80040ffe                S2_DMPS_Installer_Tools_v1_13EventHandler0001C
                0x8004352a                S2_DMPS_Installer_Tools_v1_13EventHandler00032
                0x80052afc                S2_DMPS_Installer_Tools_v1_13EventHandler00053
                0x800424b0                S2_DMPS_Installer_Tools_v1_13EventHandler0002B
                0x800403cc                S2_DMPS_Installer_Tools_v1_13EventHandler00016
                0x80051b9a                S2_DMPS_Installer_Tools_v1_13EventHandler00034
                0x8003ddda                S2_DMPS_Installer_Tools_v1_13EventHandler0000E
                0x80046c60                S2_DMPS_Installer_Tools_v1_13_EventHandler
                0x800526b6                S2_DMPS_Installer_Tools_v1_13EventHandler00046
                0x8002575c                S2_DMPS_Installer_Tools_v1_13EventHandler0000B
                0x80052a5e                S2_DMPS_Installer_Tools_v1_13EventHandler0004E
                0x800172e6                S2_DMPS_Installer_Tools_v1_13EventHandler00003
                0x80052302                S2_DMPS_Installer_Tools_v1_13EventHandler00040
                0x80051f4e                S2_DMPS_Installer_Tools_v1_13EventHandler0003A
                0x8001b53e                S2_DMPS_Installer_Tools_v1_13EventHandler00005
                0x800527ee                S2_DMPS_Installer_Tools_v1_13EventHandler00048
                0x80052b90                S2_DMPS_Installer_Tools_v1_13EventHandler00055
                0x80051a2a                S2_DMPS_Installer_Tools_v1_13EventHandler0001E
                0x8002544c                S2_DMPS_Installer_Tools_v1_13EventHandler00009
                0x80043400                S2_DMPS_Installer_Tools_v1_13EventHandler00031
                0x8003e474                S2_DMPS_Installer_Tools_v1_13EventHandler00010
                0x8004197a                S2_DMPS_Installer_Tools_v1_13EventHandler00024
                0x8004373e                S2_DMPS_Installer_Tools_v1_13EventHandler0004C
                0x8004295c                S2_DMPS_Installer_Tools_v1_13EventHandler0002E
                0x80051cd6                S2_DMPS_Installer_Tools_v1_13EventHandler00036
                0x80042002                S2_DMPS_Installer_Tools_v1_13EventHandler00028
                0x80051e12                S2_DMPS_Installer_Tools_v1_13EventHandler00038
                0x8003d91e                S2_DMPS_Installer_Tools_v1_13RESTOREAUDIODEFAULTSWAIT
                0x8004263e                S2_DMPS_Installer_Tools_v1_13EventHandler0002C
                0x800407ba                S2_DMPS_Installer_Tools_v1_13EventHandler00017
                0x8003db7c                S2_DMPS_Installer_Tools_v1_13RESTOREDEFAULTSWAIT
                0x800529c2                S2_DMPS_Installer_Tools_v1_13EventHandler0004B
                0x80051afc                S2_DMPS_Installer_Tools_v1_13EventHandler00033
                0x8004451e                S2_DMPS_Installer_Tools_v1_13EventHandler00050
                0x80042320                S2_DMPS_Installer_Tools_v1_13EventHandler0002A
                0x8003faaa                S2_DMPS_Installer_Tools_v1_13EventHandler00013
                0x80045442                S2_DMPS_Installer_Tools_v1_13EventHandler00052
                0x8003ffde                S2_DMPS_Installer_Tools_v1_13EventHandler00015
                0x80029752                S2_DMPS_Installer_Tools_v1_13EventHandler0000C
                0x80043d8c                S2_DMPS_Installer_Tools_v1_13EventHandler0004F
                0x8005208a                S2_DMPS_Installer_Tools_v1_13EventHandler0003C
                0x800298ca                S2_DMPS_Installer_Tools_v1_13EventHandler0000D
                0x80045f7e                S2_DMPS_Installer_Tools_v1_13EventHandler00058
                0x800524dc                S2_DMPS_Installer_Tools_v1_13EventHandler00043
                0x80016696                S2_DMPS_Installer_Tools_v1_13EventHandler00000
                0x8002041c                S2_DMPS_Installer_Tools_v1_13EventHandler00007
                0x8005243e                S2_DMPS_Installer_Tools_v1_13EventHandler00042
                0x80052618                S2_DMPS_Installer_Tools_v1_13EventHandler00045
                0x80051724                S2_DMPS_Installer_Tools_v1_13WRONGPASSWORDWAIT
                0x8001704a                S2_DMPS_Installer_Tools_v1_13EventHandler00002
                0x8003ea88                S2_DMPS_Installer_Tools_v1_13EventHandler00012
                0x80045bd4                S2_DMPS_Installer_Tools_v1_13EventHandler00057
                0x800518c6                S2_DMPS_Installer_Tools_v1_13EventHandler0001A
                0x8004118c                S2_DMPS_Installer_Tools_v1_13EventHandler0001F
                0x80043074                S2_DMPS_Installer_Tools_v1_13EventHandler00030
                0x80051d74                S2_DMPS_Installer_Tools_v1_13EventHandler00037
                0x8003e148                S2_DMPS_Installer_Tools_v1_13EventHandler0000F
                0x800417d8                S2_DMPS_Installer_Tools_v1_13EventHandler00023
                0x80041b1c                S2_DMPS_Installer_Tools_v1_13EventHandler00025
                0x800427cc                S2_DMPS_Installer_Tools_v1_13EventHandler0002D
                0x80040a40                S2_DMPS_Installer_Tools_v1_13EventHandler00018
                0x800414a8                S2_DMPS_Installer_Tools_v1_13EventHandler00021
                0x8004131a                S2_DMPS_Installer_Tools_v1_13EventHandler00020
                0x80041e60                S2_DMPS_Installer_Tools_v1_13EventHandler00027
                0x8005199e                S2_DMPS_Installer_Tools_v1_13EventHandler0001D
                0x80051c38                S2_DMPS_Installer_Tools_v1_13EventHandler00035
                0x80052128                S2_DMPS_Installer_Tools_v1_13EventHandler0003D
 .text          0x80052c24     0x2168 S2_APAD_Long_Text_Edit.o
                0x80054ca4                S2_APAD_Long_Text_EditEventHandler0000D
                0x800546fe                S2_APAD_Long_Text_Edit_main
                0x80053958                S2_APAD_Long_Text_EditEventHandler00005
                0x800548f2                S2_APAD_Long_Text_EditEventHandler00002
                0x80054b6e                S2_APAD_Long_Text_EditEventHandler0000A
                0x80053f50                S2_APAD_Long_Text_EditEventHandler00007
                0x80054baa                S2_APAD_Long_Text_EditEventHandler0000B
                0x80053b80                S2_APAD_Long_Text_EditEventHandler00006
                0x800549b4                S2_APAD_Long_Text_EditEventHandler00003
                0x80054be6                S2_APAD_Long_Text_EditEventHandler0000C
                0x80054a4c                S2_APAD_Long_Text_EditEventHandler00008
                0x80054618                S2_APAD_Long_Text_Edit_EventHandler
                0x8005432a                S2_APAD_Long_Text_EditEventHandler00009
                0x80053442                S2_APAD_Long_Text_EditEventHandler00000
                0x800536f6                S2_APAD_Long_Text_EditEventHandler00004
                0x8005359c                S2_APAD_Long_Text_EditEventHandler00001
 .text          0x80054d8c     0x1078 S2_UserProgCmd_Interface_v1_0.o
                0x80054ea6                S2_UserProgCmd_Interface_v1_0EventHandler00000
                0x80055c8c                S2_UserProgCmd_Interface_v1_0_main
                0x80055ba8                S2_UserProgCmd_Interface_v1_0_EventHandler
 .text          0x80055e04      0x34c S2_UserProgCmd_Interface_Serial_To_Analog_v1_0.o
                0x80055f02                S2_UserProgCmd_Interface_Serial_To_Analog_v1_0_main
                0x80055e04                S2_UserProgCmd_Interface_Serial_To_Analog_v1_0_EventHandler
                0x800560c0                S2_UserProgCmd_Interface_Serial_To_Analog_v1_0EventHandler00001
                0x80055fce                S2_UserProgCmd_Interface_Serial_To_Analog_v1_0EventHandler00000
 .text          0x80056150     0x32b4 S2_DMPS_System_Info_V1_0_2.o
                0x80058f96                S2_DMPS_System_Info_V1_0_2EventHandler00002
                0x80059362                S2_DMPS_System_Info_V1_0_2EventHandler00008
                0x8005921e                S2_DMPS_System_Info_V1_0_2EventHandler00006
                0x80056150                S2_DMPS_System_Info_V1_0_2EventHandler00000
                0x80059038                S2_DMPS_System_Info_V1_0_2EventHandler00003
                0x80058c28                S2_DMPS_System_Info_V1_0_2_EventHandler
                0x80058cda                S2_DMPS_System_Info_V1_0_2_main
                0x80056558                S2_DMPS_System_Info_V1_0_2EventHandler00001
                0x80058ee2                S2_DMPS_System_Info_V1_0_2__SPLS_TMPVAR__WAITLABEL_0__
                0x8005917c                S2_DMPS_System_Info_V1_0_2EventHandler00005
                0x800590da                S2_DMPS_System_Info_V1_0_2EventHandler00004
                0x800592c0                S2_DMPS_System_Info_V1_0_2EventHandler00007
 .text          0x80059404     0x1e9c S2_Single_Line_Scroller_v1_2.o
                0x80059ab4                S2_Single_Line_Scroller_v1_2EventHandler00000
                0x8005a08a                S2_Single_Line_Scroller_v1_2EventHandler00001
                0x8005ae64                S2_Single_Line_Scroller_v1_2_main
                0x8005a22a                S2_Single_Line_Scroller_v1_2EventHandler00002
                0x8005b212                S2_Single_Line_Scroller_v1_2EventHandler00006
                0x8005aa82                S2_Single_Line_Scroller_v1_2EventHandler00007
                0x8005ad98                S2_Single_Line_Scroller_v1_2_EventHandler
                0x8005a86a                S2_Single_Line_Scroller_v1_2EventHandler00005
                0x8005a47e                S2_Single_Line_Scroller_v1_2EventHandler00003
                0x8005a6be                S2_Single_Line_Scroller_v1_2EventHandler00004
 .text          0x8005b2a0     0x1140 S2_IP_Address_Edit_with_Up_Down.o
                0x8005c368                S2_IP_Address_Edit_with_Up_DownEventHandler00000
                0x8005c3a4                S2_IP_Address_Edit_with_Up_DownEventHandler00001
                0x8005bfbc                S2_IP_Address_Edit_with_Up_Down_EventHandler
                0x8005c0aa                S2_IP_Address_Edit_with_Up_Down_main
 .text          0x8005c3e0      0xd38 S2_IP_Address_Edit_Acceleration.o
                0x8005c8b4                S2_IP_Address_Edit_AccelerationEventHandler00000
                0x8005cb48                S2_IP_Address_Edit_Acceleration_EventHandler
                0x8005cc26                S2_IP_Address_Edit_Acceleration_main
 .text          0x8005d118      0x53c S2_DMPS_Analog_To_String_Conversion_v1_1.o
                0x8005d118                S2_DMPS_Analog_To_String_Conversion_v1_1EventHandler00000
                0x8005d538                S2_DMPS_Analog_To_String_Conversion_v1_1_EventHandler
                0x8005d5f4                S2_DMPS_Analog_To_String_Conversion_v1_1_main
 .text          0x8005d654      0x31c S2_DMPS_String_to_Analog_Conversion_v1_1.o
                0x8005d8e0                S2_DMPS_String_to_Analog_Conversion_v1_1_main
                0x8005d654                S2_DMPS_String_to_Analog_Conversion_v1_1EventHandler00000
                0x8005d83a                S2_DMPS_String_to_Analog_Conversion_v1_1_EventHandler
 .text          0x8005d970      0x3ee S2_Core_3_XPanel_Web_Configuration_Module_v1_1.o
                0x8005d970                S2_Core_3_XPanel_Web_Configuration_Module_v1_1EventHandler00000
                0x8005dc08                S2_Core_3_XPanel_Web_Configuration_Module_v1_1_main
                0x8005db4a                S2_Core_3_XPanel_Web_Configuration_Module_v1_1_EventHandler
 *fill*         0x8005dd5e        0x2
 .text          0x8005dd60     0x1fc4 S2_Console_Processor_v3_.o
                0x8005fb6a                S2_Console_Processor_v3__EventHandler
                0x8005f01e                S2_Console_Processor_v3_EventHandler00000
                0x8005f414                S2_Console_Processor_v3_EventHandler00003
                0x8005f170                S2_Console_Processor_v3_EventHandler00001
                0x8005fc30                S2_Console_Processor_v3__main
                0x8005f2c2                S2_Console_Processor_v3_EventHandler00002
                0x8005f566                S2_Console_Processor_v3_EventHandler00004
 .text          0x8005fd24     0x2d34 S2_NTP_Time_Sync_v1_0.o
                0x800628f4                S2_NTP_Time_Sync_v1_0_main
                0x80062548                S2_NTP_Time_Sync_v1_0EventHandler00001
                0x800627e8                S2_NTP_Time_Sync_v1_0_EventHandler
                0x8006223e                S2_NTP_Time_Sync_v1_0SERVERWAIT
                0x80061ece                S2_NTP_Time_Sync_v1_0EventHandler00000
 .text          0x80062a58      0x7bc S2_TOWSON_BU.o
                0x80062a58                S2_TOWSON_BUEventHandler00000
                0x80062dce                S2_TOWSON_BU_EventHandler
                0x80062e74                S2_TOWSON_BU_main
 .text          0x80063214      0x3ac S2_Panasonic_PT_EZ370RU_Processor.o
                0x80063214                S2_Panasonic_PT_EZ370RU_ProcessorEventHandler00000
                0x80063492                S2_Panasonic_PT_EZ370RU_Processor_EventHandler
                0x8006354e                S2_Panasonic_PT_EZ370RU_Processor_main
 .text          0x800635c0     0x5082 S2_Biamp_Tesira_Command_Processor_v1_5.o
                0x80067dd2                S2_Biamp_Tesira_Command_Processor_v1_5_EventHandler
                0x80068504                S2_Biamp_Tesira_Command_Processor_v1_5EventHandler00003
                0x8006827c                S2_Biamp_Tesira_Command_Processor_v1_5__COMMQUEUE_Destructor
                0x80068252                S2_Biamp_Tesira_Command_Processor_v1_5__MODULECOMM_Destructor
                0x8006798e                S2_Biamp_Tesira_Command_Processor_v1_5EventHandler00001
                0x800650be                S2_Biamp_Tesira_Command_Processor_v1_5QUEUEFALSERESPONSE
                0x80068424                S2_Biamp_Tesira_Command_Processor_v1_5EventHandler00002
                0x80067bbc                S2_Biamp_Tesira_Command_Processor_v1_5EventHandler00004
                0x8006833c                S2_Biamp_Tesira_Command_Processor_v1_5STARTHEARTBEATPROCESS
                0x800685f8                S2_Biamp_Tesira_Command_Processor_v1_5EventHandler00005
                0x80068286                S2_Biamp_Tesira_Command_Processor_v1_5HEARTBEAT
                0x80067eb4                S2_Biamp_Tesira_Command_Processor_v1_5_main
                0x8006825c                S2_Biamp_Tesira_Command_Processor_v1_5__COMMQUEUE_Constructor
                0x8006666e                S2_Biamp_Tesira_Command_Processor_v1_5EventHandler00000
                0x800682e4                S2_Biamp_Tesira_Command_Processor_v1_5REGISTRATIONWAIT
                0x80068248                S2_Biamp_Tesira_Command_Processor_v1_5__MODULECOMM_Constructor
 *fill*         0x80068642        0x2
 .text          0x80068644     0x7e6a S2_Biamp_Tesira_Level_Control_v1_5.o
                0x8006fe5a                S2_Biamp_Tesira_Level_Control_v1_5_EventHandler
                0x800701c0                S2_Biamp_Tesira_Level_Control_v1_5EventHandler00000
                0x80070344                S2_Biamp_Tesira_Level_Control_v1_5EventHandler00002
                0x80070156                S2_Biamp_Tesira_Level_Control_v1_5LOWER_LEVEL
                0x8006ff24                S2_Biamp_Tesira_Level_Control_v1_5_main
                0x80070438                S2_Biamp_Tesira_Level_Control_v1_5EventHandler00003
                0x8006fa98                S2_Biamp_Tesira_Level_Control_v1_5EventHandler00005
                0x8006f7d4                S2_Biamp_Tesira_Level_Control_v1_5EventHandler00004
                0x80070282                S2_Biamp_Tesira_Level_Control_v1_5EventHandler00001
                0x800700ec                S2_Biamp_Tesira_Level_Control_v1_5RAISE_LEVEL
 *fill*         0x800704ae        0x2
 .text          0x800704b0     0x6070 S2_Biamp_Tesira_State_Control_v1_5.o
                0x80074496                S2_Biamp_Tesira_State_Control_v1_5EventHandler00002
                0x8007623c                S2_Biamp_Tesira_State_Control_v1_5_EventHandler
                0x8007414c                S2_Biamp_Tesira_State_Control_v1_5EventHandler00000
                0x800742f2                S2_Biamp_Tesira_State_Control_v1_5EventHandler00001
                0x80076302                S2_Biamp_Tesira_State_Control_v1_5_main
                0x800764aa                S2_Biamp_Tesira_State_Control_v1_5EventHandler00003
                0x80075ec2                S2_Biamp_Tesira_State_Control_v1_5EventHandler00004
 .text          0x80076520     0xa6ae S2_Vaddio_RoboSHOT_30_v1_0_Processor.o
                0x8007b488                S2_Vaddio_RoboSHOT_30_v1_0_ProcessorEventHandler0000A
                0x80077998                S2_Vaddio_RoboSHOT_30_v1_0_ProcessorEventHandler00003
                0x80080b50                S2_Vaddio_RoboSHOT_30_v1_0_ProcessorEventHandler00006
                0x8007d26c                S2_Vaddio_RoboSHOT_30_v1_0_ProcessorEventHandler0000C
                0x80076520                S2_Vaddio_RoboSHOT_30_v1_0_ProcessorEventHandler00000
                0x80080a9a                S2_Vaddio_RoboSHOT_30_v1_0_Processor_EventHandler
                0x8007ec18                S2_Vaddio_RoboSHOT_30_v1_0_ProcessorEventHandler0000D
                0x80079c42                S2_Vaddio_RoboSHOT_30_v1_0_ProcessorEventHandler00008
                0x800766a0                S2_Vaddio_RoboSHOT_30_v1_0_ProcessorEventHandler00001
                0x8007c366                S2_Vaddio_RoboSHOT_30_v1_0_ProcessorEventHandler0000B
                0x8007a850                S2_Vaddio_RoboSHOT_30_v1_0_ProcessorEventHandler00009
                0x80079052                S2_Vaddio_RoboSHOT_30_v1_0_ProcessorEventHandler00007
                0x80078316                S2_Vaddio_RoboSHOT_30_v1_0_ProcessorEventHandler00004
                0x80078c96                S2_Vaddio_RoboSHOT_30_v1_0_ProcessorEventHandler00005
                0x80077020                S2_Vaddio_RoboSHOT_30_v1_0_ProcessorEventHandler00002
                0x800807d4                S2_Vaddio_RoboSHOT_30_v1_0_Processor_main
 *fill*         0x80080bce        0x2
 .text          0x80080bd0     0x82bc S2_Sony_Zoom_Processor_3.o
                0x80088d58                S2_Sony_Zoom_Processor_3_EventHandler
                0x80080bd0                S2_Sony_Zoom_Processor_3EventHandler00000
                0x800849c0                S2_Sony_Zoom_Processor_3EventHandler00009
                0x80082d82                S2_Sony_Zoom_Processor_3EventHandler00006
                0x80088e0e                S2_Sony_Zoom_Processor_3EventHandler00005
                0x8008748c                S2_Sony_Zoom_Processor_3EventHandler0000C
                0x80080d50                S2_Sony_Zoom_Processor_3EventHandler00001
                0x80082048                S2_Sony_Zoom_Processor_3EventHandler00003
                0x8008403a                S2_Sony_Zoom_Processor_3EventHandler00008
                0x8008550a                S2_Sony_Zoom_Processor_3EventHandler0000A
                0x800829c6                S2_Sony_Zoom_Processor_3EventHandler00004
                0x800816d0                S2_Sony_Zoom_Processor_3EventHandler00002
                0x80086074                S2_Sony_Zoom_Processor_3EventHandler0000B
                0x800836d2                S2_Sony_Zoom_Processor_3EventHandler00007
                0x80088a92                S2_Sony_Zoom_Processor_3_main
 .text          0x80088e8c     0x5836 library.o
                0x8008d078                RotateRightLong
                0x8008d686                IsSystem
                0x8008cfdc                Seed
                0x8008a8d4                Remove
                0x8008cc58                Ltoa
                0x8008c984                Atoi
                0x8008bcec                InitRampInfoArray
                0x8008d432                Right
                0x8008e462                LockInputSema
                0x8008cf06                Mod
                0x8008d0ee                Getc
                0x8008ce3a                SMuldiv
                0x8008d668                IsHidden
                0x8008cd1e                Min
                0x8008e276                hextosi
                0x8008d80c                WriteIntegerArray
                0x8008dd82                GetSignedIntArrayElementPtr
                0x8008c6a6                CheckStructArray
                0x8008e28a                hextosl
                0x8008d992                WriteSignedIntegerArray
                0x8008c36e                InitStringParamArray
                0x8008b640                ReadSignedLongIntegerArray
                0x8008a562                GatherToDelimiter
                0x8008c192                InitStringArray
                0x8008ccf8                Max
                0x8008d6c2                IsReadOnly
                0x8008ce02                SMax
                0x8008a706                GatherByLength
                0x8008cb92                Chr
                0x8008d7e4                ReadSignedLongInteger
                0x8008cc10                Itohex
                0x8008c618                GetStructArrayElement
                0x8008c90c                UNS_SetByte
                0x8008d406                ReverseFindi
                0x8008bae8                ReadStringArray
                0x8008db92                GetIntArrayElementPtr
                0x8008d242                Lower
                0x8008cff8                RotateLeft
                0x8008e3aa                ResizeIfAutogrow
                0x8008be18                CheckInputArray
                0x800893fa                ResizeStringArray
                0x8008cb24                Atosl
                0x8008c94c                High
                0x8008cfa8                Rnd
                0x8008ceca                UMod
                0x8008d04e                RotateLeftLong
                0x8008e4d6                FindNumericChar
                0x8008dfda                CheckIOArrayBounds2
                0x8008d620                MakeProgramFilename
                0x8008ce1e                SMin
                0x8008d176                Left
                0x8008d0b8                CheckBufferThreshold
                0x8008d79c                ReadSignedInteger
                0x8008c976                LowWord
                0x80088e8c                Bit
                0x8008d74c                ReadLongInteger
                0x8008c78a                Byte
                0x8008dc8a                GetLongArrayElementPtr
                0x8008d3d8                ReverseFind
                0x8008d636                GetSeries
                0x8008e5a2                InitTcpServer
                0x8008d22a                Len
                0x8008e0aa                InitializeRampInfoInternal
                0x8008cd44                Divide
                0x8008ca90                Atol
                0x8008d62c                GetModelNumber
                0x8008df72                CheckIOArrayBounds
                0x8008be72                CheckStringInputArray
                0x8008da54                WriteSignedLongIntegerArray
                0x8008c562                GetStringArrayElement
                0x8008cc9c                Ltohex
                0x8008cbc8                Itoa
                0x8008d022                RotateRight
                0x8008abc2                InternalReverseFind
                0x8008d72c                WriteLongInteger
                0x8008c096                InitDynamicStringStruct
                0x8008bf88                SetStringArray
                0x8008b41e                ReadSignedIntegerArray
                0x8008becc                SetOutputArray
                0x8008d6dc                WriteInteger
                0x8008c4f6                InitStructDynamicArray
                0x8008ae4c                SetString
                0x8008cf42                Random
                0x8008d774                WriteSignedInteger
                0x800890f0                Find
                0x8008d640                GetProgramNumber
                0x8008d316                Mid
                0x8008e514                InitTcpClient
                0x80089fde                ResizeStructArray
                0x8008de7a                GetSignedLongArrayElementPtr
                0x8008e29c                hextol
                0x8008b862                ReadString
                0x8008c228                InitDynamicStringArray
                0x8008e382                UpperChar
                0x8008ca20                Atosi
                0x8008d704                ReadInteger
                0x8008cdb6                Muldiv
                0x8008bf3a                SetStringOutputArray
                0x8008db18                WriteString
                0x80089a52                ResizeIntegerArray
                0x8008bde0                InitInOutArray
                0x8008c436                InitNvramStringArray
                0x8008cce0                Abs
                0x8008ce86                SDivide
                0x8008afdc                ReadIntegerArray
                0x80088f9c                CompareStrings
                0x8008e35a                LowerChar
                0x8008e632                InitUdpSocket
                0x8008d0a0                ClearBuffer
                0x8008d4ee                Upper
                0x8008c4d2                InitStructArray
                0x8008d5c4                MakeLower
                0x8008d6a4                IsVolume
                0x8008aa2e                RemoveByLength
                0x8008c722                CheckStringOutputArrayIndex
                0x8008d8ce                WriteLongIntegerArray
                0x8008e156                InitRampInfoStructArray
                0x8008c968                HighWord
                0x80089264                ResizeString
                0x8008d64a                IsDirectory
                0x8008b1fc                ReadLongIntegerArray
                0x8008c95a                Low
                0x8008a408                Gather
                0x8008d5f2                MakeUpper
                0x8008c058                InitStringStruct
                0x8008e042                CheckStringArrayBounds
                0x8008cd88                CheckDenominator
                0x8008e25e                hextoi
                0x8008b980                WriteStringArray
                0x8008c84a                SetByte
                0x8008e100                InitializeRampInfo
                0x8008e49c                UnLockInputSema
                0x8008d7c4                WriteSignedLongInteger
                0x8008c14a                InitNvramStringStruct
 *fill*         0x8008e6c2        0xe
                0x8008e6d0                .=ALIGN(0x10)
 *(.eh_frame)
                0x8008e6d0                .=ALIGN(0x10)
 *(.gnu.linkonce.t.*)
                0x8008e6d0                .=ALIGN(0x4)
                0x8008e6d0                __CTOR_LIST__=.
                0x8008e6d0                ___CTOR_LIST__=.
                0x8008e6d0        0x4 LONG 0x0 (((__CTOR_END__-__CTOR_LIST__)/0x4)-0x2)
 *(.ctors)
                0x8008e6d4        0x4 LONG 0x0
                0x8008e6d8                __CTOR_END__=.
                0x8008e6d8                __DTOR_LIST__=.
                0x8008e6d8                ___DTOR_LIST__=.
                0x8008e6d8        0x4 LONG 0x0 (((__DTOR_END__-__DTOR_LIST__)/0x4)-0x2)
 *(.dtors)
                0x8008e6dc        0x4 LONG 0x0
                0x8008e6e0                __DTOR_END__=.
 *(.rodata)
 .rodata        0x8008e6e0      0x23b S2_String_Check.o
 .rodata        0x8008e91b      0x2f5 S2_MPS_Text_Centering.o
 .rodata        0x8008ec10      0x3fb S2_Knob_Acceleration__Pkt_.o
 .rodata        0x8008f00b      0x687 S2_DMPS_Text_Router_v1_0.o
 .rodata        0x8008f692     0x2b1d S2_DMPS_Installer_Tools_v1_13.o
 .rodata        0x800921af      0x3b7 S2_APAD_Long_Text_Edit.o
 .rodata        0x80092566      0x457 S2_UserProgCmd_Interface_v1_0.o
 .rodata        0x800929bd      0x24a S2_UserProgCmd_Interface_Serial_To_Analog_v1_0.o
 .rodata        0x80092c07      0x814 S2_DMPS_System_Info_V1_0_2.o
 .rodata        0x8009341b      0x38d S2_Single_Line_Scroller_v1_2.o
 .rodata        0x800937a8      0x261 S2_IP_Address_Edit_with_Up_Down.o
 .rodata        0x80093a09      0x2de S2_IP_Address_Edit_Acceleration.o
 .rodata        0x80093ce7      0x2d2 S2_DMPS_Analog_To_String_Conversion_v1_1.o
 .rodata        0x80093fb9      0x23b S2_DMPS_String_to_Analog_Conversion_v1_1.o
 .rodata        0x800941f4      0x48d S2_Core_3_XPanel_Web_Configuration_Module_v1_1.o
 .rodata        0x80094681      0x5fa S2_Console_Processor_v3_.o
 .rodata        0x80094c7b      0x836 S2_NTP_Time_Sync_v1_0.o
 .rodata        0x800954b1      0x374 S2_TOWSON_BU.o
 .rodata        0x80095825      0x2ba S2_Panasonic_PT_EZ370RU_Processor.o
 .rodata        0x80095adf      0x5d3 S2_Biamp_Tesira_Command_Processor_v1_5.o
 .rodata        0x800960b2      0x8e8 S2_Biamp_Tesira_Level_Control_v1_5.o
 .rodata        0x8009699a      0x6cc S2_Biamp_Tesira_State_Control_v1_5.o
 .rodata        0x80097066      0x362 S2_Vaddio_RoboSHOT_30_v1_0_Processor.o
 .rodata        0x800973c8      0x362 S2_Sony_Zoom_Processor_3.o
 .rodata        0x8009772a      0xc54 library.o
 *(.gcc_except_table)
                0x8009837e                .=ALIGN(0x2)
                0x8009837e                __INIT_SECTION__=.
                0x8009837e        0x4 LONG 0x4e560000
 *(.init)
                0x80098382        0x2 SHORT 0x4e5e
                0x80098384        0x2 SHORT 0x4e75
                0x80098386                __FINI_SECTION__=.
                0x80098386        0x4 LONG 0x4e560000
 *(.fini)
                0x8009838a        0x2 SHORT 0x4e5e
                0x8009838c        0x2 SHORT 0x4e75
 *(.lit)
 *fill*         0x8009838e        0x2
                0x80098390                .=ALIGN(0x10)
                0x80098390                _etext=.
                0x80098390                etext=.

.data           0x80098390        0x0
                0x80098390                copy_start=.
 *(.shdata)
 *(.data)
 *(.gnu.linkonce.d.*)
                0x80098390                .=ALIGN(0x10)
                0x80098390                _edata=.
                0x80098390                copy_end=.

.got
 *(.got.plt)
 *(.got)

EntryList       0x80098390     0x1980
 *(EntryList)
 EntryList      0x80098390      0x110 S2_String_Check.o
                0x80098390                S2_String_Check_Entry
 EntryList      0x800984a0      0x110 S2_MPS_Text_Centering.o
                0x800984a0                S2_MPS_Text_Centering_Entry
 EntryList      0x800985b0      0x110 S2_Knob_Acceleration__Pkt_.o
                0x800985b0                S2_Knob_Acceleration__Pkt__Entry
 EntryList      0x800986c0      0x110 S2_DMPS_Text_Router_v1_0.o
                0x800986c0                S2_DMPS_Text_Router_v1_0_Entry
 EntryList      0x800987d0      0x110 S2_DMPS_Installer_Tools_v1_13.o
                0x800987d0                S2_DMPS_Installer_Tools_v1_13_Entry
 EntryList      0x800988e0      0x110 S2_APAD_Long_Text_Edit.o
                0x800988e0                S2_APAD_Long_Text_Edit_Entry
 EntryList      0x800989f0      0x110 S2_UserProgCmd_Interface_v1_0.o
                0x800989f0                S2_UserProgCmd_Interface_v1_0_Entry
 EntryList      0x80098b00      0x110 S2_UserProgCmd_Interface_Serial_To_Analog_v1_0.o
                0x80098b00                S2_UserProgCmd_Interface_Serial_To_Analog_v1_0_Entry
 EntryList      0x80098c10      0x110 S2_DMPS_System_Info_V1_0_2.o
                0x80098c10                S2_DMPS_System_Info_V1_0_2_Entry
 EntryList      0x80098d20      0x110 S2_Single_Line_Scroller_v1_2.o
                0x80098d20                S2_Single_Line_Scroller_v1_2_Entry
 EntryList      0x80098e30      0x110 S2_IP_Address_Edit_with_Up_Down.o
                0x80098e30                S2_IP_Address_Edit_with_Up_Down_Entry
 EntryList      0x80098f40      0x110 S2_IP_Address_Edit_Acceleration.o
                0x80098f40                S2_IP_Address_Edit_Acceleration_Entry
 EntryList      0x80099050      0x110 S2_DMPS_Analog_To_String_Conversion_v1_1.o
                0x80099050                S2_DMPS_Analog_To_String_Conversion_v1_1_Entry
 EntryList      0x80099160      0x110 S2_DMPS_String_to_Analog_Conversion_v1_1.o
                0x80099160                S2_DMPS_String_to_Analog_Conversion_v1_1_Entry
 EntryList      0x80099270      0x110 S2_Core_3_XPanel_Web_Configuration_Module_v1_1.o
                0x80099270                S2_Core_3_XPanel_Web_Configuration_Module_v1_1_Entry
 EntryList      0x80099380      0x110 S2_Console_Processor_v3_.o
                0x80099380                S2_Console_Processor_v3__Entry
 EntryList      0x80099490      0x110 S2_NTP_Time_Sync_v1_0.o
                0x80099490                S2_NTP_Time_Sync_v1_0_Entry
 EntryList      0x800995a0      0x110 S2_TOWSON_BU.o
                0x800995a0                S2_TOWSON_BU_Entry
 EntryList      0x800996b0      0x110 S2_Panasonic_PT_EZ370RU_Processor.o
                0x800996b0                S2_Panasonic_PT_EZ370RU_Processor_Entry
 EntryList      0x800997c0      0x110 S2_Biamp_Tesira_Command_Processor_v1_5.o
                0x800997c0                S2_Biamp_Tesira_Command_Processor_v1_5_Entry
 EntryList      0x800998d0      0x110 S2_Biamp_Tesira_Level_Control_v1_5.o
                0x800998d0                S2_Biamp_Tesira_Level_Control_v1_5_Entry
 EntryList      0x800999e0      0x110 S2_Biamp_Tesira_State_Control_v1_5.o
                0x800999e0                S2_Biamp_Tesira_State_Control_v1_5_Entry
 EntryList      0x80099af0      0x110 S2_Vaddio_RoboSHOT_30_v1_0_Processor.o
                0x80099af0                S2_Vaddio_RoboSHOT_30_v1_0_Processor_Entry
 EntryList      0x80099c00      0x110 S2_Sony_Zoom_Processor_3.o
                0x80099c00                S2_Sony_Zoom_Processor_3_Entry
                0x80099d10                .=ALIGN(0x4)

FunctionList    0x80099d10        0x4
 *(FunctionList)
 FunctionList   0x80099d10        0x4 globals.o
                0x80099d10                g_pFunctions
                0x80099d14                .=ALIGN(0x4)

.bss            0x80099d14        0x0
                0x80099d14                .=ALIGN(0x4)
                0x80099d14                __bss_start=.
 *(.shbss)
 *(.bss)
 *(COMMON)
                0x80099d18                _end=ALIGN(0x8)
                0x80099d18                __end=_end

.stab
 *(.stab)

.stabstr
 *(.stabstr)

.debug
 *(.debug)

.line
 *(.line)

.debug_srcinfo
 *(.debug_srcinfo)

.debug_sfnames
 *(.debug_sfnames)

.debug_aranges
 *(.debug_aranges)

.debug_pubnames
 *(.debug_pubnames)

.debug_info
 *(.debug_info)

.debug_abbrev
 *(.debug_abbrev)

.debug_line
 *(.debug_line)

.debug_frame
 *(.debug_frame)

.debug_str
 *(.debug_str)

.debug_loc
 *(.debug_loc)

.debug_macinfo
 *(.debug_macinfo)

.debug_weaknames
 *(.debug_weaknames)

.debug_funcnames
 *(.debug_funcnames)

.debug_typenames
 *(.debug_typenames)

.debug_varnames
 *(.debug_varnames)
LOAD S2_String_Check.o
LOAD S2_MPS_Text_Centering.o
LOAD S2_Knob_Acceleration__Pkt_.o
LOAD S2_DMPS_Text_Router_v1_0.o
LOAD S2_DMPS_Installer_Tools_v1_13.o
LOAD S2_APAD_Long_Text_Edit.o
LOAD S2_UserProgCmd_Interface_v1_0.o
LOAD S2_UserProgCmd_Interface_Serial_To_Analog_v1_0.o
LOAD S2_DMPS_System_Info_V1_0_2.o
LOAD S2_Single_Line_Scroller_v1_2.o
LOAD S2_IP_Address_Edit_with_Up_Down.o
LOAD S2_IP_Address_Edit_Acceleration.o
LOAD S2_DMPS_Analog_To_String_Conversion_v1_1.o
LOAD S2_DMPS_String_to_Analog_Conversion_v1_1.o
LOAD S2_Core_3_XPanel_Web_Configuration_Module_v1_1.o
LOAD S2_Console_Processor_v3_.o
LOAD S2_NTP_Time_Sync_v1_0.o
LOAD S2_TOWSON_BU.o
LOAD S2_Panasonic_PT_EZ370RU_Processor.o
LOAD S2_Biamp_Tesira_Command_Processor_v1_5.o
LOAD S2_Biamp_Tesira_Level_Control_v1_5.o
LOAD S2_Biamp_Tesira_State_Control_v1_5.o
LOAD S2_Vaddio_RoboSHOT_30_v1_0_Processor.o
LOAD S2_Sony_Zoom_Processor_3.o
LOAD globals.o
LOAD library.o
OUTPUT(_S2_Burdick0117_20210726_DMB.spl elf32-m68k)

.comment        0x80099d14      0x3dc
 .comment       0x80099d14       0x26 S2_String_Check.o
 .comment       0x80099d3a       0x26 S2_MPS_Text_Centering.o
 .comment       0x80099d60       0x26 S2_Knob_Acceleration__Pkt_.o
 .comment       0x80099d86       0x26 S2_DMPS_Text_Router_v1_0.o
 .comment       0x80099dac       0x26 S2_DMPS_Installer_Tools_v1_13.o
 .comment       0x80099dd2       0x26 S2_APAD_Long_Text_Edit.o
 .comment       0x80099df8       0x26 S2_UserProgCmd_Interface_v1_0.o
 .comment       0x80099e1e       0x26 S2_UserProgCmd_Interface_Serial_To_Analog_v1_0.o
 .comment       0x80099e44       0x26 S2_DMPS_System_Info_V1_0_2.o
 .comment       0x80099e6a       0x26 S2_Single_Line_Scroller_v1_2.o
 .comment       0x80099e90       0x26 S2_IP_Address_Edit_with_Up_Down.o
 .comment       0x80099eb6       0x26 S2_IP_Address_Edit_Acceleration.o
 .comment       0x80099edc       0x26 S2_DMPS_Analog_To_String_Conversion_v1_1.o
 .comment       0x80099f02       0x26 S2_DMPS_String_to_Analog_Conversion_v1_1.o
 .comment       0x80099f28       0x26 S2_Core_3_XPanel_Web_Configuration_Module_v1_1.o
 .comment       0x80099f4e       0x26 S2_Console_Processor_v3_.o
 .comment       0x80099f74       0x26 S2_NTP_Time_Sync_v1_0.o
 .comment       0x80099f9a       0x26 S2_TOWSON_BU.o
 .comment       0x80099fc0       0x26 S2_Panasonic_PT_EZ370RU_Processor.o
 .comment       0x80099fe6       0x26 S2_Biamp_Tesira_Command_Processor_v1_5.o
 .comment       0x8009a00c       0x26 S2_Biamp_Tesira_Level_Control_v1_5.o
 .comment       0x8009a032       0x26 S2_Biamp_Tesira_State_Control_v1_5.o
 .comment       0x8009a058       0x26 S2_Vaddio_RoboSHOT_30_v1_0_Processor.o
 .comment       0x8009a07e       0x26 S2_Sony_Zoom_Processor_3.o
 .comment       0x8009a0a4       0x26 globals.o
 .comment       0x8009a0ca       0x26 library.o
