
Memory Configuration

Name             Origin             Length             Attributes
ram              0x80000000         0x00500000         xrw
*default*        0x00000000         0xffffffff

Linker script and memory map

                0x00000000                __DYNAMIC=0x0
                0x00400000                PROVIDE (__stack, 0x400000)
                0x00000000                PROVIDE (hardware_init_hook, 0x0)
                0x00000000                PROVIDE (_hardware_init_hook, 0x0)
                0x00000000                PROVIDE (software_init_hook, 0x0)
                0x00000000                PROVIDE (_software_init_hook, 0x0)

.text           0x80000000    0x86f50
 *(.text)
 .text          0x80000000      0x258 S2_String_Check.o
                0x80000000                S2_String_Check_EventHandler
                0x8000017e                S2_String_CheckEventHandler00000
                0x800000bc                S2_String_Check_main
 .text          0x80000258      0x94a S2_MPS_Text_Centering.o
                0x80000710                S2_MPS_Text_CenteringEventHandler00000
                0x800009c2                S2_MPS_Text_Centering_main
                0x800008f2                S2_MPS_Text_Centering_EventHandler
 *fill*         0x80000ba2        0x2
 .text          0x80000ba4      0xe48 S2_Knob_Acceleration__Pkt_.o
                0x80001518                S2_Knob_Acceleration__Pkt__main
                0x800011a6                S2_Knob_Acceleration__Pkt_EventHandler00000
                0x8000143a                S2_Knob_Acceleration__Pkt__EventHandler
 .text          0x800019ec     0x5420 S2_DMPS_Text_Router_v1_0.o
                0x80006c44                S2_DMPS_Text_Router_v1_0EventHandler00009
                0x80006bee                S2_DMPS_Text_Router_v1_0EventHandler00008
                0x800061aa                S2_DMPS_Text_Router_v1_0_main
                0x8000689c                S2_DMPS_Text_Router_v1_0EventHandler00001
                0x80006a8e                S2_DMPS_Text_Router_v1_0EventHandler00004
                0x80006d8a                S2_DMPS_Text_Router_v1_0EventHandler0000B
                0x80006b1a                S2_DMPS_Text_Router_v1_0EventHandler00007
                0x8000697a                S2_DMPS_Text_Router_v1_0EventHandler00002
                0x80005f66                S2_DMPS_Text_Router_v1_0_EventHandler
                0x800067be                S2_DMPS_Text_Router_v1_0EventHandler00000
                0x80003c78                S2_DMPS_Text_Router_v1_0EventHandler00005
                0x80004c2a                S2_DMPS_Text_Router_v1_0EventHandler00006
                0x80006a02                S2_DMPS_Text_Router_v1_0EventHandler00003
                0x80006ce6                S2_DMPS_Text_Router_v1_0EventHandler0000A
 .text          0x80006e0c    0x4be18 S2_DMPS_Installer_Tools_v1_13.o
                0x80042190                S2_DMPS_Installer_Tools_v1_13EventHandler00029
                0x80044cb0                S2_DMPS_Installer_Tools_v1_13EventHandler00051
                0x8003fbf0                S2_DMPS_Installer_Tools_v1_13EventHandler00014
                0x8005257a                S2_DMPS_Installer_Tools_v1_13EventHandler00044
                0x80016cea                S2_DMPS_Installer_Tools_v1_13EventHandler00001
                0x80012936                S2_DMPS_Installer_Tools_v1_13KEYPADIDWAIT
                0x80051fec                S2_DMPS_Installer_Tools_v1_13EventHandler0003B
                0x80052264                S2_DMPS_Installer_Tools_v1_13EventHandler0003F
                0x8001fc56                S2_DMPS_Installer_Tools_v1_13EventHandler00006
                0x800523a0                S2_DMPS_Installer_Tools_v1_13EventHandler00041
                0x8001b00a                S2_DMPS_Installer_Tools_v1_13EventHandler00004
                0x80052752                S2_DMPS_Installer_Tools_v1_13EventHandler00047
                0x80043a62                S2_DMPS_Installer_Tools_v1_13EventHandler0004D
                0x80046d84                S2_DMPS_Installer_Tools_v1_13_main
                0x800255d4                S2_DMPS_Installer_Tools_v1_13EventHandler0000A
                0x80042ce8                S2_DMPS_Installer_Tools_v1_13EventHandler0002F
                0x80051762                S2_DMPS_Installer_Tools_v1_13EventHandler00011
                0x80052b46                S2_DMPS_Installer_Tools_v1_13EventHandler00054
                0x80040cc6                S2_DMPS_Installer_Tools_v1_13EventHandler0001B
                0x80024c86                S2_DMPS_Installer_Tools_v1_13EventHandler00008
                0x8005288a                S2_DMPS_Installer_Tools_v1_13EventHandler00049
                0x80052bda                S2_DMPS_Installer_Tools_v1_13EventHandler00056
                0x80051eb0                S2_DMPS_Installer_Tools_v1_13EventHandler00039
                0x800517ee                S2_DMPS_Installer_Tools_v1_13EventHandler00019
                0x80041636                S2_DMPS_Installer_Tools_v1_13EventHandler00022
                0x80041cbe                S2_DMPS_Installer_Tools_v1_13EventHandler00026
                0x800516e6                S2_DMPS_Installer_Tools_v1_13PASSWORDWAIT
                0x800521c6                S2_DMPS_Installer_Tools_v1_13EventHandler0003E
                0x80052926                S2_DMPS_Installer_Tools_v1_13EventHandler0004A
                0x80040ffe                S2_DMPS_Installer_Tools_v1_13EventHandler0001C
                0x8004352a                S2_DMPS_Installer_Tools_v1_13EventHandler00032
                0x80052afc                S2_DMPS_Installer_Tools_v1_13EventHandler00053
                0x800424b0                S2_DMPS_Installer_Tools_v1_13EventHandler0002B
                0x800403cc                S2_DMPS_Installer_Tools_v1_13EventHandler00016
                0x80051b9a                S2_DMPS_Installer_Tools_v1_13EventHandler00034
                0x8003ddda                S2_DMPS_Installer_Tools_v1_13EventHandler0000E
                0x80046c60                S2_DMPS_Installer_Tools_v1_13_EventHandler
                0x800526b6                S2_DMPS_Installer_Tools_v1_13EventHandler00046
                0x8002575c                S2_DMPS_Installer_Tools_v1_13EventHandler0000B
                0x80052a5e                S2_DMPS_Installer_Tools_v1_13EventHandler0004E
                0x800172e6                S2_DMPS_Installer_Tools_v1_13EventHandler00003
                0x80052302                S2_DMPS_Installer_Tools_v1_13EventHandler00040
                0x80051f4e                S2_DMPS_Installer_Tools_v1_13EventHandler0003A
                0x8001b53e                S2_DMPS_Installer_Tools_v1_13EventHandler00005
                0x800527ee                S2_DMPS_Installer_Tools_v1_13EventHandler00048
                0x80052b90                S2_DMPS_Installer_Tools_v1_13EventHandler00055
                0x80051a2a                S2_DMPS_Installer_Tools_v1_13EventHandler0001E
                0x8002544c                S2_DMPS_Installer_Tools_v1_13EventHandler00009
                0x80043400                S2_DMPS_Installer_Tools_v1_13EventHandler00031
                0x8003e474                S2_DMPS_Installer_Tools_v1_13EventHandler00010
                0x8004197a                S2_DMPS_Installer_Tools_v1_13EventHandler00024
                0x8004373e                S2_DMPS_Installer_Tools_v1_13EventHandler0004C
                0x8004295c                S2_DMPS_Installer_Tools_v1_13EventHandler0002E
                0x80051cd6                S2_DMPS_Installer_Tools_v1_13EventHandler00036
                0x80042002                S2_DMPS_Installer_Tools_v1_13EventHandler00028
                0x80051e12                S2_DMPS_Installer_Tools_v1_13EventHandler00038
                0x8003d91e                S2_DMPS_Installer_Tools_v1_13RESTOREAUDIODEFAULTSWAIT
                0x8004263e                S2_DMPS_Installer_Tools_v1_13EventHandler0002C
                0x800407ba                S2_DMPS_Installer_Tools_v1_13EventHandler00017
                0x8003db7c                S2_DMPS_Installer_Tools_v1_13RESTOREDEFAULTSWAIT
                0x800529c2                S2_DMPS_Installer_Tools_v1_13EventHandler0004B
                0x80051afc                S2_DMPS_Installer_Tools_v1_13EventHandler00033
                0x8004451e                S2_DMPS_Installer_Tools_v1_13EventHandler00050
                0x80042320                S2_DMPS_Installer_Tools_v1_13EventHandler0002A
                0x8003faaa                S2_DMPS_Installer_Tools_v1_13EventHandler00013
                0x80045442                S2_DMPS_Installer_Tools_v1_13EventHandler00052
                0x8003ffde                S2_DMPS_Installer_Tools_v1_13EventHandler00015
                0x80029752                S2_DMPS_Installer_Tools_v1_13EventHandler0000C
                0x80043d8c                S2_DMPS_Installer_Tools_v1_13EventHandler0004F
                0x8005208a                S2_DMPS_Installer_Tools_v1_13EventHandler0003C
                0x800298ca                S2_DMPS_Installer_Tools_v1_13EventHandler0000D
                0x80045f7e                S2_DMPS_Installer_Tools_v1_13EventHandler00058
                0x800524dc                S2_DMPS_Installer_Tools_v1_13EventHandler00043
                0x80016696                S2_DMPS_Installer_Tools_v1_13EventHandler00000
                0x8002041c                S2_DMPS_Installer_Tools_v1_13EventHandler00007
                0x8005243e                S2_DMPS_Installer_Tools_v1_13EventHandler00042
                0x80052618                S2_DMPS_Installer_Tools_v1_13EventHandler00045
                0x80051724                S2_DMPS_Installer_Tools_v1_13WRONGPASSWORDWAIT
                0x8001704a                S2_DMPS_Installer_Tools_v1_13EventHandler00002
                0x8003ea88                S2_DMPS_Installer_Tools_v1_13EventHandler00012
                0x80045bd4                S2_DMPS_Installer_Tools_v1_13EventHandler00057
                0x800518c6                S2_DMPS_Installer_Tools_v1_13EventHandler0001A
                0x8004118c                S2_DMPS_Installer_Tools_v1_13EventHandler0001F
                0x80043074                S2_DMPS_Installer_Tools_v1_13EventHandler00030
                0x80051d74                S2_DMPS_Installer_Tools_v1_13EventHandler00037
                0x8003e148                S2_DMPS_Installer_Tools_v1_13EventHandler0000F
                0x800417d8                S2_DMPS_Installer_Tools_v1_13EventHandler00023
                0x80041b1c                S2_DMPS_Installer_Tools_v1_13EventHandler00025
                0x800427cc                S2_DMPS_Installer_Tools_v1_13EventHandler0002D
                0x80040a40                S2_DMPS_Installer_Tools_v1_13EventHandler00018
                0x800414a8                S2_DMPS_Installer_Tools_v1_13EventHandler00021
                0x8004131a                S2_DMPS_Installer_Tools_v1_13EventHandler00020
                0x80041e60                S2_DMPS_Installer_Tools_v1_13EventHandler00027
                0x8005199e                S2_DMPS_Installer_Tools_v1_13EventHandler0001D
                0x80051c38                S2_DMPS_Installer_Tools_v1_13EventHandler00035
                0x80052128                S2_DMPS_Installer_Tools_v1_13EventHandler0003D
 .text          0x80052c24     0x2168 S2_APAD_Long_Text_Edit.o
                0x80054ca4                S2_APAD_Long_Text_EditEventHandler0000D
                0x800546fe                S2_APAD_Long_Text_Edit_main
                0x80053958                S2_APAD_Long_Text_EditEventHandler00005
                0x800548f2                S2_APAD_Long_Text_EditEventHandler00002
                0x80054b6e                S2_APAD_Long_Text_EditEventHandler0000A
                0x80053f50                S2_APAD_Long_Text_EditEventHandler00007
                0x80054baa                S2_APAD_Long_Text_EditEventHandler0000B
                0x80053b80                S2_APAD_Long_Text_EditEventHandler00006
                0x800549b4                S2_APAD_Long_Text_EditEventHandler00003
                0x80054be6                S2_APAD_Long_Text_EditEventHandler0000C
                0x80054a4c                S2_APAD_Long_Text_EditEventHandler00008
                0x80054618                S2_APAD_Long_Text_Edit_EventHandler
                0x8005432a                S2_APAD_Long_Text_EditEventHandler00009
                0x80053442                S2_APAD_Long_Text_EditEventHandler00000
                0x800536f6                S2_APAD_Long_Text_EditEventHandler00004
                0x8005359c                S2_APAD_Long_Text_EditEventHandler00001
 .text          0x80054d8c     0x1078 S2_UserProgCmd_Interface_v1_0.o
                0x80054ea6                S2_UserProgCmd_Interface_v1_0EventHandler00000
                0x80055c8c                S2_UserProgCmd_Interface_v1_0_main
                0x80055ba8                S2_UserProgCmd_Interface_v1_0_EventHandler
 .text          0x80055e04      0x34c S2_UserProgCmd_Interface_Serial_To_Analog_v1_0.o
                0x80055f02                S2_UserProgCmd_Interface_Serial_To_Analog_v1_0_main
                0x80055e04                S2_UserProgCmd_Interface_Serial_To_Analog_v1_0_EventHandler
                0x800560c0                S2_UserProgCmd_Interface_Serial_To_Analog_v1_0EventHandler00001
                0x80055fce                S2_UserProgCmd_Interface_Serial_To_Analog_v1_0EventHandler00000
 .text          0x80056150     0x32b4 S2_DMPS_System_Info_V1_0_2.o
                0x80058f96                S2_DMPS_System_Info_V1_0_2EventHandler00002
                0x80059362                S2_DMPS_System_Info_V1_0_2EventHandler00008
                0x8005921e                S2_DMPS_System_Info_V1_0_2EventHandler00006
                0x80056150                S2_DMPS_System_Info_V1_0_2EventHandler00000
                0x80059038                S2_DMPS_System_Info_V1_0_2EventHandler00003
                0x80058c28                S2_DMPS_System_Info_V1_0_2_EventHandler
                0x80058cda                S2_DMPS_System_Info_V1_0_2_main
                0x80056558                S2_DMPS_System_Info_V1_0_2EventHandler00001
                0x80058ee2                S2_DMPS_System_Info_V1_0_2__SPLS_TMPVAR__WAITLABEL_0__
                0x8005917c                S2_DMPS_System_Info_V1_0_2EventHandler00005
                0x800590da                S2_DMPS_System_Info_V1_0_2EventHandler00004
                0x800592c0                S2_DMPS_System_Info_V1_0_2EventHandler00007
 .text          0x80059404     0x1e9c S2_Single_Line_Scroller_v1_2.o
                0x80059ab4                S2_Single_Line_Scroller_v1_2EventHandler00000
                0x8005a08a                S2_Single_Line_Scroller_v1_2EventHandler00001
                0x8005ae64                S2_Single_Line_Scroller_v1_2_main
                0x8005a22a                S2_Single_Line_Scroller_v1_2EventHandler00002
                0x8005b212                S2_Single_Line_Scroller_v1_2EventHandler00006
                0x8005aa82                S2_Single_Line_Scroller_v1_2EventHandler00007
                0x8005ad98                S2_Single_Line_Scroller_v1_2_EventHandler
                0x8005a86a                S2_Single_Line_Scroller_v1_2EventHandler00005
                0x8005a47e                S2_Single_Line_Scroller_v1_2EventHandler00003
                0x8005a6be                S2_Single_Line_Scroller_v1_2EventHandler00004
 .text          0x8005b2a0     0x1140 S2_IP_Address_Edit_with_Up_Down.o
                0x8005c368                S2_IP_Address_Edit_with_Up_DownEventHandler00000
                0x8005c3a4                S2_IP_Address_Edit_with_Up_DownEventHandler00001
                0x8005bfbc                S2_IP_Address_Edit_with_Up_Down_EventHandler
                0x8005c0aa                S2_IP_Address_Edit_with_Up_Down_main
 .text          0x8005c3e0      0xd38 S2_IP_Address_Edit_Acceleration.o
                0x8005c8b4                S2_IP_Address_Edit_AccelerationEventHandler00000
                0x8005cb48                S2_IP_Address_Edit_Acceleration_EventHandler
                0x8005cc26                S2_IP_Address_Edit_Acceleration_main
 .text          0x8005d118      0x53c S2_DMPS_Analog_To_String_Conversion_v1_1.o
                0x8005d118                S2_DMPS_Analog_To_String_Conversion_v1_1EventHandler00000
                0x8005d538                S2_DMPS_Analog_To_String_Conversion_v1_1_EventHandler
                0x8005d5f4                S2_DMPS_Analog_To_String_Conversion_v1_1_main
 .text          0x8005d654      0x31c S2_DMPS_String_to_Analog_Conversion_v1_1.o
                0x8005d8e0                S2_DMPS_String_to_Analog_Conversion_v1_1_main
                0x8005d654                S2_DMPS_String_to_Analog_Conversion_v1_1EventHandler00000
                0x8005d83a                S2_DMPS_String_to_Analog_Conversion_v1_1_EventHandler
 .text          0x8005d970      0x3ee S2_Core_3_XPanel_Web_Configuration_Module_v1_1.o
                0x8005d970                S2_Core_3_XPanel_Web_Configuration_Module_v1_1EventHandler00000
                0x8005dc08                S2_Core_3_XPanel_Web_Configuration_Module_v1_1_main
                0x8005db4a                S2_Core_3_XPanel_Web_Configuration_Module_v1_1_EventHandler
 *fill*         0x8005dd5e        0x2
 .text          0x8005dd60     0x1fc4 S2_Console_Processor_v3_.o
                0x8005fb6a                S2_Console_Processor_v3__EventHandler
                0x8005f01e                S2_Console_Processor_v3_EventHandler00000
                0x8005f414                S2_Console_Processor_v3_EventHandler00003
                0x8005f170                S2_Console_Processor_v3_EventHandler00001
                0x8005fc30                S2_Console_Processor_v3__main
                0x8005f2c2                S2_Console_Processor_v3_EventHandler00002
                0x8005f566                S2_Console_Processor_v3_EventHandler00004
 .text          0x8005fd24     0x2d34 S2_NTP_Time_Sync_v1_0.o
                0x800628f4                S2_NTP_Time_Sync_v1_0_main
                0x80062548                S2_NTP_Time_Sync_v1_0EventHandler00001
                0x800627e8                S2_NTP_Time_Sync_v1_0_EventHandler
                0x8006223e                S2_NTP_Time_Sync_v1_0SERVERWAIT
                0x80061ece                S2_NTP_Time_Sync_v1_0EventHandler00000
 .text          0x80062a58      0x7bc S2_TOWSON_BU.o
                0x80062a58                S2_TOWSON_BUEventHandler00000
                0x80062dce                S2_TOWSON_BU_EventHandler
                0x80062e74                S2_TOWSON_BU_main
 .text          0x80063214      0x3ac S2_Panasonic_PT_EZ370RU_Processor.o
                0x80063214                S2_Panasonic_PT_EZ370RU_ProcessorEventHandler00000
                0x80063492                S2_Panasonic_PT_EZ370RU_Processor_EventHandler
                0x8006354e                S2_Panasonic_PT_EZ370RU_Processor_main
 .text          0x800635c0     0x5082 S2_Biamp_Tesira_Command_Processor_v1_5.o
                0x80067dd2                S2_Biamp_Tesira_Command_Processor_v1_5_EventHandler
                0x80068504                S2_Biamp_Tesira_Command_Processor_v1_5EventHandler00003
                0x8006827c                S2_Biamp_Tesira_Command_Processor_v1_5__COMMQUEUE_Destructor
                0x80068252                S2_Biamp_Tesira_Command_Processor_v1_5__MODULECOMM_Destructor
                0x8006798e                S2_Biamp_Tesira_Command_Processor_v1_5EventHandler00001
                0x800650be                S2_Biamp_Tesira_Command_Processor_v1_5QUEUEFALSERESPONSE
                0x80068424                S2_Biamp_Tesira_Command_Processor_v1_5EventHandler00002
                0x80067bbc                S2_Biamp_Tesira_Command_Processor_v1_5EventHandler00004
                0x8006833c                S2_Biamp_Tesira_Command_Processor_v1_5STARTHEARTBEATPROCESS
                0x800685f8                S2_Biamp_Tesira_Command_Processor_v1_5EventHandler00005
                0x80068286                S2_Biamp_Tesira_Command_Processor_v1_5HEARTBEAT
                0x80067eb4                S2_Biamp_Tesira_Command_Processor_v1_5_main
                0x8006825c                S2_Biamp_Tesira_Command_Processor_v1_5__COMMQUEUE_Constructor
                0x8006666e                S2_Biamp_Tesira_Command_Processor_v1_5EventHandler00000
                0x800682e4                S2_Biamp_Tesira_Command_Processor_v1_5REGISTRATIONWAIT
                0x80068248                S2_Biamp_Tesira_Command_Processor_v1_5__MODULECOMM_Constructor
 *fill*         0x80068642        0x2
 .text          0x80068644     0x6070 S2_Biamp_Tesira_State_Control_v1_5.o
                0x8006c62a                S2_Biamp_Tesira_State_Control_v1_5EventHandler00002
                0x8006e3d0                S2_Biamp_Tesira_State_Control_v1_5_EventHandler
                0x8006c2e0                S2_Biamp_Tesira_State_Control_v1_5EventHandler00000
                0x8006c486                S2_Biamp_Tesira_State_Control_v1_5EventHandler00001
                0x8006e496                S2_Biamp_Tesira_State_Control_v1_5_main
                0x8006e63e                S2_Biamp_Tesira_State_Control_v1_5EventHandler00003
                0x8006e056                S2_Biamp_Tesira_State_Control_v1_5EventHandler00004
 .text          0x8006e6b4     0x7e6a S2_Biamp_Tesira_Level_Control_v1_5.o
                0x80075eca                S2_Biamp_Tesira_Level_Control_v1_5_EventHandler
                0x80076230                S2_Biamp_Tesira_Level_Control_v1_5EventHandler00000
                0x800763b4                S2_Biamp_Tesira_Level_Control_v1_5EventHandler00002
                0x800761c6                S2_Biamp_Tesira_Level_Control_v1_5LOWER_LEVEL
                0x80075f94                S2_Biamp_Tesira_Level_Control_v1_5_main
                0x800764a8                S2_Biamp_Tesira_Level_Control_v1_5EventHandler00003
                0x80075b08                S2_Biamp_Tesira_Level_Control_v1_5EventHandler00005
                0x80075844                S2_Biamp_Tesira_Level_Control_v1_5EventHandler00004
                0x800762f2                S2_Biamp_Tesira_Level_Control_v1_5EventHandler00001
                0x8007615c                S2_Biamp_Tesira_Level_Control_v1_5RAISE_LEVEL
 *fill*         0x8007651e        0x2
 .text          0x80076520     0x1774 S2_Roboshot_IP_PTZ.o
                0x80077a78                S2_Roboshot_IP_PTZEventHandler0000C
                0x80077424                S2_Roboshot_IP_PTZEventHandler00004
                0x80077376                S2_Roboshot_IP_PTZEventHandler00001
                0x80077b86                S2_Roboshot_IP_PTZEventHandler0000D
                0x80076f60                S2_Roboshot_IP_PTZ_main
                0x80077532                S2_Roboshot_IP_PTZEventHandler00007
                0x8007796a                S2_Roboshot_IP_PTZEventHandler0000B
                0x80077640                S2_Roboshot_IP_PTZEventHandler00008
                0x80076e96                S2_Roboshot_IP_PTZ_EventHandler
                0x8007774e                S2_Roboshot_IP_PTZEventHandler00009
                0x8007785c                S2_Roboshot_IP_PTZEventHandler0000A
                0x80076af6                S2_Roboshot_IP_PTZEventHandler00006
                0x80076712                S2_Roboshot_IP_PTZEventHandler00003
                0x80076904                S2_Roboshot_IP_PTZEventHandler00005
                0x80076520                S2_Roboshot_IP_PTZEventHandler00002
                0x800772c8                S2_Roboshot_IP_PTZEventHandler00000
 .text          0x80077c94     0x5836 library.o
                0x8007be80                RotateRightLong
                0x8007c48e                IsSystem
                0x8007bde4                Seed
                0x800796dc                Remove
                0x8007ba60                Ltoa
                0x8007b78c                Atoi
                0x8007aaf4                InitRampInfoArray
                0x8007c23a                Right
                0x8007d26a                LockInputSema
                0x8007bd0e                Mod
                0x8007bef6                Getc
                0x8007bc42                SMuldiv
                0x8007c470                IsHidden
                0x8007bb26                Min
                0x8007d07e                hextosi
                0x8007c614                WriteIntegerArray
                0x8007cb8a                GetSignedIntArrayElementPtr
                0x8007b4ae                CheckStructArray
                0x8007d092                hextosl
                0x8007c79a                WriteSignedIntegerArray
                0x8007b176                InitStringParamArray
                0x8007a448                ReadSignedLongIntegerArray
                0x8007936a                GatherToDelimiter
                0x8007af9a                InitStringArray
                0x8007bb00                Max
                0x8007c4ca                IsReadOnly
                0x8007bc0a                SMax
                0x8007950e                GatherByLength
                0x8007b99a                Chr
                0x8007c5ec                ReadSignedLongInteger
                0x8007ba18                Itohex
                0x8007b420                GetStructArrayElement
                0x8007b714                UNS_SetByte
                0x8007c20e                ReverseFindi
                0x8007a8f0                ReadStringArray
                0x8007c99a                GetIntArrayElementPtr
                0x8007c04a                Lower
                0x8007be00                RotateLeft
                0x8007d1b2                ResizeIfAutogrow
                0x8007ac20                CheckInputArray
                0x80078202                ResizeStringArray
                0x8007b92c                Atosl
                0x8007b754                High
                0x8007bdb0                Rnd
                0x8007bcd2                UMod
                0x8007be56                RotateLeftLong
                0x8007d2de                FindNumericChar
                0x8007cde2                CheckIOArrayBounds2
                0x8007c428                MakeProgramFilename
                0x8007bc26                SMin
                0x8007bf7e                Left
                0x8007bec0                CheckBufferThreshold
                0x8007c5a4                ReadSignedInteger
                0x8007b77e                LowWord
                0x80077c94                Bit
                0x8007c554                ReadLongInteger
                0x8007b592                Byte
                0x8007ca92                GetLongArrayElementPtr
                0x8007c1e0                ReverseFind
                0x8007c43e                GetSeries
                0x8007d3aa                InitTcpServer
                0x8007c032                Len
                0x8007ceb2                InitializeRampInfoInternal
                0x8007bb4c                Divide
                0x8007b898                Atol
                0x8007c434                GetModelNumber
                0x8007cd7a                CheckIOArrayBounds
                0x8007ac7a                CheckStringInputArray
                0x8007c85c                WriteSignedLongIntegerArray
                0x8007b36a                GetStringArrayElement
                0x8007baa4                Ltohex
                0x8007b9d0                Itoa
                0x8007be2a                RotateRight
                0x800799ca                InternalReverseFind
                0x8007c534                WriteLongInteger
                0x8007ae9e                InitDynamicStringStruct
                0x8007ad90                SetStringArray
                0x8007a226                ReadSignedIntegerArray
                0x8007acd4                SetOutputArray
                0x8007c4e4                WriteInteger
                0x8007b2fe                InitStructDynamicArray
                0x80079c54                SetString
                0x8007bd4a                Random
                0x8007c57c                WriteSignedInteger
                0x80077ef8                Find
                0x8007c448                GetProgramNumber
                0x8007c11e                Mid
                0x8007d31c                InitTcpClient
                0x80078de6                ResizeStructArray
                0x8007cc82                GetSignedLongArrayElementPtr
                0x8007d0a4                hextol
                0x8007a66a                ReadString
                0x8007b030                InitDynamicStringArray
                0x8007d18a                UpperChar
                0x8007b828                Atosi
                0x8007c50c                ReadInteger
                0x8007bbbe                Muldiv
                0x8007ad42                SetStringOutputArray
                0x8007c920                WriteString
                0x8007885a                ResizeIntegerArray
                0x8007abe8                InitInOutArray
                0x8007b23e                InitNvramStringArray
                0x8007bae8                Abs
                0x8007bc8e                SDivide
                0x80079de4                ReadIntegerArray
                0x80077da4                CompareStrings
                0x8007d162                LowerChar
                0x8007d43a                InitUdpSocket
                0x8007bea8                ClearBuffer
                0x8007c2f6                Upper
                0x8007b2da                InitStructArray
                0x8007c3cc                MakeLower
                0x8007c4ac                IsVolume
                0x80079836                RemoveByLength
                0x8007b52a                CheckStringOutputArrayIndex
                0x8007c6d6                WriteLongIntegerArray
                0x8007cf5e                InitRampInfoStructArray
                0x8007b770                HighWord
                0x8007806c                ResizeString
                0x8007c452                IsDirectory
                0x8007a004                ReadLongIntegerArray
                0x8007b762                Low
                0x80079210                Gather
                0x8007c3fa                MakeUpper
                0x8007ae60                InitStringStruct
                0x8007ce4a                CheckStringArrayBounds
                0x8007bb90                CheckDenominator
                0x8007d066                hextoi
                0x8007a788                WriteStringArray
                0x8007b652                SetByte
                0x8007cf08                InitializeRampInfo
                0x8007d2a4                UnLockInputSema
                0x8007c5cc                WriteSignedLongInteger
                0x8007af52                InitNvramStringStruct
 *fill*         0x8007d4ca        0x6
                0x8007d4d0                .=ALIGN(0x10)
 *(.eh_frame)
                0x8007d4d0                .=ALIGN(0x10)
 *(.gnu.linkonce.t.*)
                0x8007d4d0                .=ALIGN(0x4)
                0x8007d4d0                __CTOR_LIST__=.
                0x8007d4d0                ___CTOR_LIST__=.
                0x8007d4d0        0x4 LONG 0x0 (((__CTOR_END__-__CTOR_LIST__)/0x4)-0x2)
 *(.ctors)
                0x8007d4d4        0x4 LONG 0x0
                0x8007d4d8                __CTOR_END__=.
                0x8007d4d8                __DTOR_LIST__=.
                0x8007d4d8                ___DTOR_LIST__=.
                0x8007d4d8        0x4 LONG 0x0 (((__DTOR_END__-__DTOR_LIST__)/0x4)-0x2)
 *(.dtors)
                0x8007d4dc        0x4 LONG 0x0
                0x8007d4e0                __DTOR_END__=.
 *(.rodata)
 .rodata        0x8007d4e0      0x23b S2_String_Check.o
 .rodata        0x8007d71b      0x2f5 S2_MPS_Text_Centering.o
 .rodata        0x8007da10      0x3fb S2_Knob_Acceleration__Pkt_.o
 .rodata        0x8007de0b      0x687 S2_DMPS_Text_Router_v1_0.o
 .rodata        0x8007e492     0x2b1d S2_DMPS_Installer_Tools_v1_13.o
 .rodata        0x80080faf      0x3b7 S2_APAD_Long_Text_Edit.o
 .rodata        0x80081366      0x457 S2_UserProgCmd_Interface_v1_0.o
 .rodata        0x800817bd      0x24a S2_UserProgCmd_Interface_Serial_To_Analog_v1_0.o
 .rodata        0x80081a07      0x814 S2_DMPS_System_Info_V1_0_2.o
 .rodata        0x8008221b      0x38d S2_Single_Line_Scroller_v1_2.o
 .rodata        0x800825a8      0x261 S2_IP_Address_Edit_with_Up_Down.o
 .rodata        0x80082809      0x2de S2_IP_Address_Edit_Acceleration.o
 .rodata        0x80082ae7      0x2d2 S2_DMPS_Analog_To_String_Conversion_v1_1.o
 .rodata        0x80082db9      0x23b S2_DMPS_String_to_Analog_Conversion_v1_1.o
 .rodata        0x80082ff4      0x48d S2_Core_3_XPanel_Web_Configuration_Module_v1_1.o
 .rodata        0x80083481      0x5fa S2_Console_Processor_v3_.o
 .rodata        0x80083a7b      0x836 S2_NTP_Time_Sync_v1_0.o
 .rodata        0x800842b1      0x374 S2_TOWSON_BU.o
 .rodata        0x80084625      0x2ba S2_Panasonic_PT_EZ370RU_Processor.o
 .rodata        0x800848df      0x5d3 S2_Biamp_Tesira_Command_Processor_v1_5.o
 .rodata        0x80084eb2      0x6cc S2_Biamp_Tesira_State_Control_v1_5.o
 .rodata        0x8008557e      0x8e8 S2_Biamp_Tesira_Level_Control_v1_5.o
 .rodata        0x80085e66      0x481 S2_Roboshot_IP_PTZ.o
 .rodata        0x800862e7      0xc54 library.o
 *(.gcc_except_table)
 *fill*         0x80086f3b        0x1
                0x80086f3c                .=ALIGN(0x2)
                0x80086f3c                __INIT_SECTION__=.
                0x80086f3c        0x4 LONG 0x4e560000
 *(.init)
                0x80086f40        0x2 SHORT 0x4e5e
                0x80086f42        0x2 SHORT 0x4e75
                0x80086f44                __FINI_SECTION__=.
                0x80086f44        0x4 LONG 0x4e560000
 *(.fini)
                0x80086f48        0x2 SHORT 0x4e5e
                0x80086f4a        0x2 SHORT 0x4e75
 *(.lit)
 *fill*         0x80086f4c        0x4
                0x80086f50                .=ALIGN(0x10)
                0x80086f50                _etext=.
                0x80086f50                etext=.

.data           0x80086f50        0x0
                0x80086f50                copy_start=.
 *(.shdata)
 *(.data)
 *(.gnu.linkonce.d.*)
                0x80086f50                .=ALIGN(0x10)
                0x80086f50                _edata=.
                0x80086f50                copy_end=.

.got
 *(.got.plt)
 *(.got)

EntryList       0x80086f50     0x1870
 *(EntryList)
 EntryList      0x80086f50      0x110 S2_String_Check.o
                0x80086f50                S2_String_Check_Entry
 EntryList      0x80087060      0x110 S2_MPS_Text_Centering.o
                0x80087060                S2_MPS_Text_Centering_Entry
 EntryList      0x80087170      0x110 S2_Knob_Acceleration__Pkt_.o
                0x80087170                S2_Knob_Acceleration__Pkt__Entry
 EntryList      0x80087280      0x110 S2_DMPS_Text_Router_v1_0.o
                0x80087280                S2_DMPS_Text_Router_v1_0_Entry
 EntryList      0x80087390      0x110 S2_DMPS_Installer_Tools_v1_13.o
                0x80087390                S2_DMPS_Installer_Tools_v1_13_Entry
 EntryList      0x800874a0      0x110 S2_APAD_Long_Text_Edit.o
                0x800874a0                S2_APAD_Long_Text_Edit_Entry
 EntryList      0x800875b0      0x110 S2_UserProgCmd_Interface_v1_0.o
                0x800875b0                S2_UserProgCmd_Interface_v1_0_Entry
 EntryList      0x800876c0      0x110 S2_UserProgCmd_Interface_Serial_To_Analog_v1_0.o
                0x800876c0                S2_UserProgCmd_Interface_Serial_To_Analog_v1_0_Entry
 EntryList      0x800877d0      0x110 S2_DMPS_System_Info_V1_0_2.o
                0x800877d0                S2_DMPS_System_Info_V1_0_2_Entry
 EntryList      0x800878e0      0x110 S2_Single_Line_Scroller_v1_2.o
                0x800878e0                S2_Single_Line_Scroller_v1_2_Entry
 EntryList      0x800879f0      0x110 S2_IP_Address_Edit_with_Up_Down.o
                0x800879f0                S2_IP_Address_Edit_with_Up_Down_Entry
 EntryList      0x80087b00      0x110 S2_IP_Address_Edit_Acceleration.o
                0x80087b00                S2_IP_Address_Edit_Acceleration_Entry
 EntryList      0x80087c10      0x110 S2_DMPS_Analog_To_String_Conversion_v1_1.o
                0x80087c10                S2_DMPS_Analog_To_String_Conversion_v1_1_Entry
 EntryList      0x80087d20      0x110 S2_DMPS_String_to_Analog_Conversion_v1_1.o
                0x80087d20                S2_DMPS_String_to_Analog_Conversion_v1_1_Entry
 EntryList      0x80087e30      0x110 S2_Core_3_XPanel_Web_Configuration_Module_v1_1.o
                0x80087e30                S2_Core_3_XPanel_Web_Configuration_Module_v1_1_Entry
 EntryList      0x80087f40      0x110 S2_Console_Processor_v3_.o
                0x80087f40                S2_Console_Processor_v3__Entry
 EntryList      0x80088050      0x110 S2_NTP_Time_Sync_v1_0.o
                0x80088050                S2_NTP_Time_Sync_v1_0_Entry
 EntryList      0x80088160      0x110 S2_TOWSON_BU.o
                0x80088160                S2_TOWSON_BU_Entry
 EntryList      0x80088270      0x110 S2_Panasonic_PT_EZ370RU_Processor.o
                0x80088270                S2_Panasonic_PT_EZ370RU_Processor_Entry
 EntryList      0x80088380      0x110 S2_Biamp_Tesira_Command_Processor_v1_5.o
                0x80088380                S2_Biamp_Tesira_Command_Processor_v1_5_Entry
 EntryList      0x80088490      0x110 S2_Biamp_Tesira_State_Control_v1_5.o
                0x80088490                S2_Biamp_Tesira_State_Control_v1_5_Entry
 EntryList      0x800885a0      0x110 S2_Biamp_Tesira_Level_Control_v1_5.o
                0x800885a0                S2_Biamp_Tesira_Level_Control_v1_5_Entry
 EntryList      0x800886b0      0x110 S2_Roboshot_IP_PTZ.o
                0x800886b0                S2_Roboshot_IP_PTZ_Entry
                0x800887c0                .=ALIGN(0x4)

FunctionList    0x800887c0        0x4
 *(FunctionList)
 FunctionList   0x800887c0        0x4 globals.o
                0x800887c0                g_pFunctions
                0x800887c4                .=ALIGN(0x4)

.bss            0x800887c4        0x0
                0x800887c4                .=ALIGN(0x4)
                0x800887c4                __bss_start=.
 *(.shbss)
 *(.bss)
 *(COMMON)
                0x800887c8                _end=ALIGN(0x8)
                0x800887c8                __end=_end

.stab
 *(.stab)

.stabstr
 *(.stabstr)

.debug
 *(.debug)

.line
 *(.line)

.debug_srcinfo
 *(.debug_srcinfo)

.debug_sfnames
 *(.debug_sfnames)

.debug_aranges
 *(.debug_aranges)

.debug_pubnames
 *(.debug_pubnames)

.debug_info
 *(.debug_info)

.debug_abbrev
 *(.debug_abbrev)

.debug_line
 *(.debug_line)

.debug_frame
 *(.debug_frame)

.debug_str
 *(.debug_str)

.debug_loc
 *(.debug_loc)

.debug_macinfo
 *(.debug_macinfo)

.debug_weaknames
 *(.debug_weaknames)

.debug_funcnames
 *(.debug_funcnames)

.debug_typenames
 *(.debug_typenames)

.debug_varnames
 *(.debug_varnames)
LOAD S2_String_Check.o
LOAD S2_MPS_Text_Centering.o
LOAD S2_Knob_Acceleration__Pkt_.o
LOAD S2_DMPS_Text_Router_v1_0.o
LOAD S2_DMPS_Installer_Tools_v1_13.o
LOAD S2_APAD_Long_Text_Edit.o
LOAD S2_UserProgCmd_Interface_v1_0.o
LOAD S2_UserProgCmd_Interface_Serial_To_Analog_v1_0.o
LOAD S2_DMPS_System_Info_V1_0_2.o
LOAD S2_Single_Line_Scroller_v1_2.o
LOAD S2_IP_Address_Edit_with_Up_Down.o
LOAD S2_IP_Address_Edit_Acceleration.o
LOAD S2_DMPS_Analog_To_String_Conversion_v1_1.o
LOAD S2_DMPS_String_to_Analog_Conversion_v1_1.o
LOAD S2_Core_3_XPanel_Web_Configuration_Module_v1_1.o
LOAD S2_Console_Processor_v3_.o
LOAD S2_NTP_Time_Sync_v1_0.o
LOAD S2_TOWSON_BU.o
LOAD S2_Panasonic_PT_EZ370RU_Processor.o
LOAD S2_Biamp_Tesira_Command_Processor_v1_5.o
LOAD S2_Biamp_Tesira_State_Control_v1_5.o
LOAD S2_Biamp_Tesira_Level_Control_v1_5.o
LOAD S2_Roboshot_IP_PTZ.o
LOAD globals.o
LOAD library.o
OUTPUT(_S2_BU0113.spl elf32-m68k)

.comment        0x800887c4      0x3b6
 .comment       0x800887c4       0x26 S2_String_Check.o
 .comment       0x800887ea       0x26 S2_MPS_Text_Centering.o
 .comment       0x80088810       0x26 S2_Knob_Acceleration__Pkt_.o
 .comment       0x80088836       0x26 S2_DMPS_Text_Router_v1_0.o
 .comment       0x8008885c       0x26 S2_DMPS_Installer_Tools_v1_13.o
 .comment       0x80088882       0x26 S2_APAD_Long_Text_Edit.o
 .comment       0x800888a8       0x26 S2_UserProgCmd_Interface_v1_0.o
 .comment       0x800888ce       0x26 S2_UserProgCmd_Interface_Serial_To_Analog_v1_0.o
 .comment       0x800888f4       0x26 S2_DMPS_System_Info_V1_0_2.o
 .comment       0x8008891a       0x26 S2_Single_Line_Scroller_v1_2.o
 .comment       0x80088940       0x26 S2_IP_Address_Edit_with_Up_Down.o
 .comment       0x80088966       0x26 S2_IP_Address_Edit_Acceleration.o
 .comment       0x8008898c       0x26 S2_DMPS_Analog_To_String_Conversion_v1_1.o
 .comment       0x800889b2       0x26 S2_DMPS_String_to_Analog_Conversion_v1_1.o
 .comment       0x800889d8       0x26 S2_Core_3_XPanel_Web_Configuration_Module_v1_1.o
 .comment       0x800889fe       0x26 S2_Console_Processor_v3_.o
 .comment       0x80088a24       0x26 S2_NTP_Time_Sync_v1_0.o
 .comment       0x80088a4a       0x26 S2_TOWSON_BU.o
 .comment       0x80088a70       0x26 S2_Panasonic_PT_EZ370RU_Processor.o
 .comment       0x80088a96       0x26 S2_Biamp_Tesira_Command_Processor_v1_5.o
 .comment       0x80088abc       0x26 S2_Biamp_Tesira_State_Control_v1_5.o
 .comment       0x80088ae2       0x26 S2_Biamp_Tesira_Level_Control_v1_5.o
 .comment       0x80088b08       0x26 S2_Roboshot_IP_PTZ.o
 .comment       0x80088b2e       0x26 globals.o
 .comment       0x80088b54       0x26 library.o
