
Memory Configuration

Name             Origin             Length             Attributes
ram              0x80000000         0x00500000         xrw
*default*        0x00000000         0xffffffff

Linker script and memory map

                0x00000000                __DYNAMIC=0x0
                0x00400000                PROVIDE (__stack, 0x400000)
                0x00000000                PROVIDE (hardware_init_hook, 0x0)
                0x00000000                PROVIDE (_hardware_init_hook, 0x0)
                0x00000000                PROVIDE (software_init_hook, 0x0)
                0x00000000                PROVIDE (_software_init_hook, 0x0)

.text           0x80000000    0x71600
 *(.text)
 .text          0x80000000      0x258 S2_String_Check.o
                0x80000000                S2_String_Check_EventHandler
                0x8000017e                S2_String_CheckEventHandler00000
                0x800000bc                S2_String_Check_main
 .text          0x80000258      0x94a S2_MPS_Text_Centering.o
                0x80000710                S2_MPS_Text_CenteringEventHandler00000
                0x800009c2                S2_MPS_Text_Centering_main
                0x800008f2                S2_MPS_Text_Centering_EventHandler
 *fill*         0x80000ba2        0x2
 .text          0x80000ba4      0xe48 S2_Knob_Acceleration__Pkt_.o
                0x80001518                S2_Knob_Acceleration__Pkt__main
                0x800011a6                S2_Knob_Acceleration__Pkt_EventHandler00000
                0x8000143a                S2_Knob_Acceleration__Pkt__EventHandler
 .text          0x800019ec     0x5420 S2_DMPS_Text_Router_v1_0.o
                0x80006c44                S2_DMPS_Text_Router_v1_0EventHandler00009
                0x80006bee                S2_DMPS_Text_Router_v1_0EventHandler00008
                0x800061aa                S2_DMPS_Text_Router_v1_0_main
                0x8000689c                S2_DMPS_Text_Router_v1_0EventHandler00001
                0x80006a8e                S2_DMPS_Text_Router_v1_0EventHandler00004
                0x80006d8a                S2_DMPS_Text_Router_v1_0EventHandler0000B
                0x80006b1a                S2_DMPS_Text_Router_v1_0EventHandler00007
                0x8000697a                S2_DMPS_Text_Router_v1_0EventHandler00002
                0x80005f66                S2_DMPS_Text_Router_v1_0_EventHandler
                0x800067be                S2_DMPS_Text_Router_v1_0EventHandler00000
                0x80003c78                S2_DMPS_Text_Router_v1_0EventHandler00005
                0x80004c2a                S2_DMPS_Text_Router_v1_0EventHandler00006
                0x80006a02                S2_DMPS_Text_Router_v1_0EventHandler00003
                0x80006ce6                S2_DMPS_Text_Router_v1_0EventHandler0000A
 .text          0x80006e0c    0x4be18 S2_DMPS_Installer_Tools_v1_13.o
                0x80042190                S2_DMPS_Installer_Tools_v1_13EventHandler00029
                0x80044cb0                S2_DMPS_Installer_Tools_v1_13EventHandler00051
                0x8003fbf0                S2_DMPS_Installer_Tools_v1_13EventHandler00014
                0x8005257a                S2_DMPS_Installer_Tools_v1_13EventHandler00044
                0x80016cea                S2_DMPS_Installer_Tools_v1_13EventHandler00001
                0x80012936                S2_DMPS_Installer_Tools_v1_13KEYPADIDWAIT
                0x80051fec                S2_DMPS_Installer_Tools_v1_13EventHandler0003B
                0x80052264                S2_DMPS_Installer_Tools_v1_13EventHandler0003F
                0x8001fc56                S2_DMPS_Installer_Tools_v1_13EventHandler00006
                0x800523a0                S2_DMPS_Installer_Tools_v1_13EventHandler00041
                0x8001b00a                S2_DMPS_Installer_Tools_v1_13EventHandler00004
                0x80052752                S2_DMPS_Installer_Tools_v1_13EventHandler00047
                0x80043a62                S2_DMPS_Installer_Tools_v1_13EventHandler0004D
                0x80046d84                S2_DMPS_Installer_Tools_v1_13_main
                0x800255d4                S2_DMPS_Installer_Tools_v1_13EventHandler0000A
                0x80042ce8                S2_DMPS_Installer_Tools_v1_13EventHandler0002F
                0x80051762                S2_DMPS_Installer_Tools_v1_13EventHandler00011
                0x80052b46                S2_DMPS_Installer_Tools_v1_13EventHandler00054
                0x80040cc6                S2_DMPS_Installer_Tools_v1_13EventHandler0001B
                0x80024c86                S2_DMPS_Installer_Tools_v1_13EventHandler00008
                0x8005288a                S2_DMPS_Installer_Tools_v1_13EventHandler00049
                0x80052bda                S2_DMPS_Installer_Tools_v1_13EventHandler00056
                0x80051eb0                S2_DMPS_Installer_Tools_v1_13EventHandler00039
                0x800517ee                S2_DMPS_Installer_Tools_v1_13EventHandler00019
                0x80041636                S2_DMPS_Installer_Tools_v1_13EventHandler00022
                0x80041cbe                S2_DMPS_Installer_Tools_v1_13EventHandler00026
                0x800516e6                S2_DMPS_Installer_Tools_v1_13PASSWORDWAIT
                0x800521c6                S2_DMPS_Installer_Tools_v1_13EventHandler0003E
                0x80052926                S2_DMPS_Installer_Tools_v1_13EventHandler0004A
                0x80040ffe                S2_DMPS_Installer_Tools_v1_13EventHandler0001C
                0x8004352a                S2_DMPS_Installer_Tools_v1_13EventHandler00032
                0x80052afc                S2_DMPS_Installer_Tools_v1_13EventHandler00053
                0x800424b0                S2_DMPS_Installer_Tools_v1_13EventHandler0002B
                0x800403cc                S2_DMPS_Installer_Tools_v1_13EventHandler00016
                0x80051b9a                S2_DMPS_Installer_Tools_v1_13EventHandler00034
                0x8003ddda                S2_DMPS_Installer_Tools_v1_13EventHandler0000E
                0x80046c60                S2_DMPS_Installer_Tools_v1_13_EventHandler
                0x800526b6                S2_DMPS_Installer_Tools_v1_13EventHandler00046
                0x8002575c                S2_DMPS_Installer_Tools_v1_13EventHandler0000B
                0x80052a5e                S2_DMPS_Installer_Tools_v1_13EventHandler0004E
                0x800172e6                S2_DMPS_Installer_Tools_v1_13EventHandler00003
                0x80052302                S2_DMPS_Installer_Tools_v1_13EventHandler00040
                0x80051f4e                S2_DMPS_Installer_Tools_v1_13EventHandler0003A
                0x8001b53e                S2_DMPS_Installer_Tools_v1_13EventHandler00005
                0x800527ee                S2_DMPS_Installer_Tools_v1_13EventHandler00048
                0x80052b90                S2_DMPS_Installer_Tools_v1_13EventHandler00055
                0x80051a2a                S2_DMPS_Installer_Tools_v1_13EventHandler0001E
                0x8002544c                S2_DMPS_Installer_Tools_v1_13EventHandler00009
                0x80043400                S2_DMPS_Installer_Tools_v1_13EventHandler00031
                0x8003e474                S2_DMPS_Installer_Tools_v1_13EventHandler00010
                0x8004197a                S2_DMPS_Installer_Tools_v1_13EventHandler00024
                0x8004373e                S2_DMPS_Installer_Tools_v1_13EventHandler0004C
                0x8004295c                S2_DMPS_Installer_Tools_v1_13EventHandler0002E
                0x80051cd6                S2_DMPS_Installer_Tools_v1_13EventHandler00036
                0x80042002                S2_DMPS_Installer_Tools_v1_13EventHandler00028
                0x80051e12                S2_DMPS_Installer_Tools_v1_13EventHandler00038
                0x8003d91e                S2_DMPS_Installer_Tools_v1_13RESTOREAUDIODEFAULTSWAIT
                0x8004263e                S2_DMPS_Installer_Tools_v1_13EventHandler0002C
                0x800407ba                S2_DMPS_Installer_Tools_v1_13EventHandler00017
                0x8003db7c                S2_DMPS_Installer_Tools_v1_13RESTOREDEFAULTSWAIT
                0x800529c2                S2_DMPS_Installer_Tools_v1_13EventHandler0004B
                0x80051afc                S2_DMPS_Installer_Tools_v1_13EventHandler00033
                0x8004451e                S2_DMPS_Installer_Tools_v1_13EventHandler00050
                0x80042320                S2_DMPS_Installer_Tools_v1_13EventHandler0002A
                0x8003faaa                S2_DMPS_Installer_Tools_v1_13EventHandler00013
                0x80045442                S2_DMPS_Installer_Tools_v1_13EventHandler00052
                0x8003ffde                S2_DMPS_Installer_Tools_v1_13EventHandler00015
                0x80029752                S2_DMPS_Installer_Tools_v1_13EventHandler0000C
                0x80043d8c                S2_DMPS_Installer_Tools_v1_13EventHandler0004F
                0x8005208a                S2_DMPS_Installer_Tools_v1_13EventHandler0003C
                0x800298ca                S2_DMPS_Installer_Tools_v1_13EventHandler0000D
                0x80045f7e                S2_DMPS_Installer_Tools_v1_13EventHandler00058
                0x800524dc                S2_DMPS_Installer_Tools_v1_13EventHandler00043
                0x80016696                S2_DMPS_Installer_Tools_v1_13EventHandler00000
                0x8002041c                S2_DMPS_Installer_Tools_v1_13EventHandler00007
                0x8005243e                S2_DMPS_Installer_Tools_v1_13EventHandler00042
                0x80052618                S2_DMPS_Installer_Tools_v1_13EventHandler00045
                0x80051724                S2_DMPS_Installer_Tools_v1_13WRONGPASSWORDWAIT
                0x8001704a                S2_DMPS_Installer_Tools_v1_13EventHandler00002
                0x8003ea88                S2_DMPS_Installer_Tools_v1_13EventHandler00012
                0x80045bd4                S2_DMPS_Installer_Tools_v1_13EventHandler00057
                0x800518c6                S2_DMPS_Installer_Tools_v1_13EventHandler0001A
                0x8004118c                S2_DMPS_Installer_Tools_v1_13EventHandler0001F
                0x80043074                S2_DMPS_Installer_Tools_v1_13EventHandler00030
                0x80051d74                S2_DMPS_Installer_Tools_v1_13EventHandler00037
                0x8003e148                S2_DMPS_Installer_Tools_v1_13EventHandler0000F
                0x800417d8                S2_DMPS_Installer_Tools_v1_13EventHandler00023
                0x80041b1c                S2_DMPS_Installer_Tools_v1_13EventHandler00025
                0x800427cc                S2_DMPS_Installer_Tools_v1_13EventHandler0002D
                0x80040a40                S2_DMPS_Installer_Tools_v1_13EventHandler00018
                0x800414a8                S2_DMPS_Installer_Tools_v1_13EventHandler00021
                0x8004131a                S2_DMPS_Installer_Tools_v1_13EventHandler00020
                0x80041e60                S2_DMPS_Installer_Tools_v1_13EventHandler00027
                0x8005199e                S2_DMPS_Installer_Tools_v1_13EventHandler0001D
                0x80051c38                S2_DMPS_Installer_Tools_v1_13EventHandler00035
                0x80052128                S2_DMPS_Installer_Tools_v1_13EventHandler0003D
 .text          0x80052c24     0x2168 S2_APAD_Long_Text_Edit.o
                0x80054ca4                S2_APAD_Long_Text_EditEventHandler0000D
                0x800546fe                S2_APAD_Long_Text_Edit_main
                0x80053958                S2_APAD_Long_Text_EditEventHandler00005
                0x800548f2                S2_APAD_Long_Text_EditEventHandler00002
                0x80054b6e                S2_APAD_Long_Text_EditEventHandler0000A
                0x80053f50                S2_APAD_Long_Text_EditEventHandler00007
                0x80054baa                S2_APAD_Long_Text_EditEventHandler0000B
                0x80053b80                S2_APAD_Long_Text_EditEventHandler00006
                0x800549b4                S2_APAD_Long_Text_EditEventHandler00003
                0x80054be6                S2_APAD_Long_Text_EditEventHandler0000C
                0x80054a4c                S2_APAD_Long_Text_EditEventHandler00008
                0x80054618                S2_APAD_Long_Text_Edit_EventHandler
                0x8005432a                S2_APAD_Long_Text_EditEventHandler00009
                0x80053442                S2_APAD_Long_Text_EditEventHandler00000
                0x800536f6                S2_APAD_Long_Text_EditEventHandler00004
                0x8005359c                S2_APAD_Long_Text_EditEventHandler00001
 .text          0x80054d8c     0x1078 S2_UserProgCmd_Interface_v1_0.o
                0x80054ea6                S2_UserProgCmd_Interface_v1_0EventHandler00000
                0x80055c8c                S2_UserProgCmd_Interface_v1_0_main
                0x80055ba8                S2_UserProgCmd_Interface_v1_0_EventHandler
 .text          0x80055e04      0x34c S2_UserProgCmd_Interface_Serial_To_Analog_v1_0.o
                0x80055f02                S2_UserProgCmd_Interface_Serial_To_Analog_v1_0_main
                0x80055e04                S2_UserProgCmd_Interface_Serial_To_Analog_v1_0_EventHandler
                0x800560c0                S2_UserProgCmd_Interface_Serial_To_Analog_v1_0EventHandler00001
                0x80055fce                S2_UserProgCmd_Interface_Serial_To_Analog_v1_0EventHandler00000
 .text          0x80056150     0x32b4 S2_DMPS_System_Info_V1_0_2.o
                0x80058f96                S2_DMPS_System_Info_V1_0_2EventHandler00002
                0x80059362                S2_DMPS_System_Info_V1_0_2EventHandler00008
                0x8005921e                S2_DMPS_System_Info_V1_0_2EventHandler00006
                0x80056150                S2_DMPS_System_Info_V1_0_2EventHandler00000
                0x80059038                S2_DMPS_System_Info_V1_0_2EventHandler00003
                0x80058c28                S2_DMPS_System_Info_V1_0_2_EventHandler
                0x80058cda                S2_DMPS_System_Info_V1_0_2_main
                0x80056558                S2_DMPS_System_Info_V1_0_2EventHandler00001
                0x80058ee2                S2_DMPS_System_Info_V1_0_2__SPLS_TMPVAR__WAITLABEL_0__
                0x8005917c                S2_DMPS_System_Info_V1_0_2EventHandler00005
                0x800590da                S2_DMPS_System_Info_V1_0_2EventHandler00004
                0x800592c0                S2_DMPS_System_Info_V1_0_2EventHandler00007
 .text          0x80059404     0x1e9c S2_Single_Line_Scroller_v1_2.o
                0x80059ab4                S2_Single_Line_Scroller_v1_2EventHandler00000
                0x8005a08a                S2_Single_Line_Scroller_v1_2EventHandler00001
                0x8005ae64                S2_Single_Line_Scroller_v1_2_main
                0x8005a22a                S2_Single_Line_Scroller_v1_2EventHandler00002
                0x8005b212                S2_Single_Line_Scroller_v1_2EventHandler00006
                0x8005aa82                S2_Single_Line_Scroller_v1_2EventHandler00007
                0x8005ad98                S2_Single_Line_Scroller_v1_2_EventHandler
                0x8005a86a                S2_Single_Line_Scroller_v1_2EventHandler00005
                0x8005a47e                S2_Single_Line_Scroller_v1_2EventHandler00003
                0x8005a6be                S2_Single_Line_Scroller_v1_2EventHandler00004
 .text          0x8005b2a0     0x1140 S2_IP_Address_Edit_with_Up_Down.o
                0x8005c368                S2_IP_Address_Edit_with_Up_DownEventHandler00000
                0x8005c3a4                S2_IP_Address_Edit_with_Up_DownEventHandler00001
                0x8005bfbc                S2_IP_Address_Edit_with_Up_Down_EventHandler
                0x8005c0aa                S2_IP_Address_Edit_with_Up_Down_main
 .text          0x8005c3e0      0xd38 S2_IP_Address_Edit_Acceleration.o
                0x8005c8b4                S2_IP_Address_Edit_AccelerationEventHandler00000
                0x8005cb48                S2_IP_Address_Edit_Acceleration_EventHandler
                0x8005cc26                S2_IP_Address_Edit_Acceleration_main
 .text          0x8005d118      0x53c S2_DMPS_Analog_To_String_Conversion_v1_1.o
                0x8005d118                S2_DMPS_Analog_To_String_Conversion_v1_1EventHandler00000
                0x8005d538                S2_DMPS_Analog_To_String_Conversion_v1_1_EventHandler
                0x8005d5f4                S2_DMPS_Analog_To_String_Conversion_v1_1_main
 .text          0x8005d654      0x31c S2_DMPS_String_to_Analog_Conversion_v1_1.o
                0x8005d8e0                S2_DMPS_String_to_Analog_Conversion_v1_1_main
                0x8005d654                S2_DMPS_String_to_Analog_Conversion_v1_1EventHandler00000
                0x8005d83a                S2_DMPS_String_to_Analog_Conversion_v1_1_EventHandler
 .text          0x8005d970     0x3b88 S2_Display_Device_Sequence_Drive_v2a.o
                0x80060e30                S2_Display_Device_Sequence_Drive_v2aEventHandler00000
                0x800604e2                S2_Display_Device_Sequence_Drive_v2aEventHandler00017
                0x80061082                S2_Display_Device_Sequence_Drive_v2aEventHandler00007
                0x80061038                S2_Display_Device_Sequence_Drive_v2aEventHandler00003
                0x80060104                S2_Display_Device_Sequence_Drive_v2aEventHandler00014
                0x800610fe                S2_Display_Device_Sequence_Drive_v2aEventHandler00009
                0x800611f6                S2_Display_Device_Sequence_Drive_v2aEventHandler0000D
                0x80060cf8                S2_Display_Device_Sequence_Drive_v2aWTIMEOUT
                0x800614ac                S2_Display_Device_Sequence_Drive_v2aEventHandler00019
                0x8006136a                S2_Display_Device_Sequence_Drive_v2aEventHandler00013
                0x800612ee                S2_Display_Device_Sequence_Drive_v2aEventHandler00011
                0x800613e6                S2_Display_Device_Sequence_Drive_v2aEventHandler00015
                0x8005f714                S2_Display_Device_Sequence_Drive_v2aEventHandler00008
                0x80061272                S2_Display_Device_Sequence_Drive_v2aEventHandler0000F
                0x800608fa                S2_Display_Device_Sequence_Drive_v2a_main
                0x8005fa64                S2_Display_Device_Sequence_Drive_v2aEventHandler0000C
                0x8005ff5c                S2_Display_Device_Sequence_Drive_v2aEventHandler00012
                0x80060c92                S2_Display_Device_Sequence_Drive_v2a__SPLS_TMPVAR__WAITLABEL_0__
                0x80061462                S2_Display_Device_Sequence_Drive_v2aEventHandler00018
                0x8005fdb4                S2_Display_Device_Sequence_Drive_v2aEventHandler00010
                0x8005f438                S2_Display_Device_Sequence_Drive_v2aEventHandler00006
                0x8006117a                S2_Display_Device_Sequence_Drive_v2aEventHandler0000B
                0x8005f280                S2_Display_Device_Sequence_Drive_v2aEventHandler00005
                0x8005f8bc                S2_Display_Device_Sequence_Drive_v2aEventHandler0000A
                0x800602ac                S2_Display_Device_Sequence_Drive_v2aEventHandler00016
                0x80060d9c                S2_Display_Device_Sequence_Drive_v2a_EventHandler
                0x80060f66                S2_Display_Device_Sequence_Drive_v2aEventHandler00001
                0x8005fc0c                S2_Display_Device_Sequence_Drive_v2aEventHandler0000E
                0x80060fec                S2_Display_Device_Sequence_Drive_v2aEventHandler00002
                0x8005f096                S2_Display_Device_Sequence_Drive_v2aEventHandler00004
 .text          0x800614f8     0x23f2 S2_Sanyo_PLC_XU100_Feedback_Processor.o
                0x80063820                S2_Sanyo_PLC_XU100_Feedback_ProcessorEventHandler00001
                0x800634f2                S2_Sanyo_PLC_XU100_Feedback_Processor_EventHandler
                0x8006360c                S2_Sanyo_PLC_XU100_Feedback_Processor_main
                0x800614f8                S2_Sanyo_PLC_XU100_Feedback_ProcessorEventHandler00002
                0x8006374a                S2_Sanyo_PLC_XU100_Feedback_ProcessorEventHandler00000
                0x80061f38                S2_Sanyo_PLC_XU100_Feedback_ProcessorEventHandler00003
 *fill*         0x800638ea        0x2
 .text          0x800638ec      0x370 S2_Smart_UX60_Feedback_Processor.o
                0x80063bc0                S2_Smart_UX60_Feedback_Processor_main
                0x80063b04                S2_Smart_UX60_Feedback_Processor_EventHandler
                0x800638ec                S2_Smart_UX60_Feedback_ProcessorEventHandler00000
 .text          0x80063c5c      0xc2c S2_WolfVision_Eye_12_TCP_IP_Queue_v1_0.o
                0x8006477c                S2_WolfVision_Eye_12_TCP_IP_Queue_v1_0EventHandler00002
                0x80063ff0                S2_WolfVision_Eye_12_TCP_IP_Queue_v1_0EventHandler00005
                0x8006455a                S2_WolfVision_Eye_12_TCP_IP_Queue_v1_0_main
                0x800646d6                S2_WolfVision_Eye_12_TCP_IP_Queue_v1_0WTIMEOUT
                0x800647d6                S2_WolfVision_Eye_12_TCP_IP_Queue_v1_0EventHandler00003
                0x80064724                S2_WolfVision_Eye_12_TCP_IP_Queue_v1_0EventHandler00000
                0x80063c5c                S2_WolfVision_Eye_12_TCP_IP_Queue_v1_0EventHandler00001
                0x8006482e                S2_WolfVision_Eye_12_TCP_IP_Queue_v1_0EventHandler00004
                0x80064494                S2_WolfVision_Eye_12_TCP_IP_Queue_v1_0_EventHandler
 .text          0x80064888     0x5836 library.o
                0x80068a74                RotateRightLong
                0x80069082                IsSystem
                0x800689d8                Seed
                0x800662d0                Remove
                0x80068654                Ltoa
                0x80068380                Atoi
                0x800676e8                InitRampInfoArray
                0x80068e2e                Right
                0x80069e5e                LockInputSema
                0x80068902                Mod
                0x80068aea                Getc
                0x80068836                SMuldiv
                0x80069064                IsHidden
                0x8006871a                Min
                0x80069c72                hextosi
                0x80069208                WriteIntegerArray
                0x8006977e                GetSignedIntArrayElementPtr
                0x800680a2                CheckStructArray
                0x80069c86                hextosl
                0x8006938e                WriteSignedIntegerArray
                0x80067d6a                InitStringParamArray
                0x8006703c                ReadSignedLongIntegerArray
                0x80065f5e                GatherToDelimiter
                0x80067b8e                InitStringArray
                0x800686f4                Max
                0x800690be                IsReadOnly
                0x800687fe                SMax
                0x80066102                GatherByLength
                0x8006858e                Chr
                0x800691e0                ReadSignedLongInteger
                0x8006860c                Itohex
                0x80068014                GetStructArrayElement
                0x80068308                UNS_SetByte
                0x80068e02                ReverseFindi
                0x800674e4                ReadStringArray
                0x8006958e                GetIntArrayElementPtr
                0x80068c3e                Lower
                0x800689f4                RotateLeft
                0x80069da6                ResizeIfAutogrow
                0x80067814                CheckInputArray
                0x80064df6                ResizeStringArray
                0x80068520                Atosl
                0x80068348                High
                0x800689a4                Rnd
                0x800688c6                UMod
                0x80068a4a                RotateLeftLong
                0x80069ed2                FindNumericChar
                0x800699d6                CheckIOArrayBounds2
                0x8006901c                MakeProgramFilename
                0x8006881a                SMin
                0x80068b72                Left
                0x80068ab4                CheckBufferThreshold
                0x80069198                ReadSignedInteger
                0x80068372                LowWord
                0x80064888                Bit
                0x80069148                ReadLongInteger
                0x80068186                Byte
                0x80069686                GetLongArrayElementPtr
                0x80068dd4                ReverseFind
                0x80069032                GetSeries
                0x80069f9e                InitTcpServer
                0x80068c26                Len
                0x80069aa6                InitializeRampInfoInternal
                0x80068740                Divide
                0x8006848c                Atol
                0x80069028                GetModelNumber
                0x8006996e                CheckIOArrayBounds
                0x8006786e                CheckStringInputArray
                0x80069450                WriteSignedLongIntegerArray
                0x80067f5e                GetStringArrayElement
                0x80068698                Ltohex
                0x800685c4                Itoa
                0x80068a1e                RotateRight
                0x800665be                InternalReverseFind
                0x80069128                WriteLongInteger
                0x80067a92                InitDynamicStringStruct
                0x80067984                SetStringArray
                0x80066e1a                ReadSignedIntegerArray
                0x800678c8                SetOutputArray
                0x800690d8                WriteInteger
                0x80067ef2                InitStructDynamicArray
                0x80066848                SetString
                0x8006893e                Random
                0x80069170                WriteSignedInteger
                0x80064aec                Find
                0x8006903c                GetProgramNumber
                0x80068d12                Mid
                0x80069f10                InitTcpClient
                0x800659da                ResizeStructArray
                0x80069876                GetSignedLongArrayElementPtr
                0x80069c98                hextol
                0x8006725e                ReadString
                0x80067c24                InitDynamicStringArray
                0x80069d7e                UpperChar
                0x8006841c                Atosi
                0x80069100                ReadInteger
                0x800687b2                Muldiv
                0x80067936                SetStringOutputArray
                0x80069514                WriteString
                0x8006544e                ResizeIntegerArray
                0x800677dc                InitInOutArray
                0x80067e32                InitNvramStringArray
                0x800686dc                Abs
                0x80068882                SDivide
                0x800669d8                ReadIntegerArray
                0x80064998                CompareStrings
                0x80069d56                LowerChar
                0x8006a02e                InitUdpSocket
                0x80068a9c                ClearBuffer
                0x80068eea                Upper
                0x80067ece                InitStructArray
                0x80068fc0                MakeLower
                0x800690a0                IsVolume
                0x8006642a                RemoveByLength
                0x8006811e                CheckStringOutputArrayIndex
                0x800692ca                WriteLongIntegerArray
                0x80069b52                InitRampInfoStructArray
                0x80068364                HighWord
                0x80064c60                ResizeString
                0x80069046                IsDirectory
                0x80066bf8                ReadLongIntegerArray
                0x80068356                Low
                0x80065e04                Gather
                0x80068fee                MakeUpper
                0x80067a54                InitStringStruct
                0x80069a3e                CheckStringArrayBounds
                0x80068784                CheckDenominator
                0x80069c5a                hextoi
                0x8006737c                WriteStringArray
                0x80068246                SetByte
                0x80069afc                InitializeRampInfo
                0x80069e98                UnLockInputSema
                0x800691c0                WriteSignedLongInteger
                0x80067b46                InitNvramStringStruct
 *fill*         0x8006a0be        0x2
                0x8006a0c0                .=ALIGN(0x10)
 *(.eh_frame)
                0x8006a0c0                .=ALIGN(0x10)
 *(.gnu.linkonce.t.*)
                0x8006a0c0                .=ALIGN(0x4)
                0x8006a0c0                __CTOR_LIST__=.
                0x8006a0c0                ___CTOR_LIST__=.
                0x8006a0c0        0x4 LONG 0x0 (((__CTOR_END__-__CTOR_LIST__)/0x4)-0x2)
 *(.ctors)
                0x8006a0c4        0x4 LONG 0x0
                0x8006a0c8                __CTOR_END__=.
                0x8006a0c8                __DTOR_LIST__=.
                0x8006a0c8                ___DTOR_LIST__=.
                0x8006a0c8        0x4 LONG 0x0 (((__DTOR_END__-__DTOR_LIST__)/0x4)-0x2)
 *(.dtors)
                0x8006a0cc        0x4 LONG 0x0
                0x8006a0d0                __DTOR_END__=.
 *(.rodata)
 .rodata        0x8006a0d0      0x23b S2_String_Check.o
 .rodata        0x8006a30b      0x2f5 S2_MPS_Text_Centering.o
 .rodata        0x8006a600      0x3fb S2_Knob_Acceleration__Pkt_.o
 .rodata        0x8006a9fb      0x687 S2_DMPS_Text_Router_v1_0.o
 .rodata        0x8006b082     0x2b1d S2_DMPS_Installer_Tools_v1_13.o
 .rodata        0x8006db9f      0x3b7 S2_APAD_Long_Text_Edit.o
 .rodata        0x8006df56      0x457 S2_UserProgCmd_Interface_v1_0.o
 .rodata        0x8006e3ad      0x24a S2_UserProgCmd_Interface_Serial_To_Analog_v1_0.o
 .rodata        0x8006e5f7      0x814 S2_DMPS_System_Info_V1_0_2.o
 .rodata        0x8006ee0b      0x38d S2_Single_Line_Scroller_v1_2.o
 .rodata        0x8006f198      0x261 S2_IP_Address_Edit_with_Up_Down.o
 .rodata        0x8006f3f9      0x2de S2_IP_Address_Edit_Acceleration.o
 .rodata        0x8006f6d7      0x2d2 S2_DMPS_Analog_To_String_Conversion_v1_1.o
 .rodata        0x8006f9a9      0x23b S2_DMPS_String_to_Analog_Conversion_v1_1.o
 .rodata        0x8006fbe4      0x255 S2_Display_Device_Sequence_Drive_v2a.o
 .rodata        0x8006fe39      0x5d0 S2_Sanyo_PLC_XU100_Feedback_Processor.o
 .rodata        0x80070409      0x2be S2_Smart_UX60_Feedback_Processor.o
 .rodata        0x800706c7      0x2c7 S2_WolfVision_Eye_12_TCP_IP_Queue_v1_0.o
 .rodata        0x8007098e      0xc54 library.o
 *(.gcc_except_table)
                0x800715e2                .=ALIGN(0x2)
                0x800715e2                __INIT_SECTION__=.
                0x800715e2        0x4 LONG 0x4e560000
 *(.init)
                0x800715e6        0x2 SHORT 0x4e5e
                0x800715e8        0x2 SHORT 0x4e75
                0x800715ea                __FINI_SECTION__=.
                0x800715ea        0x4 LONG 0x4e560000
 *(.fini)
                0x800715ee        0x2 SHORT 0x4e5e
                0x800715f0        0x2 SHORT 0x4e75
 *(.lit)
 *fill*         0x800715f2        0xe
                0x80071600                .=ALIGN(0x10)
                0x80071600                _etext=.
                0x80071600                etext=.

.data           0x80071600        0x0
                0x80071600                copy_start=.
 *(.shdata)
 *(.data)
 *(.gnu.linkonce.d.*)
                0x80071600                .=ALIGN(0x10)
                0x80071600                _edata=.
                0x80071600                copy_end=.

.got
 *(.got.plt)
 *(.got)

EntryList       0x80071600     0x1320
 *(EntryList)
 EntryList      0x80071600      0x110 S2_String_Check.o
                0x80071600                S2_String_Check_Entry
 EntryList      0x80071710      0x110 S2_MPS_Text_Centering.o
                0x80071710                S2_MPS_Text_Centering_Entry
 EntryList      0x80071820      0x110 S2_Knob_Acceleration__Pkt_.o
                0x80071820                S2_Knob_Acceleration__Pkt__Entry
 EntryList      0x80071930      0x110 S2_DMPS_Text_Router_v1_0.o
                0x80071930                S2_DMPS_Text_Router_v1_0_Entry
 EntryList      0x80071a40      0x110 S2_DMPS_Installer_Tools_v1_13.o
                0x80071a40                S2_DMPS_Installer_Tools_v1_13_Entry
 EntryList      0x80071b50      0x110 S2_APAD_Long_Text_Edit.o
                0x80071b50                S2_APAD_Long_Text_Edit_Entry
 EntryList      0x80071c60      0x110 S2_UserProgCmd_Interface_v1_0.o
                0x80071c60                S2_UserProgCmd_Interface_v1_0_Entry
 EntryList      0x80071d70      0x110 S2_UserProgCmd_Interface_Serial_To_Analog_v1_0.o
                0x80071d70                S2_UserProgCmd_Interface_Serial_To_Analog_v1_0_Entry
 EntryList      0x80071e80      0x110 S2_DMPS_System_Info_V1_0_2.o
                0x80071e80                S2_DMPS_System_Info_V1_0_2_Entry
 EntryList      0x80071f90      0x110 S2_Single_Line_Scroller_v1_2.o
                0x80071f90                S2_Single_Line_Scroller_v1_2_Entry
 EntryList      0x800720a0      0x110 S2_IP_Address_Edit_with_Up_Down.o
                0x800720a0                S2_IP_Address_Edit_with_Up_Down_Entry
 EntryList      0x800721b0      0x110 S2_IP_Address_Edit_Acceleration.o
                0x800721b0                S2_IP_Address_Edit_Acceleration_Entry
 EntryList      0x800722c0      0x110 S2_DMPS_Analog_To_String_Conversion_v1_1.o
                0x800722c0                S2_DMPS_Analog_To_String_Conversion_v1_1_Entry
 EntryList      0x800723d0      0x110 S2_DMPS_String_to_Analog_Conversion_v1_1.o
                0x800723d0                S2_DMPS_String_to_Analog_Conversion_v1_1_Entry
 EntryList      0x800724e0      0x110 S2_Display_Device_Sequence_Drive_v2a.o
                0x800724e0                S2_Display_Device_Sequence_Drive_v2a_Entry
 EntryList      0x800725f0      0x110 S2_Sanyo_PLC_XU100_Feedback_Processor.o
                0x800725f0                S2_Sanyo_PLC_XU100_Feedback_Processor_Entry
 EntryList      0x80072700      0x110 S2_Smart_UX60_Feedback_Processor.o
                0x80072700                S2_Smart_UX60_Feedback_Processor_Entry
 EntryList      0x80072810      0x110 S2_WolfVision_Eye_12_TCP_IP_Queue_v1_0.o
                0x80072810                S2_WolfVision_Eye_12_TCP_IP_Queue_v1_0_Entry
                0x80072920                .=ALIGN(0x4)

FunctionList    0x80072920        0x4
 *(FunctionList)
 FunctionList   0x80072920        0x4 globals.o
                0x80072920                g_pFunctions
                0x80072924                .=ALIGN(0x4)

.bss            0x80072924        0x0
                0x80072924                .=ALIGN(0x4)
                0x80072924                __bss_start=.
 *(.shbss)
 *(.bss)
 *(COMMON)
                0x80072928                _end=ALIGN(0x8)
                0x80072928                __end=_end

.stab
 *(.stab)

.stabstr
 *(.stabstr)

.debug
 *(.debug)

.line
 *(.line)

.debug_srcinfo
 *(.debug_srcinfo)

.debug_sfnames
 *(.debug_sfnames)

.debug_aranges
 *(.debug_aranges)

.debug_pubnames
 *(.debug_pubnames)

.debug_info
 *(.debug_info)

.debug_abbrev
 *(.debug_abbrev)

.debug_line
 *(.debug_line)

.debug_frame
 *(.debug_frame)

.debug_str
 *(.debug_str)

.debug_loc
 *(.debug_loc)

.debug_macinfo
 *(.debug_macinfo)

.debug_weaknames
 *(.debug_weaknames)

.debug_funcnames
 *(.debug_funcnames)

.debug_typenames
 *(.debug_typenames)

.debug_varnames
 *(.debug_varnames)
LOAD S2_String_Check.o
LOAD S2_MPS_Text_Centering.o
LOAD S2_Knob_Acceleration__Pkt_.o
LOAD S2_DMPS_Text_Router_v1_0.o
LOAD S2_DMPS_Installer_Tools_v1_13.o
LOAD S2_APAD_Long_Text_Edit.o
LOAD S2_UserProgCmd_Interface_v1_0.o
LOAD S2_UserProgCmd_Interface_Serial_To_Analog_v1_0.o
LOAD S2_DMPS_System_Info_V1_0_2.o
LOAD S2_Single_Line_Scroller_v1_2.o
LOAD S2_IP_Address_Edit_with_Up_Down.o
LOAD S2_IP_Address_Edit_Acceleration.o
LOAD S2_DMPS_Analog_To_String_Conversion_v1_1.o
LOAD S2_DMPS_String_to_Analog_Conversion_v1_1.o
LOAD S2_Display_Device_Sequence_Drive_v2a.o
LOAD S2_Sanyo_PLC_XU100_Feedback_Processor.o
LOAD S2_Smart_UX60_Feedback_Processor.o
LOAD S2_WolfVision_Eye_12_TCP_IP_Queue_v1_0.o
LOAD globals.o
LOAD library.o
OUTPUT(_S2_CK0513_20191011_DB.spl elf32-m68k)

.comment        0x80072924      0x2f8
 .comment       0x80072924       0x26 S2_String_Check.o
 .comment       0x8007294a       0x26 S2_MPS_Text_Centering.o
 .comment       0x80072970       0x26 S2_Knob_Acceleration__Pkt_.o
 .comment       0x80072996       0x26 S2_DMPS_Text_Router_v1_0.o
 .comment       0x800729bc       0x26 S2_DMPS_Installer_Tools_v1_13.o
 .comment       0x800729e2       0x26 S2_APAD_Long_Text_Edit.o
 .comment       0x80072a08       0x26 S2_UserProgCmd_Interface_v1_0.o
 .comment       0x80072a2e       0x26 S2_UserProgCmd_Interface_Serial_To_Analog_v1_0.o
 .comment       0x80072a54       0x26 S2_DMPS_System_Info_V1_0_2.o
 .comment       0x80072a7a       0x26 S2_Single_Line_Scroller_v1_2.o
 .comment       0x80072aa0       0x26 S2_IP_Address_Edit_with_Up_Down.o
 .comment       0x80072ac6       0x26 S2_IP_Address_Edit_Acceleration.o
 .comment       0x80072aec       0x26 S2_DMPS_Analog_To_String_Conversion_v1_1.o
 .comment       0x80072b12       0x26 S2_DMPS_String_to_Analog_Conversion_v1_1.o
 .comment       0x80072b38       0x26 S2_Display_Device_Sequence_Drive_v2a.o
 .comment       0x80072b5e       0x26 S2_Sanyo_PLC_XU100_Feedback_Processor.o
 .comment       0x80072b84       0x26 S2_Smart_UX60_Feedback_Processor.o
 .comment       0x80072baa       0x26 S2_WolfVision_Eye_12_TCP_IP_Queue_v1_0.o
 .comment       0x80072bd0       0x26 globals.o
 .comment       0x80072bf6       0x26 library.o
