
Memory Configuration

Name             Origin             Length             Attributes
ram              0x80000000         0x00500000         xrw
*default*        0x00000000         0xffffffff

Linker script and memory map

                0x00000000                __DYNAMIC=0x0
                0x00400000                PROVIDE (__stack, 0x400000)
                0x00000000                PROVIDE (hardware_init_hook, 0x0)
                0x00000000                PROVIDE (_hardware_init_hook, 0x0)
                0x00000000                PROVIDE (software_init_hook, 0x0)
                0x00000000                PROVIDE (_software_init_hook, 0x0)

.text           0x80000000    0x8e3d0
 *(.text)
 .text          0x80000000      0x258 S2_String_Check.o
                0x80000000                S2_String_Check_EventHandler
                0x8000017e                S2_String_CheckEventHandler00000
                0x800000bc                S2_String_Check_main
 .text          0x80000258      0x94a S2_MPS_Text_Centering.o
                0x80000710                S2_MPS_Text_CenteringEventHandler00000
                0x800009c2                S2_MPS_Text_Centering_main
                0x800008f2                S2_MPS_Text_Centering_EventHandler
 *fill*         0x80000ba2        0x2
 .text          0x80000ba4      0xe48 S2_Knob_Acceleration__Pkt_.o
                0x80001518                S2_Knob_Acceleration__Pkt__main
                0x800011a6                S2_Knob_Acceleration__Pkt_EventHandler00000
                0x8000143a                S2_Knob_Acceleration__Pkt__EventHandler
 .text          0x800019ec     0x5420 S2_DMPS_Text_Router_v1_0.o
                0x80006c44                S2_DMPS_Text_Router_v1_0EventHandler00009
                0x80006bee                S2_DMPS_Text_Router_v1_0EventHandler00008
                0x800061aa                S2_DMPS_Text_Router_v1_0_main
                0x8000689c                S2_DMPS_Text_Router_v1_0EventHandler00001
                0x80006a8e                S2_DMPS_Text_Router_v1_0EventHandler00004
                0x80006d8a                S2_DMPS_Text_Router_v1_0EventHandler0000B
                0x80006b1a                S2_DMPS_Text_Router_v1_0EventHandler00007
                0x8000697a                S2_DMPS_Text_Router_v1_0EventHandler00002
                0x80005f66                S2_DMPS_Text_Router_v1_0_EventHandler
                0x800067be                S2_DMPS_Text_Router_v1_0EventHandler00000
                0x80003c78                S2_DMPS_Text_Router_v1_0EventHandler00005
                0x80004c2a                S2_DMPS_Text_Router_v1_0EventHandler00006
                0x80006a02                S2_DMPS_Text_Router_v1_0EventHandler00003
                0x80006ce6                S2_DMPS_Text_Router_v1_0EventHandler0000A
 .text          0x80006e0c    0x4be18 S2_DMPS_Installer_Tools_v1_13.o
                0x80042190                S2_DMPS_Installer_Tools_v1_13EventHandler00029
                0x80044cb0                S2_DMPS_Installer_Tools_v1_13EventHandler00051
                0x8003fbf0                S2_DMPS_Installer_Tools_v1_13EventHandler00014
                0x8005257a                S2_DMPS_Installer_Tools_v1_13EventHandler00044
                0x80016cea                S2_DMPS_Installer_Tools_v1_13EventHandler00001
                0x80012936                S2_DMPS_Installer_Tools_v1_13KEYPADIDWAIT
                0x80051fec                S2_DMPS_Installer_Tools_v1_13EventHandler0003B
                0x80052264                S2_DMPS_Installer_Tools_v1_13EventHandler0003F
                0x8001fc56                S2_DMPS_Installer_Tools_v1_13EventHandler00006
                0x800523a0                S2_DMPS_Installer_Tools_v1_13EventHandler00041
                0x8001b00a                S2_DMPS_Installer_Tools_v1_13EventHandler00004
                0x80052752                S2_DMPS_Installer_Tools_v1_13EventHandler00047
                0x80043a62                S2_DMPS_Installer_Tools_v1_13EventHandler0004D
                0x80046d84                S2_DMPS_Installer_Tools_v1_13_main
                0x800255d4                S2_DMPS_Installer_Tools_v1_13EventHandler0000A
                0x80042ce8                S2_DMPS_Installer_Tools_v1_13EventHandler0002F
                0x80051762                S2_DMPS_Installer_Tools_v1_13EventHandler00011
                0x80052b46                S2_DMPS_Installer_Tools_v1_13EventHandler00054
                0x80040cc6                S2_DMPS_Installer_Tools_v1_13EventHandler0001B
                0x80024c86                S2_DMPS_Installer_Tools_v1_13EventHandler00008
                0x8005288a                S2_DMPS_Installer_Tools_v1_13EventHandler00049
                0x80052bda                S2_DMPS_Installer_Tools_v1_13EventHandler00056
                0x80051eb0                S2_DMPS_Installer_Tools_v1_13EventHandler00039
                0x800517ee                S2_DMPS_Installer_Tools_v1_13EventHandler00019
                0x80041636                S2_DMPS_Installer_Tools_v1_13EventHandler00022
                0x80041cbe                S2_DMPS_Installer_Tools_v1_13EventHandler00026
                0x800516e6                S2_DMPS_Installer_Tools_v1_13PASSWORDWAIT
                0x800521c6                S2_DMPS_Installer_Tools_v1_13EventHandler0003E
                0x80052926                S2_DMPS_Installer_Tools_v1_13EventHandler0004A
                0x80040ffe                S2_DMPS_Installer_Tools_v1_13EventHandler0001C
                0x8004352a                S2_DMPS_Installer_Tools_v1_13EventHandler00032
                0x80052afc                S2_DMPS_Installer_Tools_v1_13EventHandler00053
                0x800424b0                S2_DMPS_Installer_Tools_v1_13EventHandler0002B
                0x800403cc                S2_DMPS_Installer_Tools_v1_13EventHandler00016
                0x80051b9a                S2_DMPS_Installer_Tools_v1_13EventHandler00034
                0x8003ddda                S2_DMPS_Installer_Tools_v1_13EventHandler0000E
                0x80046c60                S2_DMPS_Installer_Tools_v1_13_EventHandler
                0x800526b6                S2_DMPS_Installer_Tools_v1_13EventHandler00046
                0x8002575c                S2_DMPS_Installer_Tools_v1_13EventHandler0000B
                0x80052a5e                S2_DMPS_Installer_Tools_v1_13EventHandler0004E
                0x800172e6                S2_DMPS_Installer_Tools_v1_13EventHandler00003
                0x80052302                S2_DMPS_Installer_Tools_v1_13EventHandler00040
                0x80051f4e                S2_DMPS_Installer_Tools_v1_13EventHandler0003A
                0x8001b53e                S2_DMPS_Installer_Tools_v1_13EventHandler00005
                0x800527ee                S2_DMPS_Installer_Tools_v1_13EventHandler00048
                0x80052b90                S2_DMPS_Installer_Tools_v1_13EventHandler00055
                0x80051a2a                S2_DMPS_Installer_Tools_v1_13EventHandler0001E
                0x8002544c                S2_DMPS_Installer_Tools_v1_13EventHandler00009
                0x80043400                S2_DMPS_Installer_Tools_v1_13EventHandler00031
                0x8003e474                S2_DMPS_Installer_Tools_v1_13EventHandler00010
                0x8004197a                S2_DMPS_Installer_Tools_v1_13EventHandler00024
                0x8004373e                S2_DMPS_Installer_Tools_v1_13EventHandler0004C
                0x8004295c                S2_DMPS_Installer_Tools_v1_13EventHandler0002E
                0x80051cd6                S2_DMPS_Installer_Tools_v1_13EventHandler00036
                0x80042002                S2_DMPS_Installer_Tools_v1_13EventHandler00028
                0x80051e12                S2_DMPS_Installer_Tools_v1_13EventHandler00038
                0x8003d91e                S2_DMPS_Installer_Tools_v1_13RESTOREAUDIODEFAULTSWAIT
                0x8004263e                S2_DMPS_Installer_Tools_v1_13EventHandler0002C
                0x800407ba                S2_DMPS_Installer_Tools_v1_13EventHandler00017
                0x8003db7c                S2_DMPS_Installer_Tools_v1_13RESTOREDEFAULTSWAIT
                0x800529c2                S2_DMPS_Installer_Tools_v1_13EventHandler0004B
                0x80051afc                S2_DMPS_Installer_Tools_v1_13EventHandler00033
                0x8004451e                S2_DMPS_Installer_Tools_v1_13EventHandler00050
                0x80042320                S2_DMPS_Installer_Tools_v1_13EventHandler0002A
                0x8003faaa                S2_DMPS_Installer_Tools_v1_13EventHandler00013
                0x80045442                S2_DMPS_Installer_Tools_v1_13EventHandler00052
                0x8003ffde                S2_DMPS_Installer_Tools_v1_13EventHandler00015
                0x80029752                S2_DMPS_Installer_Tools_v1_13EventHandler0000C
                0x80043d8c                S2_DMPS_Installer_Tools_v1_13EventHandler0004F
                0x8005208a                S2_DMPS_Installer_Tools_v1_13EventHandler0003C
                0x800298ca                S2_DMPS_Installer_Tools_v1_13EventHandler0000D
                0x80045f7e                S2_DMPS_Installer_Tools_v1_13EventHandler00058
                0x800524dc                S2_DMPS_Installer_Tools_v1_13EventHandler00043
                0x80016696                S2_DMPS_Installer_Tools_v1_13EventHandler00000
                0x8002041c                S2_DMPS_Installer_Tools_v1_13EventHandler00007
                0x8005243e                S2_DMPS_Installer_Tools_v1_13EventHandler00042
                0x80052618                S2_DMPS_Installer_Tools_v1_13EventHandler00045
                0x80051724                S2_DMPS_Installer_Tools_v1_13WRONGPASSWORDWAIT
                0x8001704a                S2_DMPS_Installer_Tools_v1_13EventHandler00002
                0x8003ea88                S2_DMPS_Installer_Tools_v1_13EventHandler00012
                0x80045bd4                S2_DMPS_Installer_Tools_v1_13EventHandler00057
                0x800518c6                S2_DMPS_Installer_Tools_v1_13EventHandler0001A
                0x8004118c                S2_DMPS_Installer_Tools_v1_13EventHandler0001F
                0x80043074                S2_DMPS_Installer_Tools_v1_13EventHandler00030
                0x80051d74                S2_DMPS_Installer_Tools_v1_13EventHandler00037
                0x8003e148                S2_DMPS_Installer_Tools_v1_13EventHandler0000F
                0x800417d8                S2_DMPS_Installer_Tools_v1_13EventHandler00023
                0x80041b1c                S2_DMPS_Installer_Tools_v1_13EventHandler00025
                0x800427cc                S2_DMPS_Installer_Tools_v1_13EventHandler0002D
                0x80040a40                S2_DMPS_Installer_Tools_v1_13EventHandler00018
                0x800414a8                S2_DMPS_Installer_Tools_v1_13EventHandler00021
                0x8004131a                S2_DMPS_Installer_Tools_v1_13EventHandler00020
                0x80041e60                S2_DMPS_Installer_Tools_v1_13EventHandler00027
                0x8005199e                S2_DMPS_Installer_Tools_v1_13EventHandler0001D
                0x80051c38                S2_DMPS_Installer_Tools_v1_13EventHandler00035
                0x80052128                S2_DMPS_Installer_Tools_v1_13EventHandler0003D
 .text          0x80052c24     0x2168 S2_APAD_Long_Text_Edit.o
                0x80054ca4                S2_APAD_Long_Text_EditEventHandler0000D
                0x800546fe                S2_APAD_Long_Text_Edit_main
                0x80053958                S2_APAD_Long_Text_EditEventHandler00005
                0x800548f2                S2_APAD_Long_Text_EditEventHandler00002
                0x80054b6e                S2_APAD_Long_Text_EditEventHandler0000A
                0x80053f50                S2_APAD_Long_Text_EditEventHandler00007
                0x80054baa                S2_APAD_Long_Text_EditEventHandler0000B
                0x80053b80                S2_APAD_Long_Text_EditEventHandler00006
                0x800549b4                S2_APAD_Long_Text_EditEventHandler00003
                0x80054be6                S2_APAD_Long_Text_EditEventHandler0000C
                0x80054a4c                S2_APAD_Long_Text_EditEventHandler00008
                0x80054618                S2_APAD_Long_Text_Edit_EventHandler
                0x8005432a                S2_APAD_Long_Text_EditEventHandler00009
                0x80053442                S2_APAD_Long_Text_EditEventHandler00000
                0x800536f6                S2_APAD_Long_Text_EditEventHandler00004
                0x8005359c                S2_APAD_Long_Text_EditEventHandler00001
 .text          0x80054d8c     0x1078 S2_UserProgCmd_Interface_v1_0.o
                0x80054ea6                S2_UserProgCmd_Interface_v1_0EventHandler00000
                0x80055c8c                S2_UserProgCmd_Interface_v1_0_main
                0x80055ba8                S2_UserProgCmd_Interface_v1_0_EventHandler
 .text          0x80055e04      0x34c S2_UserProgCmd_Interface_Serial_To_Analog_v1_0.o
                0x80055f02                S2_UserProgCmd_Interface_Serial_To_Analog_v1_0_main
                0x80055e04                S2_UserProgCmd_Interface_Serial_To_Analog_v1_0_EventHandler
                0x800560c0                S2_UserProgCmd_Interface_Serial_To_Analog_v1_0EventHandler00001
                0x80055fce                S2_UserProgCmd_Interface_Serial_To_Analog_v1_0EventHandler00000
 .text          0x80056150     0x32b4 S2_DMPS_System_Info_V1_0_2.o
                0x80058f96                S2_DMPS_System_Info_V1_0_2EventHandler00002
                0x80059362                S2_DMPS_System_Info_V1_0_2EventHandler00008
                0x8005921e                S2_DMPS_System_Info_V1_0_2EventHandler00006
                0x80056150                S2_DMPS_System_Info_V1_0_2EventHandler00000
                0x80059038                S2_DMPS_System_Info_V1_0_2EventHandler00003
                0x80058c28                S2_DMPS_System_Info_V1_0_2_EventHandler
                0x80058cda                S2_DMPS_System_Info_V1_0_2_main
                0x80056558                S2_DMPS_System_Info_V1_0_2EventHandler00001
                0x80058ee2                S2_DMPS_System_Info_V1_0_2__SPLS_TMPVAR__WAITLABEL_0__
                0x8005917c                S2_DMPS_System_Info_V1_0_2EventHandler00005
                0x800590da                S2_DMPS_System_Info_V1_0_2EventHandler00004
                0x800592c0                S2_DMPS_System_Info_V1_0_2EventHandler00007
 .text          0x80059404     0x1e9c S2_Single_Line_Scroller_v1_2.o
                0x80059ab4                S2_Single_Line_Scroller_v1_2EventHandler00000
                0x8005a08a                S2_Single_Line_Scroller_v1_2EventHandler00001
                0x8005ae64                S2_Single_Line_Scroller_v1_2_main
                0x8005a22a                S2_Single_Line_Scroller_v1_2EventHandler00002
                0x8005b212                S2_Single_Line_Scroller_v1_2EventHandler00006
                0x8005aa82                S2_Single_Line_Scroller_v1_2EventHandler00007
                0x8005ad98                S2_Single_Line_Scroller_v1_2_EventHandler
                0x8005a86a                S2_Single_Line_Scroller_v1_2EventHandler00005
                0x8005a47e                S2_Single_Line_Scroller_v1_2EventHandler00003
                0x8005a6be                S2_Single_Line_Scroller_v1_2EventHandler00004
 .text          0x8005b2a0     0x1140 S2_IP_Address_Edit_with_Up_Down.o
                0x8005c368                S2_IP_Address_Edit_with_Up_DownEventHandler00000
                0x8005c3a4                S2_IP_Address_Edit_with_Up_DownEventHandler00001
                0x8005bfbc                S2_IP_Address_Edit_with_Up_Down_EventHandler
                0x8005c0aa                S2_IP_Address_Edit_with_Up_Down_main
 .text          0x8005c3e0      0xd38 S2_IP_Address_Edit_Acceleration.o
                0x8005c8b4                S2_IP_Address_Edit_AccelerationEventHandler00000
                0x8005cb48                S2_IP_Address_Edit_Acceleration_EventHandler
                0x8005cc26                S2_IP_Address_Edit_Acceleration_main
 .text          0x8005d118      0x53c S2_DMPS_Analog_To_String_Conversion_v1_1.o
                0x8005d118                S2_DMPS_Analog_To_String_Conversion_v1_1EventHandler00000
                0x8005d538                S2_DMPS_Analog_To_String_Conversion_v1_1_EventHandler
                0x8005d5f4                S2_DMPS_Analog_To_String_Conversion_v1_1_main
 .text          0x8005d654      0x31c S2_DMPS_String_to_Analog_Conversion_v1_1.o
                0x8005d8e0                S2_DMPS_String_to_Analog_Conversion_v1_1_main
                0x8005d654                S2_DMPS_String_to_Analog_Conversion_v1_1EventHandler00000
                0x8005d83a                S2_DMPS_String_to_Analog_Conversion_v1_1_EventHandler
 .text          0x8005d970     0x3b88 S2_Display_Device_Sequence_Drive_v2a.o
                0x80060e30                S2_Display_Device_Sequence_Drive_v2aEventHandler00000
                0x800604e2                S2_Display_Device_Sequence_Drive_v2aEventHandler00017
                0x80061082                S2_Display_Device_Sequence_Drive_v2aEventHandler00007
                0x80061038                S2_Display_Device_Sequence_Drive_v2aEventHandler00003
                0x80060104                S2_Display_Device_Sequence_Drive_v2aEventHandler00014
                0x800610fe                S2_Display_Device_Sequence_Drive_v2aEventHandler00009
                0x800611f6                S2_Display_Device_Sequence_Drive_v2aEventHandler0000D
                0x80060cf8                S2_Display_Device_Sequence_Drive_v2aWTIMEOUT
                0x800614ac                S2_Display_Device_Sequence_Drive_v2aEventHandler00019
                0x8006136a                S2_Display_Device_Sequence_Drive_v2aEventHandler00013
                0x800612ee                S2_Display_Device_Sequence_Drive_v2aEventHandler00011
                0x800613e6                S2_Display_Device_Sequence_Drive_v2aEventHandler00015
                0x8005f714                S2_Display_Device_Sequence_Drive_v2aEventHandler00008
                0x80061272                S2_Display_Device_Sequence_Drive_v2aEventHandler0000F
                0x800608fa                S2_Display_Device_Sequence_Drive_v2a_main
                0x8005fa64                S2_Display_Device_Sequence_Drive_v2aEventHandler0000C
                0x8005ff5c                S2_Display_Device_Sequence_Drive_v2aEventHandler00012
                0x80060c92                S2_Display_Device_Sequence_Drive_v2a__SPLS_TMPVAR__WAITLABEL_0__
                0x80061462                S2_Display_Device_Sequence_Drive_v2aEventHandler00018
                0x8005fdb4                S2_Display_Device_Sequence_Drive_v2aEventHandler00010
                0x8005f438                S2_Display_Device_Sequence_Drive_v2aEventHandler00006
                0x8006117a                S2_Display_Device_Sequence_Drive_v2aEventHandler0000B
                0x8005f280                S2_Display_Device_Sequence_Drive_v2aEventHandler00005
                0x8005f8bc                S2_Display_Device_Sequence_Drive_v2aEventHandler0000A
                0x800602ac                S2_Display_Device_Sequence_Drive_v2aEventHandler00016
                0x80060d9c                S2_Display_Device_Sequence_Drive_v2a_EventHandler
                0x80060f66                S2_Display_Device_Sequence_Drive_v2aEventHandler00001
                0x8005fc0c                S2_Display_Device_Sequence_Drive_v2aEventHandler0000E
                0x80060fec                S2_Display_Device_Sequence_Drive_v2aEventHandler00002
                0x8005f096                S2_Display_Device_Sequence_Drive_v2aEventHandler00004
 .text          0x800614f8     0x23f2 S2_Sanyo_PLC_XU100_Feedback_Processor.o
                0x80063820                S2_Sanyo_PLC_XU100_Feedback_ProcessorEventHandler00001
                0x800634f2                S2_Sanyo_PLC_XU100_Feedback_Processor_EventHandler
                0x8006360c                S2_Sanyo_PLC_XU100_Feedback_Processor_main
                0x800614f8                S2_Sanyo_PLC_XU100_Feedback_ProcessorEventHandler00002
                0x8006374a                S2_Sanyo_PLC_XU100_Feedback_ProcessorEventHandler00000
                0x80061f38                S2_Sanyo_PLC_XU100_Feedback_ProcessorEventHandler00003
 *fill*         0x800638ea        0x2
 .text          0x800638ec      0xa38 S2_Epson_PowerLite_Pro_G5650W_Processor_v1_0.o
                0x80064194                S2_Epson_PowerLite_Pro_G5650W_Processor_v1_0_EventHandler
                0x800638ec                S2_Epson_PowerLite_Pro_G5650W_Processor_v1_0EventHandler00000
                0x80064250                S2_Epson_PowerLite_Pro_G5650W_Processor_v1_0_main
 .text          0x80064324      0xf3a S2_Panasonic_PT_RZX70_v1_0_Processor.o
                0x80064324                S2_Panasonic_PT_RZX70_v1_0_ProcessorEventHandler00000
                0x80064460                S2_Panasonic_PT_RZX70_v1_0_ProcessorEventHandler00001
                0x8006459e                S2_Panasonic_PT_RZX70_v1_0_ProcessorEventHandler00002
                0x80064fee                S2_Panasonic_PT_RZX70_v1_0_Processor_EventHandler
                0x800650e4                S2_Panasonic_PT_RZX70_v1_0_Processor_main
 *fill*         0x8006525e        0x2
 .text          0x80065260      0xc2c S2_WolfVision_Eye_12_TCP_IP_Queue_v1_0.o
                0x80065d80                S2_WolfVision_Eye_12_TCP_IP_Queue_v1_0EventHandler00002
                0x800655f4                S2_WolfVision_Eye_12_TCP_IP_Queue_v1_0EventHandler00005
                0x80065b5e                S2_WolfVision_Eye_12_TCP_IP_Queue_v1_0_main
                0x80065cda                S2_WolfVision_Eye_12_TCP_IP_Queue_v1_0WTIMEOUT
                0x80065dda                S2_WolfVision_Eye_12_TCP_IP_Queue_v1_0EventHandler00003
                0x80065d28                S2_WolfVision_Eye_12_TCP_IP_Queue_v1_0EventHandler00000
                0x80065260                S2_WolfVision_Eye_12_TCP_IP_Queue_v1_0EventHandler00001
                0x80065e32                S2_WolfVision_Eye_12_TCP_IP_Queue_v1_0EventHandler00004
                0x80065a98                S2_WolfVision_Eye_12_TCP_IP_Queue_v1_0_EventHandler
 .text          0x80065e8c     0x16c2 S2_Biamp_Tesira_Preset_Control_v1_5.o
                0x80066de8                S2_Biamp_Tesira_Preset_Control_v1_5EventHandler00000
                0x800670ac                S2_Biamp_Tesira_Preset_Control_v1_5EventHandler00001
                0x800672fc                S2_Biamp_Tesira_Preset_Control_v1_5_EventHandler
                0x800673da                S2_Biamp_Tesira_Preset_Control_v1_5_main
 *fill*         0x8006754e        0x2
 .text          0x80067550     0x5082 S2_Biamp_Tesira_Command_Processor_v1_5.o
                0x8006bd62                S2_Biamp_Tesira_Command_Processor_v1_5_EventHandler
                0x8006c494                S2_Biamp_Tesira_Command_Processor_v1_5EventHandler00003
                0x8006c20c                S2_Biamp_Tesira_Command_Processor_v1_5__COMMQUEUE_Destructor
                0x8006c1e2                S2_Biamp_Tesira_Command_Processor_v1_5__MODULECOMM_Destructor
                0x8006b91e                S2_Biamp_Tesira_Command_Processor_v1_5EventHandler00001
                0x8006904e                S2_Biamp_Tesira_Command_Processor_v1_5QUEUEFALSERESPONSE
                0x8006c3b4                S2_Biamp_Tesira_Command_Processor_v1_5EventHandler00002
                0x8006bb4c                S2_Biamp_Tesira_Command_Processor_v1_5EventHandler00004
                0x8006c2cc                S2_Biamp_Tesira_Command_Processor_v1_5STARTHEARTBEATPROCESS
                0x8006c588                S2_Biamp_Tesira_Command_Processor_v1_5EventHandler00005
                0x8006c216                S2_Biamp_Tesira_Command_Processor_v1_5HEARTBEAT
                0x8006be44                S2_Biamp_Tesira_Command_Processor_v1_5_main
                0x8006c1ec                S2_Biamp_Tesira_Command_Processor_v1_5__COMMQUEUE_Constructor
                0x8006a5fe                S2_Biamp_Tesira_Command_Processor_v1_5EventHandler00000
                0x8006c274                S2_Biamp_Tesira_Command_Processor_v1_5REGISTRATIONWAIT
                0x8006c1d8                S2_Biamp_Tesira_Command_Processor_v1_5__MODULECOMM_Constructor
 *fill*         0x8006c5d2        0x2
 .text          0x8006c5d4     0xb27c S2_Sharp_LC_70LE745U_v1_0_Processor.o
                0x80073062                S2_Sharp_LC_70LE745U_v1_0_ProcessorEventHandler0000A
                0x80076578                S2_Sharp_LC_70LE745U_v1_0_ProcessorEventHandler0000F
                0x80072d36                S2_Sharp_LC_70LE745U_v1_0_ProcessorEventHandler00008
                0x80072ecc                S2_Sharp_LC_70LE745U_v1_0_ProcessorEventHandler00009
                0x80076f6e                S2_Sharp_LC_70LE745U_v1_0_ProcessorEventHandler00010
                0x800724e4                S2_Sharp_LC_70LE745U_v1_0_ProcessorEventHandler00003
                0x80073524                S2_Sharp_LC_70LE745U_v1_0_ProcessorEventHandler0000D
                0x80075794                S2_Sharp_LC_70LE745U_v1_0_ProcessorEventHandler0000E
                0x80071fe6                S2_Sharp_LC_70LE745U_v1_0_ProcessorEventHandler00000
                0x80072838                S2_Sharp_LC_70LE745U_v1_0_ProcessorEventHandler00005
                0x80072190                S2_Sharp_LC_70LE745U_v1_0_ProcessorEventHandler00001
                0x800773aa                S2_Sharp_LC_70LE745U_v1_0_Processor_EventHandler
                0x800731f8                S2_Sharp_LC_70LE745U_v1_0_ProcessorEventHandler0000B
                0x8007268e                S2_Sharp_LC_70LE745U_v1_0_ProcessorEventHandler00004
                0x8007338e                S2_Sharp_LC_70LE745U_v1_0_ProcessorEventHandler0000C
                0x800729e2                S2_Sharp_LC_70LE745U_v1_0_ProcessorEventHandler00006
                0x80072b8c                S2_Sharp_LC_70LE745U_v1_0_ProcessorEventHandler00007
                0x800774fe                S2_Sharp_LC_70LE745U_v1_0_Processor_main
                0x8007233a                S2_Sharp_LC_70LE745U_v1_0_ProcessorEventHandler00002
 .text          0x80077850      0xd14 S2_NV_Analog_to_Disk.o
                0x80077b34                S2_NV_Analog_to_DiskEventHandler00000
                0x80077d5c                S2_NV_Analog_to_Disk_EventHandler
                0x80077e18                S2_NV_Analog_to_Disk_main
 .text          0x80078564     0x2d34 S2_NTP_Time_Sync_v1_0.o
                0x8007b134                S2_NTP_Time_Sync_v1_0_main
                0x8007ad88                S2_NTP_Time_Sync_v1_0EventHandler00001
                0x8007b028                S2_NTP_Time_Sync_v1_0_EventHandler
                0x8007aa7e                S2_NTP_Time_Sync_v1_0SERVERWAIT
                0x8007a70e                S2_NTP_Time_Sync_v1_0EventHandler00000
 .text          0x8007b298      0xad8 S2_Analog_to_Number.o
                0x8007b298                S2_Analog_to_NumberEventHandler00000
                0x8007bc8a                S2_Analog_to_Number_EventHandler
                0x8007bd2a                S2_Analog_to_Number_main
 .text          0x8007bd70      0xad8 S2_Analog_to_Number_Rev2.o
                0x8007c802                S2_Analog_to_Number_Rev2_main
                0x8007bd70                S2_Analog_to_Number_Rev2EventHandler00000
                0x8007c762                S2_Analog_to_Number_Rev2_EventHandler
 .text          0x8007c848      0xfe8 S2_RVSE2_Device_Usage_Que_v1_1a_.o
                0x8007d7ca                S2_RVSE2_Device_Usage_Que_v1_1a_EventHandler00000
                0x8007cb22                S2_RVSE2_Device_Usage_Que_v1_1a_EventHandler00001
                0x8007d584                S2_RVSE2_Device_Usage_Que_v1_1a__main
                0x8007d4a4                S2_RVSE2_Device_Usage_Que_v1_1a__EventHandler
 .text          0x8007d830      0xa6e S2_RVSE_Device_Usage_v2_1_.o
                0x8007e126                S2_RVSE_Device_Usage_v2_1_EventHandler00002
                0x8007df46                S2_RVSE_Device_Usage_v2_1__main
                0x8007dc4c                S2_RVSE_Device_Usage_v2_1_EventHandler00000
                0x8007e08c                S2_RVSE_Device_Usage_v2_1_EventHandler00001
                0x8007e1d0                S2_RVSE_Device_Usage_v2_1_EventHandler00003
                0x8007de80                S2_RVSE_Device_Usage_v2_1__EventHandler
 *fill*         0x8007e29e        0x2
 .text          0x8007e2a0     0x5836 library.o
                0x8008248c                RotateRightLong
                0x80082a9a                IsSystem
                0x800823f0                Seed
                0x8007fce8                Remove
                0x8008206c                Ltoa
                0x80081d98                Atoi
                0x80081100                InitRampInfoArray
                0x80082846                Right
                0x80083876                LockInputSema
                0x8008231a                Mod
                0x80082502                Getc
                0x8008224e                SMuldiv
                0x80082a7c                IsHidden
                0x80082132                Min
                0x8008368a                hextosi
                0x80082c20                WriteIntegerArray
                0x80083196                GetSignedIntArrayElementPtr
                0x80081aba                CheckStructArray
                0x8008369e                hextosl
                0x80082da6                WriteSignedIntegerArray
                0x80081782                InitStringParamArray
                0x80080a54                ReadSignedLongIntegerArray
                0x8007f976                GatherToDelimiter
                0x800815a6                InitStringArray
                0x8008210c                Max
                0x80082ad6                IsReadOnly
                0x80082216                SMax
                0x8007fb1a                GatherByLength
                0x80081fa6                Chr
                0x80082bf8                ReadSignedLongInteger
                0x80082024                Itohex
                0x80081a2c                GetStructArrayElement
                0x80081d20                UNS_SetByte
                0x8008281a                ReverseFindi
                0x80080efc                ReadStringArray
                0x80082fa6                GetIntArrayElementPtr
                0x80082656                Lower
                0x8008240c                RotateLeft
                0x800837be                ResizeIfAutogrow
                0x8008122c                CheckInputArray
                0x8007e80e                ResizeStringArray
                0x80081f38                Atosl
                0x80081d60                High
                0x800823bc                Rnd
                0x800822de                UMod
                0x80082462                RotateLeftLong
                0x800838ea                FindNumericChar
                0x800833ee                CheckIOArrayBounds2
                0x80082a34                MakeProgramFilename
                0x80082232                SMin
                0x8008258a                Left
                0x800824cc                CheckBufferThreshold
                0x80082bb0                ReadSignedInteger
                0x80081d8a                LowWord
                0x8007e2a0                Bit
                0x80082b60                ReadLongInteger
                0x80081b9e                Byte
                0x8008309e                GetLongArrayElementPtr
                0x800827ec                ReverseFind
                0x80082a4a                GetSeries
                0x800839b6                InitTcpServer
                0x8008263e                Len
                0x800834be                InitializeRampInfoInternal
                0x80082158                Divide
                0x80081ea4                Atol
                0x80082a40                GetModelNumber
                0x80083386                CheckIOArrayBounds
                0x80081286                CheckStringInputArray
                0x80082e68                WriteSignedLongIntegerArray
                0x80081976                GetStringArrayElement
                0x800820b0                Ltohex
                0x80081fdc                Itoa
                0x80082436                RotateRight
                0x8007ffd6                InternalReverseFind
                0x80082b40                WriteLongInteger
                0x800814aa                InitDynamicStringStruct
                0x8008139c                SetStringArray
                0x80080832                ReadSignedIntegerArray
                0x800812e0                SetOutputArray
                0x80082af0                WriteInteger
                0x8008190a                InitStructDynamicArray
                0x80080260                SetString
                0x80082356                Random
                0x80082b88                WriteSignedInteger
                0x8007e504                Find
                0x80082a54                GetProgramNumber
                0x8008272a                Mid
                0x80083928                InitTcpClient
                0x8007f3f2                ResizeStructArray
                0x8008328e                GetSignedLongArrayElementPtr
                0x800836b0                hextol
                0x80080c76                ReadString
                0x8008163c                InitDynamicStringArray
                0x80083796                UpperChar
                0x80081e34                Atosi
                0x80082b18                ReadInteger
                0x800821ca                Muldiv
                0x8008134e                SetStringOutputArray
                0x80082f2c                WriteString
                0x8007ee66                ResizeIntegerArray
                0x800811f4                InitInOutArray
                0x8008184a                InitNvramStringArray
                0x800820f4                Abs
                0x8008229a                SDivide
                0x800803f0                ReadIntegerArray
                0x8007e3b0                CompareStrings
                0x8008376e                LowerChar
                0x80083a46                InitUdpSocket
                0x800824b4                ClearBuffer
                0x80082902                Upper
                0x800818e6                InitStructArray
                0x800829d8                MakeLower
                0x80082ab8                IsVolume
                0x8007fe42                RemoveByLength
                0x80081b36                CheckStringOutputArrayIndex
                0x80082ce2                WriteLongIntegerArray
                0x8008356a                InitRampInfoStructArray
                0x80081d7c                HighWord
                0x8007e678                ResizeString
                0x80082a5e                IsDirectory
                0x80080610                ReadLongIntegerArray
                0x80081d6e                Low
                0x8007f81c                Gather
                0x80082a06                MakeUpper
                0x8008146c                InitStringStruct
                0x80083456                CheckStringArrayBounds
                0x8008219c                CheckDenominator
                0x80083672                hextoi
                0x80080d94                WriteStringArray
                0x80081c5e                SetByte
                0x80083514                InitializeRampInfo
                0x800838b0                UnLockInputSema
                0x80082bd8                WriteSignedLongInteger
                0x8008155e                InitNvramStringStruct
 *fill*         0x80083ad6        0xa
                0x80083ae0                .=ALIGN(0x10)
 *(.eh_frame)
                0x80083ae0                .=ALIGN(0x10)
 *(.gnu.linkonce.t.*)
                0x80083ae0                .=ALIGN(0x4)
                0x80083ae0                __CTOR_LIST__=.
                0x80083ae0                ___CTOR_LIST__=.
                0x80083ae0        0x4 LONG 0x0 (((__CTOR_END__-__CTOR_LIST__)/0x4)-0x2)
 *(.ctors)
                0x80083ae4        0x4 LONG 0x0
                0x80083ae8                __CTOR_END__=.
                0x80083ae8                __DTOR_LIST__=.
                0x80083ae8                ___DTOR_LIST__=.
                0x80083ae8        0x4 LONG 0x0 (((__DTOR_END__-__DTOR_LIST__)/0x4)-0x2)
 *(.dtors)
                0x80083aec        0x4 LONG 0x0
                0x80083af0                __DTOR_END__=.
 *(.rodata)
 .rodata        0x80083af0      0x23b S2_String_Check.o
 .rodata        0x80083d2b      0x2f5 S2_MPS_Text_Centering.o
 .rodata        0x80084020      0x3fb S2_Knob_Acceleration__Pkt_.o
 .rodata        0x8008441b      0x687 S2_DMPS_Text_Router_v1_0.o
 .rodata        0x80084aa2     0x2b1d S2_DMPS_Installer_Tools_v1_13.o
 .rodata        0x800875bf      0x3b7 S2_APAD_Long_Text_Edit.o
 .rodata        0x80087976      0x457 S2_UserProgCmd_Interface_v1_0.o
 .rodata        0x80087dcd      0x24a S2_UserProgCmd_Interface_Serial_To_Analog_v1_0.o
 .rodata        0x80088017      0x814 S2_DMPS_System_Info_V1_0_2.o
 .rodata        0x8008882b      0x38d S2_Single_Line_Scroller_v1_2.o
 .rodata        0x80088bb8      0x261 S2_IP_Address_Edit_with_Up_Down.o
 .rodata        0x80088e19      0x2de S2_IP_Address_Edit_Acceleration.o
 .rodata        0x800890f7      0x2d2 S2_DMPS_Analog_To_String_Conversion_v1_1.o
 .rodata        0x800893c9      0x23b S2_DMPS_String_to_Analog_Conversion_v1_1.o
 .rodata        0x80089604      0x255 S2_Display_Device_Sequence_Drive_v2a.o
 .rodata        0x80089859      0x5d0 S2_Sanyo_PLC_XU100_Feedback_Processor.o
 .rodata        0x80089e29      0x3c3 S2_Epson_PowerLite_Pro_G5650W_Processor_v1_0.o
 .rodata        0x8008a1ec      0x2f3 S2_Panasonic_PT_RZX70_v1_0_Processor.o
 .rodata        0x8008a4df      0x2c7 S2_WolfVision_Eye_12_TCP_IP_Queue_v1_0.o
 .rodata        0x8008a7a6      0x44d S2_Biamp_Tesira_Preset_Control_v1_5.o
 .rodata        0x8008abf3      0x5d3 S2_Biamp_Tesira_Command_Processor_v1_5.o
 .rodata        0x8008b1c6      0xe5c S2_Sharp_LC_70LE745U_v1_0_Processor.o
 .rodata        0x8008c022      0x338 S2_NV_Analog_to_Disk.o
 .rodata        0x8008c35a      0x836 S2_NTP_Time_Sync_v1_0.o
 .rodata        0x8008cb90      0x253 S2_Analog_to_Number.o
 .rodata        0x8008cde3      0x253 S2_Analog_to_Number_Rev2.o
 .rodata        0x8008d036      0x40d S2_RVSE2_Device_Usage_Que_v1_1a_.o
 .rodata        0x8008d443      0x31d S2_RVSE_Device_Usage_v2_1_.o
 .rodata        0x8008d760      0xc54 library.o
 *(.gcc_except_table)
                0x8008e3b4                .=ALIGN(0x2)
                0x8008e3b4                __INIT_SECTION__=.
                0x8008e3b4        0x4 LONG 0x4e560000
 *(.init)
                0x8008e3b8        0x2 SHORT 0x4e5e
                0x8008e3ba        0x2 SHORT 0x4e75
                0x8008e3bc                __FINI_SECTION__=.
                0x8008e3bc        0x4 LONG 0x4e560000
 *(.fini)
                0x8008e3c0        0x2 SHORT 0x4e5e
                0x8008e3c2        0x2 SHORT 0x4e75
 *(.lit)
 *fill*         0x8008e3c4        0xc
                0x8008e3d0                .=ALIGN(0x10)
                0x8008e3d0                _etext=.
                0x8008e3d0                etext=.

.data           0x8008e3d0        0x0
                0x8008e3d0                copy_start=.
 *(.shdata)
 *(.data)
 *(.gnu.linkonce.d.*)
                0x8008e3d0                .=ALIGN(0x10)
                0x8008e3d0                _edata=.
                0x8008e3d0                copy_end=.

.got
 *(.got.plt)
 *(.got)

EntryList       0x8008e3d0     0x1dc0
 *(EntryList)
 EntryList      0x8008e3d0      0x110 S2_String_Check.o
                0x8008e3d0                S2_String_Check_Entry
 EntryList      0x8008e4e0      0x110 S2_MPS_Text_Centering.o
                0x8008e4e0                S2_MPS_Text_Centering_Entry
 EntryList      0x8008e5f0      0x110 S2_Knob_Acceleration__Pkt_.o
                0x8008e5f0                S2_Knob_Acceleration__Pkt__Entry
 EntryList      0x8008e700      0x110 S2_DMPS_Text_Router_v1_0.o
                0x8008e700                S2_DMPS_Text_Router_v1_0_Entry
 EntryList      0x8008e810      0x110 S2_DMPS_Installer_Tools_v1_13.o
                0x8008e810                S2_DMPS_Installer_Tools_v1_13_Entry
 EntryList      0x8008e920      0x110 S2_APAD_Long_Text_Edit.o
                0x8008e920                S2_APAD_Long_Text_Edit_Entry
 EntryList      0x8008ea30      0x110 S2_UserProgCmd_Interface_v1_0.o
                0x8008ea30                S2_UserProgCmd_Interface_v1_0_Entry
 EntryList      0x8008eb40      0x110 S2_UserProgCmd_Interface_Serial_To_Analog_v1_0.o
                0x8008eb40                S2_UserProgCmd_Interface_Serial_To_Analog_v1_0_Entry
 EntryList      0x8008ec50      0x110 S2_DMPS_System_Info_V1_0_2.o
                0x8008ec50                S2_DMPS_System_Info_V1_0_2_Entry
 EntryList      0x8008ed60      0x110 S2_Single_Line_Scroller_v1_2.o
                0x8008ed60                S2_Single_Line_Scroller_v1_2_Entry
 EntryList      0x8008ee70      0x110 S2_IP_Address_Edit_with_Up_Down.o
                0x8008ee70                S2_IP_Address_Edit_with_Up_Down_Entry
 EntryList      0x8008ef80      0x110 S2_IP_Address_Edit_Acceleration.o
                0x8008ef80                S2_IP_Address_Edit_Acceleration_Entry
 EntryList      0x8008f090      0x110 S2_DMPS_Analog_To_String_Conversion_v1_1.o
                0x8008f090                S2_DMPS_Analog_To_String_Conversion_v1_1_Entry
 EntryList      0x8008f1a0      0x110 S2_DMPS_String_to_Analog_Conversion_v1_1.o
                0x8008f1a0                S2_DMPS_String_to_Analog_Conversion_v1_1_Entry
 EntryList      0x8008f2b0      0x110 S2_Display_Device_Sequence_Drive_v2a.o
                0x8008f2b0                S2_Display_Device_Sequence_Drive_v2a_Entry
 EntryList      0x8008f3c0      0x110 S2_Sanyo_PLC_XU100_Feedback_Processor.o
                0x8008f3c0                S2_Sanyo_PLC_XU100_Feedback_Processor_Entry
 EntryList      0x8008f4d0      0x110 S2_Epson_PowerLite_Pro_G5650W_Processor_v1_0.o
                0x8008f4d0                S2_Epson_PowerLite_Pro_G5650W_Processor_v1_0_Entry
 EntryList      0x8008f5e0      0x110 S2_Panasonic_PT_RZX70_v1_0_Processor.o
                0x8008f5e0                S2_Panasonic_PT_RZX70_v1_0_Processor_Entry
 EntryList      0x8008f6f0      0x110 S2_WolfVision_Eye_12_TCP_IP_Queue_v1_0.o
                0x8008f6f0                S2_WolfVision_Eye_12_TCP_IP_Queue_v1_0_Entry
 EntryList      0x8008f800      0x110 S2_Biamp_Tesira_Preset_Control_v1_5.o
                0x8008f800                S2_Biamp_Tesira_Preset_Control_v1_5_Entry
 EntryList      0x8008f910      0x110 S2_Biamp_Tesira_Command_Processor_v1_5.o
                0x8008f910                S2_Biamp_Tesira_Command_Processor_v1_5_Entry
 EntryList      0x8008fa20      0x110 S2_Sharp_LC_70LE745U_v1_0_Processor.o
                0x8008fa20                S2_Sharp_LC_70LE745U_v1_0_Processor_Entry
 EntryList      0x8008fb30      0x110 S2_NV_Analog_to_Disk.o
                0x8008fb30                S2_NV_Analog_to_Disk_Entry
 EntryList      0x8008fc40      0x110 S2_NTP_Time_Sync_v1_0.o
                0x8008fc40                S2_NTP_Time_Sync_v1_0_Entry
 EntryList      0x8008fd50      0x110 S2_Analog_to_Number.o
                0x8008fd50                S2_Analog_to_Number_Entry
 EntryList      0x8008fe60      0x110 S2_Analog_to_Number_Rev2.o
                0x8008fe60                S2_Analog_to_Number_Rev2_Entry
 EntryList      0x8008ff70      0x110 S2_RVSE2_Device_Usage_Que_v1_1a_.o
                0x8008ff70                S2_RVSE2_Device_Usage_Que_v1_1a__Entry
 EntryList      0x80090080      0x110 S2_RVSE_Device_Usage_v2_1_.o
                0x80090080                S2_RVSE_Device_Usage_v2_1__Entry
                0x80090190                .=ALIGN(0x4)

FunctionList    0x80090190        0x4
 *(FunctionList)
 FunctionList   0x80090190        0x4 globals.o
                0x80090190                g_pFunctions
                0x80090194                .=ALIGN(0x4)

.bss            0x80090194        0x0
                0x80090194                .=ALIGN(0x4)
                0x80090194                __bss_start=.
 *(.shbss)
 *(.bss)
 *(COMMON)
                0x80090198                _end=ALIGN(0x8)
                0x80090198                __end=_end

.stab
 *(.stab)

.stabstr
 *(.stabstr)

.debug
 *(.debug)

.line
 *(.line)

.debug_srcinfo
 *(.debug_srcinfo)

.debug_sfnames
 *(.debug_sfnames)

.debug_aranges
 *(.debug_aranges)

.debug_pubnames
 *(.debug_pubnames)

.debug_info
 *(.debug_info)

.debug_abbrev
 *(.debug_abbrev)

.debug_line
 *(.debug_line)

.debug_frame
 *(.debug_frame)

.debug_str
 *(.debug_str)

.debug_loc
 *(.debug_loc)

.debug_macinfo
 *(.debug_macinfo)

.debug_weaknames
 *(.debug_weaknames)

.debug_funcnames
 *(.debug_funcnames)

.debug_typenames
 *(.debug_typenames)

.debug_varnames
 *(.debug_varnames)
LOAD S2_String_Check.o
LOAD S2_MPS_Text_Centering.o
LOAD S2_Knob_Acceleration__Pkt_.o
LOAD S2_DMPS_Text_Router_v1_0.o
LOAD S2_DMPS_Installer_Tools_v1_13.o
LOAD S2_APAD_Long_Text_Edit.o
LOAD S2_UserProgCmd_Interface_v1_0.o
LOAD S2_UserProgCmd_Interface_Serial_To_Analog_v1_0.o
LOAD S2_DMPS_System_Info_V1_0_2.o
LOAD S2_Single_Line_Scroller_v1_2.o
LOAD S2_IP_Address_Edit_with_Up_Down.o
LOAD S2_IP_Address_Edit_Acceleration.o
LOAD S2_DMPS_Analog_To_String_Conversion_v1_1.o
LOAD S2_DMPS_String_to_Analog_Conversion_v1_1.o
LOAD S2_Display_Device_Sequence_Drive_v2a.o
LOAD S2_Sanyo_PLC_XU100_Feedback_Processor.o
LOAD S2_Epson_PowerLite_Pro_G5650W_Processor_v1_0.o
LOAD S2_Panasonic_PT_RZX70_v1_0_Processor.o
LOAD S2_WolfVision_Eye_12_TCP_IP_Queue_v1_0.o
LOAD S2_Biamp_Tesira_Preset_Control_v1_5.o
LOAD S2_Biamp_Tesira_Command_Processor_v1_5.o
LOAD S2_Sharp_LC_70LE745U_v1_0_Processor.o
LOAD S2_NV_Analog_to_Disk.o
LOAD S2_NTP_Time_Sync_v1_0.o
LOAD S2_Analog_to_Number.o
LOAD S2_Analog_to_Number_Rev2.o
LOAD S2_RVSE2_Device_Usage_Que_v1_1a_.o
LOAD S2_RVSE_Device_Usage_v2_1_.o
LOAD globals.o
LOAD library.o
OUTPUT(_S2_SM0264_20200207.spl elf32-m68k)

.comment        0x80090194      0x474
 .comment       0x80090194       0x26 S2_String_Check.o
 .comment       0x800901ba       0x26 S2_MPS_Text_Centering.o
 .comment       0x800901e0       0x26 S2_Knob_Acceleration__Pkt_.o
 .comment       0x80090206       0x26 S2_DMPS_Text_Router_v1_0.o
 .comment       0x8009022c       0x26 S2_DMPS_Installer_Tools_v1_13.o
 .comment       0x80090252       0x26 S2_APAD_Long_Text_Edit.o
 .comment       0x80090278       0x26 S2_UserProgCmd_Interface_v1_0.o
 .comment       0x8009029e       0x26 S2_UserProgCmd_Interface_Serial_To_Analog_v1_0.o
 .comment       0x800902c4       0x26 S2_DMPS_System_Info_V1_0_2.o
 .comment       0x800902ea       0x26 S2_Single_Line_Scroller_v1_2.o
 .comment       0x80090310       0x26 S2_IP_Address_Edit_with_Up_Down.o
 .comment       0x80090336       0x26 S2_IP_Address_Edit_Acceleration.o
 .comment       0x8009035c       0x26 S2_DMPS_Analog_To_String_Conversion_v1_1.o
 .comment       0x80090382       0x26 S2_DMPS_String_to_Analog_Conversion_v1_1.o
 .comment       0x800903a8       0x26 S2_Display_Device_Sequence_Drive_v2a.o
 .comment       0x800903ce       0x26 S2_Sanyo_PLC_XU100_Feedback_Processor.o
 .comment       0x800903f4       0x26 S2_Epson_PowerLite_Pro_G5650W_Processor_v1_0.o
 .comment       0x8009041a       0x26 S2_Panasonic_PT_RZX70_v1_0_Processor.o
 .comment       0x80090440       0x26 S2_WolfVision_Eye_12_TCP_IP_Queue_v1_0.o
 .comment       0x80090466       0x26 S2_Biamp_Tesira_Preset_Control_v1_5.o
 .comment       0x8009048c       0x26 S2_Biamp_Tesira_Command_Processor_v1_5.o
 .comment       0x800904b2       0x26 S2_Sharp_LC_70LE745U_v1_0_Processor.o
 .comment       0x800904d8       0x26 S2_NV_Analog_to_Disk.o
 .comment       0x800904fe       0x26 S2_NTP_Time_Sync_v1_0.o
 .comment       0x80090524       0x26 S2_Analog_to_Number.o
 .comment       0x8009054a       0x26 S2_Analog_to_Number_Rev2.o
 .comment       0x80090570       0x26 S2_RVSE2_Device_Usage_Que_v1_1a_.o
 .comment       0x80090596       0x26 S2_RVSE_Device_Usage_v2_1_.o
 .comment       0x800905bc       0x26 globals.o
 .comment       0x800905e2       0x26 library.o
