
Memory Configuration

Name             Origin             Length             Attributes
ram              0x80000000         0x00500000         xrw
*default*        0x00000000         0xffffffff

Linker script and memory map

                0x00000000                __DYNAMIC=0x0
                0x00400000                PROVIDE (__stack, 0x400000)
                0x00000000                PROVIDE (hardware_init_hook, 0x0)
                0x00000000                PROVIDE (_hardware_init_hook, 0x0)
                0x00000000                PROVIDE (software_init_hook, 0x0)
                0x00000000                PROVIDE (_software_init_hook, 0x0)

.text           0x80000000    0x71d80
 *(.text)
 .text          0x80000000      0x258 S2_String_Check.o
                0x80000000                S2_String_Check_EventHandler
                0x8000017e                S2_String_CheckEventHandler00000
                0x800000bc                S2_String_Check_main
 .text          0x80000258      0x94a S2_MPS_Text_Centering.o
                0x80000710                S2_MPS_Text_CenteringEventHandler00000
                0x800009c2                S2_MPS_Text_Centering_main
                0x800008f2                S2_MPS_Text_Centering_EventHandler
 *fill*         0x80000ba2        0x2
 .text          0x80000ba4      0xe48 S2_Knob_Acceleration__Pkt_.o
                0x80001518                S2_Knob_Acceleration__Pkt__main
                0x800011a6                S2_Knob_Acceleration__Pkt_EventHandler00000
                0x8000143a                S2_Knob_Acceleration__Pkt__EventHandler
 .text          0x800019ec     0x5420 S2_DMPS_Text_Router_v1_0.o
                0x80006c44                S2_DMPS_Text_Router_v1_0EventHandler00009
                0x80006bee                S2_DMPS_Text_Router_v1_0EventHandler00008
                0x800061aa                S2_DMPS_Text_Router_v1_0_main
                0x8000689c                S2_DMPS_Text_Router_v1_0EventHandler00001
                0x80006a8e                S2_DMPS_Text_Router_v1_0EventHandler00004
                0x80006d8a                S2_DMPS_Text_Router_v1_0EventHandler0000B
                0x80006b1a                S2_DMPS_Text_Router_v1_0EventHandler00007
                0x8000697a                S2_DMPS_Text_Router_v1_0EventHandler00002
                0x80005f66                S2_DMPS_Text_Router_v1_0_EventHandler
                0x800067be                S2_DMPS_Text_Router_v1_0EventHandler00000
                0x80003c78                S2_DMPS_Text_Router_v1_0EventHandler00005
                0x80004c2a                S2_DMPS_Text_Router_v1_0EventHandler00006
                0x80006a02                S2_DMPS_Text_Router_v1_0EventHandler00003
                0x80006ce6                S2_DMPS_Text_Router_v1_0EventHandler0000A
 .text          0x80006e0c    0x4be18 S2_DMPS_Installer_Tools_v1_13.o
                0x80042190                S2_DMPS_Installer_Tools_v1_13EventHandler00029
                0x80044cb0                S2_DMPS_Installer_Tools_v1_13EventHandler00051
                0x8003fbf0                S2_DMPS_Installer_Tools_v1_13EventHandler00014
                0x8005257a                S2_DMPS_Installer_Tools_v1_13EventHandler00044
                0x80016cea                S2_DMPS_Installer_Tools_v1_13EventHandler00001
                0x80012936                S2_DMPS_Installer_Tools_v1_13KEYPADIDWAIT
                0x80051fec                S2_DMPS_Installer_Tools_v1_13EventHandler0003B
                0x80052264                S2_DMPS_Installer_Tools_v1_13EventHandler0003F
                0x8001fc56                S2_DMPS_Installer_Tools_v1_13EventHandler00006
                0x800523a0                S2_DMPS_Installer_Tools_v1_13EventHandler00041
                0x8001b00a                S2_DMPS_Installer_Tools_v1_13EventHandler00004
                0x80052752                S2_DMPS_Installer_Tools_v1_13EventHandler00047
                0x80043a62                S2_DMPS_Installer_Tools_v1_13EventHandler0004D
                0x80046d84                S2_DMPS_Installer_Tools_v1_13_main
                0x800255d4                S2_DMPS_Installer_Tools_v1_13EventHandler0000A
                0x80042ce8                S2_DMPS_Installer_Tools_v1_13EventHandler0002F
                0x80051762                S2_DMPS_Installer_Tools_v1_13EventHandler00011
                0x80052b46                S2_DMPS_Installer_Tools_v1_13EventHandler00054
                0x80040cc6                S2_DMPS_Installer_Tools_v1_13EventHandler0001B
                0x80024c86                S2_DMPS_Installer_Tools_v1_13EventHandler00008
                0x8005288a                S2_DMPS_Installer_Tools_v1_13EventHandler00049
                0x80052bda                S2_DMPS_Installer_Tools_v1_13EventHandler00056
                0x80051eb0                S2_DMPS_Installer_Tools_v1_13EventHandler00039
                0x800517ee                S2_DMPS_Installer_Tools_v1_13EventHandler00019
                0x80041636                S2_DMPS_Installer_Tools_v1_13EventHandler00022
                0x80041cbe                S2_DMPS_Installer_Tools_v1_13EventHandler00026
                0x800516e6                S2_DMPS_Installer_Tools_v1_13PASSWORDWAIT
                0x800521c6                S2_DMPS_Installer_Tools_v1_13EventHandler0003E
                0x80052926                S2_DMPS_Installer_Tools_v1_13EventHandler0004A
                0x80040ffe                S2_DMPS_Installer_Tools_v1_13EventHandler0001C
                0x8004352a                S2_DMPS_Installer_Tools_v1_13EventHandler00032
                0x80052afc                S2_DMPS_Installer_Tools_v1_13EventHandler00053
                0x800424b0                S2_DMPS_Installer_Tools_v1_13EventHandler0002B
                0x800403cc                S2_DMPS_Installer_Tools_v1_13EventHandler00016
                0x80051b9a                S2_DMPS_Installer_Tools_v1_13EventHandler00034
                0x8003ddda                S2_DMPS_Installer_Tools_v1_13EventHandler0000E
                0x80046c60                S2_DMPS_Installer_Tools_v1_13_EventHandler
                0x800526b6                S2_DMPS_Installer_Tools_v1_13EventHandler00046
                0x8002575c                S2_DMPS_Installer_Tools_v1_13EventHandler0000B
                0x80052a5e                S2_DMPS_Installer_Tools_v1_13EventHandler0004E
                0x800172e6                S2_DMPS_Installer_Tools_v1_13EventHandler00003
                0x80052302                S2_DMPS_Installer_Tools_v1_13EventHandler00040
                0x80051f4e                S2_DMPS_Installer_Tools_v1_13EventHandler0003A
                0x8001b53e                S2_DMPS_Installer_Tools_v1_13EventHandler00005
                0x800527ee                S2_DMPS_Installer_Tools_v1_13EventHandler00048
                0x80052b90                S2_DMPS_Installer_Tools_v1_13EventHandler00055
                0x80051a2a                S2_DMPS_Installer_Tools_v1_13EventHandler0001E
                0x8002544c                S2_DMPS_Installer_Tools_v1_13EventHandler00009
                0x80043400                S2_DMPS_Installer_Tools_v1_13EventHandler00031
                0x8003e474                S2_DMPS_Installer_Tools_v1_13EventHandler00010
                0x8004197a                S2_DMPS_Installer_Tools_v1_13EventHandler00024
                0x8004373e                S2_DMPS_Installer_Tools_v1_13EventHandler0004C
                0x8004295c                S2_DMPS_Installer_Tools_v1_13EventHandler0002E
                0x80051cd6                S2_DMPS_Installer_Tools_v1_13EventHandler00036
                0x80042002                S2_DMPS_Installer_Tools_v1_13EventHandler00028
                0x80051e12                S2_DMPS_Installer_Tools_v1_13EventHandler00038
                0x8003d91e                S2_DMPS_Installer_Tools_v1_13RESTOREAUDIODEFAULTSWAIT
                0x8004263e                S2_DMPS_Installer_Tools_v1_13EventHandler0002C
                0x800407ba                S2_DMPS_Installer_Tools_v1_13EventHandler00017
                0x8003db7c                S2_DMPS_Installer_Tools_v1_13RESTOREDEFAULTSWAIT
                0x800529c2                S2_DMPS_Installer_Tools_v1_13EventHandler0004B
                0x80051afc                S2_DMPS_Installer_Tools_v1_13EventHandler00033
                0x8004451e                S2_DMPS_Installer_Tools_v1_13EventHandler00050
                0x80042320                S2_DMPS_Installer_Tools_v1_13EventHandler0002A
                0x8003faaa                S2_DMPS_Installer_Tools_v1_13EventHandler00013
                0x80045442                S2_DMPS_Installer_Tools_v1_13EventHandler00052
                0x8003ffde                S2_DMPS_Installer_Tools_v1_13EventHandler00015
                0x80029752                S2_DMPS_Installer_Tools_v1_13EventHandler0000C
                0x80043d8c                S2_DMPS_Installer_Tools_v1_13EventHandler0004F
                0x8005208a                S2_DMPS_Installer_Tools_v1_13EventHandler0003C
                0x800298ca                S2_DMPS_Installer_Tools_v1_13EventHandler0000D
                0x80045f7e                S2_DMPS_Installer_Tools_v1_13EventHandler00058
                0x800524dc                S2_DMPS_Installer_Tools_v1_13EventHandler00043
                0x80016696                S2_DMPS_Installer_Tools_v1_13EventHandler00000
                0x8002041c                S2_DMPS_Installer_Tools_v1_13EventHandler00007
                0x8005243e                S2_DMPS_Installer_Tools_v1_13EventHandler00042
                0x80052618                S2_DMPS_Installer_Tools_v1_13EventHandler00045
                0x80051724                S2_DMPS_Installer_Tools_v1_13WRONGPASSWORDWAIT
                0x8001704a                S2_DMPS_Installer_Tools_v1_13EventHandler00002
                0x8003ea88                S2_DMPS_Installer_Tools_v1_13EventHandler00012
                0x80045bd4                S2_DMPS_Installer_Tools_v1_13EventHandler00057
                0x800518c6                S2_DMPS_Installer_Tools_v1_13EventHandler0001A
                0x8004118c                S2_DMPS_Installer_Tools_v1_13EventHandler0001F
                0x80043074                S2_DMPS_Installer_Tools_v1_13EventHandler00030
                0x80051d74                S2_DMPS_Installer_Tools_v1_13EventHandler00037
                0x8003e148                S2_DMPS_Installer_Tools_v1_13EventHandler0000F
                0x800417d8                S2_DMPS_Installer_Tools_v1_13EventHandler00023
                0x80041b1c                S2_DMPS_Installer_Tools_v1_13EventHandler00025
                0x800427cc                S2_DMPS_Installer_Tools_v1_13EventHandler0002D
                0x80040a40                S2_DMPS_Installer_Tools_v1_13EventHandler00018
                0x800414a8                S2_DMPS_Installer_Tools_v1_13EventHandler00021
                0x8004131a                S2_DMPS_Installer_Tools_v1_13EventHandler00020
                0x80041e60                S2_DMPS_Installer_Tools_v1_13EventHandler00027
                0x8005199e                S2_DMPS_Installer_Tools_v1_13EventHandler0001D
                0x80051c38                S2_DMPS_Installer_Tools_v1_13EventHandler00035
                0x80052128                S2_DMPS_Installer_Tools_v1_13EventHandler0003D
 .text          0x80052c24     0x2168 S2_APAD_Long_Text_Edit.o
                0x80054ca4                S2_APAD_Long_Text_EditEventHandler0000D
                0x800546fe                S2_APAD_Long_Text_Edit_main
                0x80053958                S2_APAD_Long_Text_EditEventHandler00005
                0x800548f2                S2_APAD_Long_Text_EditEventHandler00002
                0x80054b6e                S2_APAD_Long_Text_EditEventHandler0000A
                0x80053f50                S2_APAD_Long_Text_EditEventHandler00007
                0x80054baa                S2_APAD_Long_Text_EditEventHandler0000B
                0x80053b80                S2_APAD_Long_Text_EditEventHandler00006
                0x800549b4                S2_APAD_Long_Text_EditEventHandler00003
                0x80054be6                S2_APAD_Long_Text_EditEventHandler0000C
                0x80054a4c                S2_APAD_Long_Text_EditEventHandler00008
                0x80054618                S2_APAD_Long_Text_Edit_EventHandler
                0x8005432a                S2_APAD_Long_Text_EditEventHandler00009
                0x80053442                S2_APAD_Long_Text_EditEventHandler00000
                0x800536f6                S2_APAD_Long_Text_EditEventHandler00004
                0x8005359c                S2_APAD_Long_Text_EditEventHandler00001
 .text          0x80054d8c     0x1078 S2_UserProgCmd_Interface_v1_0.o
                0x80054ea6                S2_UserProgCmd_Interface_v1_0EventHandler00000
                0x80055c8c                S2_UserProgCmd_Interface_v1_0_main
                0x80055ba8                S2_UserProgCmd_Interface_v1_0_EventHandler
 .text          0x80055e04      0x34c S2_UserProgCmd_Interface_Serial_To_Analog_v1_0.o
                0x80055f02                S2_UserProgCmd_Interface_Serial_To_Analog_v1_0_main
                0x80055e04                S2_UserProgCmd_Interface_Serial_To_Analog_v1_0_EventHandler
                0x800560c0                S2_UserProgCmd_Interface_Serial_To_Analog_v1_0EventHandler00001
                0x80055fce                S2_UserProgCmd_Interface_Serial_To_Analog_v1_0EventHandler00000
 .text          0x80056150     0x32b4 S2_DMPS_System_Info_V1_0_2.o
                0x80058f96                S2_DMPS_System_Info_V1_0_2EventHandler00002
                0x80059362                S2_DMPS_System_Info_V1_0_2EventHandler00008
                0x8005921e                S2_DMPS_System_Info_V1_0_2EventHandler00006
                0x80056150                S2_DMPS_System_Info_V1_0_2EventHandler00000
                0x80059038                S2_DMPS_System_Info_V1_0_2EventHandler00003
                0x80058c28                S2_DMPS_System_Info_V1_0_2_EventHandler
                0x80058cda                S2_DMPS_System_Info_V1_0_2_main
                0x80056558                S2_DMPS_System_Info_V1_0_2EventHandler00001
                0x80058ee2                S2_DMPS_System_Info_V1_0_2__SPLS_TMPVAR__WAITLABEL_0__
                0x8005917c                S2_DMPS_System_Info_V1_0_2EventHandler00005
                0x800590da                S2_DMPS_System_Info_V1_0_2EventHandler00004
                0x800592c0                S2_DMPS_System_Info_V1_0_2EventHandler00007
 .text          0x80059404     0x1e9c S2_Single_Line_Scroller_v1_2.o
                0x80059ab4                S2_Single_Line_Scroller_v1_2EventHandler00000
                0x8005a08a                S2_Single_Line_Scroller_v1_2EventHandler00001
                0x8005ae64                S2_Single_Line_Scroller_v1_2_main
                0x8005a22a                S2_Single_Line_Scroller_v1_2EventHandler00002
                0x8005b212                S2_Single_Line_Scroller_v1_2EventHandler00006
                0x8005aa82                S2_Single_Line_Scroller_v1_2EventHandler00007
                0x8005ad98                S2_Single_Line_Scroller_v1_2_EventHandler
                0x8005a86a                S2_Single_Line_Scroller_v1_2EventHandler00005
                0x8005a47e                S2_Single_Line_Scroller_v1_2EventHandler00003
                0x8005a6be                S2_Single_Line_Scroller_v1_2EventHandler00004
 .text          0x8005b2a0     0x1140 S2_IP_Address_Edit_with_Up_Down.o
                0x8005c368                S2_IP_Address_Edit_with_Up_DownEventHandler00000
                0x8005c3a4                S2_IP_Address_Edit_with_Up_DownEventHandler00001
                0x8005bfbc                S2_IP_Address_Edit_with_Up_Down_EventHandler
                0x8005c0aa                S2_IP_Address_Edit_with_Up_Down_main
 .text          0x8005c3e0      0xd38 S2_IP_Address_Edit_Acceleration.o
                0x8005c8b4                S2_IP_Address_Edit_AccelerationEventHandler00000
                0x8005cb48                S2_IP_Address_Edit_Acceleration_EventHandler
                0x8005cc26                S2_IP_Address_Edit_Acceleration_main
 .text          0x8005d118      0x53c S2_DMPS_Analog_To_String_Conversion_v1_1.o
                0x8005d118                S2_DMPS_Analog_To_String_Conversion_v1_1EventHandler00000
                0x8005d538                S2_DMPS_Analog_To_String_Conversion_v1_1_EventHandler
                0x8005d5f4                S2_DMPS_Analog_To_String_Conversion_v1_1_main
 .text          0x8005d654      0x31c S2_DMPS_String_to_Analog_Conversion_v1_1.o
                0x8005d8e0                S2_DMPS_String_to_Analog_Conversion_v1_1_main
                0x8005d654                S2_DMPS_String_to_Analog_Conversion_v1_1EventHandler00000
                0x8005d83a                S2_DMPS_String_to_Analog_Conversion_v1_1_EventHandler
 .text          0x8005d970     0x2d34 S2_NTP_Time_Sync_v1_0.o
                0x80060540                S2_NTP_Time_Sync_v1_0_main
                0x80060194                S2_NTP_Time_Sync_v1_0EventHandler00001
                0x80060434                S2_NTP_Time_Sync_v1_0_EventHandler
                0x8005fe8a                S2_NTP_Time_Sync_v1_0SERVERWAIT
                0x8005fb1a                S2_NTP_Time_Sync_v1_0EventHandler00000
 .text          0x800606a4     0x1100 S2_Panasonic_PT_FW300NT_v1_0_Processor.o
                0x80061324                S2_Panasonic_PT_FW300NT_v1_0_Processor_EventHandler
                0x800607e0                S2_Panasonic_PT_FW300NT_v1_0_ProcessorEventHandler00003
                0x800616c0                S2_Panasonic_PT_FW300NT_v1_0_ProcessorEventHandler00001
                0x8006143c                S2_Panasonic_PT_FW300NT_v1_0_Processor_main
                0x800606a4                S2_Panasonic_PT_FW300NT_v1_0_ProcessorEventHandler00002
                0x800615e0                S2_Panasonic_PT_FW300NT_v1_0_ProcessorEventHandler00000
 .text          0x800617a4      0xc2c S2_WolfVision_Eye_12_TCP_IP_Queue_v1_0.o
                0x800622c4                S2_WolfVision_Eye_12_TCP_IP_Queue_v1_0EventHandler00002
                0x80061b38                S2_WolfVision_Eye_12_TCP_IP_Queue_v1_0EventHandler00005
                0x800620a2                S2_WolfVision_Eye_12_TCP_IP_Queue_v1_0_main
                0x8006221e                S2_WolfVision_Eye_12_TCP_IP_Queue_v1_0WTIMEOUT
                0x8006231e                S2_WolfVision_Eye_12_TCP_IP_Queue_v1_0EventHandler00003
                0x8006226c                S2_WolfVision_Eye_12_TCP_IP_Queue_v1_0EventHandler00000
                0x800617a4                S2_WolfVision_Eye_12_TCP_IP_Queue_v1_0EventHandler00001
                0x80062376                S2_WolfVision_Eye_12_TCP_IP_Queue_v1_0EventHandler00004
                0x80061fdc                S2_WolfVision_Eye_12_TCP_IP_Queue_v1_0_EventHandler
 .text          0x800623d0      0xfe8 S2_RVSE2_Device_Usage_Que_v1_1a_.o
                0x80063352                S2_RVSE2_Device_Usage_Que_v1_1a_EventHandler00000
                0x800626aa                S2_RVSE2_Device_Usage_Que_v1_1a_EventHandler00001
                0x8006310c                S2_RVSE2_Device_Usage_Que_v1_1a__main
                0x8006302c                S2_RVSE2_Device_Usage_Que_v1_1a__EventHandler
 .text          0x800633b8      0xa6e S2_RVSE_Device_Usage_v2_1_.o
                0x80063cae                S2_RVSE_Device_Usage_v2_1_EventHandler00002
                0x80063ace                S2_RVSE_Device_Usage_v2_1__main
                0x800637d4                S2_RVSE_Device_Usage_v2_1_EventHandler00000
                0x80063c14                S2_RVSE_Device_Usage_v2_1_EventHandler00001
                0x80063d58                S2_RVSE_Device_Usage_v2_1_EventHandler00003
                0x80063a08                S2_RVSE_Device_Usage_v2_1__EventHandler
 *fill*         0x80063e26        0x2
 .text          0x80063e28      0x808 S2_Analog_to_Number.o
                0x80063e28                S2_Analog_to_NumberEventHandler00000
                0x8006454a                S2_Analog_to_Number_EventHandler
                0x800645ea                S2_Analog_to_Number_main
 .text          0x80064630     0x5836 library.o
                0x8006881c                RotateRightLong
                0x80068e2a                IsSystem
                0x80068780                Seed
                0x80066078                Remove
                0x800683fc                Ltoa
                0x80068128                Atoi
                0x80067490                InitRampInfoArray
                0x80068bd6                Right
                0x80069c06                LockInputSema
                0x800686aa                Mod
                0x80068892                Getc
                0x800685de                SMuldiv
                0x80068e0c                IsHidden
                0x800684c2                Min
                0x80069a1a                hextosi
                0x80068fb0                WriteIntegerArray
                0x80069526                GetSignedIntArrayElementPtr
                0x80067e4a                CheckStructArray
                0x80069a2e                hextosl
                0x80069136                WriteSignedIntegerArray
                0x80067b12                InitStringParamArray
                0x80066de4                ReadSignedLongIntegerArray
                0x80065d06                GatherToDelimiter
                0x80067936                InitStringArray
                0x8006849c                Max
                0x80068e66                IsReadOnly
                0x800685a6                SMax
                0x80065eaa                GatherByLength
                0x80068336                Chr
                0x80068f88                ReadSignedLongInteger
                0x800683b4                Itohex
                0x80067dbc                GetStructArrayElement
                0x800680b0                UNS_SetByte
                0x80068baa                ReverseFindi
                0x8006728c                ReadStringArray
                0x80069336                GetIntArrayElementPtr
                0x800689e6                Lower
                0x8006879c                RotateLeft
                0x80069b4e                ResizeIfAutogrow
                0x800675bc                CheckInputArray
                0x80064b9e                ResizeStringArray
                0x800682c8                Atosl
                0x800680f0                High
                0x8006874c                Rnd
                0x8006866e                UMod
                0x800687f2                RotateLeftLong
                0x80069c7a                FindNumericChar
                0x8006977e                CheckIOArrayBounds2
                0x80068dc4                MakeProgramFilename
                0x800685c2                SMin
                0x8006891a                Left
                0x8006885c                CheckBufferThreshold
                0x80068f40                ReadSignedInteger
                0x8006811a                LowWord
                0x80064630                Bit
                0x80068ef0                ReadLongInteger
                0x80067f2e                Byte
                0x8006942e                GetLongArrayElementPtr
                0x80068b7c                ReverseFind
                0x80068dda                GetSeries
                0x80069d46                InitTcpServer
                0x800689ce                Len
                0x8006984e                InitializeRampInfoInternal
                0x800684e8                Divide
                0x80068234                Atol
                0x80068dd0                GetModelNumber
                0x80069716                CheckIOArrayBounds
                0x80067616                CheckStringInputArray
                0x800691f8                WriteSignedLongIntegerArray
                0x80067d06                GetStringArrayElement
                0x80068440                Ltohex
                0x8006836c                Itoa
                0x800687c6                RotateRight
                0x80066366                InternalReverseFind
                0x80068ed0                WriteLongInteger
                0x8006783a                InitDynamicStringStruct
                0x8006772c                SetStringArray
                0x80066bc2                ReadSignedIntegerArray
                0x80067670                SetOutputArray
                0x80068e80                WriteInteger
                0x80067c9a                InitStructDynamicArray
                0x800665f0                SetString
                0x800686e6                Random
                0x80068f18                WriteSignedInteger
                0x80064894                Find
                0x80068de4                GetProgramNumber
                0x80068aba                Mid
                0x80069cb8                InitTcpClient
                0x80065782                ResizeStructArray
                0x8006961e                GetSignedLongArrayElementPtr
                0x80069a40                hextol
                0x80067006                ReadString
                0x800679cc                InitDynamicStringArray
                0x80069b26                UpperChar
                0x800681c4                Atosi
                0x80068ea8                ReadInteger
                0x8006855a                Muldiv
                0x800676de                SetStringOutputArray
                0x800692bc                WriteString
                0x800651f6                ResizeIntegerArray
                0x80067584                InitInOutArray
                0x80067bda                InitNvramStringArray
                0x80068484                Abs
                0x8006862a                SDivide
                0x80066780                ReadIntegerArray
                0x80064740                CompareStrings
                0x80069afe                LowerChar
                0x80069dd6                InitUdpSocket
                0x80068844                ClearBuffer
                0x80068c92                Upper
                0x80067c76                InitStructArray
                0x80068d68                MakeLower
                0x80068e48                IsVolume
                0x800661d2                RemoveByLength
                0x80067ec6                CheckStringOutputArrayIndex
                0x80069072                WriteLongIntegerArray
                0x800698fa                InitRampInfoStructArray
                0x8006810c                HighWord
                0x80064a08                ResizeString
                0x80068dee                IsDirectory
                0x800669a0                ReadLongIntegerArray
                0x800680fe                Low
                0x80065bac                Gather
                0x80068d96                MakeUpper
                0x800677fc                InitStringStruct
                0x800697e6                CheckStringArrayBounds
                0x8006852c                CheckDenominator
                0x80069a02                hextoi
                0x80067124                WriteStringArray
                0x80067fee                SetByte
                0x800698a4                InitializeRampInfo
                0x80069c40                UnLockInputSema
                0x80068f68                WriteSignedLongInteger
                0x800678ee                InitNvramStringStruct
 *fill*         0x80069e66        0xa
                0x80069e70                .=ALIGN(0x10)
 *(.eh_frame)
                0x80069e70                .=ALIGN(0x10)
 *(.gnu.linkonce.t.*)
                0x80069e70                .=ALIGN(0x4)
                0x80069e70                __CTOR_LIST__=.
                0x80069e70                ___CTOR_LIST__=.
                0x80069e70        0x4 LONG 0x0 (((__CTOR_END__-__CTOR_LIST__)/0x4)-0x2)
 *(.ctors)
                0x80069e74        0x4 LONG 0x0
                0x80069e78                __CTOR_END__=.
                0x80069e78                __DTOR_LIST__=.
                0x80069e78                ___DTOR_LIST__=.
                0x80069e78        0x4 LONG 0x0 (((__DTOR_END__-__DTOR_LIST__)/0x4)-0x2)
 *(.dtors)
                0x80069e7c        0x4 LONG 0x0
                0x80069e80                __DTOR_END__=.
 *(.rodata)
 .rodata        0x80069e80      0x23b S2_String_Check.o
 .rodata        0x8006a0bb      0x2f5 S2_MPS_Text_Centering.o
 .rodata        0x8006a3b0      0x3fb S2_Knob_Acceleration__Pkt_.o
 .rodata        0x8006a7ab      0x687 S2_DMPS_Text_Router_v1_0.o
 .rodata        0x8006ae32     0x2b1d S2_DMPS_Installer_Tools_v1_13.o
 .rodata        0x8006d94f      0x3b7 S2_APAD_Long_Text_Edit.o
 .rodata        0x8006dd06      0x457 S2_UserProgCmd_Interface_v1_0.o
 .rodata        0x8006e15d      0x24a S2_UserProgCmd_Interface_Serial_To_Analog_v1_0.o
 .rodata        0x8006e3a7      0x814 S2_DMPS_System_Info_V1_0_2.o
 .rodata        0x8006ebbb      0x38d S2_Single_Line_Scroller_v1_2.o
 .rodata        0x8006ef48      0x261 S2_IP_Address_Edit_with_Up_Down.o
 .rodata        0x8006f1a9      0x2de S2_IP_Address_Edit_Acceleration.o
 .rodata        0x8006f487      0x2d2 S2_DMPS_Analog_To_String_Conversion_v1_1.o
 .rodata        0x8006f759      0x23b S2_DMPS_String_to_Analog_Conversion_v1_1.o
 .rodata        0x8006f994      0x836 S2_NTP_Time_Sync_v1_0.o
 .rodata        0x800701ca      0x310 S2_Panasonic_PT_FW300NT_v1_0_Processor.o
 .rodata        0x800704da      0x2c7 S2_WolfVision_Eye_12_TCP_IP_Queue_v1_0.o
 .rodata        0x800707a1      0x40d S2_RVSE2_Device_Usage_Que_v1_1a_.o
 .rodata        0x80070bae      0x31d S2_RVSE_Device_Usage_v2_1_.o
 .rodata        0x80070ecb      0x24c S2_Analog_to_Number.o
 .rodata        0x80071117      0xc54 library.o
 *(.gcc_except_table)
 *fill*         0x80071d6b        0x1
                0x80071d6c                .=ALIGN(0x2)
                0x80071d6c                __INIT_SECTION__=.
                0x80071d6c        0x4 LONG 0x4e560000
 *(.init)
                0x80071d70        0x2 SHORT 0x4e5e
                0x80071d72        0x2 SHORT 0x4e75
                0x80071d74                __FINI_SECTION__=.
                0x80071d74        0x4 LONG 0x4e560000
 *(.fini)
                0x80071d78        0x2 SHORT 0x4e5e
                0x80071d7a        0x2 SHORT 0x4e75
 *(.lit)
 *fill*         0x80071d7c        0x4
                0x80071d80                .=ALIGN(0x10)
                0x80071d80                _etext=.
                0x80071d80                etext=.

.data           0x80071d80        0x0
                0x80071d80                copy_start=.
 *(.shdata)
 *(.data)
 *(.gnu.linkonce.d.*)
                0x80071d80                .=ALIGN(0x10)
                0x80071d80                _edata=.
                0x80071d80                copy_end=.

.got
 *(.got.plt)
 *(.got)

EntryList       0x80071d80     0x1540
 *(EntryList)
 EntryList      0x80071d80      0x110 S2_String_Check.o
                0x80071d80                S2_String_Check_Entry
 EntryList      0x80071e90      0x110 S2_MPS_Text_Centering.o
                0x80071e90                S2_MPS_Text_Centering_Entry
 EntryList      0x80071fa0      0x110 S2_Knob_Acceleration__Pkt_.o
                0x80071fa0                S2_Knob_Acceleration__Pkt__Entry
 EntryList      0x800720b0      0x110 S2_DMPS_Text_Router_v1_0.o
                0x800720b0                S2_DMPS_Text_Router_v1_0_Entry
 EntryList      0x800721c0      0x110 S2_DMPS_Installer_Tools_v1_13.o
                0x800721c0                S2_DMPS_Installer_Tools_v1_13_Entry
 EntryList      0x800722d0      0x110 S2_APAD_Long_Text_Edit.o
                0x800722d0                S2_APAD_Long_Text_Edit_Entry
 EntryList      0x800723e0      0x110 S2_UserProgCmd_Interface_v1_0.o
                0x800723e0                S2_UserProgCmd_Interface_v1_0_Entry
 EntryList      0x800724f0      0x110 S2_UserProgCmd_Interface_Serial_To_Analog_v1_0.o
                0x800724f0                S2_UserProgCmd_Interface_Serial_To_Analog_v1_0_Entry
 EntryList      0x80072600      0x110 S2_DMPS_System_Info_V1_0_2.o
                0x80072600                S2_DMPS_System_Info_V1_0_2_Entry
 EntryList      0x80072710      0x110 S2_Single_Line_Scroller_v1_2.o
                0x80072710                S2_Single_Line_Scroller_v1_2_Entry
 EntryList      0x80072820      0x110 S2_IP_Address_Edit_with_Up_Down.o
                0x80072820                S2_IP_Address_Edit_with_Up_Down_Entry
 EntryList      0x80072930      0x110 S2_IP_Address_Edit_Acceleration.o
                0x80072930                S2_IP_Address_Edit_Acceleration_Entry
 EntryList      0x80072a40      0x110 S2_DMPS_Analog_To_String_Conversion_v1_1.o
                0x80072a40                S2_DMPS_Analog_To_String_Conversion_v1_1_Entry
 EntryList      0x80072b50      0x110 S2_DMPS_String_to_Analog_Conversion_v1_1.o
                0x80072b50                S2_DMPS_String_to_Analog_Conversion_v1_1_Entry
 EntryList      0x80072c60      0x110 S2_NTP_Time_Sync_v1_0.o
                0x80072c60                S2_NTP_Time_Sync_v1_0_Entry
 EntryList      0x80072d70      0x110 S2_Panasonic_PT_FW300NT_v1_0_Processor.o
                0x80072d70                S2_Panasonic_PT_FW300NT_v1_0_Processor_Entry
 EntryList      0x80072e80      0x110 S2_WolfVision_Eye_12_TCP_IP_Queue_v1_0.o
                0x80072e80                S2_WolfVision_Eye_12_TCP_IP_Queue_v1_0_Entry
 EntryList      0x80072f90      0x110 S2_RVSE2_Device_Usage_Que_v1_1a_.o
                0x80072f90                S2_RVSE2_Device_Usage_Que_v1_1a__Entry
 EntryList      0x800730a0      0x110 S2_RVSE_Device_Usage_v2_1_.o
                0x800730a0                S2_RVSE_Device_Usage_v2_1__Entry
 EntryList      0x800731b0      0x110 S2_Analog_to_Number.o
                0x800731b0                S2_Analog_to_Number_Entry
                0x800732c0                .=ALIGN(0x4)

FunctionList    0x800732c0        0x4
 *(FunctionList)
 FunctionList   0x800732c0        0x4 globals.o
                0x800732c0                g_pFunctions
                0x800732c4                .=ALIGN(0x4)

.bss            0x800732c4        0x0
                0x800732c4                .=ALIGN(0x4)
                0x800732c4                __bss_start=.
 *(.shbss)
 *(.bss)
 *(COMMON)
                0x800732c8                _end=ALIGN(0x8)
                0x800732c8                __end=_end

.stab
 *(.stab)

.stabstr
 *(.stabstr)

.debug
 *(.debug)

.line
 *(.line)

.debug_srcinfo
 *(.debug_srcinfo)

.debug_sfnames
 *(.debug_sfnames)

.debug_aranges
 *(.debug_aranges)

.debug_pubnames
 *(.debug_pubnames)

.debug_info
 *(.debug_info)

.debug_abbrev
 *(.debug_abbrev)

.debug_line
 *(.debug_line)

.debug_frame
 *(.debug_frame)

.debug_str
 *(.debug_str)

.debug_loc
 *(.debug_loc)

.debug_macinfo
 *(.debug_macinfo)

.debug_weaknames
 *(.debug_weaknames)

.debug_funcnames
 *(.debug_funcnames)

.debug_typenames
 *(.debug_typenames)

.debug_varnames
 *(.debug_varnames)
LOAD S2_String_Check.o
LOAD S2_MPS_Text_Centering.o
LOAD S2_Knob_Acceleration__Pkt_.o
LOAD S2_DMPS_Text_Router_v1_0.o
LOAD S2_DMPS_Installer_Tools_v1_13.o
LOAD S2_APAD_Long_Text_Edit.o
LOAD S2_UserProgCmd_Interface_v1_0.o
LOAD S2_UserProgCmd_Interface_Serial_To_Analog_v1_0.o
LOAD S2_DMPS_System_Info_V1_0_2.o
LOAD S2_Single_Line_Scroller_v1_2.o
LOAD S2_IP_Address_Edit_with_Up_Down.o
LOAD S2_IP_Address_Edit_Acceleration.o
LOAD S2_DMPS_Analog_To_String_Conversion_v1_1.o
LOAD S2_DMPS_String_to_Analog_Conversion_v1_1.o
LOAD S2_NTP_Time_Sync_v1_0.o
LOAD S2_Panasonic_PT_FW300NT_v1_0_Processor.o
LOAD S2_WolfVision_Eye_12_TCP_IP_Queue_v1_0.o
LOAD S2_RVSE2_Device_Usage_Que_v1_1a_.o
LOAD S2_RVSE_Device_Usage_v2_1_.o
LOAD S2_Analog_to_Number.o
LOAD globals.o
LOAD library.o
OUTPUT(_S2_VB0101_DMB_20191127.spl elf32-m68k)

.comment        0x800732c4      0x344
 .comment       0x800732c4       0x26 S2_String_Check.o
 .comment       0x800732ea       0x26 S2_MPS_Text_Centering.o
 .comment       0x80073310       0x26 S2_Knob_Acceleration__Pkt_.o
 .comment       0x80073336       0x26 S2_DMPS_Text_Router_v1_0.o
 .comment       0x8007335c       0x26 S2_DMPS_Installer_Tools_v1_13.o
 .comment       0x80073382       0x26 S2_APAD_Long_Text_Edit.o
 .comment       0x800733a8       0x26 S2_UserProgCmd_Interface_v1_0.o
 .comment       0x800733ce       0x26 S2_UserProgCmd_Interface_Serial_To_Analog_v1_0.o
 .comment       0x800733f4       0x26 S2_DMPS_System_Info_V1_0_2.o
 .comment       0x8007341a       0x26 S2_Single_Line_Scroller_v1_2.o
 .comment       0x80073440       0x26 S2_IP_Address_Edit_with_Up_Down.o
 .comment       0x80073466       0x26 S2_IP_Address_Edit_Acceleration.o
 .comment       0x8007348c       0x26 S2_DMPS_Analog_To_String_Conversion_v1_1.o
 .comment       0x800734b2       0x26 S2_DMPS_String_to_Analog_Conversion_v1_1.o
 .comment       0x800734d8       0x26 S2_NTP_Time_Sync_v1_0.o
 .comment       0x800734fe       0x26 S2_Panasonic_PT_FW300NT_v1_0_Processor.o
 .comment       0x80073524       0x26 S2_WolfVision_Eye_12_TCP_IP_Queue_v1_0.o
 .comment       0x8007354a       0x26 S2_RVSE2_Device_Usage_Que_v1_1a_.o
 .comment       0x80073570       0x26 S2_RVSE_Device_Usage_v2_1_.o
 .comment       0x80073596       0x26 S2_Analog_to_Number.o
 .comment       0x800735bc       0x26 globals.o
 .comment       0x800735e2       0x26 library.o
