
Memory Configuration

Name             Origin             Length             Attributes
ram              0x80000000         0x00500000         xrw
*default*        0x00000000         0xffffffff

Linker script and memory map

                0x00000000                __DYNAMIC=0x0
                0x00400000                PROVIDE (__stack, 0x400000)
                0x00000000                PROVIDE (hardware_init_hook, 0x0)
                0x00000000                PROVIDE (_hardware_init_hook, 0x0)
                0x00000000                PROVIDE (software_init_hook, 0x0)
                0x00000000                PROVIDE (_software_init_hook, 0x0)

.text           0x80000000    0x7b8e0
 *(.text)
 .text          0x80000000      0x258 S2_String_Check.o
                0x80000000                S2_String_Check_EventHandler
                0x8000017e                S2_String_CheckEventHandler00000
                0x800000bc                S2_String_Check_main
 .text          0x80000258      0x94a S2_MPS_Text_Centering.o
                0x80000710                S2_MPS_Text_CenteringEventHandler00000
                0x800009c2                S2_MPS_Text_Centering_main
                0x800008f2                S2_MPS_Text_Centering_EventHandler
 *fill*         0x80000ba2        0x2
 .text          0x80000ba4      0xe48 S2_Knob_Acceleration__Pkt_.o
                0x80001518                S2_Knob_Acceleration__Pkt__main
                0x800011a6                S2_Knob_Acceleration__Pkt_EventHandler00000
                0x8000143a                S2_Knob_Acceleration__Pkt__EventHandler
 .text          0x800019ec     0x5420 S2_DMPS_Text_Router_v1_0.o
                0x80006c44                S2_DMPS_Text_Router_v1_0EventHandler00009
                0x80006bee                S2_DMPS_Text_Router_v1_0EventHandler00008
                0x800061aa                S2_DMPS_Text_Router_v1_0_main
                0x8000689c                S2_DMPS_Text_Router_v1_0EventHandler00001
                0x80006a8e                S2_DMPS_Text_Router_v1_0EventHandler00004
                0x80006d8a                S2_DMPS_Text_Router_v1_0EventHandler0000B
                0x80006b1a                S2_DMPS_Text_Router_v1_0EventHandler00007
                0x8000697a                S2_DMPS_Text_Router_v1_0EventHandler00002
                0x80005f66                S2_DMPS_Text_Router_v1_0_EventHandler
                0x800067be                S2_DMPS_Text_Router_v1_0EventHandler00000
                0x80003c78                S2_DMPS_Text_Router_v1_0EventHandler00005
                0x80004c2a                S2_DMPS_Text_Router_v1_0EventHandler00006
                0x80006a02                S2_DMPS_Text_Router_v1_0EventHandler00003
                0x80006ce6                S2_DMPS_Text_Router_v1_0EventHandler0000A
 .text          0x80006e0c    0x4be18 S2_DMPS_Installer_Tools_v1_13.o
                0x80042190                S2_DMPS_Installer_Tools_v1_13EventHandler00029
                0x80044cb0                S2_DMPS_Installer_Tools_v1_13EventHandler00051
                0x8003fbf0                S2_DMPS_Installer_Tools_v1_13EventHandler00014
                0x8005257a                S2_DMPS_Installer_Tools_v1_13EventHandler00044
                0x80016cea                S2_DMPS_Installer_Tools_v1_13EventHandler00001
                0x80012936                S2_DMPS_Installer_Tools_v1_13KEYPADIDWAIT
                0x80051fec                S2_DMPS_Installer_Tools_v1_13EventHandler0003B
                0x80052264                S2_DMPS_Installer_Tools_v1_13EventHandler0003F
                0x8001fc56                S2_DMPS_Installer_Tools_v1_13EventHandler00006
                0x800523a0                S2_DMPS_Installer_Tools_v1_13EventHandler00041
                0x8001b00a                S2_DMPS_Installer_Tools_v1_13EventHandler00004
                0x80052752                S2_DMPS_Installer_Tools_v1_13EventHandler00047
                0x80043a62                S2_DMPS_Installer_Tools_v1_13EventHandler0004D
                0x80046d84                S2_DMPS_Installer_Tools_v1_13_main
                0x800255d4                S2_DMPS_Installer_Tools_v1_13EventHandler0000A
                0x80042ce8                S2_DMPS_Installer_Tools_v1_13EventHandler0002F
                0x80051762                S2_DMPS_Installer_Tools_v1_13EventHandler00011
                0x80052b46                S2_DMPS_Installer_Tools_v1_13EventHandler00054
                0x80040cc6                S2_DMPS_Installer_Tools_v1_13EventHandler0001B
                0x80024c86                S2_DMPS_Installer_Tools_v1_13EventHandler00008
                0x8005288a                S2_DMPS_Installer_Tools_v1_13EventHandler00049
                0x80052bda                S2_DMPS_Installer_Tools_v1_13EventHandler00056
                0x80051eb0                S2_DMPS_Installer_Tools_v1_13EventHandler00039
                0x800517ee                S2_DMPS_Installer_Tools_v1_13EventHandler00019
                0x80041636                S2_DMPS_Installer_Tools_v1_13EventHandler00022
                0x80041cbe                S2_DMPS_Installer_Tools_v1_13EventHandler00026
                0x800516e6                S2_DMPS_Installer_Tools_v1_13PASSWORDWAIT
                0x800521c6                S2_DMPS_Installer_Tools_v1_13EventHandler0003E
                0x80052926                S2_DMPS_Installer_Tools_v1_13EventHandler0004A
                0x80040ffe                S2_DMPS_Installer_Tools_v1_13EventHandler0001C
                0x8004352a                S2_DMPS_Installer_Tools_v1_13EventHandler00032
                0x80052afc                S2_DMPS_Installer_Tools_v1_13EventHandler00053
                0x800424b0                S2_DMPS_Installer_Tools_v1_13EventHandler0002B
                0x800403cc                S2_DMPS_Installer_Tools_v1_13EventHandler00016
                0x80051b9a                S2_DMPS_Installer_Tools_v1_13EventHandler00034
                0x8003ddda                S2_DMPS_Installer_Tools_v1_13EventHandler0000E
                0x80046c60                S2_DMPS_Installer_Tools_v1_13_EventHandler
                0x800526b6                S2_DMPS_Installer_Tools_v1_13EventHandler00046
                0x8002575c                S2_DMPS_Installer_Tools_v1_13EventHandler0000B
                0x80052a5e                S2_DMPS_Installer_Tools_v1_13EventHandler0004E
                0x800172e6                S2_DMPS_Installer_Tools_v1_13EventHandler00003
                0x80052302                S2_DMPS_Installer_Tools_v1_13EventHandler00040
                0x80051f4e                S2_DMPS_Installer_Tools_v1_13EventHandler0003A
                0x8001b53e                S2_DMPS_Installer_Tools_v1_13EventHandler00005
                0x800527ee                S2_DMPS_Installer_Tools_v1_13EventHandler00048
                0x80052b90                S2_DMPS_Installer_Tools_v1_13EventHandler00055
                0x80051a2a                S2_DMPS_Installer_Tools_v1_13EventHandler0001E
                0x8002544c                S2_DMPS_Installer_Tools_v1_13EventHandler00009
                0x80043400                S2_DMPS_Installer_Tools_v1_13EventHandler00031
                0x8003e474                S2_DMPS_Installer_Tools_v1_13EventHandler00010
                0x8004197a                S2_DMPS_Installer_Tools_v1_13EventHandler00024
                0x8004373e                S2_DMPS_Installer_Tools_v1_13EventHandler0004C
                0x8004295c                S2_DMPS_Installer_Tools_v1_13EventHandler0002E
                0x80051cd6                S2_DMPS_Installer_Tools_v1_13EventHandler00036
                0x80042002                S2_DMPS_Installer_Tools_v1_13EventHandler00028
                0x80051e12                S2_DMPS_Installer_Tools_v1_13EventHandler00038
                0x8003d91e                S2_DMPS_Installer_Tools_v1_13RESTOREAUDIODEFAULTSWAIT
                0x8004263e                S2_DMPS_Installer_Tools_v1_13EventHandler0002C
                0x800407ba                S2_DMPS_Installer_Tools_v1_13EventHandler00017
                0x8003db7c                S2_DMPS_Installer_Tools_v1_13RESTOREDEFAULTSWAIT
                0x800529c2                S2_DMPS_Installer_Tools_v1_13EventHandler0004B
                0x80051afc                S2_DMPS_Installer_Tools_v1_13EventHandler00033
                0x8004451e                S2_DMPS_Installer_Tools_v1_13EventHandler00050
                0x80042320                S2_DMPS_Installer_Tools_v1_13EventHandler0002A
                0x8003faaa                S2_DMPS_Installer_Tools_v1_13EventHandler00013
                0x80045442                S2_DMPS_Installer_Tools_v1_13EventHandler00052
                0x8003ffde                S2_DMPS_Installer_Tools_v1_13EventHandler00015
                0x80029752                S2_DMPS_Installer_Tools_v1_13EventHandler0000C
                0x80043d8c                S2_DMPS_Installer_Tools_v1_13EventHandler0004F
                0x8005208a                S2_DMPS_Installer_Tools_v1_13EventHandler0003C
                0x800298ca                S2_DMPS_Installer_Tools_v1_13EventHandler0000D
                0x80045f7e                S2_DMPS_Installer_Tools_v1_13EventHandler00058
                0x800524dc                S2_DMPS_Installer_Tools_v1_13EventHandler00043
                0x80016696                S2_DMPS_Installer_Tools_v1_13EventHandler00000
                0x8002041c                S2_DMPS_Installer_Tools_v1_13EventHandler00007
                0x8005243e                S2_DMPS_Installer_Tools_v1_13EventHandler00042
                0x80052618                S2_DMPS_Installer_Tools_v1_13EventHandler00045
                0x80051724                S2_DMPS_Installer_Tools_v1_13WRONGPASSWORDWAIT
                0x8001704a                S2_DMPS_Installer_Tools_v1_13EventHandler00002
                0x8003ea88                S2_DMPS_Installer_Tools_v1_13EventHandler00012
                0x80045bd4                S2_DMPS_Installer_Tools_v1_13EventHandler00057
                0x800518c6                S2_DMPS_Installer_Tools_v1_13EventHandler0001A
                0x8004118c                S2_DMPS_Installer_Tools_v1_13EventHandler0001F
                0x80043074                S2_DMPS_Installer_Tools_v1_13EventHandler00030
                0x80051d74                S2_DMPS_Installer_Tools_v1_13EventHandler00037
                0x8003e148                S2_DMPS_Installer_Tools_v1_13EventHandler0000F
                0x800417d8                S2_DMPS_Installer_Tools_v1_13EventHandler00023
                0x80041b1c                S2_DMPS_Installer_Tools_v1_13EventHandler00025
                0x800427cc                S2_DMPS_Installer_Tools_v1_13EventHandler0002D
                0x80040a40                S2_DMPS_Installer_Tools_v1_13EventHandler00018
                0x800414a8                S2_DMPS_Installer_Tools_v1_13EventHandler00021
                0x8004131a                S2_DMPS_Installer_Tools_v1_13EventHandler00020
                0x80041e60                S2_DMPS_Installer_Tools_v1_13EventHandler00027
                0x8005199e                S2_DMPS_Installer_Tools_v1_13EventHandler0001D
                0x80051c38                S2_DMPS_Installer_Tools_v1_13EventHandler00035
                0x80052128                S2_DMPS_Installer_Tools_v1_13EventHandler0003D
 .text          0x80052c24     0x2168 S2_APAD_Long_Text_Edit.o
                0x80054ca4                S2_APAD_Long_Text_EditEventHandler0000D
                0x800546fe                S2_APAD_Long_Text_Edit_main
                0x80053958                S2_APAD_Long_Text_EditEventHandler00005
                0x800548f2                S2_APAD_Long_Text_EditEventHandler00002
                0x80054b6e                S2_APAD_Long_Text_EditEventHandler0000A
                0x80053f50                S2_APAD_Long_Text_EditEventHandler00007
                0x80054baa                S2_APAD_Long_Text_EditEventHandler0000B
                0x80053b80                S2_APAD_Long_Text_EditEventHandler00006
                0x800549b4                S2_APAD_Long_Text_EditEventHandler00003
                0x80054be6                S2_APAD_Long_Text_EditEventHandler0000C
                0x80054a4c                S2_APAD_Long_Text_EditEventHandler00008
                0x80054618                S2_APAD_Long_Text_Edit_EventHandler
                0x8005432a                S2_APAD_Long_Text_EditEventHandler00009
                0x80053442                S2_APAD_Long_Text_EditEventHandler00000
                0x800536f6                S2_APAD_Long_Text_EditEventHandler00004
                0x8005359c                S2_APAD_Long_Text_EditEventHandler00001
 .text          0x80054d8c     0x1078 S2_UserProgCmd_Interface_v1_0.o
                0x80054ea6                S2_UserProgCmd_Interface_v1_0EventHandler00000
                0x80055c8c                S2_UserProgCmd_Interface_v1_0_main
                0x80055ba8                S2_UserProgCmd_Interface_v1_0_EventHandler
 .text          0x80055e04      0x34c S2_UserProgCmd_Interface_Serial_To_Analog_v1_0.o
                0x80055f02                S2_UserProgCmd_Interface_Serial_To_Analog_v1_0_main
                0x80055e04                S2_UserProgCmd_Interface_Serial_To_Analog_v1_0_EventHandler
                0x800560c0                S2_UserProgCmd_Interface_Serial_To_Analog_v1_0EventHandler00001
                0x80055fce                S2_UserProgCmd_Interface_Serial_To_Analog_v1_0EventHandler00000
 .text          0x80056150     0x32b4 S2_DMPS_System_Info_V1_0_2.o
                0x80058f96                S2_DMPS_System_Info_V1_0_2EventHandler00002
                0x80059362                S2_DMPS_System_Info_V1_0_2EventHandler00008
                0x8005921e                S2_DMPS_System_Info_V1_0_2EventHandler00006
                0x80056150                S2_DMPS_System_Info_V1_0_2EventHandler00000
                0x80059038                S2_DMPS_System_Info_V1_0_2EventHandler00003
                0x80058c28                S2_DMPS_System_Info_V1_0_2_EventHandler
                0x80058cda                S2_DMPS_System_Info_V1_0_2_main
                0x80056558                S2_DMPS_System_Info_V1_0_2EventHandler00001
                0x80058ee2                S2_DMPS_System_Info_V1_0_2__SPLS_TMPVAR__WAITLABEL_0__
                0x8005917c                S2_DMPS_System_Info_V1_0_2EventHandler00005
                0x800590da                S2_DMPS_System_Info_V1_0_2EventHandler00004
                0x800592c0                S2_DMPS_System_Info_V1_0_2EventHandler00007
 .text          0x80059404     0x1e9c S2_Single_Line_Scroller_v1_2.o
                0x80059ab4                S2_Single_Line_Scroller_v1_2EventHandler00000
                0x8005a08a                S2_Single_Line_Scroller_v1_2EventHandler00001
                0x8005ae64                S2_Single_Line_Scroller_v1_2_main
                0x8005a22a                S2_Single_Line_Scroller_v1_2EventHandler00002
                0x8005b212                S2_Single_Line_Scroller_v1_2EventHandler00006
                0x8005aa82                S2_Single_Line_Scroller_v1_2EventHandler00007
                0x8005ad98                S2_Single_Line_Scroller_v1_2_EventHandler
                0x8005a86a                S2_Single_Line_Scroller_v1_2EventHandler00005
                0x8005a47e                S2_Single_Line_Scroller_v1_2EventHandler00003
                0x8005a6be                S2_Single_Line_Scroller_v1_2EventHandler00004
 .text          0x8005b2a0     0x1140 S2_IP_Address_Edit_with_Up_Down.o
                0x8005c368                S2_IP_Address_Edit_with_Up_DownEventHandler00000
                0x8005c3a4                S2_IP_Address_Edit_with_Up_DownEventHandler00001
                0x8005bfbc                S2_IP_Address_Edit_with_Up_Down_EventHandler
                0x8005c0aa                S2_IP_Address_Edit_with_Up_Down_main
 .text          0x8005c3e0      0xd38 S2_IP_Address_Edit_Acceleration.o
                0x8005c8b4                S2_IP_Address_Edit_AccelerationEventHandler00000
                0x8005cb48                S2_IP_Address_Edit_Acceleration_EventHandler
                0x8005cc26                S2_IP_Address_Edit_Acceleration_main
 .text          0x8005d118      0x53c S2_DMPS_Analog_To_String_Conversion_v1_1.o
                0x8005d118                S2_DMPS_Analog_To_String_Conversion_v1_1EventHandler00000
                0x8005d538                S2_DMPS_Analog_To_String_Conversion_v1_1_EventHandler
                0x8005d5f4                S2_DMPS_Analog_To_String_Conversion_v1_1_main
 .text          0x8005d654      0x31c S2_DMPS_String_to_Analog_Conversion_v1_1.o
                0x8005d8e0                S2_DMPS_String_to_Analog_Conversion_v1_1_main
                0x8005d654                S2_DMPS_String_to_Analog_Conversion_v1_1EventHandler00000
                0x8005d83a                S2_DMPS_String_to_Analog_Conversion_v1_1_EventHandler
 .text          0x8005d970     0x1fc4 S2_Console_Processor_v3_.o
                0x8005f77a                S2_Console_Processor_v3__EventHandler
                0x8005ec2e                S2_Console_Processor_v3_EventHandler00000
                0x8005f024                S2_Console_Processor_v3_EventHandler00003
                0x8005ed80                S2_Console_Processor_v3_EventHandler00001
                0x8005f840                S2_Console_Processor_v3__main
                0x8005eed2                S2_Console_Processor_v3_EventHandler00002
                0x8005f176                S2_Console_Processor_v3_EventHandler00004
 .text          0x8005f934      0x9fa S2_Sleep_timer_countdown.o
                0x800602e4                S2_Sleep_timer_countdownEventHandler00000
                0x8006025a                S2_Sleep_timer_countdown_EventHandler
                0x800601fc                S2_Sleep_timer_countdown_main
                0x8005fcc0                S2_Sleep_timer_countdownEventHandler00001
                0x8005ffc4                S2_Sleep_timer_countdownEventHandler00003
                0x8005fe42                S2_Sleep_timer_countdownEventHandler00002
 *fill*         0x8006032e        0x2
 .text          0x80060330     0x1be8 S2_Fusion_SSI_Device_Usage_Helper_v1_1.o
                0x80060dcc                S2_Fusion_SSI_Device_Usage_Helper_v1_1EventHandler00006
                0x80061c76                S2_Fusion_SSI_Device_Usage_Helper_v1_1EventHandler00003
                0x80060b5a                S2_Fusion_SSI_Device_Usage_Helper_v1_1EventHandler00000
                0x8006138c                S2_Fusion_SSI_Device_Usage_Helper_v1_1_EventHandler
                0x800619ea                S2_Fusion_SSI_Device_Usage_Helper_v1_1_STRUCTUREDEVICE_Constructor
                0x80061a42                S2_Fusion_SSI_Device_Usage_Helper_v1_1_STRUCTUREDEVICE_Destructor
                0x800610f4                S2_Fusion_SSI_Device_Usage_Helper_v1_1EventHandler00008
                0x80061ea0                S2_Fusion_SSI_Device_Usage_Helper_v1_1EventHandler00005
                0x80060f1e                S2_Fusion_SSI_Device_Usage_Helper_v1_1EventHandler00007
                0x80061d88                S2_Fusion_SSI_Device_Usage_Helper_v1_1EventHandler00004
                0x8006147c                S2_Fusion_SSI_Device_Usage_Helper_v1_1_main
                0x80061b5e                S2_Fusion_SSI_Device_Usage_Helper_v1_1EventHandler00002
                0x80061a4c                S2_Fusion_SSI_Device_Usage_Helper_v1_1EventHandler00001
 .text          0x80061f18      0x3ac S2_Panasonic_PT_EZ370RU_Processor.o
                0x80061f18                S2_Panasonic_PT_EZ370RU_ProcessorEventHandler00000
                0x80062196                S2_Panasonic_PT_EZ370RU_Processor_EventHandler
                0x80062252                S2_Panasonic_PT_EZ370RU_Processor_main
 .text          0x800622c4     0x1ad8 S2_tascam_cd500.o
                0x80063cd6                S2_tascam_cd500EventHandler00005
                0x80062f90                S2_tascam_cd500EventHandler0000A
                0x80062584                S2_tascam_cd500EventHandler00002
                0x80062404                S2_tascam_cd500EventHandler00001
                0x80062de4                S2_tascam_cd500EventHandler00009
                0x80062ae2                S2_tascam_cd500EventHandler00007
                0x80063c10                S2_tascam_cd500EventHandler00004
                0x800627ac                S2_tascam_cd500EventHandler00003
                0x800639b0                S2_tascam_cd500_EventHandler
                0x80062ca2                S2_tascam_cd500EventHandler00008
                0x80062996                S2_tascam_cd500EventHandler00006
                0x800622c4                S2_tascam_cd500EventHandler00000
                0x80063a94                S2_tascam_cd500_main
 .text          0x80063d9c     0x5de4 S2_Oppo_Time_Processor_v1_0.o
                0x8006988c                S2_Oppo_Time_Processor_v1_0_main
                0x80067880                S2_Oppo_Time_Processor_v1_0EventHandler00001
                0x80068124                S2_Oppo_Time_Processor_v1_0EventHandler00003
                0x80068264                S2_Oppo_Time_Processor_v1_0EventHandler00004
                0x800697ec                S2_Oppo_Time_Processor_v1_0_EventHandler
                0x80063d9c                S2_Oppo_Time_Processor_v1_0EventHandler00000
                0x800679c0                S2_Oppo_Time_Processor_v1_0EventHandler00002
                0x800690e2                S2_Oppo_Time_Processor_v1_0EventHandler00006
                0x800689c8                S2_Oppo_Time_Processor_v1_0EventHandler00005
 .text          0x80069b80      0x808 S2_Analog_to_Number.o
                0x80069b80                S2_Analog_to_NumberEventHandler00000
                0x8006a2a2                S2_Analog_to_Number_EventHandler
                0x8006a342                S2_Analog_to_Number_main
 .text          0x8006a388      0x3ee S2_Core_3_XPanel_Web_Configuration_Module_v1_1.o
                0x8006a388                S2_Core_3_XPanel_Web_Configuration_Module_v1_1EventHandler00000
                0x8006a620                S2_Core_3_XPanel_Web_Configuration_Module_v1_1_main
                0x8006a562                S2_Core_3_XPanel_Web_Configuration_Module_v1_1_EventHandler
 *fill*         0x8006a776        0x2
 .text          0x8006a778      0xd16 S2_NV_Analog_to_Disk_v2_2.o
                0x8006ac86                S2_NV_Analog_to_Disk_v2_2_EventHandler
                0x8006ad42                S2_NV_Analog_to_Disk_v2_2_main
                0x8006aa5e                S2_NV_Analog_to_Disk_v2_2EventHandler00000
 *fill*         0x8006b48e        0x2
 .text          0x8006b490     0x1a60 S2_CTI_2012_08_29TCP_IP_Time_Updater.o
                0x8006b6d8                S2_CTI_2012_08_29TCP_IP_Time_UpdaterEventHandler00002
                0x8006b57c                S2_CTI_2012_08_29TCP_IP_Time_UpdaterEventHandler00000
                0x8006cc14                S2_CTI_2012_08_29TCP_IP_Time_Updater_main
                0x8006c8d6                S2_CTI_2012_08_29TCP_IP_Time_UpdaterEventHandler00004
                0x8006cad4                S2_CTI_2012_08_29TCP_IP_Time_Updater_EventHandler
                0x8006cdec                S2_CTI_2012_08_29TCP_IP_Time_UpdaterEventHandler00001
                0x8006c77a                S2_CTI_2012_08_29TCP_IP_Time_UpdaterEventHandler00003
 .text          0x8006cef0     0x5836 library.o
                0x800710dc                RotateRightLong
                0x800716ea                IsSystem
                0x80071040                Seed
                0x8006e938                Remove
                0x80070cbc                Ltoa
                0x800709e8                Atoi
                0x8006fd50                InitRampInfoArray
                0x80071496                Right
                0x800724c6                LockInputSema
                0x80070f6a                Mod
                0x80071152                Getc
                0x80070e9e                SMuldiv
                0x800716cc                IsHidden
                0x80070d82                Min
                0x800722da                hextosi
                0x80071870                WriteIntegerArray
                0x80071de6                GetSignedIntArrayElementPtr
                0x8007070a                CheckStructArray
                0x800722ee                hextosl
                0x800719f6                WriteSignedIntegerArray
                0x800703d2                InitStringParamArray
                0x8006f6a4                ReadSignedLongIntegerArray
                0x8006e5c6                GatherToDelimiter
                0x800701f6                InitStringArray
                0x80070d5c                Max
                0x80071726                IsReadOnly
                0x80070e66                SMax
                0x8006e76a                GatherByLength
                0x80070bf6                Chr
                0x80071848                ReadSignedLongInteger
                0x80070c74                Itohex
                0x8007067c                GetStructArrayElement
                0x80070970                UNS_SetByte
                0x8007146a                ReverseFindi
                0x8006fb4c                ReadStringArray
                0x80071bf6                GetIntArrayElementPtr
                0x800712a6                Lower
                0x8007105c                RotateLeft
                0x8007240e                ResizeIfAutogrow
                0x8006fe7c                CheckInputArray
                0x8006d45e                ResizeStringArray
                0x80070b88                Atosl
                0x800709b0                High
                0x8007100c                Rnd
                0x80070f2e                UMod
                0x800710b2                RotateLeftLong
                0x8007253a                FindNumericChar
                0x8007203e                CheckIOArrayBounds2
                0x80071684                MakeProgramFilename
                0x80070e82                SMin
                0x800711da                Left
                0x8007111c                CheckBufferThreshold
                0x80071800                ReadSignedInteger
                0x800709da                LowWord
                0x8006cef0                Bit
                0x800717b0                ReadLongInteger
                0x800707ee                Byte
                0x80071cee                GetLongArrayElementPtr
                0x8007143c                ReverseFind
                0x8007169a                GetSeries
                0x80072606                InitTcpServer
                0x8007128e                Len
                0x8007210e                InitializeRampInfoInternal
                0x80070da8                Divide
                0x80070af4                Atol
                0x80071690                GetModelNumber
                0x80071fd6                CheckIOArrayBounds
                0x8006fed6                CheckStringInputArray
                0x80071ab8                WriteSignedLongIntegerArray
                0x800705c6                GetStringArrayElement
                0x80070d00                Ltohex
                0x80070c2c                Itoa
                0x80071086                RotateRight
                0x8006ec26                InternalReverseFind
                0x80071790                WriteLongInteger
                0x800700fa                InitDynamicStringStruct
                0x8006ffec                SetStringArray
                0x8006f482                ReadSignedIntegerArray
                0x8006ff30                SetOutputArray
                0x80071740                WriteInteger
                0x8007055a                InitStructDynamicArray
                0x8006eeb0                SetString
                0x80070fa6                Random
                0x800717d8                WriteSignedInteger
                0x8006d154                Find
                0x800716a4                GetProgramNumber
                0x8007137a                Mid
                0x80072578                InitTcpClient
                0x8006e042                ResizeStructArray
                0x80071ede                GetSignedLongArrayElementPtr
                0x80072300                hextol
                0x8006f8c6                ReadString
                0x8007028c                InitDynamicStringArray
                0x800723e6                UpperChar
                0x80070a84                Atosi
                0x80071768                ReadInteger
                0x80070e1a                Muldiv
                0x8006ff9e                SetStringOutputArray
                0x80071b7c                WriteString
                0x8006dab6                ResizeIntegerArray
                0x8006fe44                InitInOutArray
                0x8007049a                InitNvramStringArray
                0x80070d44                Abs
                0x80070eea                SDivide
                0x8006f040                ReadIntegerArray
                0x8006d000                CompareStrings
                0x800723be                LowerChar
                0x80072696                InitUdpSocket
                0x80071104                ClearBuffer
                0x80071552                Upper
                0x80070536                InitStructArray
                0x80071628                MakeLower
                0x80071708                IsVolume
                0x8006ea92                RemoveByLength
                0x80070786                CheckStringOutputArrayIndex
                0x80071932                WriteLongIntegerArray
                0x800721ba                InitRampInfoStructArray
                0x800709cc                HighWord
                0x8006d2c8                ResizeString
                0x800716ae                IsDirectory
                0x8006f260                ReadLongIntegerArray
                0x800709be                Low
                0x8006e46c                Gather
                0x80071656                MakeUpper
                0x800700bc                InitStringStruct
                0x800720a6                CheckStringArrayBounds
                0x80070dec                CheckDenominator
                0x800722c2                hextoi
                0x8006f9e4                WriteStringArray
                0x800708ae                SetByte
                0x80072164                InitializeRampInfo
                0x80072500                UnLockInputSema
                0x80071828                WriteSignedLongInteger
                0x800701ae                InitNvramStringStruct
 *fill*         0x80072726        0xa
                0x80072730                .=ALIGN(0x10)
 *(.eh_frame)
                0x80072730                .=ALIGN(0x10)
 *(.gnu.linkonce.t.*)
                0x80072730                .=ALIGN(0x4)
                0x80072730                __CTOR_LIST__=.
                0x80072730                ___CTOR_LIST__=.
                0x80072730        0x4 LONG 0x0 (((__CTOR_END__-__CTOR_LIST__)/0x4)-0x2)
 *(.ctors)
                0x80072734        0x4 LONG 0x0
                0x80072738                __CTOR_END__=.
                0x80072738                __DTOR_LIST__=.
                0x80072738                ___DTOR_LIST__=.
                0x80072738        0x4 LONG 0x0 (((__DTOR_END__-__DTOR_LIST__)/0x4)-0x2)
 *(.dtors)
                0x8007273c        0x4 LONG 0x0
                0x80072740                __DTOR_END__=.
 *(.rodata)
 .rodata        0x80072740      0x23b S2_String_Check.o
 .rodata        0x8007297b      0x2f5 S2_MPS_Text_Centering.o
 .rodata        0x80072c70      0x3fb S2_Knob_Acceleration__Pkt_.o
 .rodata        0x8007306b      0x687 S2_DMPS_Text_Router_v1_0.o
 .rodata        0x800736f2     0x2b1d S2_DMPS_Installer_Tools_v1_13.o
 .rodata        0x8007620f      0x3b7 S2_APAD_Long_Text_Edit.o
 .rodata        0x800765c6      0x457 S2_UserProgCmd_Interface_v1_0.o
 .rodata        0x80076a1d      0x24a S2_UserProgCmd_Interface_Serial_To_Analog_v1_0.o
 .rodata        0x80076c67      0x814 S2_DMPS_System_Info_V1_0_2.o
 .rodata        0x8007747b      0x38d S2_Single_Line_Scroller_v1_2.o
 .rodata        0x80077808      0x261 S2_IP_Address_Edit_with_Up_Down.o
 .rodata        0x80077a69      0x2de S2_IP_Address_Edit_Acceleration.o
 .rodata        0x80077d47      0x2d2 S2_DMPS_Analog_To_String_Conversion_v1_1.o
 .rodata        0x80078019      0x23b S2_DMPS_String_to_Analog_Conversion_v1_1.o
 .rodata        0x80078254      0x5fa S2_Console_Processor_v3_.o
 .rodata        0x8007884e      0x281 S2_Sleep_timer_countdown.o
 .rodata        0x80078acf      0x48c S2_Fusion_SSI_Device_Usage_Helper_v1_1.o
 .rodata        0x80078f5b      0x2ba S2_Panasonic_PT_EZ370RU_Processor.o
 .rodata        0x80079215      0x3cf S2_tascam_cd500.o
 .rodata        0x800795e4      0x666 S2_Oppo_Time_Processor_v1_0.o
 .rodata        0x80079c4a      0x24c S2_Analog_to_Number.o
 .rodata        0x80079e96      0x48d S2_Core_3_XPanel_Web_Configuration_Module_v1_1.o
 .rodata        0x8007a323      0x338 S2_NV_Analog_to_Disk_v2_2.o
 .rodata        0x8007a65b      0x619 S2_CTI_2012_08_29TCP_IP_Time_Updater.o
 .rodata        0x8007ac74      0xc54 library.o
 *(.gcc_except_table)
                0x8007b8c8                .=ALIGN(0x2)
                0x8007b8c8                __INIT_SECTION__=.
                0x8007b8c8        0x4 LONG 0x4e560000
 *(.init)
                0x8007b8cc        0x2 SHORT 0x4e5e
                0x8007b8ce        0x2 SHORT 0x4e75
                0x8007b8d0                __FINI_SECTION__=.
                0x8007b8d0        0x4 LONG 0x4e560000
 *(.fini)
                0x8007b8d4        0x2 SHORT 0x4e5e
                0x8007b8d6        0x2 SHORT 0x4e75
 *(.lit)
 *fill*         0x8007b8d8        0x8
                0x8007b8e0                .=ALIGN(0x10)
                0x8007b8e0                _etext=.
                0x8007b8e0                etext=.

.data           0x8007b8e0        0x0
                0x8007b8e0                copy_start=.
 *(.shdata)
 *(.data)
 *(.gnu.linkonce.d.*)
                0x8007b8e0                .=ALIGN(0x10)
                0x8007b8e0                _edata=.
                0x8007b8e0                copy_end=.

.got
 *(.got.plt)
 *(.got)

EntryList       0x8007b8e0     0x1980
 *(EntryList)
 EntryList      0x8007b8e0      0x110 S2_String_Check.o
                0x8007b8e0                S2_String_Check_Entry
 EntryList      0x8007b9f0      0x110 S2_MPS_Text_Centering.o
                0x8007b9f0                S2_MPS_Text_Centering_Entry
 EntryList      0x8007bb00      0x110 S2_Knob_Acceleration__Pkt_.o
                0x8007bb00                S2_Knob_Acceleration__Pkt__Entry
 EntryList      0x8007bc10      0x110 S2_DMPS_Text_Router_v1_0.o
                0x8007bc10                S2_DMPS_Text_Router_v1_0_Entry
 EntryList      0x8007bd20      0x110 S2_DMPS_Installer_Tools_v1_13.o
                0x8007bd20                S2_DMPS_Installer_Tools_v1_13_Entry
 EntryList      0x8007be30      0x110 S2_APAD_Long_Text_Edit.o
                0x8007be30                S2_APAD_Long_Text_Edit_Entry
 EntryList      0x8007bf40      0x110 S2_UserProgCmd_Interface_v1_0.o
                0x8007bf40                S2_UserProgCmd_Interface_v1_0_Entry
 EntryList      0x8007c050      0x110 S2_UserProgCmd_Interface_Serial_To_Analog_v1_0.o
                0x8007c050                S2_UserProgCmd_Interface_Serial_To_Analog_v1_0_Entry
 EntryList      0x8007c160      0x110 S2_DMPS_System_Info_V1_0_2.o
                0x8007c160                S2_DMPS_System_Info_V1_0_2_Entry
 EntryList      0x8007c270      0x110 S2_Single_Line_Scroller_v1_2.o
                0x8007c270                S2_Single_Line_Scroller_v1_2_Entry
 EntryList      0x8007c380      0x110 S2_IP_Address_Edit_with_Up_Down.o
                0x8007c380                S2_IP_Address_Edit_with_Up_Down_Entry
 EntryList      0x8007c490      0x110 S2_IP_Address_Edit_Acceleration.o
                0x8007c490                S2_IP_Address_Edit_Acceleration_Entry
 EntryList      0x8007c5a0      0x110 S2_DMPS_Analog_To_String_Conversion_v1_1.o
                0x8007c5a0                S2_DMPS_Analog_To_String_Conversion_v1_1_Entry
 EntryList      0x8007c6b0      0x110 S2_DMPS_String_to_Analog_Conversion_v1_1.o
                0x8007c6b0                S2_DMPS_String_to_Analog_Conversion_v1_1_Entry
 EntryList      0x8007c7c0      0x110 S2_Console_Processor_v3_.o
                0x8007c7c0                S2_Console_Processor_v3__Entry
 EntryList      0x8007c8d0      0x110 S2_Sleep_timer_countdown.o
                0x8007c8d0                S2_Sleep_timer_countdown_Entry
 EntryList      0x8007c9e0      0x110 S2_Fusion_SSI_Device_Usage_Helper_v1_1.o
                0x8007c9e0                S2_Fusion_SSI_Device_Usage_Helper_v1_1_Entry
 EntryList      0x8007caf0      0x110 S2_Panasonic_PT_EZ370RU_Processor.o
                0x8007caf0                S2_Panasonic_PT_EZ370RU_Processor_Entry
 EntryList      0x8007cc00      0x110 S2_tascam_cd500.o
                0x8007cc00                S2_tascam_cd500_Entry
 EntryList      0x8007cd10      0x110 S2_Oppo_Time_Processor_v1_0.o
                0x8007cd10                S2_Oppo_Time_Processor_v1_0_Entry
 EntryList      0x8007ce20      0x110 S2_Analog_to_Number.o
                0x8007ce20                S2_Analog_to_Number_Entry
 EntryList      0x8007cf30      0x110 S2_Core_3_XPanel_Web_Configuration_Module_v1_1.o
                0x8007cf30                S2_Core_3_XPanel_Web_Configuration_Module_v1_1_Entry
 EntryList      0x8007d040      0x110 S2_NV_Analog_to_Disk_v2_2.o
                0x8007d040                S2_NV_Analog_to_Disk_v2_2_Entry
 EntryList      0x8007d150      0x110 S2_CTI_2012_08_29TCP_IP_Time_Updater.o
                0x8007d150                S2_CTI_2012_08_29TCP_IP_Time_Updater_Entry
                0x8007d260                .=ALIGN(0x4)

FunctionList    0x8007d260        0x4
 *(FunctionList)
 FunctionList   0x8007d260        0x4 globals.o
                0x8007d260                g_pFunctions
                0x8007d264                .=ALIGN(0x4)

.bss            0x8007d264        0x0
                0x8007d264                .=ALIGN(0x4)
                0x8007d264                __bss_start=.
 *(.shbss)
 *(.bss)
 *(COMMON)
                0x8007d268                _end=ALIGN(0x8)
                0x8007d268                __end=_end

.stab
 *(.stab)

.stabstr
 *(.stabstr)

.debug
 *(.debug)

.line
 *(.line)

.debug_srcinfo
 *(.debug_srcinfo)

.debug_sfnames
 *(.debug_sfnames)

.debug_aranges
 *(.debug_aranges)

.debug_pubnames
 *(.debug_pubnames)

.debug_info
 *(.debug_info)

.debug_abbrev
 *(.debug_abbrev)

.debug_line
 *(.debug_line)

.debug_frame
 *(.debug_frame)

.debug_str
 *(.debug_str)

.debug_loc
 *(.debug_loc)

.debug_macinfo
 *(.debug_macinfo)

.debug_weaknames
 *(.debug_weaknames)

.debug_funcnames
 *(.debug_funcnames)

.debug_typenames
 *(.debug_typenames)

.debug_varnames
 *(.debug_varnames)
LOAD S2_String_Check.o
LOAD S2_MPS_Text_Centering.o
LOAD S2_Knob_Acceleration__Pkt_.o
LOAD S2_DMPS_Text_Router_v1_0.o
LOAD S2_DMPS_Installer_Tools_v1_13.o
LOAD S2_APAD_Long_Text_Edit.o
LOAD S2_UserProgCmd_Interface_v1_0.o
LOAD S2_UserProgCmd_Interface_Serial_To_Analog_v1_0.o
LOAD S2_DMPS_System_Info_V1_0_2.o
LOAD S2_Single_Line_Scroller_v1_2.o
LOAD S2_IP_Address_Edit_with_Up_Down.o
LOAD S2_IP_Address_Edit_Acceleration.o
LOAD S2_DMPS_Analog_To_String_Conversion_v1_1.o
LOAD S2_DMPS_String_to_Analog_Conversion_v1_1.o
LOAD S2_Console_Processor_v3_.o
LOAD S2_Sleep_timer_countdown.o
LOAD S2_Fusion_SSI_Device_Usage_Helper_v1_1.o
LOAD S2_Panasonic_PT_EZ370RU_Processor.o
LOAD S2_tascam_cd500.o
LOAD S2_Oppo_Time_Processor_v1_0.o
LOAD S2_Analog_to_Number.o
LOAD S2_Core_3_XPanel_Web_Configuration_Module_v1_1.o
LOAD S2_NV_Analog_to_Disk_v2_2.o
LOAD S2_CTI_2012_08_29TCP_IP_Time_Updater.o
LOAD globals.o
LOAD library.o
OUTPUT(_S2_CA3076_7_8.spl elf32-m68k)

.comment        0x8007d264      0x3dc
 .comment       0x8007d264       0x26 S2_String_Check.o
 .comment       0x8007d28a       0x26 S2_MPS_Text_Centering.o
 .comment       0x8007d2b0       0x26 S2_Knob_Acceleration__Pkt_.o
 .comment       0x8007d2d6       0x26 S2_DMPS_Text_Router_v1_0.o
 .comment       0x8007d2fc       0x26 S2_DMPS_Installer_Tools_v1_13.o
 .comment       0x8007d322       0x26 S2_APAD_Long_Text_Edit.o
 .comment       0x8007d348       0x26 S2_UserProgCmd_Interface_v1_0.o
 .comment       0x8007d36e       0x26 S2_UserProgCmd_Interface_Serial_To_Analog_v1_0.o
 .comment       0x8007d394       0x26 S2_DMPS_System_Info_V1_0_2.o
 .comment       0x8007d3ba       0x26 S2_Single_Line_Scroller_v1_2.o
 .comment       0x8007d3e0       0x26 S2_IP_Address_Edit_with_Up_Down.o
 .comment       0x8007d406       0x26 S2_IP_Address_Edit_Acceleration.o
 .comment       0x8007d42c       0x26 S2_DMPS_Analog_To_String_Conversion_v1_1.o
 .comment       0x8007d452       0x26 S2_DMPS_String_to_Analog_Conversion_v1_1.o
 .comment       0x8007d478       0x26 S2_Console_Processor_v3_.o
 .comment       0x8007d49e       0x26 S2_Sleep_timer_countdown.o
 .comment       0x8007d4c4       0x26 S2_Fusion_SSI_Device_Usage_Helper_v1_1.o
 .comment       0x8007d4ea       0x26 S2_Panasonic_PT_EZ370RU_Processor.o
 .comment       0x8007d510       0x26 S2_tascam_cd500.o
 .comment       0x8007d536       0x26 S2_Oppo_Time_Processor_v1_0.o
 .comment       0x8007d55c       0x26 S2_Analog_to_Number.o
 .comment       0x8007d582       0x26 S2_Core_3_XPanel_Web_Configuration_Module_v1_1.o
 .comment       0x8007d5a8       0x26 S2_NV_Analog_to_Disk_v2_2.o
 .comment       0x8007d5ce       0x26 S2_CTI_2012_08_29TCP_IP_Time_Updater.o
 .comment       0x8007d5f4       0x26 globals.o
 .comment       0x8007d61a       0x26 library.o
