
Memory Configuration

Name             Origin             Length             Attributes
ram              0x80000000         0x00500000         xrw
*default*        0x00000000         0xffffffff

Linker script and memory map

                0x00000000                __DYNAMIC=0x0
                0x00400000                PROVIDE (__stack, 0x400000)
                0x00000000                PROVIDE (hardware_init_hook, 0x0)
                0x00000000                PROVIDE (_hardware_init_hook, 0x0)
                0x00000000                PROVIDE (software_init_hook, 0x0)
                0x00000000                PROVIDE (_software_init_hook, 0x0)

.text           0x80000000    0x893a0
 *(.text)
 .text          0x80000000      0x258 S2_String_Check.o
                0x80000000                S2_String_Check_EventHandler
                0x8000017e                S2_String_CheckEventHandler00000
                0x800000bc                S2_String_Check_main
 .text          0x80000258      0x94a S2_MPS_Text_Centering.o
                0x80000710                S2_MPS_Text_CenteringEventHandler00000
                0x800009c2                S2_MPS_Text_Centering_main
                0x800008f2                S2_MPS_Text_Centering_EventHandler
 *fill*         0x80000ba2        0x2
 .text          0x80000ba4      0xe48 S2_Knob_Acceleration__Pkt_.o
                0x80001518                S2_Knob_Acceleration__Pkt__main
                0x800011a6                S2_Knob_Acceleration__Pkt_EventHandler00000
                0x8000143a                S2_Knob_Acceleration__Pkt__EventHandler
 .text          0x800019ec     0x5420 S2_DMPS_Text_Router_v1_0.o
                0x80006c44                S2_DMPS_Text_Router_v1_0EventHandler00009
                0x80006bee                S2_DMPS_Text_Router_v1_0EventHandler00008
                0x800061aa                S2_DMPS_Text_Router_v1_0_main
                0x8000689c                S2_DMPS_Text_Router_v1_0EventHandler00001
                0x80006a8e                S2_DMPS_Text_Router_v1_0EventHandler00004
                0x80006d8a                S2_DMPS_Text_Router_v1_0EventHandler0000B
                0x80006b1a                S2_DMPS_Text_Router_v1_0EventHandler00007
                0x8000697a                S2_DMPS_Text_Router_v1_0EventHandler00002
                0x80005f66                S2_DMPS_Text_Router_v1_0_EventHandler
                0x800067be                S2_DMPS_Text_Router_v1_0EventHandler00000
                0x80003c78                S2_DMPS_Text_Router_v1_0EventHandler00005
                0x80004c2a                S2_DMPS_Text_Router_v1_0EventHandler00006
                0x80006a02                S2_DMPS_Text_Router_v1_0EventHandler00003
                0x80006ce6                S2_DMPS_Text_Router_v1_0EventHandler0000A
 .text          0x80006e0c    0x4be18 S2_DMPS_Installer_Tools_v1_13.o
                0x80042190                S2_DMPS_Installer_Tools_v1_13EventHandler00029
                0x80044cb0                S2_DMPS_Installer_Tools_v1_13EventHandler00051
                0x8003fbf0                S2_DMPS_Installer_Tools_v1_13EventHandler00014
                0x8005257a                S2_DMPS_Installer_Tools_v1_13EventHandler00044
                0x80016cea                S2_DMPS_Installer_Tools_v1_13EventHandler00001
                0x80012936                S2_DMPS_Installer_Tools_v1_13KEYPADIDWAIT
                0x80051fec                S2_DMPS_Installer_Tools_v1_13EventHandler0003B
                0x80052264                S2_DMPS_Installer_Tools_v1_13EventHandler0003F
                0x8001fc56                S2_DMPS_Installer_Tools_v1_13EventHandler00006
                0x800523a0                S2_DMPS_Installer_Tools_v1_13EventHandler00041
                0x8001b00a                S2_DMPS_Installer_Tools_v1_13EventHandler00004
                0x80052752                S2_DMPS_Installer_Tools_v1_13EventHandler00047
                0x80043a62                S2_DMPS_Installer_Tools_v1_13EventHandler0004D
                0x80046d84                S2_DMPS_Installer_Tools_v1_13_main
                0x800255d4                S2_DMPS_Installer_Tools_v1_13EventHandler0000A
                0x80042ce8                S2_DMPS_Installer_Tools_v1_13EventHandler0002F
                0x80051762                S2_DMPS_Installer_Tools_v1_13EventHandler00011
                0x80052b46                S2_DMPS_Installer_Tools_v1_13EventHandler00054
                0x80040cc6                S2_DMPS_Installer_Tools_v1_13EventHandler0001B
                0x80024c86                S2_DMPS_Installer_Tools_v1_13EventHandler00008
                0x8005288a                S2_DMPS_Installer_Tools_v1_13EventHandler00049
                0x80052bda                S2_DMPS_Installer_Tools_v1_13EventHandler00056
                0x80051eb0                S2_DMPS_Installer_Tools_v1_13EventHandler00039
                0x800517ee                S2_DMPS_Installer_Tools_v1_13EventHandler00019
                0x80041636                S2_DMPS_Installer_Tools_v1_13EventHandler00022
                0x80041cbe                S2_DMPS_Installer_Tools_v1_13EventHandler00026
                0x800516e6                S2_DMPS_Installer_Tools_v1_13PASSWORDWAIT
                0x800521c6                S2_DMPS_Installer_Tools_v1_13EventHandler0003E
                0x80052926                S2_DMPS_Installer_Tools_v1_13EventHandler0004A
                0x80040ffe                S2_DMPS_Installer_Tools_v1_13EventHandler0001C
                0x8004352a                S2_DMPS_Installer_Tools_v1_13EventHandler00032
                0x80052afc                S2_DMPS_Installer_Tools_v1_13EventHandler00053
                0x800424b0                S2_DMPS_Installer_Tools_v1_13EventHandler0002B
                0x800403cc                S2_DMPS_Installer_Tools_v1_13EventHandler00016
                0x80051b9a                S2_DMPS_Installer_Tools_v1_13EventHandler00034
                0x8003ddda                S2_DMPS_Installer_Tools_v1_13EventHandler0000E
                0x80046c60                S2_DMPS_Installer_Tools_v1_13_EventHandler
                0x800526b6                S2_DMPS_Installer_Tools_v1_13EventHandler00046
                0x8002575c                S2_DMPS_Installer_Tools_v1_13EventHandler0000B
                0x80052a5e                S2_DMPS_Installer_Tools_v1_13EventHandler0004E
                0x800172e6                S2_DMPS_Installer_Tools_v1_13EventHandler00003
                0x80052302                S2_DMPS_Installer_Tools_v1_13EventHandler00040
                0x80051f4e                S2_DMPS_Installer_Tools_v1_13EventHandler0003A
                0x8001b53e                S2_DMPS_Installer_Tools_v1_13EventHandler00005
                0x800527ee                S2_DMPS_Installer_Tools_v1_13EventHandler00048
                0x80052b90                S2_DMPS_Installer_Tools_v1_13EventHandler00055
                0x80051a2a                S2_DMPS_Installer_Tools_v1_13EventHandler0001E
                0x8002544c                S2_DMPS_Installer_Tools_v1_13EventHandler00009
                0x80043400                S2_DMPS_Installer_Tools_v1_13EventHandler00031
                0x8003e474                S2_DMPS_Installer_Tools_v1_13EventHandler00010
                0x8004197a                S2_DMPS_Installer_Tools_v1_13EventHandler00024
                0x8004373e                S2_DMPS_Installer_Tools_v1_13EventHandler0004C
                0x8004295c                S2_DMPS_Installer_Tools_v1_13EventHandler0002E
                0x80051cd6                S2_DMPS_Installer_Tools_v1_13EventHandler00036
                0x80042002                S2_DMPS_Installer_Tools_v1_13EventHandler00028
                0x80051e12                S2_DMPS_Installer_Tools_v1_13EventHandler00038
                0x8003d91e                S2_DMPS_Installer_Tools_v1_13RESTOREAUDIODEFAULTSWAIT
                0x8004263e                S2_DMPS_Installer_Tools_v1_13EventHandler0002C
                0x800407ba                S2_DMPS_Installer_Tools_v1_13EventHandler00017
                0x8003db7c                S2_DMPS_Installer_Tools_v1_13RESTOREDEFAULTSWAIT
                0x800529c2                S2_DMPS_Installer_Tools_v1_13EventHandler0004B
                0x80051afc                S2_DMPS_Installer_Tools_v1_13EventHandler00033
                0x8004451e                S2_DMPS_Installer_Tools_v1_13EventHandler00050
                0x80042320                S2_DMPS_Installer_Tools_v1_13EventHandler0002A
                0x8003faaa                S2_DMPS_Installer_Tools_v1_13EventHandler00013
                0x80045442                S2_DMPS_Installer_Tools_v1_13EventHandler00052
                0x8003ffde                S2_DMPS_Installer_Tools_v1_13EventHandler00015
                0x80029752                S2_DMPS_Installer_Tools_v1_13EventHandler0000C
                0x80043d8c                S2_DMPS_Installer_Tools_v1_13EventHandler0004F
                0x8005208a                S2_DMPS_Installer_Tools_v1_13EventHandler0003C
                0x800298ca                S2_DMPS_Installer_Tools_v1_13EventHandler0000D
                0x80045f7e                S2_DMPS_Installer_Tools_v1_13EventHandler00058
                0x800524dc                S2_DMPS_Installer_Tools_v1_13EventHandler00043
                0x80016696                S2_DMPS_Installer_Tools_v1_13EventHandler00000
                0x8002041c                S2_DMPS_Installer_Tools_v1_13EventHandler00007
                0x8005243e                S2_DMPS_Installer_Tools_v1_13EventHandler00042
                0x80052618                S2_DMPS_Installer_Tools_v1_13EventHandler00045
                0x80051724                S2_DMPS_Installer_Tools_v1_13WRONGPASSWORDWAIT
                0x8001704a                S2_DMPS_Installer_Tools_v1_13EventHandler00002
                0x8003ea88                S2_DMPS_Installer_Tools_v1_13EventHandler00012
                0x80045bd4                S2_DMPS_Installer_Tools_v1_13EventHandler00057
                0x800518c6                S2_DMPS_Installer_Tools_v1_13EventHandler0001A
                0x8004118c                S2_DMPS_Installer_Tools_v1_13EventHandler0001F
                0x80043074                S2_DMPS_Installer_Tools_v1_13EventHandler00030
                0x80051d74                S2_DMPS_Installer_Tools_v1_13EventHandler00037
                0x8003e148                S2_DMPS_Installer_Tools_v1_13EventHandler0000F
                0x800417d8                S2_DMPS_Installer_Tools_v1_13EventHandler00023
                0x80041b1c                S2_DMPS_Installer_Tools_v1_13EventHandler00025
                0x800427cc                S2_DMPS_Installer_Tools_v1_13EventHandler0002D
                0x80040a40                S2_DMPS_Installer_Tools_v1_13EventHandler00018
                0x800414a8                S2_DMPS_Installer_Tools_v1_13EventHandler00021
                0x8004131a                S2_DMPS_Installer_Tools_v1_13EventHandler00020
                0x80041e60                S2_DMPS_Installer_Tools_v1_13EventHandler00027
                0x8005199e                S2_DMPS_Installer_Tools_v1_13EventHandler0001D
                0x80051c38                S2_DMPS_Installer_Tools_v1_13EventHandler00035
                0x80052128                S2_DMPS_Installer_Tools_v1_13EventHandler0003D
 .text          0x80052c24     0x2168 S2_APAD_Long_Text_Edit.o
                0x80054ca4                S2_APAD_Long_Text_EditEventHandler0000D
                0x800546fe                S2_APAD_Long_Text_Edit_main
                0x80053958                S2_APAD_Long_Text_EditEventHandler00005
                0x800548f2                S2_APAD_Long_Text_EditEventHandler00002
                0x80054b6e                S2_APAD_Long_Text_EditEventHandler0000A
                0x80053f50                S2_APAD_Long_Text_EditEventHandler00007
                0x80054baa                S2_APAD_Long_Text_EditEventHandler0000B
                0x80053b80                S2_APAD_Long_Text_EditEventHandler00006
                0x800549b4                S2_APAD_Long_Text_EditEventHandler00003
                0x80054be6                S2_APAD_Long_Text_EditEventHandler0000C
                0x80054a4c                S2_APAD_Long_Text_EditEventHandler00008
                0x80054618                S2_APAD_Long_Text_Edit_EventHandler
                0x8005432a                S2_APAD_Long_Text_EditEventHandler00009
                0x80053442                S2_APAD_Long_Text_EditEventHandler00000
                0x800536f6                S2_APAD_Long_Text_EditEventHandler00004
                0x8005359c                S2_APAD_Long_Text_EditEventHandler00001
 .text          0x80054d8c     0x1078 S2_UserProgCmd_Interface_v1_0.o
                0x80054ea6                S2_UserProgCmd_Interface_v1_0EventHandler00000
                0x80055c8c                S2_UserProgCmd_Interface_v1_0_main
                0x80055ba8                S2_UserProgCmd_Interface_v1_0_EventHandler
 .text          0x80055e04      0x34c S2_UserProgCmd_Interface_Serial_To_Analog_v1_0.o
                0x80055f02                S2_UserProgCmd_Interface_Serial_To_Analog_v1_0_main
                0x80055e04                S2_UserProgCmd_Interface_Serial_To_Analog_v1_0_EventHandler
                0x800560c0                S2_UserProgCmd_Interface_Serial_To_Analog_v1_0EventHandler00001
                0x80055fce                S2_UserProgCmd_Interface_Serial_To_Analog_v1_0EventHandler00000
 .text          0x80056150     0x32b4 S2_DMPS_System_Info_V1_0_2.o
                0x80058f96                S2_DMPS_System_Info_V1_0_2EventHandler00002
                0x80059362                S2_DMPS_System_Info_V1_0_2EventHandler00008
                0x8005921e                S2_DMPS_System_Info_V1_0_2EventHandler00006
                0x80056150                S2_DMPS_System_Info_V1_0_2EventHandler00000
                0x80059038                S2_DMPS_System_Info_V1_0_2EventHandler00003
                0x80058c28                S2_DMPS_System_Info_V1_0_2_EventHandler
                0x80058cda                S2_DMPS_System_Info_V1_0_2_main
                0x80056558                S2_DMPS_System_Info_V1_0_2EventHandler00001
                0x80058ee2                S2_DMPS_System_Info_V1_0_2__SPLS_TMPVAR__WAITLABEL_0__
                0x8005917c                S2_DMPS_System_Info_V1_0_2EventHandler00005
                0x800590da                S2_DMPS_System_Info_V1_0_2EventHandler00004
                0x800592c0                S2_DMPS_System_Info_V1_0_2EventHandler00007
 .text          0x80059404     0x1e9c S2_Single_Line_Scroller_v1_2.o
                0x80059ab4                S2_Single_Line_Scroller_v1_2EventHandler00000
                0x8005a08a                S2_Single_Line_Scroller_v1_2EventHandler00001
                0x8005ae64                S2_Single_Line_Scroller_v1_2_main
                0x8005a22a                S2_Single_Line_Scroller_v1_2EventHandler00002
                0x8005b212                S2_Single_Line_Scroller_v1_2EventHandler00006
                0x8005aa82                S2_Single_Line_Scroller_v1_2EventHandler00007
                0x8005ad98                S2_Single_Line_Scroller_v1_2_EventHandler
                0x8005a86a                S2_Single_Line_Scroller_v1_2EventHandler00005
                0x8005a47e                S2_Single_Line_Scroller_v1_2EventHandler00003
                0x8005a6be                S2_Single_Line_Scroller_v1_2EventHandler00004
 .text          0x8005b2a0     0x1140 S2_IP_Address_Edit_with_Up_Down.o
                0x8005c368                S2_IP_Address_Edit_with_Up_DownEventHandler00000
                0x8005c3a4                S2_IP_Address_Edit_with_Up_DownEventHandler00001
                0x8005bfbc                S2_IP_Address_Edit_with_Up_Down_EventHandler
                0x8005c0aa                S2_IP_Address_Edit_with_Up_Down_main
 .text          0x8005c3e0      0xd38 S2_IP_Address_Edit_Acceleration.o
                0x8005c8b4                S2_IP_Address_Edit_AccelerationEventHandler00000
                0x8005cb48                S2_IP_Address_Edit_Acceleration_EventHandler
                0x8005cc26                S2_IP_Address_Edit_Acceleration_main
 .text          0x8005d118      0x53c S2_DMPS_Analog_To_String_Conversion_v1_1.o
                0x8005d118                S2_DMPS_Analog_To_String_Conversion_v1_1EventHandler00000
                0x8005d538                S2_DMPS_Analog_To_String_Conversion_v1_1_EventHandler
                0x8005d5f4                S2_DMPS_Analog_To_String_Conversion_v1_1_main
 .text          0x8005d654      0x31c S2_DMPS_String_to_Analog_Conversion_v1_1.o
                0x8005d8e0                S2_DMPS_String_to_Analog_Conversion_v1_1_main
                0x8005d654                S2_DMPS_String_to_Analog_Conversion_v1_1EventHandler00000
                0x8005d83a                S2_DMPS_String_to_Analog_Conversion_v1_1_EventHandler
 .text          0x8005d970     0x1fc4 S2_Console_Processor_v3_.o
                0x8005f77a                S2_Console_Processor_v3__EventHandler
                0x8005ec2e                S2_Console_Processor_v3_EventHandler00000
                0x8005f024                S2_Console_Processor_v3_EventHandler00003
                0x8005ed80                S2_Console_Processor_v3_EventHandler00001
                0x8005f840                S2_Console_Processor_v3__main
                0x8005eed2                S2_Console_Processor_v3_EventHandler00002
                0x8005f176                S2_Console_Processor_v3_EventHandler00004
 .text          0x8005f934      0x9fa S2_Sleep_timer_countdown.o
                0x800602e4                S2_Sleep_timer_countdownEventHandler00000
                0x8006025a                S2_Sleep_timer_countdown_EventHandler
                0x800601fc                S2_Sleep_timer_countdown_main
                0x8005fcc0                S2_Sleep_timer_countdownEventHandler00001
                0x8005ffc4                S2_Sleep_timer_countdownEventHandler00003
                0x8005fe42                S2_Sleep_timer_countdownEventHandler00002
 *fill*         0x8006032e        0x2
 .text          0x80060330      0x3ac S2_Panasonic_PT_EZ370RU_Processor.o
                0x80060330                S2_Panasonic_PT_EZ370RU_ProcessorEventHandler00000
                0x800605ae                S2_Panasonic_PT_EZ370RU_Processor_EventHandler
                0x8006066a                S2_Panasonic_PT_EZ370RU_Processor_main
 .text          0x800606dc     0x1ad8 S2_tascam_cd500.o
                0x800620ee                S2_tascam_cd500EventHandler00005
                0x800613a8                S2_tascam_cd500EventHandler0000A
                0x8006099c                S2_tascam_cd500EventHandler00002
                0x8006081c                S2_tascam_cd500EventHandler00001
                0x800611fc                S2_tascam_cd500EventHandler00009
                0x80060efa                S2_tascam_cd500EventHandler00007
                0x80062028                S2_tascam_cd500EventHandler00004
                0x80060bc4                S2_tascam_cd500EventHandler00003
                0x80061dc8                S2_tascam_cd500_EventHandler
                0x800610ba                S2_tascam_cd500EventHandler00008
                0x80060dae                S2_tascam_cd500EventHandler00006
                0x800606dc                S2_tascam_cd500EventHandler00000
                0x80061eac                S2_tascam_cd500_main
 .text          0x800621b4      0x3ee S2_Core_3_XPanel_Web_Configuration_Module_v1_1.o
                0x800621b4                S2_Core_3_XPanel_Web_Configuration_Module_v1_1EventHandler00000
                0x8006244c                S2_Core_3_XPanel_Web_Configuration_Module_v1_1_main
                0x8006238e                S2_Core_3_XPanel_Web_Configuration_Module_v1_1_EventHandler
 *fill*         0x800625a2        0x2
 .text          0x800625a4      0xd16 S2_NV_Analog_to_Disk_v2_2.o
                0x80062ab2                S2_NV_Analog_to_Disk_v2_2_EventHandler
                0x80062b6e                S2_NV_Analog_to_Disk_v2_2_main
                0x8006288a                S2_NV_Analog_to_Disk_v2_2EventHandler00000
 *fill*         0x800632ba        0x2
 .text          0x800632bc     0x1a60 S2_CTI_2012_08_29TCP_IP_Time_Updater.o
                0x80063504                S2_CTI_2012_08_29TCP_IP_Time_UpdaterEventHandler00002
                0x800633a8                S2_CTI_2012_08_29TCP_IP_Time_UpdaterEventHandler00000
                0x80064a40                S2_CTI_2012_08_29TCP_IP_Time_Updater_main
                0x80064702                S2_CTI_2012_08_29TCP_IP_Time_UpdaterEventHandler00004
                0x80064900                S2_CTI_2012_08_29TCP_IP_Time_Updater_EventHandler
                0x80064c18                S2_CTI_2012_08_29TCP_IP_Time_UpdaterEventHandler00001
                0x800645a6                S2_CTI_2012_08_29TCP_IP_Time_UpdaterEventHandler00003
 .text          0x80064d1c     0x1774 S2_Roboshot_IP_PTZ.o
                0x80066274                S2_Roboshot_IP_PTZEventHandler0000C
                0x80065c20                S2_Roboshot_IP_PTZEventHandler00004
                0x80065b72                S2_Roboshot_IP_PTZEventHandler00001
                0x80066382                S2_Roboshot_IP_PTZEventHandler0000D
                0x8006575c                S2_Roboshot_IP_PTZ_main
                0x80065d2e                S2_Roboshot_IP_PTZEventHandler00007
                0x80066166                S2_Roboshot_IP_PTZEventHandler0000B
                0x80065e3c                S2_Roboshot_IP_PTZEventHandler00008
                0x80065692                S2_Roboshot_IP_PTZ_EventHandler
                0x80065f4a                S2_Roboshot_IP_PTZEventHandler00009
                0x80066058                S2_Roboshot_IP_PTZEventHandler0000A
                0x800652f2                S2_Roboshot_IP_PTZEventHandler00006
                0x80064f0e                S2_Roboshot_IP_PTZEventHandler00003
                0x80065100                S2_Roboshot_IP_PTZEventHandler00005
                0x80064d1c                S2_Roboshot_IP_PTZEventHandler00002
                0x80065ac4                S2_Roboshot_IP_PTZEventHandler00000
 .text          0x80066490     0x58e2 S2_Biamp_Tesira_Command_Processor_v1_7.o
                0x8006ba6c                S2_Biamp_Tesira_Command_Processor_v1_7STARTHEARTBEATPROCESS
                0x8006ba14                S2_Biamp_Tesira_Command_Processor_v1_7REGISTRATIONWAIT
                0x8006b9ac                S2_Biamp_Tesira_Command_Processor_v1_7__COMMQUEUE_Destructor
                0x8006b2c4                S2_Biamp_Tesira_Command_Processor_v1_7EventHandler00004
                0x8006b978                S2_Biamp_Tesira_Command_Processor_v1_7__MODULECOMM_Constructor
                0x8006b982                S2_Biamp_Tesira_Command_Processor_v1_7__MODULECOMM_Destructor
                0x8006b096                S2_Biamp_Tesira_Command_Processor_v1_7EventHandler00001
                0x8006824e                S2_Biamp_Tesira_Command_Processor_v1_7QUEUEFALSERESPONSE
                0x8006ae60                S2_Biamp_Tesira_Command_Processor_v1_7EventHandler00000
                0x8006bb54                S2_Biamp_Tesira_Command_Processor_v1_7EventHandler00002
                0x8006b9b6                S2_Biamp_Tesira_Command_Processor_v1_7HEARTBEAT
                0x8006bc34                S2_Biamp_Tesira_Command_Processor_v1_7EventHandler00003
                0x8006b98c                S2_Biamp_Tesira_Command_Processor_v1_7__COMMQUEUE_Constructor
                0x8006b4da                S2_Biamp_Tesira_Command_Processor_v1_7_EventHandler
                0x8006bd28                S2_Biamp_Tesira_Command_Processor_v1_7EventHandler00005
                0x8006b5bc                S2_Biamp_Tesira_Command_Processor_v1_7_main
 *fill*         0x8006bd72        0x2
 .text          0x8006bd74     0x7e6a S2_Biamp_Tesira_Level_Control_v1_7.o
                0x8007381c                S2_Biamp_Tesira_Level_Control_v1_7RAISE_LEVEL
                0x800738f0                S2_Biamp_Tesira_Level_Control_v1_7EventHandler00000
                0x80073654                S2_Biamp_Tesira_Level_Control_v1_7_main
                0x80073a74                S2_Biamp_Tesira_Level_Control_v1_7EventHandler00002
                0x8007358a                S2_Biamp_Tesira_Level_Control_v1_7_EventHandler
                0x80073b68                S2_Biamp_Tesira_Level_Control_v1_7EventHandler00003
                0x80073886                S2_Biamp_Tesira_Level_Control_v1_7LOWER_LEVEL
                0x80072f04                S2_Biamp_Tesira_Level_Control_v1_7EventHandler00004
                0x800731c8                S2_Biamp_Tesira_Level_Control_v1_7EventHandler00005
                0x800739b2                S2_Biamp_Tesira_Level_Control_v1_7EventHandler00001
 *fill*         0x80073bde        0x2
 .text          0x80073be0     0x6070 S2_Biamp_Tesira_State_Control_v1_7.o
                0x8007996c                S2_Biamp_Tesira_State_Control_v1_7_EventHandler
                0x80077bc6                S2_Biamp_Tesira_State_Control_v1_7EventHandler00002
                0x8007787c                S2_Biamp_Tesira_State_Control_v1_7EventHandler00000
                0x800795f2                S2_Biamp_Tesira_State_Control_v1_7EventHandler00004
                0x80079a32                S2_Biamp_Tesira_State_Control_v1_7_main
                0x80077a22                S2_Biamp_Tesira_State_Control_v1_7EventHandler00001
                0x80079bda                S2_Biamp_Tesira_State_Control_v1_7EventHandler00003
 .text          0x80079c50     0x5836 library.o
                0x8007de3c                RotateRightLong
                0x8007e44a                IsSystem
                0x8007dda0                Seed
                0x8007b698                Remove
                0x8007da1c                Ltoa
                0x8007d748                Atoi
                0x8007cab0                InitRampInfoArray
                0x8007e1f6                Right
                0x8007f226                LockInputSema
                0x8007dcca                Mod
                0x8007deb2                Getc
                0x8007dbfe                SMuldiv
                0x8007e42c                IsHidden
                0x8007dae2                Min
                0x8007f03a                hextosi
                0x8007e5d0                WriteIntegerArray
                0x8007eb46                GetSignedIntArrayElementPtr
                0x8007d46a                CheckStructArray
                0x8007f04e                hextosl
                0x8007e756                WriteSignedIntegerArray
                0x8007d132                InitStringParamArray
                0x8007c404                ReadSignedLongIntegerArray
                0x8007b326                GatherToDelimiter
                0x8007cf56                InitStringArray
                0x8007dabc                Max
                0x8007e486                IsReadOnly
                0x8007dbc6                SMax
                0x8007b4ca                GatherByLength
                0x8007d956                Chr
                0x8007e5a8                ReadSignedLongInteger
                0x8007d9d4                Itohex
                0x8007d3dc                GetStructArrayElement
                0x8007d6d0                UNS_SetByte
                0x8007e1ca                ReverseFindi
                0x8007c8ac                ReadStringArray
                0x8007e956                GetIntArrayElementPtr
                0x8007e006                Lower
                0x8007ddbc                RotateLeft
                0x8007f16e                ResizeIfAutogrow
                0x8007cbdc                CheckInputArray
                0x8007a1be                ResizeStringArray
                0x8007d8e8                Atosl
                0x8007d710                High
                0x8007dd6c                Rnd
                0x8007dc8e                UMod
                0x8007de12                RotateLeftLong
                0x8007f29a                FindNumericChar
                0x8007ed9e                CheckIOArrayBounds2
                0x8007e3e4                MakeProgramFilename
                0x8007dbe2                SMin
                0x8007df3a                Left
                0x8007de7c                CheckBufferThreshold
                0x8007e560                ReadSignedInteger
                0x8007d73a                LowWord
                0x80079c50                Bit
                0x8007e510                ReadLongInteger
                0x8007d54e                Byte
                0x8007ea4e                GetLongArrayElementPtr
                0x8007e19c                ReverseFind
                0x8007e3fa                GetSeries
                0x8007f366                InitTcpServer
                0x8007dfee                Len
                0x8007ee6e                InitializeRampInfoInternal
                0x8007db08                Divide
                0x8007d854                Atol
                0x8007e3f0                GetModelNumber
                0x8007ed36                CheckIOArrayBounds
                0x8007cc36                CheckStringInputArray
                0x8007e818                WriteSignedLongIntegerArray
                0x8007d326                GetStringArrayElement
                0x8007da60                Ltohex
                0x8007d98c                Itoa
                0x8007dde6                RotateRight
                0x8007b986                InternalReverseFind
                0x8007e4f0                WriteLongInteger
                0x8007ce5a                InitDynamicStringStruct
                0x8007cd4c                SetStringArray
                0x8007c1e2                ReadSignedIntegerArray
                0x8007cc90                SetOutputArray
                0x8007e4a0                WriteInteger
                0x8007d2ba                InitStructDynamicArray
                0x8007bc10                SetString
                0x8007dd06                Random
                0x8007e538                WriteSignedInteger
                0x80079eb4                Find
                0x8007e404                GetProgramNumber
                0x8007e0da                Mid
                0x8007f2d8                InitTcpClient
                0x8007ada2                ResizeStructArray
                0x8007ec3e                GetSignedLongArrayElementPtr
                0x8007f060                hextol
                0x8007c626                ReadString
                0x8007cfec                InitDynamicStringArray
                0x8007f146                UpperChar
                0x8007d7e4                Atosi
                0x8007e4c8                ReadInteger
                0x8007db7a                Muldiv
                0x8007ccfe                SetStringOutputArray
                0x8007e8dc                WriteString
                0x8007a816                ResizeIntegerArray
                0x8007cba4                InitInOutArray
                0x8007d1fa                InitNvramStringArray
                0x8007daa4                Abs
                0x8007dc4a                SDivide
                0x8007bda0                ReadIntegerArray
                0x80079d60                CompareStrings
                0x8007f11e                LowerChar
                0x8007f3f6                InitUdpSocket
                0x8007de64                ClearBuffer
                0x8007e2b2                Upper
                0x8007d296                InitStructArray
                0x8007e388                MakeLower
                0x8007e468                IsVolume
                0x8007b7f2                RemoveByLength
                0x8007d4e6                CheckStringOutputArrayIndex
                0x8007e692                WriteLongIntegerArray
                0x8007ef1a                InitRampInfoStructArray
                0x8007d72c                HighWord
                0x8007a028                ResizeString
                0x8007e40e                IsDirectory
                0x8007bfc0                ReadLongIntegerArray
                0x8007d71e                Low
                0x8007b1cc                Gather
                0x8007e3b6                MakeUpper
                0x8007ce1c                InitStringStruct
                0x8007ee06                CheckStringArrayBounds
                0x8007db4c                CheckDenominator
                0x8007f022                hextoi
                0x8007c744                WriteStringArray
                0x8007d60e                SetByte
                0x8007eec4                InitializeRampInfo
                0x8007f260                UnLockInputSema
                0x8007e588                WriteSignedLongInteger
                0x8007cf0e                InitNvramStringStruct
 *fill*         0x8007f486        0xa
                0x8007f490                .=ALIGN(0x10)
 *(.eh_frame)
                0x8007f490                .=ALIGN(0x10)
 *(.gnu.linkonce.t.*)
                0x8007f490                .=ALIGN(0x4)
                0x8007f490                __CTOR_LIST__=.
                0x8007f490                ___CTOR_LIST__=.
                0x8007f490        0x4 LONG 0x0 (((__CTOR_END__-__CTOR_LIST__)/0x4)-0x2)
 *(.ctors)
                0x8007f494        0x4 LONG 0x0
                0x8007f498                __CTOR_END__=.
                0x8007f498                __DTOR_LIST__=.
                0x8007f498                ___DTOR_LIST__=.
                0x8007f498        0x4 LONG 0x0 (((__DTOR_END__-__DTOR_LIST__)/0x4)-0x2)
 *(.dtors)
                0x8007f49c        0x4 LONG 0x0
                0x8007f4a0                __DTOR_END__=.
 *(.rodata)
 .rodata        0x8007f4a0      0x23b S2_String_Check.o
 .rodata        0x8007f6db      0x2f5 S2_MPS_Text_Centering.o
 .rodata        0x8007f9d0      0x3fb S2_Knob_Acceleration__Pkt_.o
 .rodata        0x8007fdcb      0x687 S2_DMPS_Text_Router_v1_0.o
 .rodata        0x80080452     0x2b1d S2_DMPS_Installer_Tools_v1_13.o
 .rodata        0x80082f6f      0x3b7 S2_APAD_Long_Text_Edit.o
 .rodata        0x80083326      0x457 S2_UserProgCmd_Interface_v1_0.o
 .rodata        0x8008377d      0x24a S2_UserProgCmd_Interface_Serial_To_Analog_v1_0.o
 .rodata        0x800839c7      0x814 S2_DMPS_System_Info_V1_0_2.o
 .rodata        0x800841db      0x38d S2_Single_Line_Scroller_v1_2.o
 .rodata        0x80084568      0x261 S2_IP_Address_Edit_with_Up_Down.o
 .rodata        0x800847c9      0x2de S2_IP_Address_Edit_Acceleration.o
 .rodata        0x80084aa7      0x2d2 S2_DMPS_Analog_To_String_Conversion_v1_1.o
 .rodata        0x80084d79      0x23b S2_DMPS_String_to_Analog_Conversion_v1_1.o
 .rodata        0x80084fb4      0x5fa S2_Console_Processor_v3_.o
 .rodata        0x800855ae      0x281 S2_Sleep_timer_countdown.o
 .rodata        0x8008582f      0x2ba S2_Panasonic_PT_EZ370RU_Processor.o
 .rodata        0x80085ae9      0x3cf S2_tascam_cd500.o
 .rodata        0x80085eb8      0x48d S2_Core_3_XPanel_Web_Configuration_Module_v1_1.o
 .rodata        0x80086345      0x338 S2_NV_Analog_to_Disk_v2_2.o
 .rodata        0x8008667d      0x619 S2_CTI_2012_08_29TCP_IP_Time_Updater.o
 .rodata        0x80086c96      0x481 S2_Roboshot_IP_PTZ.o
 .rodata        0x80087117      0x66d S2_Biamp_Tesira_Command_Processor_v1_7.o
 .rodata        0x80087784      0x8e8 S2_Biamp_Tesira_Level_Control_v1_7.o
 .rodata        0x8008806c      0x6cc S2_Biamp_Tesira_State_Control_v1_7.o
 .rodata        0x80088738      0xc54 library.o
 *(.gcc_except_table)
                0x8008938c                .=ALIGN(0x2)
                0x8008938c                __INIT_SECTION__=.
                0x8008938c        0x4 LONG 0x4e560000
 *(.init)
                0x80089390        0x2 SHORT 0x4e5e
                0x80089392        0x2 SHORT 0x4e75
                0x80089394                __FINI_SECTION__=.
                0x80089394        0x4 LONG 0x4e560000
 *(.fini)
                0x80089398        0x2 SHORT 0x4e5e
                0x8008939a        0x2 SHORT 0x4e75
 *(.lit)
 *fill*         0x8008939c        0x4
                0x800893a0                .=ALIGN(0x10)
                0x800893a0                _etext=.
                0x800893a0                etext=.

.data           0x800893a0        0x0
                0x800893a0                copy_start=.
 *(.shdata)
 *(.data)
 *(.gnu.linkonce.d.*)
                0x800893a0                .=ALIGN(0x10)
                0x800893a0                _edata=.
                0x800893a0                copy_end=.

.got
 *(.got.plt)
 *(.got)

EntryList       0x800893a0     0x1a90
 *(EntryList)
 EntryList      0x800893a0      0x110 S2_String_Check.o
                0x800893a0                S2_String_Check_Entry
 EntryList      0x800894b0      0x110 S2_MPS_Text_Centering.o
                0x800894b0                S2_MPS_Text_Centering_Entry
 EntryList      0x800895c0      0x110 S2_Knob_Acceleration__Pkt_.o
                0x800895c0                S2_Knob_Acceleration__Pkt__Entry
 EntryList      0x800896d0      0x110 S2_DMPS_Text_Router_v1_0.o
                0x800896d0                S2_DMPS_Text_Router_v1_0_Entry
 EntryList      0x800897e0      0x110 S2_DMPS_Installer_Tools_v1_13.o
                0x800897e0                S2_DMPS_Installer_Tools_v1_13_Entry
 EntryList      0x800898f0      0x110 S2_APAD_Long_Text_Edit.o
                0x800898f0                S2_APAD_Long_Text_Edit_Entry
 EntryList      0x80089a00      0x110 S2_UserProgCmd_Interface_v1_0.o
                0x80089a00                S2_UserProgCmd_Interface_v1_0_Entry
 EntryList      0x80089b10      0x110 S2_UserProgCmd_Interface_Serial_To_Analog_v1_0.o
                0x80089b10                S2_UserProgCmd_Interface_Serial_To_Analog_v1_0_Entry
 EntryList      0x80089c20      0x110 S2_DMPS_System_Info_V1_0_2.o
                0x80089c20                S2_DMPS_System_Info_V1_0_2_Entry
 EntryList      0x80089d30      0x110 S2_Single_Line_Scroller_v1_2.o
                0x80089d30                S2_Single_Line_Scroller_v1_2_Entry
 EntryList      0x80089e40      0x110 S2_IP_Address_Edit_with_Up_Down.o
                0x80089e40                S2_IP_Address_Edit_with_Up_Down_Entry
 EntryList      0x80089f50      0x110 S2_IP_Address_Edit_Acceleration.o
                0x80089f50                S2_IP_Address_Edit_Acceleration_Entry
 EntryList      0x8008a060      0x110 S2_DMPS_Analog_To_String_Conversion_v1_1.o
                0x8008a060                S2_DMPS_Analog_To_String_Conversion_v1_1_Entry
 EntryList      0x8008a170      0x110 S2_DMPS_String_to_Analog_Conversion_v1_1.o
                0x8008a170                S2_DMPS_String_to_Analog_Conversion_v1_1_Entry
 EntryList      0x8008a280      0x110 S2_Console_Processor_v3_.o
                0x8008a280                S2_Console_Processor_v3__Entry
 EntryList      0x8008a390      0x110 S2_Sleep_timer_countdown.o
                0x8008a390                S2_Sleep_timer_countdown_Entry
 EntryList      0x8008a4a0      0x110 S2_Panasonic_PT_EZ370RU_Processor.o
                0x8008a4a0                S2_Panasonic_PT_EZ370RU_Processor_Entry
 EntryList      0x8008a5b0      0x110 S2_tascam_cd500.o
                0x8008a5b0                S2_tascam_cd500_Entry
 EntryList      0x8008a6c0      0x110 S2_Core_3_XPanel_Web_Configuration_Module_v1_1.o
                0x8008a6c0                S2_Core_3_XPanel_Web_Configuration_Module_v1_1_Entry
 EntryList      0x8008a7d0      0x110 S2_NV_Analog_to_Disk_v2_2.o
                0x8008a7d0                S2_NV_Analog_to_Disk_v2_2_Entry
 EntryList      0x8008a8e0      0x110 S2_CTI_2012_08_29TCP_IP_Time_Updater.o
                0x8008a8e0                S2_CTI_2012_08_29TCP_IP_Time_Updater_Entry
 EntryList      0x8008a9f0      0x110 S2_Roboshot_IP_PTZ.o
                0x8008a9f0                S2_Roboshot_IP_PTZ_Entry
 EntryList      0x8008ab00      0x110 S2_Biamp_Tesira_Command_Processor_v1_7.o
                0x8008ab00                S2_Biamp_Tesira_Command_Processor_v1_7_Entry
 EntryList      0x8008ac10      0x110 S2_Biamp_Tesira_Level_Control_v1_7.o
                0x8008ac10                S2_Biamp_Tesira_Level_Control_v1_7_Entry
 EntryList      0x8008ad20      0x110 S2_Biamp_Tesira_State_Control_v1_7.o
                0x8008ad20                S2_Biamp_Tesira_State_Control_v1_7_Entry
                0x8008ae30                .=ALIGN(0x4)

FunctionList    0x8008ae30        0x4
 *(FunctionList)
 FunctionList   0x8008ae30        0x4 globals.o
                0x8008ae30                g_pFunctions
                0x8008ae34                .=ALIGN(0x4)

.bss            0x8008ae34        0x0
                0x8008ae34                .=ALIGN(0x4)
                0x8008ae34                __bss_start=.
 *(.shbss)
 *(.bss)
 *(COMMON)
                0x8008ae38                _end=ALIGN(0x8)
                0x8008ae38                __end=_end

.stab
 *(.stab)

.stabstr
 *(.stabstr)

.debug
 *(.debug)

.line
 *(.line)

.debug_srcinfo
 *(.debug_srcinfo)

.debug_sfnames
 *(.debug_sfnames)

.debug_aranges
 *(.debug_aranges)

.debug_pubnames
 *(.debug_pubnames)

.debug_info
 *(.debug_info)

.debug_abbrev
 *(.debug_abbrev)

.debug_line
 *(.debug_line)

.debug_frame
 *(.debug_frame)

.debug_str
 *(.debug_str)

.debug_loc
 *(.debug_loc)

.debug_macinfo
 *(.debug_macinfo)

.debug_weaknames
 *(.debug_weaknames)

.debug_funcnames
 *(.debug_funcnames)

.debug_typenames
 *(.debug_typenames)

.debug_varnames
 *(.debug_varnames)
LOAD S2_String_Check.o
LOAD S2_MPS_Text_Centering.o
LOAD S2_Knob_Acceleration__Pkt_.o
LOAD S2_DMPS_Text_Router_v1_0.o
LOAD S2_DMPS_Installer_Tools_v1_13.o
LOAD S2_APAD_Long_Text_Edit.o
LOAD S2_UserProgCmd_Interface_v1_0.o
LOAD S2_UserProgCmd_Interface_Serial_To_Analog_v1_0.o
LOAD S2_DMPS_System_Info_V1_0_2.o
LOAD S2_Single_Line_Scroller_v1_2.o
LOAD S2_IP_Address_Edit_with_Up_Down.o
LOAD S2_IP_Address_Edit_Acceleration.o
LOAD S2_DMPS_Analog_To_String_Conversion_v1_1.o
LOAD S2_DMPS_String_to_Analog_Conversion_v1_1.o
LOAD S2_Console_Processor_v3_.o
LOAD S2_Sleep_timer_countdown.o
LOAD S2_Panasonic_PT_EZ370RU_Processor.o
LOAD S2_tascam_cd500.o
LOAD S2_Core_3_XPanel_Web_Configuration_Module_v1_1.o
LOAD S2_NV_Analog_to_Disk_v2_2.o
LOAD S2_CTI_2012_08_29TCP_IP_Time_Updater.o
LOAD S2_Roboshot_IP_PTZ.o
LOAD S2_Biamp_Tesira_Command_Processor_v1_7.o
LOAD S2_Biamp_Tesira_Level_Control_v1_7.o
LOAD S2_Biamp_Tesira_State_Control_v1_7.o
LOAD globals.o
LOAD library.o
OUTPUT(_S2_CA1004.spl elf32-m68k)

.comment        0x8008ae34      0x402
 .comment       0x8008ae34       0x26 S2_String_Check.o
 .comment       0x8008ae5a       0x26 S2_MPS_Text_Centering.o
 .comment       0x8008ae80       0x26 S2_Knob_Acceleration__Pkt_.o
 .comment       0x8008aea6       0x26 S2_DMPS_Text_Router_v1_0.o
 .comment       0x8008aecc       0x26 S2_DMPS_Installer_Tools_v1_13.o
 .comment       0x8008aef2       0x26 S2_APAD_Long_Text_Edit.o
 .comment       0x8008af18       0x26 S2_UserProgCmd_Interface_v1_0.o
 .comment       0x8008af3e       0x26 S2_UserProgCmd_Interface_Serial_To_Analog_v1_0.o
 .comment       0x8008af64       0x26 S2_DMPS_System_Info_V1_0_2.o
 .comment       0x8008af8a       0x26 S2_Single_Line_Scroller_v1_2.o
 .comment       0x8008afb0       0x26 S2_IP_Address_Edit_with_Up_Down.o
 .comment       0x8008afd6       0x26 S2_IP_Address_Edit_Acceleration.o
 .comment       0x8008affc       0x26 S2_DMPS_Analog_To_String_Conversion_v1_1.o
 .comment       0x8008b022       0x26 S2_DMPS_String_to_Analog_Conversion_v1_1.o
 .comment       0x8008b048       0x26 S2_Console_Processor_v3_.o
 .comment       0x8008b06e       0x26 S2_Sleep_timer_countdown.o
 .comment       0x8008b094       0x26 S2_Panasonic_PT_EZ370RU_Processor.o
 .comment       0x8008b0ba       0x26 S2_tascam_cd500.o
 .comment       0x8008b0e0       0x26 S2_Core_3_XPanel_Web_Configuration_Module_v1_1.o
 .comment       0x8008b106       0x26 S2_NV_Analog_to_Disk_v2_2.o
 .comment       0x8008b12c       0x26 S2_CTI_2012_08_29TCP_IP_Time_Updater.o
 .comment       0x8008b152       0x26 S2_Roboshot_IP_PTZ.o
 .comment       0x8008b178       0x26 S2_Biamp_Tesira_Command_Processor_v1_7.o
 .comment       0x8008b19e       0x26 S2_Biamp_Tesira_Level_Control_v1_7.o
 .comment       0x8008b1c4       0x26 S2_Biamp_Tesira_State_Control_v1_7.o
 .comment       0x8008b1ea       0x26 globals.o
 .comment       0x8008b210       0x26 library.o
