
Memory Configuration

Name             Origin             Length             Attributes
ram              0x80000000         0x00500000         xrw
*default*        0x00000000         0xffffffff

Linker script and memory map

                0x00000000                __DYNAMIC=0x0
                0x00400000                PROVIDE (__stack, 0x400000)
                0x00000000                PROVIDE (hardware_init_hook, 0x0)
                0x00000000                PROVIDE (_hardware_init_hook, 0x0)
                0x00000000                PROVIDE (software_init_hook, 0x0)
                0x00000000                PROVIDE (_software_init_hook, 0x0)

.text           0x80000000     0xf590
 *(.text)
 .text          0x80000000     0x836e S2_DENON_DN_700R_v1_0_RECEIVER_EXTRACK.o
                0x80001936                S2_DENON_DN_700R_v1_0_RECEIVER_EXTRACKEventHandler00000
                0x800081e4                S2_DENON_DN_700R_v1_0_RECEIVER_EXTRACK_EventHandler
                0x800082a0                S2_DENON_DN_700R_v1_0_RECEIVER_EXTRACK_main
 *fill*         0x8000836e        0x2
 .text          0x80008370     0x5836 library.o
                0x8000c55c                RotateRightLong
                0x8000cb6a                IsSystem
                0x8000c4c0                Seed
                0x80009db8                Remove
                0x8000c13c                Ltoa
                0x8000be68                Atoi
                0x8000b1d0                InitRampInfoArray
                0x8000c916                Right
                0x8000d946                LockInputSema
                0x8000c3ea                Mod
                0x8000c5d2                Getc
                0x8000c31e                SMuldiv
                0x8000cb4c                IsHidden
                0x8000c202                Min
                0x8000d75a                hextosi
                0x8000ccf0                WriteIntegerArray
                0x8000d266                GetSignedIntArrayElementPtr
                0x8000bb8a                CheckStructArray
                0x8000d76e                hextosl
                0x8000ce76                WriteSignedIntegerArray
                0x8000b852                InitStringParamArray
                0x8000ab24                ReadSignedLongIntegerArray
                0x80009a46                GatherToDelimiter
                0x8000b676                InitStringArray
                0x8000c1dc                Max
                0x8000cba6                IsReadOnly
                0x8000c2e6                SMax
                0x80009bea                GatherByLength
                0x8000c076                Chr
                0x8000ccc8                ReadSignedLongInteger
                0x8000c0f4                Itohex
                0x8000bafc                GetStructArrayElement
                0x8000bdf0                UNS_SetByte
                0x8000c8ea                ReverseFindi
                0x8000afcc                ReadStringArray
                0x8000d076                GetIntArrayElementPtr
                0x8000c726                Lower
                0x8000c4dc                RotateLeft
                0x8000d88e                ResizeIfAutogrow
                0x8000b2fc                CheckInputArray
                0x800088de                ResizeStringArray
                0x8000c008                Atosl
                0x8000be30                High
                0x8000c48c                Rnd
                0x8000c3ae                UMod
                0x8000c532                RotateLeftLong
                0x8000d9ba                FindNumericChar
                0x8000d4be                CheckIOArrayBounds2
                0x8000cb04                MakeProgramFilename
                0x8000c302                SMin
                0x8000c65a                Left
                0x8000c59c                CheckBufferThreshold
                0x8000cc80                ReadSignedInteger
                0x8000be5a                LowWord
                0x80008370                Bit
                0x8000cc30                ReadLongInteger
                0x8000bc6e                Byte
                0x8000d16e                GetLongArrayElementPtr
                0x8000c8bc                ReverseFind
                0x8000cb1a                GetSeries
                0x8000da86                InitTcpServer
                0x8000c70e                Len
                0x8000d58e                InitializeRampInfoInternal
                0x8000c228                Divide
                0x8000bf74                Atol
                0x8000cb10                GetModelNumber
                0x8000d456                CheckIOArrayBounds
                0x8000b356                CheckStringInputArray
                0x8000cf38                WriteSignedLongIntegerArray
                0x8000ba46                GetStringArrayElement
                0x8000c180                Ltohex
                0x8000c0ac                Itoa
                0x8000c506                RotateRight
                0x8000a0a6                InternalReverseFind
                0x8000cc10                WriteLongInteger
                0x8000b57a                InitDynamicStringStruct
                0x8000b46c                SetStringArray
                0x8000a902                ReadSignedIntegerArray
                0x8000b3b0                SetOutputArray
                0x8000cbc0                WriteInteger
                0x8000b9da                InitStructDynamicArray
                0x8000a330                SetString
                0x8000c426                Random
                0x8000cc58                WriteSignedInteger
                0x800085d4                Find
                0x8000cb24                GetProgramNumber
                0x8000c7fa                Mid
                0x8000d9f8                InitTcpClient
                0x800094c2                ResizeStructArray
                0x8000d35e                GetSignedLongArrayElementPtr
                0x8000d780                hextol
                0x8000ad46                ReadString
                0x8000b70c                InitDynamicStringArray
                0x8000d866                UpperChar
                0x8000bf04                Atosi
                0x8000cbe8                ReadInteger
                0x8000c29a                Muldiv
                0x8000b41e                SetStringOutputArray
                0x8000cffc                WriteString
                0x80008f36                ResizeIntegerArray
                0x8000b2c4                InitInOutArray
                0x8000b91a                InitNvramStringArray
                0x8000c1c4                Abs
                0x8000c36a                SDivide
                0x8000a4c0                ReadIntegerArray
                0x80008480                CompareStrings
                0x8000d83e                LowerChar
                0x8000db16                InitUdpSocket
                0x8000c584                ClearBuffer
                0x8000c9d2                Upper
                0x8000b9b6                InitStructArray
                0x8000caa8                MakeLower
                0x8000cb88                IsVolume
                0x80009f12                RemoveByLength
                0x8000bc06                CheckStringOutputArrayIndex
                0x8000cdb2                WriteLongIntegerArray
                0x8000d63a                InitRampInfoStructArray
                0x8000be4c                HighWord
                0x80008748                ResizeString
                0x8000cb2e                IsDirectory
                0x8000a6e0                ReadLongIntegerArray
                0x8000be3e                Low
                0x800098ec                Gather
                0x8000cad6                MakeUpper
                0x8000b53c                InitStringStruct
                0x8000d526                CheckStringArrayBounds
                0x8000c26c                CheckDenominator
                0x8000d742                hextoi
                0x8000ae64                WriteStringArray
                0x8000bd2e                SetByte
                0x8000d5e4                InitializeRampInfo
                0x8000d980                UnLockInputSema
                0x8000cca8                WriteSignedLongInteger
                0x8000b62e                InitNvramStringStruct
 *fill*         0x8000dba6        0xa
                0x8000dbb0                .=ALIGN(0x10)
 *(.eh_frame)
                0x8000dbb0                .=ALIGN(0x10)
 *(.gnu.linkonce.t.*)
                0x8000dbb0                .=ALIGN(0x4)
                0x8000dbb0                __CTOR_LIST__=.
                0x8000dbb0                ___CTOR_LIST__=.
                0x8000dbb0        0x4 LONG 0x0 (((__CTOR_END__-__CTOR_LIST__)/0x4)-0x2)
 *(.ctors)
                0x8000dbb4        0x4 LONG 0x0
                0x8000dbb8                __CTOR_END__=.
                0x8000dbb8                __DTOR_LIST__=.
                0x8000dbb8                ___DTOR_LIST__=.
                0x8000dbb8        0x4 LONG 0x0 (((__DTOR_END__-__DTOR_LIST__)/0x4)-0x2)
 *(.dtors)
                0x8000dbbc        0x4 LONG 0x0
                0x8000dbc0                __DTOR_END__=.
 *(.rodata)
 .rodata        0x8000dbc0      0xd5d S2_DENON_DN_700R_v1_0_RECEIVER_EXTRACK.o
 .rodata        0x8000e91d      0xc54 library.o
 *(.gcc_except_table)
 *fill*         0x8000f571        0x1
                0x8000f572                .=ALIGN(0x2)
                0x8000f572                __INIT_SECTION__=.
                0x8000f572        0x4 LONG 0x4e560000
 *(.init)
                0x8000f576        0x2 SHORT 0x4e5e
                0x8000f578        0x2 SHORT 0x4e75
                0x8000f57a                __FINI_SECTION__=.
                0x8000f57a        0x4 LONG 0x4e560000
 *(.fini)
                0x8000f57e        0x2 SHORT 0x4e5e
                0x8000f580        0x2 SHORT 0x4e75
 *(.lit)
 *fill*         0x8000f582        0xe
                0x8000f590                .=ALIGN(0x10)
                0x8000f590                _etext=.
                0x8000f590                etext=.

.data           0x8000f590        0x0
                0x8000f590                copy_start=.
 *(.shdata)
 *(.data)
 *(.gnu.linkonce.d.*)
                0x8000f590                .=ALIGN(0x10)
                0x8000f590                _edata=.
                0x8000f590                copy_end=.

.got
 *(.got.plt)
 *(.got)

EntryList       0x8000f590      0x110
 *(EntryList)
 EntryList      0x8000f590      0x110 S2_DENON_DN_700R_v1_0_RECEIVER_EXTRACK.o
                0x8000f590                S2_DENON_DN_700R_v1_0_RECEIVER_EXTRACK_Entry
                0x8000f6a0                .=ALIGN(0x4)

FunctionList    0x8000f6a0        0x4
 *(FunctionList)
 FunctionList   0x8000f6a0        0x4 globals.o
                0x8000f6a0                g_pFunctions
                0x8000f6a4                .=ALIGN(0x4)

.bss            0x8000f6a4        0x0
                0x8000f6a4                .=ALIGN(0x4)
                0x8000f6a4                __bss_start=.
 *(.shbss)
 *(.bss)
 *(COMMON)
                0x8000f6a8                _end=ALIGN(0x8)
                0x8000f6a8                __end=_end

.stab
 *(.stab)

.stabstr
 *(.stabstr)

.debug
 *(.debug)

.line
 *(.line)

.debug_srcinfo
 *(.debug_srcinfo)

.debug_sfnames
 *(.debug_sfnames)

.debug_aranges
 *(.debug_aranges)

.debug_pubnames
 *(.debug_pubnames)

.debug_info
 *(.debug_info)

.debug_abbrev
 *(.debug_abbrev)

.debug_line
 *(.debug_line)

.debug_frame
 *(.debug_frame)

.debug_str
 *(.debug_str)

.debug_loc
 *(.debug_loc)

.debug_macinfo
 *(.debug_macinfo)

.debug_weaknames
 *(.debug_weaknames)

.debug_funcnames
 *(.debug_funcnames)

.debug_typenames
 *(.debug_typenames)

.debug_varnames
 *(.debug_varnames)
LOAD S2_DENON_DN_700R_v1_0_RECEIVER_EXTRACK.o
LOAD globals.o
LOAD library.o
OUTPUT(S2_DENON_DN_700R_v1_0_RECEIVER_EXTRACK.elf elf32-m68k)

.comment        0x8000f6a4       0x72
 .comment       0x8000f6a4       0x26 S2_DENON_DN_700R_v1_0_RECEIVER_EXTRACK.o
 .comment       0x8000f6ca       0x26 globals.o
 .comment       0x8000f6f0       0x26 library.o
