
Memory Configuration

Name             Origin             Length             Attributes
ram              0x80000000         0x00500000         xrw
*default*        0x00000000         0xffffffff

Linker script and memory map

                0x00000000                __DYNAMIC=0x0
                0x00400000                PROVIDE (__stack, 0x400000)
                0x00000000                PROVIDE (hardware_init_hook, 0x0)
                0x00000000                PROVIDE (_hardware_init_hook, 0x0)
                0x00000000                PROVIDE (software_init_hook, 0x0)
                0x00000000                PROVIDE (_software_init_hook, 0x0)

.text           0x80000000    0x7e790
 *(.text)
 .text          0x80000000      0x258 S2_String_Check.o
                0x80000000                S2_String_Check_EventHandler
                0x8000017e                S2_String_CheckEventHandler00000
                0x800000bc                S2_String_Check_main
 .text          0x80000258      0x94a S2_MPS_Text_Centering.o
                0x80000710                S2_MPS_Text_CenteringEventHandler00000
                0x800009c2                S2_MPS_Text_Centering_main
                0x800008f2                S2_MPS_Text_Centering_EventHandler
 *fill*         0x80000ba2        0x2
 .text          0x80000ba4      0xe48 S2_Knob_Acceleration__Pkt_.o
                0x80001518                S2_Knob_Acceleration__Pkt__main
                0x800011a6                S2_Knob_Acceleration__Pkt_EventHandler00000
                0x8000143a                S2_Knob_Acceleration__Pkt__EventHandler
 .text          0x800019ec     0x5420 S2_DMPS_Text_Router_v1_0.o
                0x80006c44                S2_DMPS_Text_Router_v1_0EventHandler00009
                0x80006bee                S2_DMPS_Text_Router_v1_0EventHandler00008
                0x800061aa                S2_DMPS_Text_Router_v1_0_main
                0x8000689c                S2_DMPS_Text_Router_v1_0EventHandler00001
                0x80006a8e                S2_DMPS_Text_Router_v1_0EventHandler00004
                0x80006d8a                S2_DMPS_Text_Router_v1_0EventHandler0000B
                0x80006b1a                S2_DMPS_Text_Router_v1_0EventHandler00007
                0x8000697a                S2_DMPS_Text_Router_v1_0EventHandler00002
                0x80005f66                S2_DMPS_Text_Router_v1_0_EventHandler
                0x800067be                S2_DMPS_Text_Router_v1_0EventHandler00000
                0x80003c78                S2_DMPS_Text_Router_v1_0EventHandler00005
                0x80004c2a                S2_DMPS_Text_Router_v1_0EventHandler00006
                0x80006a02                S2_DMPS_Text_Router_v1_0EventHandler00003
                0x80006ce6                S2_DMPS_Text_Router_v1_0EventHandler0000A
 .text          0x80006e0c    0x4be18 S2_DMPS_Installer_Tools_v1_13.o
                0x80042190                S2_DMPS_Installer_Tools_v1_13EventHandler00029
                0x80044cb0                S2_DMPS_Installer_Tools_v1_13EventHandler00051
                0x8003fbf0                S2_DMPS_Installer_Tools_v1_13EventHandler00014
                0x8005257a                S2_DMPS_Installer_Tools_v1_13EventHandler00044
                0x80016cea                S2_DMPS_Installer_Tools_v1_13EventHandler00001
                0x80012936                S2_DMPS_Installer_Tools_v1_13KEYPADIDWAIT
                0x80051fec                S2_DMPS_Installer_Tools_v1_13EventHandler0003B
                0x80052264                S2_DMPS_Installer_Tools_v1_13EventHandler0003F
                0x8001fc56                S2_DMPS_Installer_Tools_v1_13EventHandler00006
                0x800523a0                S2_DMPS_Installer_Tools_v1_13EventHandler00041
                0x8001b00a                S2_DMPS_Installer_Tools_v1_13EventHandler00004
                0x80052752                S2_DMPS_Installer_Tools_v1_13EventHandler00047
                0x80043a62                S2_DMPS_Installer_Tools_v1_13EventHandler0004D
                0x80046d84                S2_DMPS_Installer_Tools_v1_13_main
                0x800255d4                S2_DMPS_Installer_Tools_v1_13EventHandler0000A
                0x80042ce8                S2_DMPS_Installer_Tools_v1_13EventHandler0002F
                0x80051762                S2_DMPS_Installer_Tools_v1_13EventHandler00011
                0x80052b46                S2_DMPS_Installer_Tools_v1_13EventHandler00054
                0x80040cc6                S2_DMPS_Installer_Tools_v1_13EventHandler0001B
                0x80024c86                S2_DMPS_Installer_Tools_v1_13EventHandler00008
                0x8005288a                S2_DMPS_Installer_Tools_v1_13EventHandler00049
                0x80052bda                S2_DMPS_Installer_Tools_v1_13EventHandler00056
                0x80051eb0                S2_DMPS_Installer_Tools_v1_13EventHandler00039
                0x800517ee                S2_DMPS_Installer_Tools_v1_13EventHandler00019
                0x80041636                S2_DMPS_Installer_Tools_v1_13EventHandler00022
                0x80041cbe                S2_DMPS_Installer_Tools_v1_13EventHandler00026
                0x800516e6                S2_DMPS_Installer_Tools_v1_13PASSWORDWAIT
                0x800521c6                S2_DMPS_Installer_Tools_v1_13EventHandler0003E
                0x80052926                S2_DMPS_Installer_Tools_v1_13EventHandler0004A
                0x80040ffe                S2_DMPS_Installer_Tools_v1_13EventHandler0001C
                0x8004352a                S2_DMPS_Installer_Tools_v1_13EventHandler00032
                0x80052afc                S2_DMPS_Installer_Tools_v1_13EventHandler00053
                0x800424b0                S2_DMPS_Installer_Tools_v1_13EventHandler0002B
                0x800403cc                S2_DMPS_Installer_Tools_v1_13EventHandler00016
                0x80051b9a                S2_DMPS_Installer_Tools_v1_13EventHandler00034
                0x8003ddda                S2_DMPS_Installer_Tools_v1_13EventHandler0000E
                0x80046c60                S2_DMPS_Installer_Tools_v1_13_EventHandler
                0x800526b6                S2_DMPS_Installer_Tools_v1_13EventHandler00046
                0x8002575c                S2_DMPS_Installer_Tools_v1_13EventHandler0000B
                0x80052a5e                S2_DMPS_Installer_Tools_v1_13EventHandler0004E
                0x800172e6                S2_DMPS_Installer_Tools_v1_13EventHandler00003
                0x80052302                S2_DMPS_Installer_Tools_v1_13EventHandler00040
                0x80051f4e                S2_DMPS_Installer_Tools_v1_13EventHandler0003A
                0x8001b53e                S2_DMPS_Installer_Tools_v1_13EventHandler00005
                0x800527ee                S2_DMPS_Installer_Tools_v1_13EventHandler00048
                0x80052b90                S2_DMPS_Installer_Tools_v1_13EventHandler00055
                0x80051a2a                S2_DMPS_Installer_Tools_v1_13EventHandler0001E
                0x8002544c                S2_DMPS_Installer_Tools_v1_13EventHandler00009
                0x80043400                S2_DMPS_Installer_Tools_v1_13EventHandler00031
                0x8003e474                S2_DMPS_Installer_Tools_v1_13EventHandler00010
                0x8004197a                S2_DMPS_Installer_Tools_v1_13EventHandler00024
                0x8004373e                S2_DMPS_Installer_Tools_v1_13EventHandler0004C
                0x8004295c                S2_DMPS_Installer_Tools_v1_13EventHandler0002E
                0x80051cd6                S2_DMPS_Installer_Tools_v1_13EventHandler00036
                0x80042002                S2_DMPS_Installer_Tools_v1_13EventHandler00028
                0x80051e12                S2_DMPS_Installer_Tools_v1_13EventHandler00038
                0x8003d91e                S2_DMPS_Installer_Tools_v1_13RESTOREAUDIODEFAULTSWAIT
                0x8004263e                S2_DMPS_Installer_Tools_v1_13EventHandler0002C
                0x800407ba                S2_DMPS_Installer_Tools_v1_13EventHandler00017
                0x8003db7c                S2_DMPS_Installer_Tools_v1_13RESTOREDEFAULTSWAIT
                0x800529c2                S2_DMPS_Installer_Tools_v1_13EventHandler0004B
                0x80051afc                S2_DMPS_Installer_Tools_v1_13EventHandler00033
                0x8004451e                S2_DMPS_Installer_Tools_v1_13EventHandler00050
                0x80042320                S2_DMPS_Installer_Tools_v1_13EventHandler0002A
                0x8003faaa                S2_DMPS_Installer_Tools_v1_13EventHandler00013
                0x80045442                S2_DMPS_Installer_Tools_v1_13EventHandler00052
                0x8003ffde                S2_DMPS_Installer_Tools_v1_13EventHandler00015
                0x80029752                S2_DMPS_Installer_Tools_v1_13EventHandler0000C
                0x80043d8c                S2_DMPS_Installer_Tools_v1_13EventHandler0004F
                0x8005208a                S2_DMPS_Installer_Tools_v1_13EventHandler0003C
                0x800298ca                S2_DMPS_Installer_Tools_v1_13EventHandler0000D
                0x80045f7e                S2_DMPS_Installer_Tools_v1_13EventHandler00058
                0x800524dc                S2_DMPS_Installer_Tools_v1_13EventHandler00043
                0x80016696                S2_DMPS_Installer_Tools_v1_13EventHandler00000
                0x8002041c                S2_DMPS_Installer_Tools_v1_13EventHandler00007
                0x8005243e                S2_DMPS_Installer_Tools_v1_13EventHandler00042
                0x80052618                S2_DMPS_Installer_Tools_v1_13EventHandler00045
                0x80051724                S2_DMPS_Installer_Tools_v1_13WRONGPASSWORDWAIT
                0x8001704a                S2_DMPS_Installer_Tools_v1_13EventHandler00002
                0x8003ea88                S2_DMPS_Installer_Tools_v1_13EventHandler00012
                0x80045bd4                S2_DMPS_Installer_Tools_v1_13EventHandler00057
                0x800518c6                S2_DMPS_Installer_Tools_v1_13EventHandler0001A
                0x8004118c                S2_DMPS_Installer_Tools_v1_13EventHandler0001F
                0x80043074                S2_DMPS_Installer_Tools_v1_13EventHandler00030
                0x80051d74                S2_DMPS_Installer_Tools_v1_13EventHandler00037
                0x8003e148                S2_DMPS_Installer_Tools_v1_13EventHandler0000F
                0x800417d8                S2_DMPS_Installer_Tools_v1_13EventHandler00023
                0x80041b1c                S2_DMPS_Installer_Tools_v1_13EventHandler00025
                0x800427cc                S2_DMPS_Installer_Tools_v1_13EventHandler0002D
                0x80040a40                S2_DMPS_Installer_Tools_v1_13EventHandler00018
                0x800414a8                S2_DMPS_Installer_Tools_v1_13EventHandler00021
                0x8004131a                S2_DMPS_Installer_Tools_v1_13EventHandler00020
                0x80041e60                S2_DMPS_Installer_Tools_v1_13EventHandler00027
                0x8005199e                S2_DMPS_Installer_Tools_v1_13EventHandler0001D
                0x80051c38                S2_DMPS_Installer_Tools_v1_13EventHandler00035
                0x80052128                S2_DMPS_Installer_Tools_v1_13EventHandler0003D
 .text          0x80052c24     0x2168 S2_APAD_Long_Text_Edit.o
                0x80054ca4                S2_APAD_Long_Text_EditEventHandler0000D
                0x800546fe                S2_APAD_Long_Text_Edit_main
                0x80053958                S2_APAD_Long_Text_EditEventHandler00005
                0x800548f2                S2_APAD_Long_Text_EditEventHandler00002
                0x80054b6e                S2_APAD_Long_Text_EditEventHandler0000A
                0x80053f50                S2_APAD_Long_Text_EditEventHandler00007
                0x80054baa                S2_APAD_Long_Text_EditEventHandler0000B
                0x80053b80                S2_APAD_Long_Text_EditEventHandler00006
                0x800549b4                S2_APAD_Long_Text_EditEventHandler00003
                0x80054be6                S2_APAD_Long_Text_EditEventHandler0000C
                0x80054a4c                S2_APAD_Long_Text_EditEventHandler00008
                0x80054618                S2_APAD_Long_Text_Edit_EventHandler
                0x8005432a                S2_APAD_Long_Text_EditEventHandler00009
                0x80053442                S2_APAD_Long_Text_EditEventHandler00000
                0x800536f6                S2_APAD_Long_Text_EditEventHandler00004
                0x8005359c                S2_APAD_Long_Text_EditEventHandler00001
 .text          0x80054d8c     0x1078 S2_UserProgCmd_Interface_v1_0.o
                0x80054ea6                S2_UserProgCmd_Interface_v1_0EventHandler00000
                0x80055c8c                S2_UserProgCmd_Interface_v1_0_main
                0x80055ba8                S2_UserProgCmd_Interface_v1_0_EventHandler
 .text          0x80055e04      0x34c S2_UserProgCmd_Interface_Serial_To_Analog_v1_0.o
                0x80055f02                S2_UserProgCmd_Interface_Serial_To_Analog_v1_0_main
                0x80055e04                S2_UserProgCmd_Interface_Serial_To_Analog_v1_0_EventHandler
                0x800560c0                S2_UserProgCmd_Interface_Serial_To_Analog_v1_0EventHandler00001
                0x80055fce                S2_UserProgCmd_Interface_Serial_To_Analog_v1_0EventHandler00000
 .text          0x80056150     0x32b4 S2_DMPS_System_Info_V1_0_2.o
                0x80058f96                S2_DMPS_System_Info_V1_0_2EventHandler00002
                0x80059362                S2_DMPS_System_Info_V1_0_2EventHandler00008
                0x8005921e                S2_DMPS_System_Info_V1_0_2EventHandler00006
                0x80056150                S2_DMPS_System_Info_V1_0_2EventHandler00000
                0x80059038                S2_DMPS_System_Info_V1_0_2EventHandler00003
                0x80058c28                S2_DMPS_System_Info_V1_0_2_EventHandler
                0x80058cda                S2_DMPS_System_Info_V1_0_2_main
                0x80056558                S2_DMPS_System_Info_V1_0_2EventHandler00001
                0x80058ee2                S2_DMPS_System_Info_V1_0_2__SPLS_TMPVAR__WAITLABEL_0__
                0x8005917c                S2_DMPS_System_Info_V1_0_2EventHandler00005
                0x800590da                S2_DMPS_System_Info_V1_0_2EventHandler00004
                0x800592c0                S2_DMPS_System_Info_V1_0_2EventHandler00007
 .text          0x80059404     0x1e9c S2_Single_Line_Scroller_v1_2.o
                0x80059ab4                S2_Single_Line_Scroller_v1_2EventHandler00000
                0x8005a08a                S2_Single_Line_Scroller_v1_2EventHandler00001
                0x8005ae64                S2_Single_Line_Scroller_v1_2_main
                0x8005a22a                S2_Single_Line_Scroller_v1_2EventHandler00002
                0x8005b212                S2_Single_Line_Scroller_v1_2EventHandler00006
                0x8005aa82                S2_Single_Line_Scroller_v1_2EventHandler00007
                0x8005ad98                S2_Single_Line_Scroller_v1_2_EventHandler
                0x8005a86a                S2_Single_Line_Scroller_v1_2EventHandler00005
                0x8005a47e                S2_Single_Line_Scroller_v1_2EventHandler00003
                0x8005a6be                S2_Single_Line_Scroller_v1_2EventHandler00004
 .text          0x8005b2a0     0x1140 S2_IP_Address_Edit_with_Up_Down.o
                0x8005c368                S2_IP_Address_Edit_with_Up_DownEventHandler00000
                0x8005c3a4                S2_IP_Address_Edit_with_Up_DownEventHandler00001
                0x8005bfbc                S2_IP_Address_Edit_with_Up_Down_EventHandler
                0x8005c0aa                S2_IP_Address_Edit_with_Up_Down_main
 .text          0x8005c3e0      0xd38 S2_IP_Address_Edit_Acceleration.o
                0x8005c8b4                S2_IP_Address_Edit_AccelerationEventHandler00000
                0x8005cb48                S2_IP_Address_Edit_Acceleration_EventHandler
                0x8005cc26                S2_IP_Address_Edit_Acceleration_main
 .text          0x8005d118      0x53c S2_DMPS_Analog_To_String_Conversion_v1_1.o
                0x8005d118                S2_DMPS_Analog_To_String_Conversion_v1_1EventHandler00000
                0x8005d538                S2_DMPS_Analog_To_String_Conversion_v1_1_EventHandler
                0x8005d5f4                S2_DMPS_Analog_To_String_Conversion_v1_1_main
 .text          0x8005d654      0x31c S2_DMPS_String_to_Analog_Conversion_v1_1.o
                0x8005d8e0                S2_DMPS_String_to_Analog_Conversion_v1_1_main
                0x8005d654                S2_DMPS_String_to_Analog_Conversion_v1_1EventHandler00000
                0x8005d83a                S2_DMPS_String_to_Analog_Conversion_v1_1_EventHandler
 .text          0x8005d970      0xd16 S2_NV_Analog_to_Disk_v2_2.o
                0x8005de7e                S2_NV_Analog_to_Disk_v2_2_EventHandler
                0x8005df3a                S2_NV_Analog_to_Disk_v2_2_main
                0x8005dc56                S2_NV_Analog_to_Disk_v2_2EventHandler00000
 *fill*         0x8005e686        0x2
 .text          0x8005e688      0xbde S2_NV_Serial_to_Disk_v2_2.o
                0x8005eb50                S2_NV_Serial_to_Disk_v2_2_EventHandler
                0x8005ec20                S2_NV_Serial_to_Disk_v2_2_main
                0x8005e96e                S2_NV_Serial_to_Disk_v2_2EventHandler00000
 *fill*         0x8005f266        0x2
 .text          0x8005f268     0x2d34 S2_NTP_Time_Sync_v1_0.o
                0x80061e38                S2_NTP_Time_Sync_v1_0_main
                0x80061a8c                S2_NTP_Time_Sync_v1_0EventHandler00001
                0x80061d2c                S2_NTP_Time_Sync_v1_0_EventHandler
                0x80061782                S2_NTP_Time_Sync_v1_0SERVERWAIT
                0x80061412                S2_NTP_Time_Sync_v1_0EventHandler00000
 .text          0x80061f9c     0x1100 S2_Panasonic_PT_FW300NT_v1_0_Processor.o
                0x80062c1c                S2_Panasonic_PT_FW300NT_v1_0_Processor_EventHandler
                0x800620d8                S2_Panasonic_PT_FW300NT_v1_0_ProcessorEventHandler00003
                0x80062fb8                S2_Panasonic_PT_FW300NT_v1_0_ProcessorEventHandler00001
                0x80062d34                S2_Panasonic_PT_FW300NT_v1_0_Processor_main
                0x80061f9c                S2_Panasonic_PT_FW300NT_v1_0_ProcessorEventHandler00002
                0x80062ed8                S2_Panasonic_PT_FW300NT_v1_0_ProcessorEventHandler00000
 .text          0x8006309c      0x3ac S2_Panasonic_PT_EZ370RU_Processor.o
                0x8006309c                S2_Panasonic_PT_EZ370RU_ProcessorEventHandler00000
                0x8006331a                S2_Panasonic_PT_EZ370RU_Processor_EventHandler
                0x800633d6                S2_Panasonic_PT_EZ370RU_Processor_main
 .text          0x80063448     0x3b88 S2_Display_Device_Sequence_Drive_v2a.o
                0x80066908                S2_Display_Device_Sequence_Drive_v2aEventHandler00000
                0x80065fba                S2_Display_Device_Sequence_Drive_v2aEventHandler00017
                0x80066b5a                S2_Display_Device_Sequence_Drive_v2aEventHandler00007
                0x80066b10                S2_Display_Device_Sequence_Drive_v2aEventHandler00003
                0x80065bdc                S2_Display_Device_Sequence_Drive_v2aEventHandler00014
                0x80066bd6                S2_Display_Device_Sequence_Drive_v2aEventHandler00009
                0x80066cce                S2_Display_Device_Sequence_Drive_v2aEventHandler0000D
                0x800667d0                S2_Display_Device_Sequence_Drive_v2aWTIMEOUT
                0x80066f84                S2_Display_Device_Sequence_Drive_v2aEventHandler00019
                0x80066e42                S2_Display_Device_Sequence_Drive_v2aEventHandler00013
                0x80066dc6                S2_Display_Device_Sequence_Drive_v2aEventHandler00011
                0x80066ebe                S2_Display_Device_Sequence_Drive_v2aEventHandler00015
                0x800651ec                S2_Display_Device_Sequence_Drive_v2aEventHandler00008
                0x80066d4a                S2_Display_Device_Sequence_Drive_v2aEventHandler0000F
                0x800663d2                S2_Display_Device_Sequence_Drive_v2a_main
                0x8006553c                S2_Display_Device_Sequence_Drive_v2aEventHandler0000C
                0x80065a34                S2_Display_Device_Sequence_Drive_v2aEventHandler00012
                0x8006676a                S2_Display_Device_Sequence_Drive_v2a__SPLS_TMPVAR__WAITLABEL_0__
                0x80066f3a                S2_Display_Device_Sequence_Drive_v2aEventHandler00018
                0x8006588c                S2_Display_Device_Sequence_Drive_v2aEventHandler00010
                0x80064f10                S2_Display_Device_Sequence_Drive_v2aEventHandler00006
                0x80066c52                S2_Display_Device_Sequence_Drive_v2aEventHandler0000B
                0x80064d58                S2_Display_Device_Sequence_Drive_v2aEventHandler00005
                0x80065394                S2_Display_Device_Sequence_Drive_v2aEventHandler0000A
                0x80065d84                S2_Display_Device_Sequence_Drive_v2aEventHandler00016
                0x80066874                S2_Display_Device_Sequence_Drive_v2a_EventHandler
                0x80066a3e                S2_Display_Device_Sequence_Drive_v2aEventHandler00001
                0x800656e4                S2_Display_Device_Sequence_Drive_v2aEventHandler0000E
                0x80066ac4                S2_Display_Device_Sequence_Drive_v2aEventHandler00002
                0x80064b6e                S2_Display_Device_Sequence_Drive_v2aEventHandler00004
 .text          0x80066fd0     0x23f2 S2_Sanyo_PLC_XU100_Feedback_Processor.o
                0x800692f8                S2_Sanyo_PLC_XU100_Feedback_ProcessorEventHandler00001
                0x80068fca                S2_Sanyo_PLC_XU100_Feedback_Processor_EventHandler
                0x800690e4                S2_Sanyo_PLC_XU100_Feedback_Processor_main
                0x80066fd0                S2_Sanyo_PLC_XU100_Feedback_ProcessorEventHandler00002
                0x80069222                S2_Sanyo_PLC_XU100_Feedback_ProcessorEventHandler00000
                0x80067a10                S2_Sanyo_PLC_XU100_Feedback_ProcessorEventHandler00003
 *fill*         0x800693c2        0x2
 .text          0x800693c4      0xa38 S2_Epson_PowerLite_Pro_G5650W_Processor_v1_0.o
                0x80069c6c                S2_Epson_PowerLite_Pro_G5650W_Processor_v1_0_EventHandler
                0x800693c4                S2_Epson_PowerLite_Pro_G5650W_Processor_v1_0EventHandler00000
                0x80069d28                S2_Epson_PowerLite_Pro_G5650W_Processor_v1_0_main
 .text          0x80069dfc     0x1100 S2_Panasonic_PT_EZ570_v1_0_Processor.o
                0x8006aa7c                S2_Panasonic_PT_EZ570_v1_0_Processor_EventHandler
                0x8006ab94                S2_Panasonic_PT_EZ570_v1_0_Processor_main
                0x80069dfc                S2_Panasonic_PT_EZ570_v1_0_ProcessorEventHandler00002
                0x8006ad38                S2_Panasonic_PT_EZ570_v1_0_ProcessorEventHandler00000
                0x8006ae18                S2_Panasonic_PT_EZ570_v1_0_ProcessorEventHandler00001
                0x80069f38                S2_Panasonic_PT_EZ570_v1_0_ProcessorEventHandler00003
 .text          0x8006aefc     0x1100 S2_Panasonic_PT_RZ370U_v1_0_Processor.o
                0x8006b038                S2_Panasonic_PT_RZ370U_v1_0_ProcessorEventHandler00003
                0x8006bb7c                S2_Panasonic_PT_RZ370U_v1_0_Processor_EventHandler
                0x8006aefc                S2_Panasonic_PT_RZ370U_v1_0_ProcessorEventHandler00002
                0x8006bc94                S2_Panasonic_PT_RZ370U_v1_0_Processor_main
                0x8006bf18                S2_Panasonic_PT_RZ370U_v1_0_ProcessorEventHandler00001
                0x8006be38                S2_Panasonic_PT_RZ370U_v1_0_ProcessorEventHandler00000
 .text          0x8006bffc      0xc2c S2_WolfVision_Eye_12_TCP_IP_Queue_v1_0.o
                0x8006cb1c                S2_WolfVision_Eye_12_TCP_IP_Queue_v1_0EventHandler00002
                0x8006c390                S2_WolfVision_Eye_12_TCP_IP_Queue_v1_0EventHandler00005
                0x8006c8fa                S2_WolfVision_Eye_12_TCP_IP_Queue_v1_0_main
                0x8006ca76                S2_WolfVision_Eye_12_TCP_IP_Queue_v1_0WTIMEOUT
                0x8006cb76                S2_WolfVision_Eye_12_TCP_IP_Queue_v1_0EventHandler00003
                0x8006cac4                S2_WolfVision_Eye_12_TCP_IP_Queue_v1_0EventHandler00000
                0x8006bffc                S2_WolfVision_Eye_12_TCP_IP_Queue_v1_0EventHandler00001
                0x8006cbce                S2_WolfVision_Eye_12_TCP_IP_Queue_v1_0EventHandler00004
                0x8006c834                S2_WolfVision_Eye_12_TCP_IP_Queue_v1_0_EventHandler
 .text          0x8006cc28      0x9fa S2_Sleep_timer_countdown.o
                0x8006d5d8                S2_Sleep_timer_countdownEventHandler00000
                0x8006d54e                S2_Sleep_timer_countdown_EventHandler
                0x8006d4f0                S2_Sleep_timer_countdown_main
                0x8006cfb4                S2_Sleep_timer_countdownEventHandler00001
                0x8006d2b8                S2_Sleep_timer_countdownEventHandler00003
                0x8006d136                S2_Sleep_timer_countdownEventHandler00002
 *fill*         0x8006d622        0x2
 .text          0x8006d624     0x1fc4 S2_Console_Processor_v3_.o
                0x8006f42e                S2_Console_Processor_v3__EventHandler
                0x8006e8e2                S2_Console_Processor_v3_EventHandler00000
                0x8006ecd8                S2_Console_Processor_v3_EventHandler00003
                0x8006ea34                S2_Console_Processor_v3_EventHandler00001
                0x8006f4f4                S2_Console_Processor_v3__main
                0x8006eb86                S2_Console_Processor_v3_EventHandler00002
                0x8006ee2a                S2_Console_Processor_v3_EventHandler00004
 .text          0x8006f5e8     0x5836 library.o
                0x800737d4                RotateRightLong
                0x80073de2                IsSystem
                0x80073738                Seed
                0x80071030                Remove
                0x800733b4                Ltoa
                0x800730e0                Atoi
                0x80072448                InitRampInfoArray
                0x80073b8e                Right
                0x80074bbe                LockInputSema
                0x80073662                Mod
                0x8007384a                Getc
                0x80073596                SMuldiv
                0x80073dc4                IsHidden
                0x8007347a                Min
                0x800749d2                hextosi
                0x80073f68                WriteIntegerArray
                0x800744de                GetSignedIntArrayElementPtr
                0x80072e02                CheckStructArray
                0x800749e6                hextosl
                0x800740ee                WriteSignedIntegerArray
                0x80072aca                InitStringParamArray
                0x80071d9c                ReadSignedLongIntegerArray
                0x80070cbe                GatherToDelimiter
                0x800728ee                InitStringArray
                0x80073454                Max
                0x80073e1e                IsReadOnly
                0x8007355e                SMax
                0x80070e62                GatherByLength
                0x800732ee                Chr
                0x80073f40                ReadSignedLongInteger
                0x8007336c                Itohex
                0x80072d74                GetStructArrayElement
                0x80073068                UNS_SetByte
                0x80073b62                ReverseFindi
                0x80072244                ReadStringArray
                0x800742ee                GetIntArrayElementPtr
                0x8007399e                Lower
                0x80073754                RotateLeft
                0x80074b06                ResizeIfAutogrow
                0x80072574                CheckInputArray
                0x8006fb56                ResizeStringArray
                0x80073280                Atosl
                0x800730a8                High
                0x80073704                Rnd
                0x80073626                UMod
                0x800737aa                RotateLeftLong
                0x80074c32                FindNumericChar
                0x80074736                CheckIOArrayBounds2
                0x80073d7c                MakeProgramFilename
                0x8007357a                SMin
                0x800738d2                Left
                0x80073814                CheckBufferThreshold
                0x80073ef8                ReadSignedInteger
                0x800730d2                LowWord
                0x8006f5e8                Bit
                0x80073ea8                ReadLongInteger
                0x80072ee6                Byte
                0x800743e6                GetLongArrayElementPtr
                0x80073b34                ReverseFind
                0x80073d92                GetSeries
                0x80074cfe                InitTcpServer
                0x80073986                Len
                0x80074806                InitializeRampInfoInternal
                0x800734a0                Divide
                0x800731ec                Atol
                0x80073d88                GetModelNumber
                0x800746ce                CheckIOArrayBounds
                0x800725ce                CheckStringInputArray
                0x800741b0                WriteSignedLongIntegerArray
                0x80072cbe                GetStringArrayElement
                0x800733f8                Ltohex
                0x80073324                Itoa
                0x8007377e                RotateRight
                0x8007131e                InternalReverseFind
                0x80073e88                WriteLongInteger
                0x800727f2                InitDynamicStringStruct
                0x800726e4                SetStringArray
                0x80071b7a                ReadSignedIntegerArray
                0x80072628                SetOutputArray
                0x80073e38                WriteInteger
                0x80072c52                InitStructDynamicArray
                0x800715a8                SetString
                0x8007369e                Random
                0x80073ed0                WriteSignedInteger
                0x8006f84c                Find
                0x80073d9c                GetProgramNumber
                0x80073a72                Mid
                0x80074c70                InitTcpClient
                0x8007073a                ResizeStructArray
                0x800745d6                GetSignedLongArrayElementPtr
                0x800749f8                hextol
                0x80071fbe                ReadString
                0x80072984                InitDynamicStringArray
                0x80074ade                UpperChar
                0x8007317c                Atosi
                0x80073e60                ReadInteger
                0x80073512                Muldiv
                0x80072696                SetStringOutputArray
                0x80074274                WriteString
                0x800701ae                ResizeIntegerArray
                0x8007253c                InitInOutArray
                0x80072b92                InitNvramStringArray
                0x8007343c                Abs
                0x800735e2                SDivide
                0x80071738                ReadIntegerArray
                0x8006f6f8                CompareStrings
                0x80074ab6                LowerChar
                0x80074d8e                InitUdpSocket
                0x800737fc                ClearBuffer
                0x80073c4a                Upper
                0x80072c2e                InitStructArray
                0x80073d20                MakeLower
                0x80073e00                IsVolume
                0x8007118a                RemoveByLength
                0x80072e7e                CheckStringOutputArrayIndex
                0x8007402a                WriteLongIntegerArray
                0x800748b2                InitRampInfoStructArray
                0x800730c4                HighWord
                0x8006f9c0                ResizeString
                0x80073da6                IsDirectory
                0x80071958                ReadLongIntegerArray
                0x800730b6                Low
                0x80070b64                Gather
                0x80073d4e                MakeUpper
                0x800727b4                InitStringStruct
                0x8007479e                CheckStringArrayBounds
                0x800734e4                CheckDenominator
                0x800749ba                hextoi
                0x800720dc                WriteStringArray
                0x80072fa6                SetByte
                0x8007485c                InitializeRampInfo
                0x80074bf8                UnLockInputSema
                0x80073f20                WriteSignedLongInteger
                0x800728a6                InitNvramStringStruct
 *fill*         0x80074e1e        0x2
                0x80074e20                .=ALIGN(0x10)
 *(.eh_frame)
                0x80074e20                .=ALIGN(0x10)
 *(.gnu.linkonce.t.*)
                0x80074e20                .=ALIGN(0x4)
                0x80074e20                __CTOR_LIST__=.
                0x80074e20                ___CTOR_LIST__=.
                0x80074e20        0x4 LONG 0x0 (((__CTOR_END__-__CTOR_LIST__)/0x4)-0x2)
 *(.ctors)
                0x80074e24        0x4 LONG 0x0
                0x80074e28                __CTOR_END__=.
                0x80074e28                __DTOR_LIST__=.
                0x80074e28                ___DTOR_LIST__=.
                0x80074e28        0x4 LONG 0x0 (((__DTOR_END__-__DTOR_LIST__)/0x4)-0x2)
 *(.dtors)
                0x80074e2c        0x4 LONG 0x0
                0x80074e30                __DTOR_END__=.
 *(.rodata)
 .rodata        0x80074e30      0x23b S2_String_Check.o
 .rodata        0x8007506b      0x2f5 S2_MPS_Text_Centering.o
 .rodata        0x80075360      0x3fb S2_Knob_Acceleration__Pkt_.o
 .rodata        0x8007575b      0x687 S2_DMPS_Text_Router_v1_0.o
 .rodata        0x80075de2     0x2b1d S2_DMPS_Installer_Tools_v1_13.o
 .rodata        0x800788ff      0x3b7 S2_APAD_Long_Text_Edit.o
 .rodata        0x80078cb6      0x457 S2_UserProgCmd_Interface_v1_0.o
 .rodata        0x8007910d      0x24a S2_UserProgCmd_Interface_Serial_To_Analog_v1_0.o
 .rodata        0x80079357      0x814 S2_DMPS_System_Info_V1_0_2.o
 .rodata        0x80079b6b      0x38d S2_Single_Line_Scroller_v1_2.o
 .rodata        0x80079ef8      0x261 S2_IP_Address_Edit_with_Up_Down.o
 .rodata        0x8007a159      0x2de S2_IP_Address_Edit_Acceleration.o
 .rodata        0x8007a437      0x2d2 S2_DMPS_Analog_To_String_Conversion_v1_1.o
 .rodata        0x8007a709      0x23b S2_DMPS_String_to_Analog_Conversion_v1_1.o
 .rodata        0x8007a944      0x338 S2_NV_Analog_to_Disk_v2_2.o
 .rodata        0x8007ac7c      0x364 S2_NV_Serial_to_Disk_v2_2.o
 .rodata        0x8007afe0      0x836 S2_NTP_Time_Sync_v1_0.o
 .rodata        0x8007b816      0x310 S2_Panasonic_PT_FW300NT_v1_0_Processor.o
 .rodata        0x8007bb26      0x2ba S2_Panasonic_PT_EZ370RU_Processor.o
 .rodata        0x8007bde0      0x255 S2_Display_Device_Sequence_Drive_v2a.o
 .rodata        0x8007c035      0x5d0 S2_Sanyo_PLC_XU100_Feedback_Processor.o
 .rodata        0x8007c605      0x3c3 S2_Epson_PowerLite_Pro_G5650W_Processor_v1_0.o
 .rodata        0x8007c9c8      0x310 S2_Panasonic_PT_EZ570_v1_0_Processor.o
 .rodata        0x8007ccd8      0x310 S2_Panasonic_PT_RZ370U_v1_0_Processor.o
 .rodata        0x8007cfe8      0x2c7 S2_WolfVision_Eye_12_TCP_IP_Queue_v1_0.o
 .rodata        0x8007d2af      0x281 S2_Sleep_timer_countdown.o
 .rodata        0x8007d530      0x5fa S2_Console_Processor_v3_.o
 .rodata        0x8007db2a      0xc54 library.o
 *(.gcc_except_table)
                0x8007e77e                .=ALIGN(0x2)
                0x8007e77e                __INIT_SECTION__=.
                0x8007e77e        0x4 LONG 0x4e560000
 *(.init)
                0x8007e782        0x2 SHORT 0x4e5e
                0x8007e784        0x2 SHORT 0x4e75
                0x8007e786                __FINI_SECTION__=.
                0x8007e786        0x4 LONG 0x4e560000
 *(.fini)
                0x8007e78a        0x2 SHORT 0x4e5e
                0x8007e78c        0x2 SHORT 0x4e75
 *(.lit)
 *fill*         0x8007e78e        0x2
                0x8007e790                .=ALIGN(0x10)
                0x8007e790                _etext=.
                0x8007e790                etext=.

.data           0x8007e790        0x0
                0x8007e790                copy_start=.
 *(.shdata)
 *(.data)
 *(.gnu.linkonce.d.*)
                0x8007e790                .=ALIGN(0x10)
                0x8007e790                _edata=.
                0x8007e790                copy_end=.

.got
 *(.got.plt)
 *(.got)

EntryList       0x8007e790     0x1cb0
 *(EntryList)
 EntryList      0x8007e790      0x110 S2_String_Check.o
                0x8007e790                S2_String_Check_Entry
 EntryList      0x8007e8a0      0x110 S2_MPS_Text_Centering.o
                0x8007e8a0                S2_MPS_Text_Centering_Entry
 EntryList      0x8007e9b0      0x110 S2_Knob_Acceleration__Pkt_.o
                0x8007e9b0                S2_Knob_Acceleration__Pkt__Entry
 EntryList      0x8007eac0      0x110 S2_DMPS_Text_Router_v1_0.o
                0x8007eac0                S2_DMPS_Text_Router_v1_0_Entry
 EntryList      0x8007ebd0      0x110 S2_DMPS_Installer_Tools_v1_13.o
                0x8007ebd0                S2_DMPS_Installer_Tools_v1_13_Entry
 EntryList      0x8007ece0      0x110 S2_APAD_Long_Text_Edit.o
                0x8007ece0                S2_APAD_Long_Text_Edit_Entry
 EntryList      0x8007edf0      0x110 S2_UserProgCmd_Interface_v1_0.o
                0x8007edf0                S2_UserProgCmd_Interface_v1_0_Entry
 EntryList      0x8007ef00      0x110 S2_UserProgCmd_Interface_Serial_To_Analog_v1_0.o
                0x8007ef00                S2_UserProgCmd_Interface_Serial_To_Analog_v1_0_Entry
 EntryList      0x8007f010      0x110 S2_DMPS_System_Info_V1_0_2.o
                0x8007f010                S2_DMPS_System_Info_V1_0_2_Entry
 EntryList      0x8007f120      0x110 S2_Single_Line_Scroller_v1_2.o
                0x8007f120                S2_Single_Line_Scroller_v1_2_Entry
 EntryList      0x8007f230      0x110 S2_IP_Address_Edit_with_Up_Down.o
                0x8007f230                S2_IP_Address_Edit_with_Up_Down_Entry
 EntryList      0x8007f340      0x110 S2_IP_Address_Edit_Acceleration.o
                0x8007f340                S2_IP_Address_Edit_Acceleration_Entry
 EntryList      0x8007f450      0x110 S2_DMPS_Analog_To_String_Conversion_v1_1.o
                0x8007f450                S2_DMPS_Analog_To_String_Conversion_v1_1_Entry
 EntryList      0x8007f560      0x110 S2_DMPS_String_to_Analog_Conversion_v1_1.o
                0x8007f560                S2_DMPS_String_to_Analog_Conversion_v1_1_Entry
 EntryList      0x8007f670      0x110 S2_NV_Analog_to_Disk_v2_2.o
                0x8007f670                S2_NV_Analog_to_Disk_v2_2_Entry
 EntryList      0x8007f780      0x110 S2_NV_Serial_to_Disk_v2_2.o
                0x8007f780                S2_NV_Serial_to_Disk_v2_2_Entry
 EntryList      0x8007f890      0x110 S2_NTP_Time_Sync_v1_0.o
                0x8007f890                S2_NTP_Time_Sync_v1_0_Entry
 EntryList      0x8007f9a0      0x110 S2_Panasonic_PT_FW300NT_v1_0_Processor.o
                0x8007f9a0                S2_Panasonic_PT_FW300NT_v1_0_Processor_Entry
 EntryList      0x8007fab0      0x110 S2_Panasonic_PT_EZ370RU_Processor.o
                0x8007fab0                S2_Panasonic_PT_EZ370RU_Processor_Entry
 EntryList      0x8007fbc0      0x110 S2_Display_Device_Sequence_Drive_v2a.o
                0x8007fbc0                S2_Display_Device_Sequence_Drive_v2a_Entry
 EntryList      0x8007fcd0      0x110 S2_Sanyo_PLC_XU100_Feedback_Processor.o
                0x8007fcd0                S2_Sanyo_PLC_XU100_Feedback_Processor_Entry
 EntryList      0x8007fde0      0x110 S2_Epson_PowerLite_Pro_G5650W_Processor_v1_0.o
                0x8007fde0                S2_Epson_PowerLite_Pro_G5650W_Processor_v1_0_Entry
 EntryList      0x8007fef0      0x110 S2_Panasonic_PT_EZ570_v1_0_Processor.o
                0x8007fef0                S2_Panasonic_PT_EZ570_v1_0_Processor_Entry
 EntryList      0x80080000      0x110 S2_Panasonic_PT_RZ370U_v1_0_Processor.o
                0x80080000                S2_Panasonic_PT_RZ370U_v1_0_Processor_Entry
 EntryList      0x80080110      0x110 S2_WolfVision_Eye_12_TCP_IP_Queue_v1_0.o
                0x80080110                S2_WolfVision_Eye_12_TCP_IP_Queue_v1_0_Entry
 EntryList      0x80080220      0x110 S2_Sleep_timer_countdown.o
                0x80080220                S2_Sleep_timer_countdown_Entry
 EntryList      0x80080330      0x110 S2_Console_Processor_v3_.o
                0x80080330                S2_Console_Processor_v3__Entry
                0x80080440                .=ALIGN(0x4)

FunctionList    0x80080440        0x4
 *(FunctionList)
 FunctionList   0x80080440        0x4 globals.o
                0x80080440                g_pFunctions
                0x80080444                .=ALIGN(0x4)

.bss            0x80080444        0x0
                0x80080444                .=ALIGN(0x4)
                0x80080444                __bss_start=.
 *(.shbss)
 *(.bss)
 *(COMMON)
                0x80080448                _end=ALIGN(0x8)
                0x80080448                __end=_end

.stab
 *(.stab)

.stabstr
 *(.stabstr)

.debug
 *(.debug)

.line
 *(.line)

.debug_srcinfo
 *(.debug_srcinfo)

.debug_sfnames
 *(.debug_sfnames)

.debug_aranges
 *(.debug_aranges)

.debug_pubnames
 *(.debug_pubnames)

.debug_info
 *(.debug_info)

.debug_abbrev
 *(.debug_abbrev)

.debug_line
 *(.debug_line)

.debug_frame
 *(.debug_frame)

.debug_str
 *(.debug_str)

.debug_loc
 *(.debug_loc)

.debug_macinfo
 *(.debug_macinfo)

.debug_weaknames
 *(.debug_weaknames)

.debug_funcnames
 *(.debug_funcnames)

.debug_typenames
 *(.debug_typenames)

.debug_varnames
 *(.debug_varnames)
LOAD S2_String_Check.o
LOAD S2_MPS_Text_Centering.o
LOAD S2_Knob_Acceleration__Pkt_.o
LOAD S2_DMPS_Text_Router_v1_0.o
LOAD S2_DMPS_Installer_Tools_v1_13.o
LOAD S2_APAD_Long_Text_Edit.o
LOAD S2_UserProgCmd_Interface_v1_0.o
LOAD S2_UserProgCmd_Interface_Serial_To_Analog_v1_0.o
LOAD S2_DMPS_System_Info_V1_0_2.o
LOAD S2_Single_Line_Scroller_v1_2.o
LOAD S2_IP_Address_Edit_with_Up_Down.o
LOAD S2_IP_Address_Edit_Acceleration.o
LOAD S2_DMPS_Analog_To_String_Conversion_v1_1.o
LOAD S2_DMPS_String_to_Analog_Conversion_v1_1.o
LOAD S2_NV_Analog_to_Disk_v2_2.o
LOAD S2_NV_Serial_to_Disk_v2_2.o
LOAD S2_NTP_Time_Sync_v1_0.o
LOAD S2_Panasonic_PT_FW300NT_v1_0_Processor.o
LOAD S2_Panasonic_PT_EZ370RU_Processor.o
LOAD S2_Display_Device_Sequence_Drive_v2a.o
LOAD S2_Sanyo_PLC_XU100_Feedback_Processor.o
LOAD S2_Epson_PowerLite_Pro_G5650W_Processor_v1_0.o
LOAD S2_Panasonic_PT_EZ570_v1_0_Processor.o
LOAD S2_Panasonic_PT_RZ370U_v1_0_Processor.o
LOAD S2_WolfVision_Eye_12_TCP_IP_Queue_v1_0.o
LOAD S2_Sleep_timer_countdown.o
LOAD S2_Console_Processor_v3_.o
LOAD globals.o
LOAD library.o
OUTPUT(_S2_Linthicum_Hall_Room_LI0105_DMPS_300_v1_0_0_WSJ.spl elf32-m68k)

.comment        0x80080444      0x44e
 .comment       0x80080444       0x26 S2_String_Check.o
 .comment       0x8008046a       0x26 S2_MPS_Text_Centering.o
 .comment       0x80080490       0x26 S2_Knob_Acceleration__Pkt_.o
 .comment       0x800804b6       0x26 S2_DMPS_Text_Router_v1_0.o
 .comment       0x800804dc       0x26 S2_DMPS_Installer_Tools_v1_13.o
 .comment       0x80080502       0x26 S2_APAD_Long_Text_Edit.o
 .comment       0x80080528       0x26 S2_UserProgCmd_Interface_v1_0.o
 .comment       0x8008054e       0x26 S2_UserProgCmd_Interface_Serial_To_Analog_v1_0.o
 .comment       0x80080574       0x26 S2_DMPS_System_Info_V1_0_2.o
 .comment       0x8008059a       0x26 S2_Single_Line_Scroller_v1_2.o
 .comment       0x800805c0       0x26 S2_IP_Address_Edit_with_Up_Down.o
 .comment       0x800805e6       0x26 S2_IP_Address_Edit_Acceleration.o
 .comment       0x8008060c       0x26 S2_DMPS_Analog_To_String_Conversion_v1_1.o
 .comment       0x80080632       0x26 S2_DMPS_String_to_Analog_Conversion_v1_1.o
 .comment       0x80080658       0x26 S2_NV_Analog_to_Disk_v2_2.o
 .comment       0x8008067e       0x26 S2_NV_Serial_to_Disk_v2_2.o
 .comment       0x800806a4       0x26 S2_NTP_Time_Sync_v1_0.o
 .comment       0x800806ca       0x26 S2_Panasonic_PT_FW300NT_v1_0_Processor.o
 .comment       0x800806f0       0x26 S2_Panasonic_PT_EZ370RU_Processor.o
 .comment       0x80080716       0x26 S2_Display_Device_Sequence_Drive_v2a.o
 .comment       0x8008073c       0x26 S2_Sanyo_PLC_XU100_Feedback_Processor.o
 .comment       0x80080762       0x26 S2_Epson_PowerLite_Pro_G5650W_Processor_v1_0.o
 .comment       0x80080788       0x26 S2_Panasonic_PT_EZ570_v1_0_Processor.o
 .comment       0x800807ae       0x26 S2_Panasonic_PT_RZ370U_v1_0_Processor.o
 .comment       0x800807d4       0x26 S2_WolfVision_Eye_12_TCP_IP_Queue_v1_0.o
 .comment       0x800807fa       0x26 S2_Sleep_timer_countdown.o
 .comment       0x80080820       0x26 S2_Console_Processor_v3_.o
 .comment       0x80080846       0x26 globals.o
 .comment       0x8008086c       0x26 library.o
