
Memory Configuration

Name             Origin             Length             Attributes
ram              0x80000000         0x00500000         xrw
*default*        0x00000000         0xffffffff

Linker script and memory map

                0x00000000                __DYNAMIC=0x0
                0x00400000                PROVIDE (__stack, 0x400000)
                0x00000000                PROVIDE (hardware_init_hook, 0x0)
                0x00000000                PROVIDE (_hardware_init_hook, 0x0)
                0x00000000                PROVIDE (software_init_hook, 0x0)
                0x00000000                PROVIDE (_software_init_hook, 0x0)

.text           0x80000000    0x94c90
 *(.text)
 .text          0x80000000      0x258 S2_String_Check.o
                0x80000000                S2_String_Check_EventHandler
                0x8000017e                S2_String_CheckEventHandler00000
                0x800000bc                S2_String_Check_main
 .text          0x80000258      0x94a S2_MPS_Text_Centering.o
                0x80000710                S2_MPS_Text_CenteringEventHandler00000
                0x800009c2                S2_MPS_Text_Centering_main
                0x800008f2                S2_MPS_Text_Centering_EventHandler
 *fill*         0x80000ba2        0x2
 .text          0x80000ba4      0xe48 S2_Knob_Acceleration__Pkt_.o
                0x80001518                S2_Knob_Acceleration__Pkt__main
                0x800011a6                S2_Knob_Acceleration__Pkt_EventHandler00000
                0x8000143a                S2_Knob_Acceleration__Pkt__EventHandler
 .text          0x800019ec     0x5420 S2_DMPS_Text_Router_v1_0.o
                0x80006c44                S2_DMPS_Text_Router_v1_0EventHandler00009
                0x80006bee                S2_DMPS_Text_Router_v1_0EventHandler00008
                0x800061aa                S2_DMPS_Text_Router_v1_0_main
                0x8000689c                S2_DMPS_Text_Router_v1_0EventHandler00001
                0x80006a8e                S2_DMPS_Text_Router_v1_0EventHandler00004
                0x80006d8a                S2_DMPS_Text_Router_v1_0EventHandler0000B
                0x80006b1a                S2_DMPS_Text_Router_v1_0EventHandler00007
                0x8000697a                S2_DMPS_Text_Router_v1_0EventHandler00002
                0x80005f66                S2_DMPS_Text_Router_v1_0_EventHandler
                0x800067be                S2_DMPS_Text_Router_v1_0EventHandler00000
                0x80003c78                S2_DMPS_Text_Router_v1_0EventHandler00005
                0x80004c2a                S2_DMPS_Text_Router_v1_0EventHandler00006
                0x80006a02                S2_DMPS_Text_Router_v1_0EventHandler00003
                0x80006ce6                S2_DMPS_Text_Router_v1_0EventHandler0000A
 .text          0x80006e0c    0x4be18 S2_DMPS_Installer_Tools_v1_13.o
                0x80042190                S2_DMPS_Installer_Tools_v1_13EventHandler00029
                0x80044cb0                S2_DMPS_Installer_Tools_v1_13EventHandler00051
                0x8003fbf0                S2_DMPS_Installer_Tools_v1_13EventHandler00014
                0x8005257a                S2_DMPS_Installer_Tools_v1_13EventHandler00044
                0x80016cea                S2_DMPS_Installer_Tools_v1_13EventHandler00001
                0x80012936                S2_DMPS_Installer_Tools_v1_13KEYPADIDWAIT
                0x80051fec                S2_DMPS_Installer_Tools_v1_13EventHandler0003B
                0x80052264                S2_DMPS_Installer_Tools_v1_13EventHandler0003F
                0x8001fc56                S2_DMPS_Installer_Tools_v1_13EventHandler00006
                0x800523a0                S2_DMPS_Installer_Tools_v1_13EventHandler00041
                0x8001b00a                S2_DMPS_Installer_Tools_v1_13EventHandler00004
                0x80052752                S2_DMPS_Installer_Tools_v1_13EventHandler00047
                0x80043a62                S2_DMPS_Installer_Tools_v1_13EventHandler0004D
                0x80046d84                S2_DMPS_Installer_Tools_v1_13_main
                0x800255d4                S2_DMPS_Installer_Tools_v1_13EventHandler0000A
                0x80042ce8                S2_DMPS_Installer_Tools_v1_13EventHandler0002F
                0x80051762                S2_DMPS_Installer_Tools_v1_13EventHandler00011
                0x80052b46                S2_DMPS_Installer_Tools_v1_13EventHandler00054
                0x80040cc6                S2_DMPS_Installer_Tools_v1_13EventHandler0001B
                0x80024c86                S2_DMPS_Installer_Tools_v1_13EventHandler00008
                0x8005288a                S2_DMPS_Installer_Tools_v1_13EventHandler00049
                0x80052bda                S2_DMPS_Installer_Tools_v1_13EventHandler00056
                0x80051eb0                S2_DMPS_Installer_Tools_v1_13EventHandler00039
                0x800517ee                S2_DMPS_Installer_Tools_v1_13EventHandler00019
                0x80041636                S2_DMPS_Installer_Tools_v1_13EventHandler00022
                0x80041cbe                S2_DMPS_Installer_Tools_v1_13EventHandler00026
                0x800516e6                S2_DMPS_Installer_Tools_v1_13PASSWORDWAIT
                0x800521c6                S2_DMPS_Installer_Tools_v1_13EventHandler0003E
                0x80052926                S2_DMPS_Installer_Tools_v1_13EventHandler0004A
                0x80040ffe                S2_DMPS_Installer_Tools_v1_13EventHandler0001C
                0x8004352a                S2_DMPS_Installer_Tools_v1_13EventHandler00032
                0x80052afc                S2_DMPS_Installer_Tools_v1_13EventHandler00053
                0x800424b0                S2_DMPS_Installer_Tools_v1_13EventHandler0002B
                0x800403cc                S2_DMPS_Installer_Tools_v1_13EventHandler00016
                0x80051b9a                S2_DMPS_Installer_Tools_v1_13EventHandler00034
                0x8003ddda                S2_DMPS_Installer_Tools_v1_13EventHandler0000E
                0x80046c60                S2_DMPS_Installer_Tools_v1_13_EventHandler
                0x800526b6                S2_DMPS_Installer_Tools_v1_13EventHandler00046
                0x8002575c                S2_DMPS_Installer_Tools_v1_13EventHandler0000B
                0x80052a5e                S2_DMPS_Installer_Tools_v1_13EventHandler0004E
                0x800172e6                S2_DMPS_Installer_Tools_v1_13EventHandler00003
                0x80052302                S2_DMPS_Installer_Tools_v1_13EventHandler00040
                0x80051f4e                S2_DMPS_Installer_Tools_v1_13EventHandler0003A
                0x8001b53e                S2_DMPS_Installer_Tools_v1_13EventHandler00005
                0x800527ee                S2_DMPS_Installer_Tools_v1_13EventHandler00048
                0x80052b90                S2_DMPS_Installer_Tools_v1_13EventHandler00055
                0x80051a2a                S2_DMPS_Installer_Tools_v1_13EventHandler0001E
                0x8002544c                S2_DMPS_Installer_Tools_v1_13EventHandler00009
                0x80043400                S2_DMPS_Installer_Tools_v1_13EventHandler00031
                0x8003e474                S2_DMPS_Installer_Tools_v1_13EventHandler00010
                0x8004197a                S2_DMPS_Installer_Tools_v1_13EventHandler00024
                0x8004373e                S2_DMPS_Installer_Tools_v1_13EventHandler0004C
                0x8004295c                S2_DMPS_Installer_Tools_v1_13EventHandler0002E
                0x80051cd6                S2_DMPS_Installer_Tools_v1_13EventHandler00036
                0x80042002                S2_DMPS_Installer_Tools_v1_13EventHandler00028
                0x80051e12                S2_DMPS_Installer_Tools_v1_13EventHandler00038
                0x8003d91e                S2_DMPS_Installer_Tools_v1_13RESTOREAUDIODEFAULTSWAIT
                0x8004263e                S2_DMPS_Installer_Tools_v1_13EventHandler0002C
                0x800407ba                S2_DMPS_Installer_Tools_v1_13EventHandler00017
                0x8003db7c                S2_DMPS_Installer_Tools_v1_13RESTOREDEFAULTSWAIT
                0x800529c2                S2_DMPS_Installer_Tools_v1_13EventHandler0004B
                0x80051afc                S2_DMPS_Installer_Tools_v1_13EventHandler00033
                0x8004451e                S2_DMPS_Installer_Tools_v1_13EventHandler00050
                0x80042320                S2_DMPS_Installer_Tools_v1_13EventHandler0002A
                0x8003faaa                S2_DMPS_Installer_Tools_v1_13EventHandler00013
                0x80045442                S2_DMPS_Installer_Tools_v1_13EventHandler00052
                0x8003ffde                S2_DMPS_Installer_Tools_v1_13EventHandler00015
                0x80029752                S2_DMPS_Installer_Tools_v1_13EventHandler0000C
                0x80043d8c                S2_DMPS_Installer_Tools_v1_13EventHandler0004F
                0x8005208a                S2_DMPS_Installer_Tools_v1_13EventHandler0003C
                0x800298ca                S2_DMPS_Installer_Tools_v1_13EventHandler0000D
                0x80045f7e                S2_DMPS_Installer_Tools_v1_13EventHandler00058
                0x800524dc                S2_DMPS_Installer_Tools_v1_13EventHandler00043
                0x80016696                S2_DMPS_Installer_Tools_v1_13EventHandler00000
                0x8002041c                S2_DMPS_Installer_Tools_v1_13EventHandler00007
                0x8005243e                S2_DMPS_Installer_Tools_v1_13EventHandler00042
                0x80052618                S2_DMPS_Installer_Tools_v1_13EventHandler00045
                0x80051724                S2_DMPS_Installer_Tools_v1_13WRONGPASSWORDWAIT
                0x8001704a                S2_DMPS_Installer_Tools_v1_13EventHandler00002
                0x8003ea88                S2_DMPS_Installer_Tools_v1_13EventHandler00012
                0x80045bd4                S2_DMPS_Installer_Tools_v1_13EventHandler00057
                0x800518c6                S2_DMPS_Installer_Tools_v1_13EventHandler0001A
                0x8004118c                S2_DMPS_Installer_Tools_v1_13EventHandler0001F
                0x80043074                S2_DMPS_Installer_Tools_v1_13EventHandler00030
                0x80051d74                S2_DMPS_Installer_Tools_v1_13EventHandler00037
                0x8003e148                S2_DMPS_Installer_Tools_v1_13EventHandler0000F
                0x800417d8                S2_DMPS_Installer_Tools_v1_13EventHandler00023
                0x80041b1c                S2_DMPS_Installer_Tools_v1_13EventHandler00025
                0x800427cc                S2_DMPS_Installer_Tools_v1_13EventHandler0002D
                0x80040a40                S2_DMPS_Installer_Tools_v1_13EventHandler00018
                0x800414a8                S2_DMPS_Installer_Tools_v1_13EventHandler00021
                0x8004131a                S2_DMPS_Installer_Tools_v1_13EventHandler00020
                0x80041e60                S2_DMPS_Installer_Tools_v1_13EventHandler00027
                0x8005199e                S2_DMPS_Installer_Tools_v1_13EventHandler0001D
                0x80051c38                S2_DMPS_Installer_Tools_v1_13EventHandler00035
                0x80052128                S2_DMPS_Installer_Tools_v1_13EventHandler0003D
 .text          0x80052c24     0x2168 S2_APAD_Long_Text_Edit.o
                0x80054ca4                S2_APAD_Long_Text_EditEventHandler0000D
                0x800546fe                S2_APAD_Long_Text_Edit_main
                0x80053958                S2_APAD_Long_Text_EditEventHandler00005
                0x800548f2                S2_APAD_Long_Text_EditEventHandler00002
                0x80054b6e                S2_APAD_Long_Text_EditEventHandler0000A
                0x80053f50                S2_APAD_Long_Text_EditEventHandler00007
                0x80054baa                S2_APAD_Long_Text_EditEventHandler0000B
                0x80053b80                S2_APAD_Long_Text_EditEventHandler00006
                0x800549b4                S2_APAD_Long_Text_EditEventHandler00003
                0x80054be6                S2_APAD_Long_Text_EditEventHandler0000C
                0x80054a4c                S2_APAD_Long_Text_EditEventHandler00008
                0x80054618                S2_APAD_Long_Text_Edit_EventHandler
                0x8005432a                S2_APAD_Long_Text_EditEventHandler00009
                0x80053442                S2_APAD_Long_Text_EditEventHandler00000
                0x800536f6                S2_APAD_Long_Text_EditEventHandler00004
                0x8005359c                S2_APAD_Long_Text_EditEventHandler00001
 .text          0x80054d8c     0x1078 S2_UserProgCmd_Interface_v1_0.o
                0x80054ea6                S2_UserProgCmd_Interface_v1_0EventHandler00000
                0x80055c8c                S2_UserProgCmd_Interface_v1_0_main
                0x80055ba8                S2_UserProgCmd_Interface_v1_0_EventHandler
 .text          0x80055e04      0x34c S2_UserProgCmd_Interface_Serial_To_Analog_v1_0.o
                0x80055f02                S2_UserProgCmd_Interface_Serial_To_Analog_v1_0_main
                0x80055e04                S2_UserProgCmd_Interface_Serial_To_Analog_v1_0_EventHandler
                0x800560c0                S2_UserProgCmd_Interface_Serial_To_Analog_v1_0EventHandler00001
                0x80055fce                S2_UserProgCmd_Interface_Serial_To_Analog_v1_0EventHandler00000
 .text          0x80056150     0x32b4 S2_DMPS_System_Info_V1_0_2.o
                0x80058f96                S2_DMPS_System_Info_V1_0_2EventHandler00002
                0x80059362                S2_DMPS_System_Info_V1_0_2EventHandler00008
                0x8005921e                S2_DMPS_System_Info_V1_0_2EventHandler00006
                0x80056150                S2_DMPS_System_Info_V1_0_2EventHandler00000
                0x80059038                S2_DMPS_System_Info_V1_0_2EventHandler00003
                0x80058c28                S2_DMPS_System_Info_V1_0_2_EventHandler
                0x80058cda                S2_DMPS_System_Info_V1_0_2_main
                0x80056558                S2_DMPS_System_Info_V1_0_2EventHandler00001
                0x80058ee2                S2_DMPS_System_Info_V1_0_2__SPLS_TMPVAR__WAITLABEL_0__
                0x8005917c                S2_DMPS_System_Info_V1_0_2EventHandler00005
                0x800590da                S2_DMPS_System_Info_V1_0_2EventHandler00004
                0x800592c0                S2_DMPS_System_Info_V1_0_2EventHandler00007
 .text          0x80059404     0x1e9c S2_Single_Line_Scroller_v1_2.o
                0x80059ab4                S2_Single_Line_Scroller_v1_2EventHandler00000
                0x8005a08a                S2_Single_Line_Scroller_v1_2EventHandler00001
                0x8005ae64                S2_Single_Line_Scroller_v1_2_main
                0x8005a22a                S2_Single_Line_Scroller_v1_2EventHandler00002
                0x8005b212                S2_Single_Line_Scroller_v1_2EventHandler00006
                0x8005aa82                S2_Single_Line_Scroller_v1_2EventHandler00007
                0x8005ad98                S2_Single_Line_Scroller_v1_2_EventHandler
                0x8005a86a                S2_Single_Line_Scroller_v1_2EventHandler00005
                0x8005a47e                S2_Single_Line_Scroller_v1_2EventHandler00003
                0x8005a6be                S2_Single_Line_Scroller_v1_2EventHandler00004
 .text          0x8005b2a0     0x1140 S2_IP_Address_Edit_with_Up_Down.o
                0x8005c368                S2_IP_Address_Edit_with_Up_DownEventHandler00000
                0x8005c3a4                S2_IP_Address_Edit_with_Up_DownEventHandler00001
                0x8005bfbc                S2_IP_Address_Edit_with_Up_Down_EventHandler
                0x8005c0aa                S2_IP_Address_Edit_with_Up_Down_main
 .text          0x8005c3e0      0xd38 S2_IP_Address_Edit_Acceleration.o
                0x8005c8b4                S2_IP_Address_Edit_AccelerationEventHandler00000
                0x8005cb48                S2_IP_Address_Edit_Acceleration_EventHandler
                0x8005cc26                S2_IP_Address_Edit_Acceleration_main
 .text          0x8005d118      0x53c S2_DMPS_Analog_To_String_Conversion_v1_1.o
                0x8005d118                S2_DMPS_Analog_To_String_Conversion_v1_1EventHandler00000
                0x8005d538                S2_DMPS_Analog_To_String_Conversion_v1_1_EventHandler
                0x8005d5f4                S2_DMPS_Analog_To_String_Conversion_v1_1_main
 .text          0x8005d654      0x31c S2_DMPS_String_to_Analog_Conversion_v1_1.o
                0x8005d8e0                S2_DMPS_String_to_Analog_Conversion_v1_1_main
                0x8005d654                S2_DMPS_String_to_Analog_Conversion_v1_1EventHandler00000
                0x8005d83a                S2_DMPS_String_to_Analog_Conversion_v1_1_EventHandler
 .text          0x8005d970     0x58e2 S2_Biamp_Tesira_Command_Processor_v1_7.o
                0x80062f4c                S2_Biamp_Tesira_Command_Processor_v1_7STARTHEARTBEATPROCESS
                0x80062ef4                S2_Biamp_Tesira_Command_Processor_v1_7REGISTRATIONWAIT
                0x80062e8c                S2_Biamp_Tesira_Command_Processor_v1_7__COMMQUEUE_Destructor
                0x800627a4                S2_Biamp_Tesira_Command_Processor_v1_7EventHandler00004
                0x80062e58                S2_Biamp_Tesira_Command_Processor_v1_7__MODULECOMM_Constructor
                0x80062e62                S2_Biamp_Tesira_Command_Processor_v1_7__MODULECOMM_Destructor
                0x80062576                S2_Biamp_Tesira_Command_Processor_v1_7EventHandler00001
                0x8005f72e                S2_Biamp_Tesira_Command_Processor_v1_7QUEUEFALSERESPONSE
                0x80062340                S2_Biamp_Tesira_Command_Processor_v1_7EventHandler00000
                0x80063034                S2_Biamp_Tesira_Command_Processor_v1_7EventHandler00002
                0x80062e96                S2_Biamp_Tesira_Command_Processor_v1_7HEARTBEAT
                0x80063114                S2_Biamp_Tesira_Command_Processor_v1_7EventHandler00003
                0x80062e6c                S2_Biamp_Tesira_Command_Processor_v1_7__COMMQUEUE_Constructor
                0x800629ba                S2_Biamp_Tesira_Command_Processor_v1_7_EventHandler
                0x80063208                S2_Biamp_Tesira_Command_Processor_v1_7EventHandler00005
                0x80062a9c                S2_Biamp_Tesira_Command_Processor_v1_7_main
 *fill*         0x80063252        0x2
 .text          0x80063254     0x7e6a S2_Biamp_Tesira_Level_Control_v1_7.o
                0x8006acfc                S2_Biamp_Tesira_Level_Control_v1_7RAISE_LEVEL
                0x8006add0                S2_Biamp_Tesira_Level_Control_v1_7EventHandler00000
                0x8006ab34                S2_Biamp_Tesira_Level_Control_v1_7_main
                0x8006af54                S2_Biamp_Tesira_Level_Control_v1_7EventHandler00002
                0x8006aa6a                S2_Biamp_Tesira_Level_Control_v1_7_EventHandler
                0x8006b048                S2_Biamp_Tesira_Level_Control_v1_7EventHandler00003
                0x8006ad66                S2_Biamp_Tesira_Level_Control_v1_7LOWER_LEVEL
                0x8006a3e4                S2_Biamp_Tesira_Level_Control_v1_7EventHandler00004
                0x8006a6a8                S2_Biamp_Tesira_Level_Control_v1_7EventHandler00005
                0x8006ae92                S2_Biamp_Tesira_Level_Control_v1_7EventHandler00001
 *fill*         0x8006b0be        0x2
 .text          0x8006b0c0     0x6070 S2_Biamp_Tesira_State_Control_v1_7.o
                0x80070e4c                S2_Biamp_Tesira_State_Control_v1_7_EventHandler
                0x8006f0a6                S2_Biamp_Tesira_State_Control_v1_7EventHandler00002
                0x8006ed5c                S2_Biamp_Tesira_State_Control_v1_7EventHandler00000
                0x80070ad2                S2_Biamp_Tesira_State_Control_v1_7EventHandler00004
                0x80070f12                S2_Biamp_Tesira_State_Control_v1_7_main
                0x8006ef02                S2_Biamp_Tesira_State_Control_v1_7EventHandler00001
                0x800710ba                S2_Biamp_Tesira_State_Control_v1_7EventHandler00003
 .text          0x80071130     0x1fc4 S2_Console_Processor_v3_.o
                0x80072f3a                S2_Console_Processor_v3__EventHandler
                0x800723ee                S2_Console_Processor_v3_EventHandler00000
                0x800727e4                S2_Console_Processor_v3_EventHandler00003
                0x80072540                S2_Console_Processor_v3_EventHandler00001
                0x80073000                S2_Console_Processor_v3__main
                0x80072692                S2_Console_Processor_v3_EventHandler00002
                0x80072936                S2_Console_Processor_v3_EventHandler00004
 .text          0x800730f4      0x9fa S2_Sleep_timer_countdown.o
                0x80073aa4                S2_Sleep_timer_countdownEventHandler00000
                0x80073a1a                S2_Sleep_timer_countdown_EventHandler
                0x800739bc                S2_Sleep_timer_countdown_main
                0x80073480                S2_Sleep_timer_countdownEventHandler00001
                0x80073784                S2_Sleep_timer_countdownEventHandler00003
                0x80073602                S2_Sleep_timer_countdownEventHandler00002
 *fill*         0x80073aee        0x2
 .text          0x80073af0     0x1be8 S2_Fusion_SSI_Device_Usage_Helper_v1_1.o
                0x8007458c                S2_Fusion_SSI_Device_Usage_Helper_v1_1EventHandler00006
                0x80075436                S2_Fusion_SSI_Device_Usage_Helper_v1_1EventHandler00003
                0x8007431a                S2_Fusion_SSI_Device_Usage_Helper_v1_1EventHandler00000
                0x80074b4c                S2_Fusion_SSI_Device_Usage_Helper_v1_1_EventHandler
                0x800751aa                S2_Fusion_SSI_Device_Usage_Helper_v1_1_STRUCTUREDEVICE_Constructor
                0x80075202                S2_Fusion_SSI_Device_Usage_Helper_v1_1_STRUCTUREDEVICE_Destructor
                0x800748b4                S2_Fusion_SSI_Device_Usage_Helper_v1_1EventHandler00008
                0x80075660                S2_Fusion_SSI_Device_Usage_Helper_v1_1EventHandler00005
                0x800746de                S2_Fusion_SSI_Device_Usage_Helper_v1_1EventHandler00007
                0x80075548                S2_Fusion_SSI_Device_Usage_Helper_v1_1EventHandler00004
                0x80074c3c                S2_Fusion_SSI_Device_Usage_Helper_v1_1_main
                0x8007531e                S2_Fusion_SSI_Device_Usage_Helper_v1_1EventHandler00002
                0x8007520c                S2_Fusion_SSI_Device_Usage_Helper_v1_1EventHandler00001
 .text          0x800756d8      0x3ac S2_Panasonic_PT_EZ370RU_Processor.o
                0x800756d8                S2_Panasonic_PT_EZ370RU_ProcessorEventHandler00000
                0x80075956                S2_Panasonic_PT_EZ370RU_Processor_EventHandler
                0x80075a12                S2_Panasonic_PT_EZ370RU_Processor_main
 .text          0x80075a84     0x1ad8 S2_tascam_cd500.o
                0x80077496                S2_tascam_cd500EventHandler00005
                0x80076750                S2_tascam_cd500EventHandler0000A
                0x80075d44                S2_tascam_cd500EventHandler00002
                0x80075bc4                S2_tascam_cd500EventHandler00001
                0x800765a4                S2_tascam_cd500EventHandler00009
                0x800762a2                S2_tascam_cd500EventHandler00007
                0x800773d0                S2_tascam_cd500EventHandler00004
                0x80075f6c                S2_tascam_cd500EventHandler00003
                0x80077170                S2_tascam_cd500_EventHandler
                0x80076462                S2_tascam_cd500EventHandler00008
                0x80076156                S2_tascam_cd500EventHandler00006
                0x80075a84                S2_tascam_cd500EventHandler00000
                0x80077254                S2_tascam_cd500_main
 .text          0x8007755c     0xa6ae S2_Vaddio_RoboSHOT_30_v1_0_Processor.o
                0x8007c4c4                S2_Vaddio_RoboSHOT_30_v1_0_ProcessorEventHandler0000A
                0x800789d4                S2_Vaddio_RoboSHOT_30_v1_0_ProcessorEventHandler00003
                0x80081b8c                S2_Vaddio_RoboSHOT_30_v1_0_ProcessorEventHandler00006
                0x8007e2a8                S2_Vaddio_RoboSHOT_30_v1_0_ProcessorEventHandler0000C
                0x8007755c                S2_Vaddio_RoboSHOT_30_v1_0_ProcessorEventHandler00000
                0x80081ad6                S2_Vaddio_RoboSHOT_30_v1_0_Processor_EventHandler
                0x8007fc54                S2_Vaddio_RoboSHOT_30_v1_0_ProcessorEventHandler0000D
                0x8007ac7e                S2_Vaddio_RoboSHOT_30_v1_0_ProcessorEventHandler00008
                0x800776dc                S2_Vaddio_RoboSHOT_30_v1_0_ProcessorEventHandler00001
                0x8007d3a2                S2_Vaddio_RoboSHOT_30_v1_0_ProcessorEventHandler0000B
                0x8007b88c                S2_Vaddio_RoboSHOT_30_v1_0_ProcessorEventHandler00009
                0x8007a08e                S2_Vaddio_RoboSHOT_30_v1_0_ProcessorEventHandler00007
                0x80079352                S2_Vaddio_RoboSHOT_30_v1_0_ProcessorEventHandler00004
                0x80079cd2                S2_Vaddio_RoboSHOT_30_v1_0_ProcessorEventHandler00005
                0x8007805c                S2_Vaddio_RoboSHOT_30_v1_0_ProcessorEventHandler00002
                0x80081810                S2_Vaddio_RoboSHOT_30_v1_0_Processor_main
 *fill*         0x80081c0a        0x2
 .text          0x80081c0c      0x808 S2_Analog_to_Number.o
                0x80081c0c                S2_Analog_to_NumberEventHandler00000
                0x8008232e                S2_Analog_to_Number_EventHandler
                0x800823ce                S2_Analog_to_Number_main
 .text          0x80082414      0x3ee S2_Core_3_XPanel_Web_Configuration_Module_v1_1.o
                0x80082414                S2_Core_3_XPanel_Web_Configuration_Module_v1_1EventHandler00000
                0x800826ac                S2_Core_3_XPanel_Web_Configuration_Module_v1_1_main
                0x800825ee                S2_Core_3_XPanel_Web_Configuration_Module_v1_1_EventHandler
 *fill*         0x80082802        0x2
 .text          0x80082804      0xd16 S2_NV_Analog_to_Disk_v2_2.o
                0x80082d12                S2_NV_Analog_to_Disk_v2_2_EventHandler
                0x80082dce                S2_NV_Analog_to_Disk_v2_2_main
                0x80082aea                S2_NV_Analog_to_Disk_v2_2EventHandler00000
 *fill*         0x8008351a        0x2
 .text          0x8008351c     0x1a60 S2_CTI_2012_08_29TCP_IP_Time_Updater.o
                0x80083764                S2_CTI_2012_08_29TCP_IP_Time_UpdaterEventHandler00002
                0x80083608                S2_CTI_2012_08_29TCP_IP_Time_UpdaterEventHandler00000
                0x80084ca0                S2_CTI_2012_08_29TCP_IP_Time_Updater_main
                0x80084962                S2_CTI_2012_08_29TCP_IP_Time_UpdaterEventHandler00004
                0x80084b60                S2_CTI_2012_08_29TCP_IP_Time_Updater_EventHandler
                0x80084e78                S2_CTI_2012_08_29TCP_IP_Time_UpdaterEventHandler00001
                0x80084806                S2_CTI_2012_08_29TCP_IP_Time_UpdaterEventHandler00003
 .text          0x80084f7c     0x5836 library.o
                0x80089168                RotateRightLong
                0x80089776                IsSystem
                0x800890cc                Seed
                0x800869c4                Remove
                0x80088d48                Ltoa
                0x80088a74                Atoi
                0x80087ddc                InitRampInfoArray
                0x80089522                Right
                0x8008a552                LockInputSema
                0x80088ff6                Mod
                0x800891de                Getc
                0x80088f2a                SMuldiv
                0x80089758                IsHidden
                0x80088e0e                Min
                0x8008a366                hextosi
                0x800898fc                WriteIntegerArray
                0x80089e72                GetSignedIntArrayElementPtr
                0x80088796                CheckStructArray
                0x8008a37a                hextosl
                0x80089a82                WriteSignedIntegerArray
                0x8008845e                InitStringParamArray
                0x80087730                ReadSignedLongIntegerArray
                0x80086652                GatherToDelimiter
                0x80088282                InitStringArray
                0x80088de8                Max
                0x800897b2                IsReadOnly
                0x80088ef2                SMax
                0x800867f6                GatherByLength
                0x80088c82                Chr
                0x800898d4                ReadSignedLongInteger
                0x80088d00                Itohex
                0x80088708                GetStructArrayElement
                0x800889fc                UNS_SetByte
                0x800894f6                ReverseFindi
                0x80087bd8                ReadStringArray
                0x80089c82                GetIntArrayElementPtr
                0x80089332                Lower
                0x800890e8                RotateLeft
                0x8008a49a                ResizeIfAutogrow
                0x80087f08                CheckInputArray
                0x800854ea                ResizeStringArray
                0x80088c14                Atosl
                0x80088a3c                High
                0x80089098                Rnd
                0x80088fba                UMod
                0x8008913e                RotateLeftLong
                0x8008a5c6                FindNumericChar
                0x8008a0ca                CheckIOArrayBounds2
                0x80089710                MakeProgramFilename
                0x80088f0e                SMin
                0x80089266                Left
                0x800891a8                CheckBufferThreshold
                0x8008988c                ReadSignedInteger
                0x80088a66                LowWord
                0x80084f7c                Bit
                0x8008983c                ReadLongInteger
                0x8008887a                Byte
                0x80089d7a                GetLongArrayElementPtr
                0x800894c8                ReverseFind
                0x80089726                GetSeries
                0x8008a692                InitTcpServer
                0x8008931a                Len
                0x8008a19a                InitializeRampInfoInternal
                0x80088e34                Divide
                0x80088b80                Atol
                0x8008971c                GetModelNumber
                0x8008a062                CheckIOArrayBounds
                0x80087f62                CheckStringInputArray
                0x80089b44                WriteSignedLongIntegerArray
                0x80088652                GetStringArrayElement
                0x80088d8c                Ltohex
                0x80088cb8                Itoa
                0x80089112                RotateRight
                0x80086cb2                InternalReverseFind
                0x8008981c                WriteLongInteger
                0x80088186                InitDynamicStringStruct
                0x80088078                SetStringArray
                0x8008750e                ReadSignedIntegerArray
                0x80087fbc                SetOutputArray
                0x800897cc                WriteInteger
                0x800885e6                InitStructDynamicArray
                0x80086f3c                SetString
                0x80089032                Random
                0x80089864                WriteSignedInteger
                0x800851e0                Find
                0x80089730                GetProgramNumber
                0x80089406                Mid
                0x8008a604                InitTcpClient
                0x800860ce                ResizeStructArray
                0x80089f6a                GetSignedLongArrayElementPtr
                0x8008a38c                hextol
                0x80087952                ReadString
                0x80088318                InitDynamicStringArray
                0x8008a472                UpperChar
                0x80088b10                Atosi
                0x800897f4                ReadInteger
                0x80088ea6                Muldiv
                0x8008802a                SetStringOutputArray
                0x80089c08                WriteString
                0x80085b42                ResizeIntegerArray
                0x80087ed0                InitInOutArray
                0x80088526                InitNvramStringArray
                0x80088dd0                Abs
                0x80088f76                SDivide
                0x800870cc                ReadIntegerArray
                0x8008508c                CompareStrings
                0x8008a44a                LowerChar
                0x8008a722                InitUdpSocket
                0x80089190                ClearBuffer
                0x800895de                Upper
                0x800885c2                InitStructArray
                0x800896b4                MakeLower
                0x80089794                IsVolume
                0x80086b1e                RemoveByLength
                0x80088812                CheckStringOutputArrayIndex
                0x800899be                WriteLongIntegerArray
                0x8008a246                InitRampInfoStructArray
                0x80088a58                HighWord
                0x80085354                ResizeString
                0x8008973a                IsDirectory
                0x800872ec                ReadLongIntegerArray
                0x80088a4a                Low
                0x800864f8                Gather
                0x800896e2                MakeUpper
                0x80088148                InitStringStruct
                0x8008a132                CheckStringArrayBounds
                0x80088e78                CheckDenominator
                0x8008a34e                hextoi
                0x80087a70                WriteStringArray
                0x8008893a                SetByte
                0x8008a1f0                InitializeRampInfo
                0x8008a58c                UnLockInputSema
                0x800898b4                WriteSignedLongInteger
                0x8008823a                InitNvramStringStruct
 *fill*         0x8008a7b2        0xe
                0x8008a7c0                .=ALIGN(0x10)
 *(.eh_frame)
                0x8008a7c0                .=ALIGN(0x10)
 *(.gnu.linkonce.t.*)
                0x8008a7c0                .=ALIGN(0x4)
                0x8008a7c0                __CTOR_LIST__=.
                0x8008a7c0                ___CTOR_LIST__=.
                0x8008a7c0        0x4 LONG 0x0 (((__CTOR_END__-__CTOR_LIST__)/0x4)-0x2)
 *(.ctors)
                0x8008a7c4        0x4 LONG 0x0
                0x8008a7c8                __CTOR_END__=.
                0x8008a7c8                __DTOR_LIST__=.
                0x8008a7c8                ___DTOR_LIST__=.
                0x8008a7c8        0x4 LONG 0x0 (((__DTOR_END__-__DTOR_LIST__)/0x4)-0x2)
 *(.dtors)
                0x8008a7cc        0x4 LONG 0x0
                0x8008a7d0                __DTOR_END__=.
 *(.rodata)
 .rodata        0x8008a7d0      0x23b S2_String_Check.o
 .rodata        0x8008aa0b      0x2f5 S2_MPS_Text_Centering.o
 .rodata        0x8008ad00      0x3fb S2_Knob_Acceleration__Pkt_.o
 .rodata        0x8008b0fb      0x687 S2_DMPS_Text_Router_v1_0.o
 .rodata        0x8008b782     0x2b1d S2_DMPS_Installer_Tools_v1_13.o
 .rodata        0x8008e29f      0x3b7 S2_APAD_Long_Text_Edit.o
 .rodata        0x8008e656      0x457 S2_UserProgCmd_Interface_v1_0.o
 .rodata        0x8008eaad      0x24a S2_UserProgCmd_Interface_Serial_To_Analog_v1_0.o
 .rodata        0x8008ecf7      0x814 S2_DMPS_System_Info_V1_0_2.o
 .rodata        0x8008f50b      0x38d S2_Single_Line_Scroller_v1_2.o
 .rodata        0x8008f898      0x261 S2_IP_Address_Edit_with_Up_Down.o
 .rodata        0x8008faf9      0x2de S2_IP_Address_Edit_Acceleration.o
 .rodata        0x8008fdd7      0x2d2 S2_DMPS_Analog_To_String_Conversion_v1_1.o
 .rodata        0x800900a9      0x23b S2_DMPS_String_to_Analog_Conversion_v1_1.o
 .rodata        0x800902e4      0x66d S2_Biamp_Tesira_Command_Processor_v1_7.o
 .rodata        0x80090951      0x8e8 S2_Biamp_Tesira_Level_Control_v1_7.o
 .rodata        0x80091239      0x6cc S2_Biamp_Tesira_State_Control_v1_7.o
 .rodata        0x80091905      0x5fa S2_Console_Processor_v3_.o
 .rodata        0x80091eff      0x281 S2_Sleep_timer_countdown.o
 .rodata        0x80092180      0x48c S2_Fusion_SSI_Device_Usage_Helper_v1_1.o
 .rodata        0x8009260c      0x2ba S2_Panasonic_PT_EZ370RU_Processor.o
 .rodata        0x800928c6      0x3cf S2_tascam_cd500.o
 .rodata        0x80092c95      0x362 S2_Vaddio_RoboSHOT_30_v1_0_Processor.o
 .rodata        0x80092ff7      0x24c S2_Analog_to_Number.o
 .rodata        0x80093243      0x48d S2_Core_3_XPanel_Web_Configuration_Module_v1_1.o
 .rodata        0x800936d0      0x338 S2_NV_Analog_to_Disk_v2_2.o
 .rodata        0x80093a08      0x619 S2_CTI_2012_08_29TCP_IP_Time_Updater.o
 .rodata        0x80094021      0xc54 library.o
 *(.gcc_except_table)
 *fill*         0x80094c75        0x1
                0x80094c76                .=ALIGN(0x2)
                0x80094c76                __INIT_SECTION__=.
                0x80094c76        0x4 LONG 0x4e560000
 *(.init)
                0x80094c7a        0x2 SHORT 0x4e5e
                0x80094c7c        0x2 SHORT 0x4e75
                0x80094c7e                __FINI_SECTION__=.
                0x80094c7e        0x4 LONG 0x4e560000
 *(.fini)
                0x80094c82        0x2 SHORT 0x4e5e
                0x80094c84        0x2 SHORT 0x4e75
 *(.lit)
 *fill*         0x80094c86        0xa
                0x80094c90                .=ALIGN(0x10)
                0x80094c90                _etext=.
                0x80094c90                etext=.

.data           0x80094c90        0x0
                0x80094c90                copy_start=.
 *(.shdata)
 *(.data)
 *(.gnu.linkonce.d.*)
                0x80094c90                .=ALIGN(0x10)
                0x80094c90                _edata=.
                0x80094c90                copy_end=.

.got
 *(.got.plt)
 *(.got)

EntryList       0x80094c90     0x1cb0
 *(EntryList)
 EntryList      0x80094c90      0x110 S2_String_Check.o
                0x80094c90                S2_String_Check_Entry
 EntryList      0x80094da0      0x110 S2_MPS_Text_Centering.o
                0x80094da0                S2_MPS_Text_Centering_Entry
 EntryList      0x80094eb0      0x110 S2_Knob_Acceleration__Pkt_.o
                0x80094eb0                S2_Knob_Acceleration__Pkt__Entry
 EntryList      0x80094fc0      0x110 S2_DMPS_Text_Router_v1_0.o
                0x80094fc0                S2_DMPS_Text_Router_v1_0_Entry
 EntryList      0x800950d0      0x110 S2_DMPS_Installer_Tools_v1_13.o
                0x800950d0                S2_DMPS_Installer_Tools_v1_13_Entry
 EntryList      0x800951e0      0x110 S2_APAD_Long_Text_Edit.o
                0x800951e0                S2_APAD_Long_Text_Edit_Entry
 EntryList      0x800952f0      0x110 S2_UserProgCmd_Interface_v1_0.o
                0x800952f0                S2_UserProgCmd_Interface_v1_0_Entry
 EntryList      0x80095400      0x110 S2_UserProgCmd_Interface_Serial_To_Analog_v1_0.o
                0x80095400                S2_UserProgCmd_Interface_Serial_To_Analog_v1_0_Entry
 EntryList      0x80095510      0x110 S2_DMPS_System_Info_V1_0_2.o
                0x80095510                S2_DMPS_System_Info_V1_0_2_Entry
 EntryList      0x80095620      0x110 S2_Single_Line_Scroller_v1_2.o
                0x80095620                S2_Single_Line_Scroller_v1_2_Entry
 EntryList      0x80095730      0x110 S2_IP_Address_Edit_with_Up_Down.o
                0x80095730                S2_IP_Address_Edit_with_Up_Down_Entry
 EntryList      0x80095840      0x110 S2_IP_Address_Edit_Acceleration.o
                0x80095840                S2_IP_Address_Edit_Acceleration_Entry
 EntryList      0x80095950      0x110 S2_DMPS_Analog_To_String_Conversion_v1_1.o
                0x80095950                S2_DMPS_Analog_To_String_Conversion_v1_1_Entry
 EntryList      0x80095a60      0x110 S2_DMPS_String_to_Analog_Conversion_v1_1.o
                0x80095a60                S2_DMPS_String_to_Analog_Conversion_v1_1_Entry
 EntryList      0x80095b70      0x110 S2_Biamp_Tesira_Command_Processor_v1_7.o
                0x80095b70                S2_Biamp_Tesira_Command_Processor_v1_7_Entry
 EntryList      0x80095c80      0x110 S2_Biamp_Tesira_Level_Control_v1_7.o
                0x80095c80                S2_Biamp_Tesira_Level_Control_v1_7_Entry
 EntryList      0x80095d90      0x110 S2_Biamp_Tesira_State_Control_v1_7.o
                0x80095d90                S2_Biamp_Tesira_State_Control_v1_7_Entry
 EntryList      0x80095ea0      0x110 S2_Console_Processor_v3_.o
                0x80095ea0                S2_Console_Processor_v3__Entry
 EntryList      0x80095fb0      0x110 S2_Sleep_timer_countdown.o
                0x80095fb0                S2_Sleep_timer_countdown_Entry
 EntryList      0x800960c0      0x110 S2_Fusion_SSI_Device_Usage_Helper_v1_1.o
                0x800960c0                S2_Fusion_SSI_Device_Usage_Helper_v1_1_Entry
 EntryList      0x800961d0      0x110 S2_Panasonic_PT_EZ370RU_Processor.o
                0x800961d0                S2_Panasonic_PT_EZ370RU_Processor_Entry
 EntryList      0x800962e0      0x110 S2_tascam_cd500.o
                0x800962e0                S2_tascam_cd500_Entry
 EntryList      0x800963f0      0x110 S2_Vaddio_RoboSHOT_30_v1_0_Processor.o
                0x800963f0                S2_Vaddio_RoboSHOT_30_v1_0_Processor_Entry
 EntryList      0x80096500      0x110 S2_Analog_to_Number.o
                0x80096500                S2_Analog_to_Number_Entry
 EntryList      0x80096610      0x110 S2_Core_3_XPanel_Web_Configuration_Module_v1_1.o
                0x80096610                S2_Core_3_XPanel_Web_Configuration_Module_v1_1_Entry
 EntryList      0x80096720      0x110 S2_NV_Analog_to_Disk_v2_2.o
                0x80096720                S2_NV_Analog_to_Disk_v2_2_Entry
 EntryList      0x80096830      0x110 S2_CTI_2012_08_29TCP_IP_Time_Updater.o
                0x80096830                S2_CTI_2012_08_29TCP_IP_Time_Updater_Entry
                0x80096940                .=ALIGN(0x4)

FunctionList    0x80096940        0x4
 *(FunctionList)
 FunctionList   0x80096940        0x4 globals.o
                0x80096940                g_pFunctions
                0x80096944                .=ALIGN(0x4)

.bss            0x80096944        0x0
                0x80096944                .=ALIGN(0x4)
                0x80096944                __bss_start=.
 *(.shbss)
 *(.bss)
 *(COMMON)
                0x80096948                _end=ALIGN(0x8)
                0x80096948                __end=_end

.stab
 *(.stab)

.stabstr
 *(.stabstr)

.debug
 *(.debug)

.line
 *(.line)

.debug_srcinfo
 *(.debug_srcinfo)

.debug_sfnames
 *(.debug_sfnames)

.debug_aranges
 *(.debug_aranges)

.debug_pubnames
 *(.debug_pubnames)

.debug_info
 *(.debug_info)

.debug_abbrev
 *(.debug_abbrev)

.debug_line
 *(.debug_line)

.debug_frame
 *(.debug_frame)

.debug_str
 *(.debug_str)

.debug_loc
 *(.debug_loc)

.debug_macinfo
 *(.debug_macinfo)

.debug_weaknames
 *(.debug_weaknames)

.debug_funcnames
 *(.debug_funcnames)

.debug_typenames
 *(.debug_typenames)

.debug_varnames
 *(.debug_varnames)
LOAD S2_String_Check.o
LOAD S2_MPS_Text_Centering.o
LOAD S2_Knob_Acceleration__Pkt_.o
LOAD S2_DMPS_Text_Router_v1_0.o
LOAD S2_DMPS_Installer_Tools_v1_13.o
LOAD S2_APAD_Long_Text_Edit.o
LOAD S2_UserProgCmd_Interface_v1_0.o
LOAD S2_UserProgCmd_Interface_Serial_To_Analog_v1_0.o
LOAD S2_DMPS_System_Info_V1_0_2.o
LOAD S2_Single_Line_Scroller_v1_2.o
LOAD S2_IP_Address_Edit_with_Up_Down.o
LOAD S2_IP_Address_Edit_Acceleration.o
LOAD S2_DMPS_Analog_To_String_Conversion_v1_1.o
LOAD S2_DMPS_String_to_Analog_Conversion_v1_1.o
LOAD S2_Biamp_Tesira_Command_Processor_v1_7.o
LOAD S2_Biamp_Tesira_Level_Control_v1_7.o
LOAD S2_Biamp_Tesira_State_Control_v1_7.o
LOAD S2_Console_Processor_v3_.o
LOAD S2_Sleep_timer_countdown.o
LOAD S2_Fusion_SSI_Device_Usage_Helper_v1_1.o
LOAD S2_Panasonic_PT_EZ370RU_Processor.o
LOAD S2_tascam_cd500.o
LOAD S2_Vaddio_RoboSHOT_30_v1_0_Processor.o
LOAD S2_Analog_to_Number.o
LOAD S2_Core_3_XPanel_Web_Configuration_Module_v1_1.o
LOAD S2_NV_Analog_to_Disk_v2_2.o
LOAD S2_CTI_2012_08_29TCP_IP_Time_Updater.o
LOAD globals.o
LOAD library.o
OUTPUT(_S2_CA2079_3080.spl elf32-m68k)

.comment        0x80096944      0x44e
 .comment       0x80096944       0x26 S2_String_Check.o
 .comment       0x8009696a       0x26 S2_MPS_Text_Centering.o
 .comment       0x80096990       0x26 S2_Knob_Acceleration__Pkt_.o
 .comment       0x800969b6       0x26 S2_DMPS_Text_Router_v1_0.o
 .comment       0x800969dc       0x26 S2_DMPS_Installer_Tools_v1_13.o
 .comment       0x80096a02       0x26 S2_APAD_Long_Text_Edit.o
 .comment       0x80096a28       0x26 S2_UserProgCmd_Interface_v1_0.o
 .comment       0x80096a4e       0x26 S2_UserProgCmd_Interface_Serial_To_Analog_v1_0.o
 .comment       0x80096a74       0x26 S2_DMPS_System_Info_V1_0_2.o
 .comment       0x80096a9a       0x26 S2_Single_Line_Scroller_v1_2.o
 .comment       0x80096ac0       0x26 S2_IP_Address_Edit_with_Up_Down.o
 .comment       0x80096ae6       0x26 S2_IP_Address_Edit_Acceleration.o
 .comment       0x80096b0c       0x26 S2_DMPS_Analog_To_String_Conversion_v1_1.o
 .comment       0x80096b32       0x26 S2_DMPS_String_to_Analog_Conversion_v1_1.o
 .comment       0x80096b58       0x26 S2_Biamp_Tesira_Command_Processor_v1_7.o
 .comment       0x80096b7e       0x26 S2_Biamp_Tesira_Level_Control_v1_7.o
 .comment       0x80096ba4       0x26 S2_Biamp_Tesira_State_Control_v1_7.o
 .comment       0x80096bca       0x26 S2_Console_Processor_v3_.o
 .comment       0x80096bf0       0x26 S2_Sleep_timer_countdown.o
 .comment       0x80096c16       0x26 S2_Fusion_SSI_Device_Usage_Helper_v1_1.o
 .comment       0x80096c3c       0x26 S2_Panasonic_PT_EZ370RU_Processor.o
 .comment       0x80096c62       0x26 S2_tascam_cd500.o
 .comment       0x80096c88       0x26 S2_Vaddio_RoboSHOT_30_v1_0_Processor.o
 .comment       0x80096cae       0x26 S2_Analog_to_Number.o
 .comment       0x80096cd4       0x26 S2_Core_3_XPanel_Web_Configuration_Module_v1_1.o
 .comment       0x80096cfa       0x26 S2_NV_Analog_to_Disk_v2_2.o
 .comment       0x80096d20       0x26 S2_CTI_2012_08_29TCP_IP_Time_Updater.o
 .comment       0x80096d46       0x26 globals.o
 .comment       0x80096d6c       0x26 library.o
