
Memory Configuration

Name             Origin             Length             Attributes
ram              0x80000000         0x00500000         xrw
*default*        0x00000000         0xffffffff

Linker script and memory map

                0x00000000                __DYNAMIC=0x0
                0x00400000                PROVIDE (__stack, 0x400000)
                0x00000000                PROVIDE (hardware_init_hook, 0x0)
                0x00000000                PROVIDE (_hardware_init_hook, 0x0)
                0x00000000                PROVIDE (software_init_hook, 0x0)
                0x00000000                PROVIDE (_software_init_hook, 0x0)

.text           0x80000000    0xaac20
 *(.text)
 .text          0x80000000      0x258 S2_String_Check.o
                0x80000000                S2_String_Check_EventHandler
                0x8000017e                S2_String_CheckEventHandler00000
                0x800000bc                S2_String_Check_main
 .text          0x80000258      0x94a S2_MPS_Text_Centering.o
                0x80000710                S2_MPS_Text_CenteringEventHandler00000
                0x800009c2                S2_MPS_Text_Centering_main
                0x800008f2                S2_MPS_Text_Centering_EventHandler
 *fill*         0x80000ba2        0x2
 .text          0x80000ba4      0xe48 S2_Knob_Acceleration__Pkt_.o
                0x80001518                S2_Knob_Acceleration__Pkt__main
                0x800011a6                S2_Knob_Acceleration__Pkt_EventHandler00000
                0x8000143a                S2_Knob_Acceleration__Pkt__EventHandler
 .text          0x800019ec     0x5420 S2_DMPS_Text_Router_v1_0.o
                0x80006c44                S2_DMPS_Text_Router_v1_0EventHandler00009
                0x80006bee                S2_DMPS_Text_Router_v1_0EventHandler00008
                0x800061aa                S2_DMPS_Text_Router_v1_0_main
                0x8000689c                S2_DMPS_Text_Router_v1_0EventHandler00001
                0x80006a8e                S2_DMPS_Text_Router_v1_0EventHandler00004
                0x80006d8a                S2_DMPS_Text_Router_v1_0EventHandler0000B
                0x80006b1a                S2_DMPS_Text_Router_v1_0EventHandler00007
                0x8000697a                S2_DMPS_Text_Router_v1_0EventHandler00002
                0x80005f66                S2_DMPS_Text_Router_v1_0_EventHandler
                0x800067be                S2_DMPS_Text_Router_v1_0EventHandler00000
                0x80003c78                S2_DMPS_Text_Router_v1_0EventHandler00005
                0x80004c2a                S2_DMPS_Text_Router_v1_0EventHandler00006
                0x80006a02                S2_DMPS_Text_Router_v1_0EventHandler00003
                0x80006ce6                S2_DMPS_Text_Router_v1_0EventHandler0000A
 .text          0x80006e0c    0x4be18 S2_DMPS_Installer_Tools_v1_13.o
                0x80042190                S2_DMPS_Installer_Tools_v1_13EventHandler00029
                0x80044cb0                S2_DMPS_Installer_Tools_v1_13EventHandler00051
                0x8003fbf0                S2_DMPS_Installer_Tools_v1_13EventHandler00014
                0x8005257a                S2_DMPS_Installer_Tools_v1_13EventHandler00044
                0x80016cea                S2_DMPS_Installer_Tools_v1_13EventHandler00001
                0x80012936                S2_DMPS_Installer_Tools_v1_13KEYPADIDWAIT
                0x80051fec                S2_DMPS_Installer_Tools_v1_13EventHandler0003B
                0x80052264                S2_DMPS_Installer_Tools_v1_13EventHandler0003F
                0x8001fc56                S2_DMPS_Installer_Tools_v1_13EventHandler00006
                0x800523a0                S2_DMPS_Installer_Tools_v1_13EventHandler00041
                0x8001b00a                S2_DMPS_Installer_Tools_v1_13EventHandler00004
                0x80052752                S2_DMPS_Installer_Tools_v1_13EventHandler00047
                0x80043a62                S2_DMPS_Installer_Tools_v1_13EventHandler0004D
                0x80046d84                S2_DMPS_Installer_Tools_v1_13_main
                0x800255d4                S2_DMPS_Installer_Tools_v1_13EventHandler0000A
                0x80042ce8                S2_DMPS_Installer_Tools_v1_13EventHandler0002F
                0x80051762                S2_DMPS_Installer_Tools_v1_13EventHandler00011
                0x80052b46                S2_DMPS_Installer_Tools_v1_13EventHandler00054
                0x80040cc6                S2_DMPS_Installer_Tools_v1_13EventHandler0001B
                0x80024c86                S2_DMPS_Installer_Tools_v1_13EventHandler00008
                0x8005288a                S2_DMPS_Installer_Tools_v1_13EventHandler00049
                0x80052bda                S2_DMPS_Installer_Tools_v1_13EventHandler00056
                0x80051eb0                S2_DMPS_Installer_Tools_v1_13EventHandler00039
                0x800517ee                S2_DMPS_Installer_Tools_v1_13EventHandler00019
                0x80041636                S2_DMPS_Installer_Tools_v1_13EventHandler00022
                0x80041cbe                S2_DMPS_Installer_Tools_v1_13EventHandler00026
                0x800516e6                S2_DMPS_Installer_Tools_v1_13PASSWORDWAIT
                0x800521c6                S2_DMPS_Installer_Tools_v1_13EventHandler0003E
                0x80052926                S2_DMPS_Installer_Tools_v1_13EventHandler0004A
                0x80040ffe                S2_DMPS_Installer_Tools_v1_13EventHandler0001C
                0x8004352a                S2_DMPS_Installer_Tools_v1_13EventHandler00032
                0x80052afc                S2_DMPS_Installer_Tools_v1_13EventHandler00053
                0x800424b0                S2_DMPS_Installer_Tools_v1_13EventHandler0002B
                0x800403cc                S2_DMPS_Installer_Tools_v1_13EventHandler00016
                0x80051b9a                S2_DMPS_Installer_Tools_v1_13EventHandler00034
                0x8003ddda                S2_DMPS_Installer_Tools_v1_13EventHandler0000E
                0x80046c60                S2_DMPS_Installer_Tools_v1_13_EventHandler
                0x800526b6                S2_DMPS_Installer_Tools_v1_13EventHandler00046
                0x8002575c                S2_DMPS_Installer_Tools_v1_13EventHandler0000B
                0x80052a5e                S2_DMPS_Installer_Tools_v1_13EventHandler0004E
                0x800172e6                S2_DMPS_Installer_Tools_v1_13EventHandler00003
                0x80052302                S2_DMPS_Installer_Tools_v1_13EventHandler00040
                0x80051f4e                S2_DMPS_Installer_Tools_v1_13EventHandler0003A
                0x8001b53e                S2_DMPS_Installer_Tools_v1_13EventHandler00005
                0x800527ee                S2_DMPS_Installer_Tools_v1_13EventHandler00048
                0x80052b90                S2_DMPS_Installer_Tools_v1_13EventHandler00055
                0x80051a2a                S2_DMPS_Installer_Tools_v1_13EventHandler0001E
                0x8002544c                S2_DMPS_Installer_Tools_v1_13EventHandler00009
                0x80043400                S2_DMPS_Installer_Tools_v1_13EventHandler00031
                0x8003e474                S2_DMPS_Installer_Tools_v1_13EventHandler00010
                0x8004197a                S2_DMPS_Installer_Tools_v1_13EventHandler00024
                0x8004373e                S2_DMPS_Installer_Tools_v1_13EventHandler0004C
                0x8004295c                S2_DMPS_Installer_Tools_v1_13EventHandler0002E
                0x80051cd6                S2_DMPS_Installer_Tools_v1_13EventHandler00036
                0x80042002                S2_DMPS_Installer_Tools_v1_13EventHandler00028
                0x80051e12                S2_DMPS_Installer_Tools_v1_13EventHandler00038
                0x8003d91e                S2_DMPS_Installer_Tools_v1_13RESTOREAUDIODEFAULTSWAIT
                0x8004263e                S2_DMPS_Installer_Tools_v1_13EventHandler0002C
                0x800407ba                S2_DMPS_Installer_Tools_v1_13EventHandler00017
                0x8003db7c                S2_DMPS_Installer_Tools_v1_13RESTOREDEFAULTSWAIT
                0x800529c2                S2_DMPS_Installer_Tools_v1_13EventHandler0004B
                0x80051afc                S2_DMPS_Installer_Tools_v1_13EventHandler00033
                0x8004451e                S2_DMPS_Installer_Tools_v1_13EventHandler00050
                0x80042320                S2_DMPS_Installer_Tools_v1_13EventHandler0002A
                0x8003faaa                S2_DMPS_Installer_Tools_v1_13EventHandler00013
                0x80045442                S2_DMPS_Installer_Tools_v1_13EventHandler00052
                0x8003ffde                S2_DMPS_Installer_Tools_v1_13EventHandler00015
                0x80029752                S2_DMPS_Installer_Tools_v1_13EventHandler0000C
                0x80043d8c                S2_DMPS_Installer_Tools_v1_13EventHandler0004F
                0x8005208a                S2_DMPS_Installer_Tools_v1_13EventHandler0003C
                0x800298ca                S2_DMPS_Installer_Tools_v1_13EventHandler0000D
                0x80045f7e                S2_DMPS_Installer_Tools_v1_13EventHandler00058
                0x800524dc                S2_DMPS_Installer_Tools_v1_13EventHandler00043
                0x80016696                S2_DMPS_Installer_Tools_v1_13EventHandler00000
                0x8002041c                S2_DMPS_Installer_Tools_v1_13EventHandler00007
                0x8005243e                S2_DMPS_Installer_Tools_v1_13EventHandler00042
                0x80052618                S2_DMPS_Installer_Tools_v1_13EventHandler00045
                0x80051724                S2_DMPS_Installer_Tools_v1_13WRONGPASSWORDWAIT
                0x8001704a                S2_DMPS_Installer_Tools_v1_13EventHandler00002
                0x8003ea88                S2_DMPS_Installer_Tools_v1_13EventHandler00012
                0x80045bd4                S2_DMPS_Installer_Tools_v1_13EventHandler00057
                0x800518c6                S2_DMPS_Installer_Tools_v1_13EventHandler0001A
                0x8004118c                S2_DMPS_Installer_Tools_v1_13EventHandler0001F
                0x80043074                S2_DMPS_Installer_Tools_v1_13EventHandler00030
                0x80051d74                S2_DMPS_Installer_Tools_v1_13EventHandler00037
                0x8003e148                S2_DMPS_Installer_Tools_v1_13EventHandler0000F
                0x800417d8                S2_DMPS_Installer_Tools_v1_13EventHandler00023
                0x80041b1c                S2_DMPS_Installer_Tools_v1_13EventHandler00025
                0x800427cc                S2_DMPS_Installer_Tools_v1_13EventHandler0002D
                0x80040a40                S2_DMPS_Installer_Tools_v1_13EventHandler00018
                0x800414a8                S2_DMPS_Installer_Tools_v1_13EventHandler00021
                0x8004131a                S2_DMPS_Installer_Tools_v1_13EventHandler00020
                0x80041e60                S2_DMPS_Installer_Tools_v1_13EventHandler00027
                0x8005199e                S2_DMPS_Installer_Tools_v1_13EventHandler0001D
                0x80051c38                S2_DMPS_Installer_Tools_v1_13EventHandler00035
                0x80052128                S2_DMPS_Installer_Tools_v1_13EventHandler0003D
 .text          0x80052c24     0x2168 S2_APAD_Long_Text_Edit.o
                0x80054ca4                S2_APAD_Long_Text_EditEventHandler0000D
                0x800546fe                S2_APAD_Long_Text_Edit_main
                0x80053958                S2_APAD_Long_Text_EditEventHandler00005
                0x800548f2                S2_APAD_Long_Text_EditEventHandler00002
                0x80054b6e                S2_APAD_Long_Text_EditEventHandler0000A
                0x80053f50                S2_APAD_Long_Text_EditEventHandler00007
                0x80054baa                S2_APAD_Long_Text_EditEventHandler0000B
                0x80053b80                S2_APAD_Long_Text_EditEventHandler00006
                0x800549b4                S2_APAD_Long_Text_EditEventHandler00003
                0x80054be6                S2_APAD_Long_Text_EditEventHandler0000C
                0x80054a4c                S2_APAD_Long_Text_EditEventHandler00008
                0x80054618                S2_APAD_Long_Text_Edit_EventHandler
                0x8005432a                S2_APAD_Long_Text_EditEventHandler00009
                0x80053442                S2_APAD_Long_Text_EditEventHandler00000
                0x800536f6                S2_APAD_Long_Text_EditEventHandler00004
                0x8005359c                S2_APAD_Long_Text_EditEventHandler00001
 .text          0x80054d8c     0x1078 S2_UserProgCmd_Interface_v1_0.o
                0x80054ea6                S2_UserProgCmd_Interface_v1_0EventHandler00000
                0x80055c8c                S2_UserProgCmd_Interface_v1_0_main
                0x80055ba8                S2_UserProgCmd_Interface_v1_0_EventHandler
 .text          0x80055e04      0x34c S2_UserProgCmd_Interface_Serial_To_Analog_v1_0.o
                0x80055f02                S2_UserProgCmd_Interface_Serial_To_Analog_v1_0_main
                0x80055e04                S2_UserProgCmd_Interface_Serial_To_Analog_v1_0_EventHandler
                0x800560c0                S2_UserProgCmd_Interface_Serial_To_Analog_v1_0EventHandler00001
                0x80055fce                S2_UserProgCmd_Interface_Serial_To_Analog_v1_0EventHandler00000
 .text          0x80056150     0x32b4 S2_DMPS_System_Info_V1_0_2.o
                0x80058f96                S2_DMPS_System_Info_V1_0_2EventHandler00002
                0x80059362                S2_DMPS_System_Info_V1_0_2EventHandler00008
                0x8005921e                S2_DMPS_System_Info_V1_0_2EventHandler00006
                0x80056150                S2_DMPS_System_Info_V1_0_2EventHandler00000
                0x80059038                S2_DMPS_System_Info_V1_0_2EventHandler00003
                0x80058c28                S2_DMPS_System_Info_V1_0_2_EventHandler
                0x80058cda                S2_DMPS_System_Info_V1_0_2_main
                0x80056558                S2_DMPS_System_Info_V1_0_2EventHandler00001
                0x80058ee2                S2_DMPS_System_Info_V1_0_2__SPLS_TMPVAR__WAITLABEL_0__
                0x8005917c                S2_DMPS_System_Info_V1_0_2EventHandler00005
                0x800590da                S2_DMPS_System_Info_V1_0_2EventHandler00004
                0x800592c0                S2_DMPS_System_Info_V1_0_2EventHandler00007
 .text          0x80059404     0x1e9c S2_Single_Line_Scroller_v1_2.o
                0x80059ab4                S2_Single_Line_Scroller_v1_2EventHandler00000
                0x8005a08a                S2_Single_Line_Scroller_v1_2EventHandler00001
                0x8005ae64                S2_Single_Line_Scroller_v1_2_main
                0x8005a22a                S2_Single_Line_Scroller_v1_2EventHandler00002
                0x8005b212                S2_Single_Line_Scroller_v1_2EventHandler00006
                0x8005aa82                S2_Single_Line_Scroller_v1_2EventHandler00007
                0x8005ad98                S2_Single_Line_Scroller_v1_2_EventHandler
                0x8005a86a                S2_Single_Line_Scroller_v1_2EventHandler00005
                0x8005a47e                S2_Single_Line_Scroller_v1_2EventHandler00003
                0x8005a6be                S2_Single_Line_Scroller_v1_2EventHandler00004
 .text          0x8005b2a0     0x1140 S2_IP_Address_Edit_with_Up_Down.o
                0x8005c368                S2_IP_Address_Edit_with_Up_DownEventHandler00000
                0x8005c3a4                S2_IP_Address_Edit_with_Up_DownEventHandler00001
                0x8005bfbc                S2_IP_Address_Edit_with_Up_Down_EventHandler
                0x8005c0aa                S2_IP_Address_Edit_with_Up_Down_main
 .text          0x8005c3e0      0xd38 S2_IP_Address_Edit_Acceleration.o
                0x8005c8b4                S2_IP_Address_Edit_AccelerationEventHandler00000
                0x8005cb48                S2_IP_Address_Edit_Acceleration_EventHandler
                0x8005cc26                S2_IP_Address_Edit_Acceleration_main
 .text          0x8005d118      0x53c S2_DMPS_Analog_To_String_Conversion_v1_1.o
                0x8005d118                S2_DMPS_Analog_To_String_Conversion_v1_1EventHandler00000
                0x8005d538                S2_DMPS_Analog_To_String_Conversion_v1_1_EventHandler
                0x8005d5f4                S2_DMPS_Analog_To_String_Conversion_v1_1_main
 .text          0x8005d654      0x31c S2_DMPS_String_to_Analog_Conversion_v1_1.o
                0x8005d8e0                S2_DMPS_String_to_Analog_Conversion_v1_1_main
                0x8005d654                S2_DMPS_String_to_Analog_Conversion_v1_1EventHandler00000
                0x8005d83a                S2_DMPS_String_to_Analog_Conversion_v1_1_EventHandler
 .text          0x8005d970      0xa94 S2_Back_Button_Analog_Track.o
                0x8005e2e2                S2_Back_Button_Analog_Track_EventHandler
                0x8005ddbc                S2_Back_Button_Analog_TrackEventHandler00001
                0x8005d970                S2_Back_Button_Analog_TrackEventHandler00000
                0x8005e3a2                S2_Back_Button_Analog_Track_main
 .text          0x8005e404      0xfce S2_Towson_Assignable_List.o
                0x8005f0fa                S2_Towson_Assignable_ListEventHandler00002
                0x8005edd0                S2_Towson_Assignable_List_main
                0x8005f1c4                S2_Towson_Assignable_ListEventHandler00003
                0x8005f354                S2_Towson_Assignable_ListEventHandler00008
                0x8005ea36                S2_Towson_Assignable_ListEventHandler00005
                0x8005ef68                S2_Towson_Assignable_ListEventHandler00000
                0x8005f2d6                S2_Towson_Assignable_ListEventHandler00007
                0x8005f030                S2_Towson_Assignable_ListEventHandler00001
                0x8005ec98                S2_Towson_Assignable_List_EventHandler
                0x8005e8c6                S2_Towson_Assignable_ListEventHandler00004
                0x8005f28c                S2_Towson_Assignable_ListEventHandler00006
 *fill*         0x8005f3d2        0x2
 .text          0x8005f3d4      0xd86 S2_Fusion_SSI_New_or_Old_Program_engine_v1_1.o
                0x8005fcf0                S2_Fusion_SSI_New_or_Old_Program_engine_v1_1_EventHandler
                0x8005f5fe                S2_Fusion_SSI_New_or_Old_Program_engine_v1_1EventHandler00000
                0x8006011e                S2_Fusion_SSI_New_or_Old_Program_engine_v1_1EventHandler00001
                0x8005fdca                S2_Fusion_SSI_New_or_Old_Program_engine_v1_1_main
 *fill*         0x8006015a        0x2
 .text          0x8006015c     0xa932 S2_Fusion_SSI_GUID_Updater_Helper_v1_0_2__2_series_only_.o
                0x80069cf0                S2_Fusion_SSI_GUID_Updater_Helper_v1_0_2__2_series_only_EventHandler00005
                0x80068302                S2_Fusion_SSI_GUID_Updater_Helper_v1_0_2__2_series_only_EventHandler00001
                0x80069ab6                S2_Fusion_SSI_GUID_Updater_Helper_v1_0_2__2_series_only_EventHandler00003
                0x8006a994                S2_Fusion_SSI_GUID_Updater_Helper_v1_0_2__2_series_only_EventHandler00000
                0x8006896c                S2_Fusion_SSI_GUID_Updater_Helper_v1_0_2__2_series_only_EventHandler00002
                0x8006a2b6                S2_Fusion_SSI_GUID_Updater_Helper_v1_0_2__2_series_only__main
                0x8006a15c                S2_Fusion_SSI_GUID_Updater_Helper_v1_0_2__2_series_only__EventHandler
                0x8006a9de                S2_Fusion_SSI_GUID_Updater_Helper_v1_0_2__2_series_only_EventHandler00004
 *fill*         0x8006aa8e        0x2
 .text          0x8006aa90      0x9a6 S2_Fusion_Generic_Text_Queue_v1_0_0.o
                0x8006b3d0                S2_Fusion_Generic_Text_Queue_v1_0_0EventHandler00000
                0x8006ad64                S2_Fusion_Generic_Text_Queue_v1_0_0EventHandler00001
                0x8006b072                S2_Fusion_Generic_Text_Queue_v1_0_0_main
                0x8006af92                S2_Fusion_Generic_Text_Queue_v1_0_0_EventHandler
 *fill*         0x8006b436        0x2
 .text          0x8006b438     0x3a64 S2_Fusion_SSI_System_Information_v1_1.o
                0x8006ecdc                S2_Fusion_SSI_System_Information_v1_1_SYSTEM_INFO_Destructor
                0x8006ece6                S2_Fusion_SSI_System_Information_v1_1EventHandler00000
                0x8006e170                S2_Fusion_SSI_System_Information_v1_1EventHandler00002
                0x8006e4fe                S2_Fusion_SSI_System_Information_v1_1_EventHandler
                0x8006ed9c                S2_Fusion_SSI_System_Information_v1_1EventHandler00001
                0x8006e5fe                S2_Fusion_SSI_System_Information_v1_1_main
                0x8006e3cc                S2_Fusion_SSI_System_Information_v1_1_SYSTEM_INFO_Constructor
 .text          0x8006ee9c      0x948 S2_Fusion_Time_Sync_v1_1_0.o
                0x8006f0bc                S2_Fusion_Time_Sync_v1_1_0EventHandler00001
                0x8006ee9c                S2_Fusion_Time_Sync_v1_1_0EventHandler00000
                0x8006f772                S2_Fusion_Time_Sync_v1_1_0_main
                0x8006f698                S2_Fusion_Time_Sync_v1_1_0_EventHandler
 .text          0x8006f7e4     0x1c0e S2_Fusion_SSI_Device_Usage_Helper_v1_0_0.o
                0x8007137a                S2_Fusion_SSI_Device_Usage_Helper_v1_0_0EventHandler00005
                0x80071150                S2_Fusion_SSI_Device_Usage_Helper_v1_0_0EventHandler00003
                0x80070866                S2_Fusion_SSI_Device_Usage_Helper_v1_0_0_EventHandler
                0x80070956                S2_Fusion_SSI_Device_Usage_Helper_v1_0_0_main
                0x80071262                S2_Fusion_SSI_Device_Usage_Helper_v1_0_0EventHandler00004
                0x800703d2                S2_Fusion_SSI_Device_Usage_Helper_v1_0_0EventHandler00007
                0x80070ec4                S2_Fusion_SSI_Device_Usage_Helper_v1_0_0_STRUCTUREDEVICE_Constructor
                0x80071038                S2_Fusion_SSI_Device_Usage_Helper_v1_0_0EventHandler00002
                0x8007000e                S2_Fusion_SSI_Device_Usage_Helper_v1_0_0EventHandler00000
                0x80070280                S2_Fusion_SSI_Device_Usage_Helper_v1_0_0EventHandler00006
                0x80070f26                S2_Fusion_SSI_Device_Usage_Helper_v1_0_0EventHandler00001
                0x80070f1c                S2_Fusion_SSI_Device_Usage_Helper_v1_0_0_STRUCTUREDEVICE_Destructor
                0x800705a8                S2_Fusion_SSI_Device_Usage_Helper_v1_0_0EventHandler00008
 *fill*         0x800713f2        0x2
 .text          0x800713f4      0x54a S2_Sony_Checksum.o
                0x800713f4                S2_Sony_ChecksumEventHandler00000
                0x800717a8                S2_Sony_Checksum_EventHandler
                0x80071864                S2_Sony_Checksum_main
 *fill*         0x8007193e        0x2
 .text          0x80071940     0x58e2 S2_Biamp_Tesira_Command_Processor_v1_7.o
                0x80076f1c                S2_Biamp_Tesira_Command_Processor_v1_7STARTHEARTBEATPROCESS
                0x80076ec4                S2_Biamp_Tesira_Command_Processor_v1_7REGISTRATIONWAIT
                0x80076e5c                S2_Biamp_Tesira_Command_Processor_v1_7__COMMQUEUE_Destructor
                0x80076774                S2_Biamp_Tesira_Command_Processor_v1_7EventHandler00004
                0x80076e28                S2_Biamp_Tesira_Command_Processor_v1_7__MODULECOMM_Constructor
                0x80076e32                S2_Biamp_Tesira_Command_Processor_v1_7__MODULECOMM_Destructor
                0x80076546                S2_Biamp_Tesira_Command_Processor_v1_7EventHandler00001
                0x800736fe                S2_Biamp_Tesira_Command_Processor_v1_7QUEUEFALSERESPONSE
                0x80076310                S2_Biamp_Tesira_Command_Processor_v1_7EventHandler00000
                0x80077004                S2_Biamp_Tesira_Command_Processor_v1_7EventHandler00002
                0x80076e66                S2_Biamp_Tesira_Command_Processor_v1_7HEARTBEAT
                0x800770e4                S2_Biamp_Tesira_Command_Processor_v1_7EventHandler00003
                0x80076e3c                S2_Biamp_Tesira_Command_Processor_v1_7__COMMQUEUE_Constructor
                0x8007698a                S2_Biamp_Tesira_Command_Processor_v1_7_EventHandler
                0x800771d8                S2_Biamp_Tesira_Command_Processor_v1_7EventHandler00005
                0x80076a6c                S2_Biamp_Tesira_Command_Processor_v1_7_main
 *fill*         0x80077222        0x2
 .text          0x80077224     0x7e6a S2_Biamp_Tesira_Level_Control_v1_7.o
                0x8007eccc                S2_Biamp_Tesira_Level_Control_v1_7RAISE_LEVEL
                0x8007eda0                S2_Biamp_Tesira_Level_Control_v1_7EventHandler00000
                0x8007eb04                S2_Biamp_Tesira_Level_Control_v1_7_main
                0x8007ef24                S2_Biamp_Tesira_Level_Control_v1_7EventHandler00002
                0x8007ea3a                S2_Biamp_Tesira_Level_Control_v1_7_EventHandler
                0x8007f018                S2_Biamp_Tesira_Level_Control_v1_7EventHandler00003
                0x8007ed36                S2_Biamp_Tesira_Level_Control_v1_7LOWER_LEVEL
                0x8007e3b4                S2_Biamp_Tesira_Level_Control_v1_7EventHandler00004
                0x8007e678                S2_Biamp_Tesira_Level_Control_v1_7EventHandler00005
                0x8007ee62                S2_Biamp_Tesira_Level_Control_v1_7EventHandler00001
 *fill*         0x8007f08e        0x2
 .text          0x8007f090     0x6070 S2_Biamp_Tesira_State_Control_v1_7.o
                0x80084e1c                S2_Biamp_Tesira_State_Control_v1_7_EventHandler
                0x80083076                S2_Biamp_Tesira_State_Control_v1_7EventHandler00002
                0x80082d2c                S2_Biamp_Tesira_State_Control_v1_7EventHandler00000
                0x80084aa2                S2_Biamp_Tesira_State_Control_v1_7EventHandler00004
                0x80084ee2                S2_Biamp_Tesira_State_Control_v1_7_main
                0x80082ed2                S2_Biamp_Tesira_State_Control_v1_7EventHandler00001
                0x8008508a                S2_Biamp_Tesira_State_Control_v1_7EventHandler00003
 .text          0x80085100     0x2678 S2_Contemporary_Research_Rev_3.o
                0x80085100                S2_Contemporary_Research_Rev_3EventHandler00000
                0x80085908                S2_Contemporary_Research_Rev_3EventHandler00004
                0x80085f0e                S2_Contemporary_Research_Rev_3EventHandler00007
                0x80086708                S2_Contemporary_Research_Rev_3EventHandler0000B
                0x80086514                S2_Contemporary_Research_Rev_3EventHandler0000A
                0x80086110                S2_Contemporary_Research_Rev_3EventHandler00008
                0x80087676                S2_Contemporary_Research_Rev_3EventHandler0000E
                0x800871ac                S2_Contemporary_Research_Rev_3_EventHandler
                0x80086da2                S2_Contemporary_Research_Rev_3__SPLS_TMPVAR__WAITLABEL_0__
                0x80086312                S2_Contemporary_Research_Rev_3EventHandler00009
                0x80085d0c                S2_Contemporary_Research_Rev_3EventHandler00006
                0x80085b0a                S2_Contemporary_Research_Rev_3EventHandler00005
                0x80087296                S2_Contemporary_Research_Rev_3_main
                0x80087574                S2_Contemporary_Research_Rev_3EventHandler0000D
                0x80087442                S2_Contemporary_Research_Rev_3EventHandler0000C
                0x80085302                S2_Contemporary_Research_Rev_3EventHandler00001
                0x80086be8                S2_Contemporary_Research_Rev_3EventHandler00010
                0x80086a00                S2_Contemporary_Research_Rev_3EventHandler0000F
                0x80085706                S2_Contemporary_Research_Rev_3EventHandler00003
                0x80085504                S2_Contemporary_Research_Rev_3EventHandler00002
 .text          0x80087778      0x61e S2_Contemporary_Research_Preset_Text_v1.o
                0x80087a74                S2_Contemporary_Research_Preset_Text_v1_EventHandler
                0x80087d26                S2_Contemporary_Research_Preset_Text_v1EventHandler00000
                0x80087b54                S2_Contemporary_Research_Preset_Text_v1_main
                0x80087778                S2_Contemporary_Research_Preset_Text_v1EventHandler00001
 *fill*         0x80087d96        0x2
 .text          0x80087d98     0xa6ae S2_Vaddio_RoboSHOT_30_v1_0_Processor.o
                0x8008cd00                S2_Vaddio_RoboSHOT_30_v1_0_ProcessorEventHandler0000A
                0x80089210                S2_Vaddio_RoboSHOT_30_v1_0_ProcessorEventHandler00003
                0x800923c8                S2_Vaddio_RoboSHOT_30_v1_0_ProcessorEventHandler00006
                0x8008eae4                S2_Vaddio_RoboSHOT_30_v1_0_ProcessorEventHandler0000C
                0x80087d98                S2_Vaddio_RoboSHOT_30_v1_0_ProcessorEventHandler00000
                0x80092312                S2_Vaddio_RoboSHOT_30_v1_0_Processor_EventHandler
                0x80090490                S2_Vaddio_RoboSHOT_30_v1_0_ProcessorEventHandler0000D
                0x8008b4ba                S2_Vaddio_RoboSHOT_30_v1_0_ProcessorEventHandler00008
                0x80087f18                S2_Vaddio_RoboSHOT_30_v1_0_ProcessorEventHandler00001
                0x8008dbde                S2_Vaddio_RoboSHOT_30_v1_0_ProcessorEventHandler0000B
                0x8008c0c8                S2_Vaddio_RoboSHOT_30_v1_0_ProcessorEventHandler00009
                0x8008a8ca                S2_Vaddio_RoboSHOT_30_v1_0_ProcessorEventHandler00007
                0x80089b8e                S2_Vaddio_RoboSHOT_30_v1_0_ProcessorEventHandler00004
                0x8008a50e                S2_Vaddio_RoboSHOT_30_v1_0_ProcessorEventHandler00005
                0x80088898                S2_Vaddio_RoboSHOT_30_v1_0_ProcessorEventHandler00002
                0x8009204c                S2_Vaddio_RoboSHOT_30_v1_0_Processor_main
 *fill*         0x80092446        0x2
 .text          0x80092448     0x5de4 S2_Oppo_Time_Processor_v1_0.o
                0x80097f38                S2_Oppo_Time_Processor_v1_0_main
                0x80095f2c                S2_Oppo_Time_Processor_v1_0EventHandler00001
                0x800967d0                S2_Oppo_Time_Processor_v1_0EventHandler00003
                0x80096910                S2_Oppo_Time_Processor_v1_0EventHandler00004
                0x80097e98                S2_Oppo_Time_Processor_v1_0_EventHandler
                0x80092448                S2_Oppo_Time_Processor_v1_0EventHandler00000
                0x8009606c                S2_Oppo_Time_Processor_v1_0EventHandler00002
                0x8009778e                S2_Oppo_Time_Processor_v1_0EventHandler00006
                0x80097074                S2_Oppo_Time_Processor_v1_0EventHandler00005
 .text          0x8009822c      0x3ee S2_Core_3_XPanel_Web_Configuration_Module_v1_1.o
                0x8009822c                S2_Core_3_XPanel_Web_Configuration_Module_v1_1EventHandler00000
                0x800984c4                S2_Core_3_XPanel_Web_Configuration_Module_v1_1_main
                0x80098406                S2_Core_3_XPanel_Web_Configuration_Module_v1_1_EventHandler
 *fill*         0x8009861a        0x2
 .text          0x8009861c     0x5836 library.o
                0x8009c808                RotateRightLong
                0x8009ce16                IsSystem
                0x8009c76c                Seed
                0x8009a064                Remove
                0x8009c3e8                Ltoa
                0x8009c114                Atoi
                0x8009b47c                InitRampInfoArray
                0x8009cbc2                Right
                0x8009dbf2                LockInputSema
                0x8009c696                Mod
                0x8009c87e                Getc
                0x8009c5ca                SMuldiv
                0x8009cdf8                IsHidden
                0x8009c4ae                Min
                0x8009da06                hextosi
                0x8009cf9c                WriteIntegerArray
                0x8009d512                GetSignedIntArrayElementPtr
                0x8009be36                CheckStructArray
                0x8009da1a                hextosl
                0x8009d122                WriteSignedIntegerArray
                0x8009bafe                InitStringParamArray
                0x8009add0                ReadSignedLongIntegerArray
                0x80099cf2                GatherToDelimiter
                0x8009b922                InitStringArray
                0x8009c488                Max
                0x8009ce52                IsReadOnly
                0x8009c592                SMax
                0x80099e96                GatherByLength
                0x8009c322                Chr
                0x8009cf74                ReadSignedLongInteger
                0x8009c3a0                Itohex
                0x8009bda8                GetStructArrayElement
                0x8009c09c                UNS_SetByte
                0x8009cb96                ReverseFindi
                0x8009b278                ReadStringArray
                0x8009d322                GetIntArrayElementPtr
                0x8009c9d2                Lower
                0x8009c788                RotateLeft
                0x8009db3a                ResizeIfAutogrow
                0x8009b5a8                CheckInputArray
                0x80098b8a                ResizeStringArray
                0x8009c2b4                Atosl
                0x8009c0dc                High
                0x8009c738                Rnd
                0x8009c65a                UMod
                0x8009c7de                RotateLeftLong
                0x8009dc66                FindNumericChar
                0x8009d76a                CheckIOArrayBounds2
                0x8009cdb0                MakeProgramFilename
                0x8009c5ae                SMin
                0x8009c906                Left
                0x8009c848                CheckBufferThreshold
                0x8009cf2c                ReadSignedInteger
                0x8009c106                LowWord
                0x8009861c                Bit
                0x8009cedc                ReadLongInteger
                0x8009bf1a                Byte
                0x8009d41a                GetLongArrayElementPtr
                0x8009cb68                ReverseFind
                0x8009cdc6                GetSeries
                0x8009dd32                InitTcpServer
                0x8009c9ba                Len
                0x8009d83a                InitializeRampInfoInternal
                0x8009c4d4                Divide
                0x8009c220                Atol
                0x8009cdbc                GetModelNumber
                0x8009d702                CheckIOArrayBounds
                0x8009b602                CheckStringInputArray
                0x8009d1e4                WriteSignedLongIntegerArray
                0x8009bcf2                GetStringArrayElement
                0x8009c42c                Ltohex
                0x8009c358                Itoa
                0x8009c7b2                RotateRight
                0x8009a352                InternalReverseFind
                0x8009cebc                WriteLongInteger
                0x8009b826                InitDynamicStringStruct
                0x8009b718                SetStringArray
                0x8009abae                ReadSignedIntegerArray
                0x8009b65c                SetOutputArray
                0x8009ce6c                WriteInteger
                0x8009bc86                InitStructDynamicArray
                0x8009a5dc                SetString
                0x8009c6d2                Random
                0x8009cf04                WriteSignedInteger
                0x80098880                Find
                0x8009cdd0                GetProgramNumber
                0x8009caa6                Mid
                0x8009dca4                InitTcpClient
                0x8009976e                ResizeStructArray
                0x8009d60a                GetSignedLongArrayElementPtr
                0x8009da2c                hextol
                0x8009aff2                ReadString
                0x8009b9b8                InitDynamicStringArray
                0x8009db12                UpperChar
                0x8009c1b0                Atosi
                0x8009ce94                ReadInteger
                0x8009c546                Muldiv
                0x8009b6ca                SetStringOutputArray
                0x8009d2a8                WriteString
                0x800991e2                ResizeIntegerArray
                0x8009b570                InitInOutArray
                0x8009bbc6                InitNvramStringArray
                0x8009c470                Abs
                0x8009c616                SDivide
                0x8009a76c                ReadIntegerArray
                0x8009872c                CompareStrings
                0x8009daea                LowerChar
                0x8009ddc2                InitUdpSocket
                0x8009c830                ClearBuffer
                0x8009cc7e                Upper
                0x8009bc62                InitStructArray
                0x8009cd54                MakeLower
                0x8009ce34                IsVolume
                0x8009a1be                RemoveByLength
                0x8009beb2                CheckStringOutputArrayIndex
                0x8009d05e                WriteLongIntegerArray
                0x8009d8e6                InitRampInfoStructArray
                0x8009c0f8                HighWord
                0x800989f4                ResizeString
                0x8009cdda                IsDirectory
                0x8009a98c                ReadLongIntegerArray
                0x8009c0ea                Low
                0x80099b98                Gather
                0x8009cd82                MakeUpper
                0x8009b7e8                InitStringStruct
                0x8009d7d2                CheckStringArrayBounds
                0x8009c518                CheckDenominator
                0x8009d9ee                hextoi
                0x8009b110                WriteStringArray
                0x8009bfda                SetByte
                0x8009d890                InitializeRampInfo
                0x8009dc2c                UnLockInputSema
                0x8009cf54                WriteSignedLongInteger
                0x8009b8da                InitNvramStringStruct
 *fill*         0x8009de52        0xe
                0x8009de60                .=ALIGN(0x10)
 *(.eh_frame)
                0x8009de60                .=ALIGN(0x10)
 *(.gnu.linkonce.t.*)
                0x8009de60                .=ALIGN(0x4)
                0x8009de60                __CTOR_LIST__=.
                0x8009de60                ___CTOR_LIST__=.
                0x8009de60        0x4 LONG 0x0 (((__CTOR_END__-__CTOR_LIST__)/0x4)-0x2)
 *(.ctors)
                0x8009de64        0x4 LONG 0x0
                0x8009de68                __CTOR_END__=.
                0x8009de68                __DTOR_LIST__=.
                0x8009de68                ___DTOR_LIST__=.
                0x8009de68        0x4 LONG 0x0 (((__DTOR_END__-__DTOR_LIST__)/0x4)-0x2)
 *(.dtors)
                0x8009de6c        0x4 LONG 0x0
                0x8009de70                __DTOR_END__=.
 *(.rodata)
 .rodata        0x8009de70      0x23b S2_String_Check.o
 .rodata        0x8009e0ab      0x2f5 S2_MPS_Text_Centering.o
 .rodata        0x8009e3a0      0x3fb S2_Knob_Acceleration__Pkt_.o
 .rodata        0x8009e79b      0x687 S2_DMPS_Text_Router_v1_0.o
 .rodata        0x8009ee22     0x2b1d S2_DMPS_Installer_Tools_v1_13.o
 .rodata        0x800a193f      0x3b7 S2_APAD_Long_Text_Edit.o
 .rodata        0x800a1cf6      0x457 S2_UserProgCmd_Interface_v1_0.o
 .rodata        0x800a214d      0x24a S2_UserProgCmd_Interface_Serial_To_Analog_v1_0.o
 .rodata        0x800a2397      0x814 S2_DMPS_System_Info_V1_0_2.o
 .rodata        0x800a2bab      0x38d S2_Single_Line_Scroller_v1_2.o
 .rodata        0x800a2f38      0x261 S2_IP_Address_Edit_with_Up_Down.o
 .rodata        0x800a3199      0x2de S2_IP_Address_Edit_Acceleration.o
 .rodata        0x800a3477      0x2d2 S2_DMPS_Analog_To_String_Conversion_v1_1.o
 .rodata        0x800a3749      0x23b S2_DMPS_String_to_Analog_Conversion_v1_1.o
 .rodata        0x800a3984      0x239 S2_Back_Button_Analog_Track.o
 .rodata        0x800a3bbd      0x2dd S2_Towson_Assignable_List.o
 .rodata        0x800a3e9a      0x3a0 S2_Fusion_SSI_New_or_Old_Program_engine_v1_1.o
 .rodata        0x800a423a     0x1d4e S2_Fusion_SSI_GUID_Updater_Helper_v1_0_2__2_series_only_.o
 .rodata        0x800a5f88      0x30a S2_Fusion_Generic_Text_Queue_v1_0_0.o
 .rodata        0x800a6292      0x73e S2_Fusion_SSI_System_Information_v1_1.o
 .rodata        0x800a69d0      0x385 S2_Fusion_Time_Sync_v1_1_0.o
 .rodata        0x800a6d55      0x48c S2_Fusion_SSI_Device_Usage_Helper_v1_0_0.o
 .rodata        0x800a71e1      0x2d8 S2_Sony_Checksum.o
 .rodata        0x800a74b9      0x66d S2_Biamp_Tesira_Command_Processor_v1_7.o
 .rodata        0x800a7b26      0x8e8 S2_Biamp_Tesira_Level_Control_v1_7.o
 .rodata        0x800a840e      0x6cc S2_Biamp_Tesira_State_Control_v1_7.o
 .rodata        0x800a8ada      0x3cb S2_Contemporary_Research_Rev_3.o
 .rodata        0x800a8ea5      0x2b5 S2_Contemporary_Research_Preset_Text_v1.o
 .rodata        0x800a915a      0x362 S2_Vaddio_RoboSHOT_30_v1_0_Processor.o
 .rodata        0x800a94bc      0x666 S2_Oppo_Time_Processor_v1_0.o
 .rodata        0x800a9b22      0x48d S2_Core_3_XPanel_Web_Configuration_Module_v1_1.o
 .rodata        0x800a9faf      0xc54 library.o
 *(.gcc_except_table)
 *fill*         0x800aac03        0x1
                0x800aac04                .=ALIGN(0x2)
                0x800aac04                __INIT_SECTION__=.
                0x800aac04        0x4 LONG 0x4e560000
 *(.init)
                0x800aac08        0x2 SHORT 0x4e5e
                0x800aac0a        0x2 SHORT 0x4e75
                0x800aac0c                __FINI_SECTION__=.
                0x800aac0c        0x4 LONG 0x4e560000
 *(.fini)
                0x800aac10        0x2 SHORT 0x4e5e
                0x800aac12        0x2 SHORT 0x4e75
 *(.lit)
 *fill*         0x800aac14        0xc
                0x800aac20                .=ALIGN(0x10)
                0x800aac20                _etext=.
                0x800aac20                etext=.

.data           0x800aac20        0x0
                0x800aac20                copy_start=.
 *(.shdata)
 *(.data)
 *(.gnu.linkonce.d.*)
                0x800aac20                .=ALIGN(0x10)
                0x800aac20                _edata=.
                0x800aac20                copy_end=.

.got
 *(.got.plt)
 *(.got)

EntryList       0x800aac20     0x20f0
 *(EntryList)
 EntryList      0x800aac20      0x110 S2_String_Check.o
                0x800aac20                S2_String_Check_Entry
 EntryList      0x800aad30      0x110 S2_MPS_Text_Centering.o
                0x800aad30                S2_MPS_Text_Centering_Entry
 EntryList      0x800aae40      0x110 S2_Knob_Acceleration__Pkt_.o
                0x800aae40                S2_Knob_Acceleration__Pkt__Entry
 EntryList      0x800aaf50      0x110 S2_DMPS_Text_Router_v1_0.o
                0x800aaf50                S2_DMPS_Text_Router_v1_0_Entry
 EntryList      0x800ab060      0x110 S2_DMPS_Installer_Tools_v1_13.o
                0x800ab060                S2_DMPS_Installer_Tools_v1_13_Entry
 EntryList      0x800ab170      0x110 S2_APAD_Long_Text_Edit.o
                0x800ab170                S2_APAD_Long_Text_Edit_Entry
 EntryList      0x800ab280      0x110 S2_UserProgCmd_Interface_v1_0.o
                0x800ab280                S2_UserProgCmd_Interface_v1_0_Entry
 EntryList      0x800ab390      0x110 S2_UserProgCmd_Interface_Serial_To_Analog_v1_0.o
                0x800ab390                S2_UserProgCmd_Interface_Serial_To_Analog_v1_0_Entry
 EntryList      0x800ab4a0      0x110 S2_DMPS_System_Info_V1_0_2.o
                0x800ab4a0                S2_DMPS_System_Info_V1_0_2_Entry
 EntryList      0x800ab5b0      0x110 S2_Single_Line_Scroller_v1_2.o
                0x800ab5b0                S2_Single_Line_Scroller_v1_2_Entry
 EntryList      0x800ab6c0      0x110 S2_IP_Address_Edit_with_Up_Down.o
                0x800ab6c0                S2_IP_Address_Edit_with_Up_Down_Entry
 EntryList      0x800ab7d0      0x110 S2_IP_Address_Edit_Acceleration.o
                0x800ab7d0                S2_IP_Address_Edit_Acceleration_Entry
 EntryList      0x800ab8e0      0x110 S2_DMPS_Analog_To_String_Conversion_v1_1.o
                0x800ab8e0                S2_DMPS_Analog_To_String_Conversion_v1_1_Entry
 EntryList      0x800ab9f0      0x110 S2_DMPS_String_to_Analog_Conversion_v1_1.o
                0x800ab9f0                S2_DMPS_String_to_Analog_Conversion_v1_1_Entry
 EntryList      0x800abb00      0x110 S2_Back_Button_Analog_Track.o
                0x800abb00                S2_Back_Button_Analog_Track_Entry
 EntryList      0x800abc10      0x110 S2_Towson_Assignable_List.o
                0x800abc10                S2_Towson_Assignable_List_Entry
 EntryList      0x800abd20      0x110 S2_Fusion_SSI_New_or_Old_Program_engine_v1_1.o
                0x800abd20                S2_Fusion_SSI_New_or_Old_Program_engine_v1_1_Entry
 EntryList      0x800abe30      0x110 S2_Fusion_SSI_GUID_Updater_Helper_v1_0_2__2_series_only_.o
                0x800abe30                S2_Fusion_SSI_GUID_Updater_Helper_v1_0_2__2_series_only__Entry
 EntryList      0x800abf40      0x110 S2_Fusion_Generic_Text_Queue_v1_0_0.o
                0x800abf40                S2_Fusion_Generic_Text_Queue_v1_0_0_Entry
 EntryList      0x800ac050      0x110 S2_Fusion_SSI_System_Information_v1_1.o
                0x800ac050                S2_Fusion_SSI_System_Information_v1_1_Entry
 EntryList      0x800ac160      0x110 S2_Fusion_Time_Sync_v1_1_0.o
                0x800ac160                S2_Fusion_Time_Sync_v1_1_0_Entry
 EntryList      0x800ac270      0x110 S2_Fusion_SSI_Device_Usage_Helper_v1_0_0.o
                0x800ac270                S2_Fusion_SSI_Device_Usage_Helper_v1_0_0_Entry
 EntryList      0x800ac380      0x110 S2_Sony_Checksum.o
                0x800ac380                S2_Sony_Checksum_Entry
 EntryList      0x800ac490      0x110 S2_Biamp_Tesira_Command_Processor_v1_7.o
                0x800ac490                S2_Biamp_Tesira_Command_Processor_v1_7_Entry
 EntryList      0x800ac5a0      0x110 S2_Biamp_Tesira_Level_Control_v1_7.o
                0x800ac5a0                S2_Biamp_Tesira_Level_Control_v1_7_Entry
 EntryList      0x800ac6b0      0x110 S2_Biamp_Tesira_State_Control_v1_7.o
                0x800ac6b0                S2_Biamp_Tesira_State_Control_v1_7_Entry
 EntryList      0x800ac7c0      0x110 S2_Contemporary_Research_Rev_3.o
                0x800ac7c0                S2_Contemporary_Research_Rev_3_Entry
 EntryList      0x800ac8d0      0x110 S2_Contemporary_Research_Preset_Text_v1.o
                0x800ac8d0                S2_Contemporary_Research_Preset_Text_v1_Entry
 EntryList      0x800ac9e0      0x110 S2_Vaddio_RoboSHOT_30_v1_0_Processor.o
                0x800ac9e0                S2_Vaddio_RoboSHOT_30_v1_0_Processor_Entry
 EntryList      0x800acaf0      0x110 S2_Oppo_Time_Processor_v1_0.o
                0x800acaf0                S2_Oppo_Time_Processor_v1_0_Entry
 EntryList      0x800acc00      0x110 S2_Core_3_XPanel_Web_Configuration_Module_v1_1.o
                0x800acc00                S2_Core_3_XPanel_Web_Configuration_Module_v1_1_Entry
                0x800acd10                .=ALIGN(0x4)

FunctionList    0x800acd10        0x4
 *(FunctionList)
 FunctionList   0x800acd10        0x4 globals.o
                0x800acd10                g_pFunctions
                0x800acd14                .=ALIGN(0x4)

.bss            0x800acd14        0x0
                0x800acd14                .=ALIGN(0x4)
                0x800acd14                __bss_start=.
 *(.shbss)
 *(.bss)
 *(COMMON)
                0x800acd18                _end=ALIGN(0x8)
                0x800acd18                __end=_end

.stab
 *(.stab)

.stabstr
 *(.stabstr)

.debug
 *(.debug)

.line
 *(.line)

.debug_srcinfo
 *(.debug_srcinfo)

.debug_sfnames
 *(.debug_sfnames)

.debug_aranges
 *(.debug_aranges)

.debug_pubnames
 *(.debug_pubnames)

.debug_info
 *(.debug_info)

.debug_abbrev
 *(.debug_abbrev)

.debug_line
 *(.debug_line)

.debug_frame
 *(.debug_frame)

.debug_str
 *(.debug_str)

.debug_loc
 *(.debug_loc)

.debug_macinfo
 *(.debug_macinfo)

.debug_weaknames
 *(.debug_weaknames)

.debug_funcnames
 *(.debug_funcnames)

.debug_typenames
 *(.debug_typenames)

.debug_varnames
 *(.debug_varnames)
LOAD S2_String_Check.o
LOAD S2_MPS_Text_Centering.o
LOAD S2_Knob_Acceleration__Pkt_.o
LOAD S2_DMPS_Text_Router_v1_0.o
LOAD S2_DMPS_Installer_Tools_v1_13.o
LOAD S2_APAD_Long_Text_Edit.o
LOAD S2_UserProgCmd_Interface_v1_0.o
LOAD S2_UserProgCmd_Interface_Serial_To_Analog_v1_0.o
LOAD S2_DMPS_System_Info_V1_0_2.o
LOAD S2_Single_Line_Scroller_v1_2.o
LOAD S2_IP_Address_Edit_with_Up_Down.o
LOAD S2_IP_Address_Edit_Acceleration.o
LOAD S2_DMPS_Analog_To_String_Conversion_v1_1.o
LOAD S2_DMPS_String_to_Analog_Conversion_v1_1.o
LOAD S2_Back_Button_Analog_Track.o
LOAD S2_Towson_Assignable_List.o
LOAD S2_Fusion_SSI_New_or_Old_Program_engine_v1_1.o
LOAD S2_Fusion_SSI_GUID_Updater_Helper_v1_0_2__2_series_only_.o
LOAD S2_Fusion_Generic_Text_Queue_v1_0_0.o
LOAD S2_Fusion_SSI_System_Information_v1_1.o
LOAD S2_Fusion_Time_Sync_v1_1_0.o
LOAD S2_Fusion_SSI_Device_Usage_Helper_v1_0_0.o
LOAD S2_Sony_Checksum.o
LOAD S2_Biamp_Tesira_Command_Processor_v1_7.o
LOAD S2_Biamp_Tesira_Level_Control_v1_7.o
LOAD S2_Biamp_Tesira_State_Control_v1_7.o
LOAD S2_Contemporary_Research_Rev_3.o
LOAD S2_Contemporary_Research_Preset_Text_v1.o
LOAD S2_Vaddio_RoboSHOT_30_v1_0_Processor.o
LOAD S2_Oppo_Time_Processor_v1_0.o
LOAD S2_Core_3_XPanel_Web_Configuration_Module_v1_1.o
LOAD globals.o
LOAD library.o
OUTPUT(_S2_TUBaseDMPS300C_MC0108_1_04.spl elf32-m68k)

.comment        0x800acd14      0x4e6
 .comment       0x800acd14       0x26 S2_String_Check.o
 .comment       0x800acd3a       0x26 S2_MPS_Text_Centering.o
 .comment       0x800acd60       0x26 S2_Knob_Acceleration__Pkt_.o
 .comment       0x800acd86       0x26 S2_DMPS_Text_Router_v1_0.o
 .comment       0x800acdac       0x26 S2_DMPS_Installer_Tools_v1_13.o
 .comment       0x800acdd2       0x26 S2_APAD_Long_Text_Edit.o
 .comment       0x800acdf8       0x26 S2_UserProgCmd_Interface_v1_0.o
 .comment       0x800ace1e       0x26 S2_UserProgCmd_Interface_Serial_To_Analog_v1_0.o
 .comment       0x800ace44       0x26 S2_DMPS_System_Info_V1_0_2.o
 .comment       0x800ace6a       0x26 S2_Single_Line_Scroller_v1_2.o
 .comment       0x800ace90       0x26 S2_IP_Address_Edit_with_Up_Down.o
 .comment       0x800aceb6       0x26 S2_IP_Address_Edit_Acceleration.o
 .comment       0x800acedc       0x26 S2_DMPS_Analog_To_String_Conversion_v1_1.o
 .comment       0x800acf02       0x26 S2_DMPS_String_to_Analog_Conversion_v1_1.o
 .comment       0x800acf28       0x26 S2_Back_Button_Analog_Track.o
 .comment       0x800acf4e       0x26 S2_Towson_Assignable_List.o
 .comment       0x800acf74       0x26 S2_Fusion_SSI_New_or_Old_Program_engine_v1_1.o
 .comment       0x800acf9a       0x26 S2_Fusion_SSI_GUID_Updater_Helper_v1_0_2__2_series_only_.o
 .comment       0x800acfc0       0x26 S2_Fusion_Generic_Text_Queue_v1_0_0.o
 .comment       0x800acfe6       0x26 S2_Fusion_SSI_System_Information_v1_1.o
 .comment       0x800ad00c       0x26 S2_Fusion_Time_Sync_v1_1_0.o
 .comment       0x800ad032       0x26 S2_Fusion_SSI_Device_Usage_Helper_v1_0_0.o
 .comment       0x800ad058       0x26 S2_Sony_Checksum.o
 .comment       0x800ad07e       0x26 S2_Biamp_Tesira_Command_Processor_v1_7.o
 .comment       0x800ad0a4       0x26 S2_Biamp_Tesira_Level_Control_v1_7.o
 .comment       0x800ad0ca       0x26 S2_Biamp_Tesira_State_Control_v1_7.o
 .comment       0x800ad0f0       0x26 S2_Contemporary_Research_Rev_3.o
 .comment       0x800ad116       0x26 S2_Contemporary_Research_Preset_Text_v1.o
 .comment       0x800ad13c       0x26 S2_Vaddio_RoboSHOT_30_v1_0_Processor.o
 .comment       0x800ad162       0x26 S2_Oppo_Time_Processor_v1_0.o
 .comment       0x800ad188       0x26 S2_Core_3_XPanel_Web_Configuration_Module_v1_1.o
 .comment       0x800ad1ae       0x26 globals.o
 .comment       0x800ad1d4       0x26 library.o
