
Memory Configuration

Name             Origin             Length             Attributes
ram              0x80000000         0x00500000         xrw
*default*        0x00000000         0xffffffff

Linker script and memory map

                0x00000000                __DYNAMIC=0x0
                0x00400000                PROVIDE (__stack, 0x400000)
                0x00000000                PROVIDE (hardware_init_hook, 0x0)
                0x00000000                PROVIDE (_hardware_init_hook, 0x0)
                0x00000000                PROVIDE (software_init_hook, 0x0)
                0x00000000                PROVIDE (_software_init_hook, 0x0)

.text           0x80000000    0xa27e0
 *(.text)
 .text          0x80000000      0x258 S2_String_Check.o
                0x80000000                S2_String_Check_EventHandler
                0x8000017e                S2_String_CheckEventHandler00000
                0x800000bc                S2_String_Check_main
 .text          0x80000258      0x94a S2_MPS_Text_Centering.o
                0x80000710                S2_MPS_Text_CenteringEventHandler00000
                0x800009c2                S2_MPS_Text_Centering_main
                0x800008f2                S2_MPS_Text_Centering_EventHandler
 *fill*         0x80000ba2        0x2
 .text          0x80000ba4      0xe48 S2_Knob_Acceleration__Pkt_.o
                0x80001518                S2_Knob_Acceleration__Pkt__main
                0x800011a6                S2_Knob_Acceleration__Pkt_EventHandler00000
                0x8000143a                S2_Knob_Acceleration__Pkt__EventHandler
 .text          0x800019ec     0x5420 S2_DMPS_Text_Router_v1_0.o
                0x80006c44                S2_DMPS_Text_Router_v1_0EventHandler00009
                0x80006bee                S2_DMPS_Text_Router_v1_0EventHandler00008
                0x800061aa                S2_DMPS_Text_Router_v1_0_main
                0x8000689c                S2_DMPS_Text_Router_v1_0EventHandler00001
                0x80006a8e                S2_DMPS_Text_Router_v1_0EventHandler00004
                0x80006d8a                S2_DMPS_Text_Router_v1_0EventHandler0000B
                0x80006b1a                S2_DMPS_Text_Router_v1_0EventHandler00007
                0x8000697a                S2_DMPS_Text_Router_v1_0EventHandler00002
                0x80005f66                S2_DMPS_Text_Router_v1_0_EventHandler
                0x800067be                S2_DMPS_Text_Router_v1_0EventHandler00000
                0x80003c78                S2_DMPS_Text_Router_v1_0EventHandler00005
                0x80004c2a                S2_DMPS_Text_Router_v1_0EventHandler00006
                0x80006a02                S2_DMPS_Text_Router_v1_0EventHandler00003
                0x80006ce6                S2_DMPS_Text_Router_v1_0EventHandler0000A
 .text          0x80006e0c    0x4be18 S2_DMPS_Installer_Tools_v1_13.o
                0x80042190                S2_DMPS_Installer_Tools_v1_13EventHandler00029
                0x80044cb0                S2_DMPS_Installer_Tools_v1_13EventHandler00051
                0x8003fbf0                S2_DMPS_Installer_Tools_v1_13EventHandler00014
                0x8005257a                S2_DMPS_Installer_Tools_v1_13EventHandler00044
                0x80016cea                S2_DMPS_Installer_Tools_v1_13EventHandler00001
                0x80012936                S2_DMPS_Installer_Tools_v1_13KEYPADIDWAIT
                0x80051fec                S2_DMPS_Installer_Tools_v1_13EventHandler0003B
                0x80052264                S2_DMPS_Installer_Tools_v1_13EventHandler0003F
                0x8001fc56                S2_DMPS_Installer_Tools_v1_13EventHandler00006
                0x800523a0                S2_DMPS_Installer_Tools_v1_13EventHandler00041
                0x8001b00a                S2_DMPS_Installer_Tools_v1_13EventHandler00004
                0x80052752                S2_DMPS_Installer_Tools_v1_13EventHandler00047
                0x80043a62                S2_DMPS_Installer_Tools_v1_13EventHandler0004D
                0x80046d84                S2_DMPS_Installer_Tools_v1_13_main
                0x800255d4                S2_DMPS_Installer_Tools_v1_13EventHandler0000A
                0x80042ce8                S2_DMPS_Installer_Tools_v1_13EventHandler0002F
                0x80051762                S2_DMPS_Installer_Tools_v1_13EventHandler00011
                0x80052b46                S2_DMPS_Installer_Tools_v1_13EventHandler00054
                0x80040cc6                S2_DMPS_Installer_Tools_v1_13EventHandler0001B
                0x80024c86                S2_DMPS_Installer_Tools_v1_13EventHandler00008
                0x8005288a                S2_DMPS_Installer_Tools_v1_13EventHandler00049
                0x80052bda                S2_DMPS_Installer_Tools_v1_13EventHandler00056
                0x80051eb0                S2_DMPS_Installer_Tools_v1_13EventHandler00039
                0x800517ee                S2_DMPS_Installer_Tools_v1_13EventHandler00019
                0x80041636                S2_DMPS_Installer_Tools_v1_13EventHandler00022
                0x80041cbe                S2_DMPS_Installer_Tools_v1_13EventHandler00026
                0x800516e6                S2_DMPS_Installer_Tools_v1_13PASSWORDWAIT
                0x800521c6                S2_DMPS_Installer_Tools_v1_13EventHandler0003E
                0x80052926                S2_DMPS_Installer_Tools_v1_13EventHandler0004A
                0x80040ffe                S2_DMPS_Installer_Tools_v1_13EventHandler0001C
                0x8004352a                S2_DMPS_Installer_Tools_v1_13EventHandler00032
                0x80052afc                S2_DMPS_Installer_Tools_v1_13EventHandler00053
                0x800424b0                S2_DMPS_Installer_Tools_v1_13EventHandler0002B
                0x800403cc                S2_DMPS_Installer_Tools_v1_13EventHandler00016
                0x80051b9a                S2_DMPS_Installer_Tools_v1_13EventHandler00034
                0x8003ddda                S2_DMPS_Installer_Tools_v1_13EventHandler0000E
                0x80046c60                S2_DMPS_Installer_Tools_v1_13_EventHandler
                0x800526b6                S2_DMPS_Installer_Tools_v1_13EventHandler00046
                0x8002575c                S2_DMPS_Installer_Tools_v1_13EventHandler0000B
                0x80052a5e                S2_DMPS_Installer_Tools_v1_13EventHandler0004E
                0x800172e6                S2_DMPS_Installer_Tools_v1_13EventHandler00003
                0x80052302                S2_DMPS_Installer_Tools_v1_13EventHandler00040
                0x80051f4e                S2_DMPS_Installer_Tools_v1_13EventHandler0003A
                0x8001b53e                S2_DMPS_Installer_Tools_v1_13EventHandler00005
                0x800527ee                S2_DMPS_Installer_Tools_v1_13EventHandler00048
                0x80052b90                S2_DMPS_Installer_Tools_v1_13EventHandler00055
                0x80051a2a                S2_DMPS_Installer_Tools_v1_13EventHandler0001E
                0x8002544c                S2_DMPS_Installer_Tools_v1_13EventHandler00009
                0x80043400                S2_DMPS_Installer_Tools_v1_13EventHandler00031
                0x8003e474                S2_DMPS_Installer_Tools_v1_13EventHandler00010
                0x8004197a                S2_DMPS_Installer_Tools_v1_13EventHandler00024
                0x8004373e                S2_DMPS_Installer_Tools_v1_13EventHandler0004C
                0x8004295c                S2_DMPS_Installer_Tools_v1_13EventHandler0002E
                0x80051cd6                S2_DMPS_Installer_Tools_v1_13EventHandler00036
                0x80042002                S2_DMPS_Installer_Tools_v1_13EventHandler00028
                0x80051e12                S2_DMPS_Installer_Tools_v1_13EventHandler00038
                0x8003d91e                S2_DMPS_Installer_Tools_v1_13RESTOREAUDIODEFAULTSWAIT
                0x8004263e                S2_DMPS_Installer_Tools_v1_13EventHandler0002C
                0x800407ba                S2_DMPS_Installer_Tools_v1_13EventHandler00017
                0x8003db7c                S2_DMPS_Installer_Tools_v1_13RESTOREDEFAULTSWAIT
                0x800529c2                S2_DMPS_Installer_Tools_v1_13EventHandler0004B
                0x80051afc                S2_DMPS_Installer_Tools_v1_13EventHandler00033
                0x8004451e                S2_DMPS_Installer_Tools_v1_13EventHandler00050
                0x80042320                S2_DMPS_Installer_Tools_v1_13EventHandler0002A
                0x8003faaa                S2_DMPS_Installer_Tools_v1_13EventHandler00013
                0x80045442                S2_DMPS_Installer_Tools_v1_13EventHandler00052
                0x8003ffde                S2_DMPS_Installer_Tools_v1_13EventHandler00015
                0x80029752                S2_DMPS_Installer_Tools_v1_13EventHandler0000C
                0x80043d8c                S2_DMPS_Installer_Tools_v1_13EventHandler0004F
                0x8005208a                S2_DMPS_Installer_Tools_v1_13EventHandler0003C
                0x800298ca                S2_DMPS_Installer_Tools_v1_13EventHandler0000D
                0x80045f7e                S2_DMPS_Installer_Tools_v1_13EventHandler00058
                0x800524dc                S2_DMPS_Installer_Tools_v1_13EventHandler00043
                0x80016696                S2_DMPS_Installer_Tools_v1_13EventHandler00000
                0x8002041c                S2_DMPS_Installer_Tools_v1_13EventHandler00007
                0x8005243e                S2_DMPS_Installer_Tools_v1_13EventHandler00042
                0x80052618                S2_DMPS_Installer_Tools_v1_13EventHandler00045
                0x80051724                S2_DMPS_Installer_Tools_v1_13WRONGPASSWORDWAIT
                0x8001704a                S2_DMPS_Installer_Tools_v1_13EventHandler00002
                0x8003ea88                S2_DMPS_Installer_Tools_v1_13EventHandler00012
                0x80045bd4                S2_DMPS_Installer_Tools_v1_13EventHandler00057
                0x800518c6                S2_DMPS_Installer_Tools_v1_13EventHandler0001A
                0x8004118c                S2_DMPS_Installer_Tools_v1_13EventHandler0001F
                0x80043074                S2_DMPS_Installer_Tools_v1_13EventHandler00030
                0x80051d74                S2_DMPS_Installer_Tools_v1_13EventHandler00037
                0x8003e148                S2_DMPS_Installer_Tools_v1_13EventHandler0000F
                0x800417d8                S2_DMPS_Installer_Tools_v1_13EventHandler00023
                0x80041b1c                S2_DMPS_Installer_Tools_v1_13EventHandler00025
                0x800427cc                S2_DMPS_Installer_Tools_v1_13EventHandler0002D
                0x80040a40                S2_DMPS_Installer_Tools_v1_13EventHandler00018
                0x800414a8                S2_DMPS_Installer_Tools_v1_13EventHandler00021
                0x8004131a                S2_DMPS_Installer_Tools_v1_13EventHandler00020
                0x80041e60                S2_DMPS_Installer_Tools_v1_13EventHandler00027
                0x8005199e                S2_DMPS_Installer_Tools_v1_13EventHandler0001D
                0x80051c38                S2_DMPS_Installer_Tools_v1_13EventHandler00035
                0x80052128                S2_DMPS_Installer_Tools_v1_13EventHandler0003D
 .text          0x80052c24     0x2168 S2_APAD_Long_Text_Edit.o
                0x80054ca4                S2_APAD_Long_Text_EditEventHandler0000D
                0x800546fe                S2_APAD_Long_Text_Edit_main
                0x80053958                S2_APAD_Long_Text_EditEventHandler00005
                0x800548f2                S2_APAD_Long_Text_EditEventHandler00002
                0x80054b6e                S2_APAD_Long_Text_EditEventHandler0000A
                0x80053f50                S2_APAD_Long_Text_EditEventHandler00007
                0x80054baa                S2_APAD_Long_Text_EditEventHandler0000B
                0x80053b80                S2_APAD_Long_Text_EditEventHandler00006
                0x800549b4                S2_APAD_Long_Text_EditEventHandler00003
                0x80054be6                S2_APAD_Long_Text_EditEventHandler0000C
                0x80054a4c                S2_APAD_Long_Text_EditEventHandler00008
                0x80054618                S2_APAD_Long_Text_Edit_EventHandler
                0x8005432a                S2_APAD_Long_Text_EditEventHandler00009
                0x80053442                S2_APAD_Long_Text_EditEventHandler00000
                0x800536f6                S2_APAD_Long_Text_EditEventHandler00004
                0x8005359c                S2_APAD_Long_Text_EditEventHandler00001
 .text          0x80054d8c     0x1078 S2_UserProgCmd_Interface_v1_0.o
                0x80054ea6                S2_UserProgCmd_Interface_v1_0EventHandler00000
                0x80055c8c                S2_UserProgCmd_Interface_v1_0_main
                0x80055ba8                S2_UserProgCmd_Interface_v1_0_EventHandler
 .text          0x80055e04      0x34c S2_UserProgCmd_Interface_Serial_To_Analog_v1_0.o
                0x80055f02                S2_UserProgCmd_Interface_Serial_To_Analog_v1_0_main
                0x80055e04                S2_UserProgCmd_Interface_Serial_To_Analog_v1_0_EventHandler
                0x800560c0                S2_UserProgCmd_Interface_Serial_To_Analog_v1_0EventHandler00001
                0x80055fce                S2_UserProgCmd_Interface_Serial_To_Analog_v1_0EventHandler00000
 .text          0x80056150     0x32b4 S2_DMPS_System_Info_V1_0_2.o
                0x80058f96                S2_DMPS_System_Info_V1_0_2EventHandler00002
                0x80059362                S2_DMPS_System_Info_V1_0_2EventHandler00008
                0x8005921e                S2_DMPS_System_Info_V1_0_2EventHandler00006
                0x80056150                S2_DMPS_System_Info_V1_0_2EventHandler00000
                0x80059038                S2_DMPS_System_Info_V1_0_2EventHandler00003
                0x80058c28                S2_DMPS_System_Info_V1_0_2_EventHandler
                0x80058cda                S2_DMPS_System_Info_V1_0_2_main
                0x80056558                S2_DMPS_System_Info_V1_0_2EventHandler00001
                0x80058ee2                S2_DMPS_System_Info_V1_0_2__SPLS_TMPVAR__WAITLABEL_0__
                0x8005917c                S2_DMPS_System_Info_V1_0_2EventHandler00005
                0x800590da                S2_DMPS_System_Info_V1_0_2EventHandler00004
                0x800592c0                S2_DMPS_System_Info_V1_0_2EventHandler00007
 .text          0x80059404     0x1e9c S2_Single_Line_Scroller_v1_2.o
                0x80059ab4                S2_Single_Line_Scroller_v1_2EventHandler00000
                0x8005a08a                S2_Single_Line_Scroller_v1_2EventHandler00001
                0x8005ae64                S2_Single_Line_Scroller_v1_2_main
                0x8005a22a                S2_Single_Line_Scroller_v1_2EventHandler00002
                0x8005b212                S2_Single_Line_Scroller_v1_2EventHandler00006
                0x8005aa82                S2_Single_Line_Scroller_v1_2EventHandler00007
                0x8005ad98                S2_Single_Line_Scroller_v1_2_EventHandler
                0x8005a86a                S2_Single_Line_Scroller_v1_2EventHandler00005
                0x8005a47e                S2_Single_Line_Scroller_v1_2EventHandler00003
                0x8005a6be                S2_Single_Line_Scroller_v1_2EventHandler00004
 .text          0x8005b2a0     0x1140 S2_IP_Address_Edit_with_Up_Down.o
                0x8005c368                S2_IP_Address_Edit_with_Up_DownEventHandler00000
                0x8005c3a4                S2_IP_Address_Edit_with_Up_DownEventHandler00001
                0x8005bfbc                S2_IP_Address_Edit_with_Up_Down_EventHandler
                0x8005c0aa                S2_IP_Address_Edit_with_Up_Down_main
 .text          0x8005c3e0      0xd38 S2_IP_Address_Edit_Acceleration.o
                0x8005c8b4                S2_IP_Address_Edit_AccelerationEventHandler00000
                0x8005cb48                S2_IP_Address_Edit_Acceleration_EventHandler
                0x8005cc26                S2_IP_Address_Edit_Acceleration_main
 .text          0x8005d118      0x53c S2_DMPS_Analog_To_String_Conversion_v1_1.o
                0x8005d118                S2_DMPS_Analog_To_String_Conversion_v1_1EventHandler00000
                0x8005d538                S2_DMPS_Analog_To_String_Conversion_v1_1_EventHandler
                0x8005d5f4                S2_DMPS_Analog_To_String_Conversion_v1_1_main
 .text          0x8005d654      0x31c S2_DMPS_String_to_Analog_Conversion_v1_1.o
                0x8005d8e0                S2_DMPS_String_to_Analog_Conversion_v1_1_main
                0x8005d654                S2_DMPS_String_to_Analog_Conversion_v1_1EventHandler00000
                0x8005d83a                S2_DMPS_String_to_Analog_Conversion_v1_1_EventHandler
 .text          0x8005d970      0xa94 S2_Back_Button_Analog_Track.o
                0x8005e2e2                S2_Back_Button_Analog_Track_EventHandler
                0x8005ddbc                S2_Back_Button_Analog_TrackEventHandler00001
                0x8005d970                S2_Back_Button_Analog_TrackEventHandler00000
                0x8005e3a2                S2_Back_Button_Analog_Track_main
 .text          0x8005e404      0xfce S2_Towson_Assignable_List.o
                0x8005f0fa                S2_Towson_Assignable_ListEventHandler00002
                0x8005edd0                S2_Towson_Assignable_List_main
                0x8005f1c4                S2_Towson_Assignable_ListEventHandler00003
                0x8005f354                S2_Towson_Assignable_ListEventHandler00008
                0x8005ea36                S2_Towson_Assignable_ListEventHandler00005
                0x8005ef68                S2_Towson_Assignable_ListEventHandler00000
                0x8005f2d6                S2_Towson_Assignable_ListEventHandler00007
                0x8005f030                S2_Towson_Assignable_ListEventHandler00001
                0x8005ec98                S2_Towson_Assignable_List_EventHandler
                0x8005e8c6                S2_Towson_Assignable_ListEventHandler00004
                0x8005f28c                S2_Towson_Assignable_ListEventHandler00006
 *fill*         0x8005f3d2        0x2
 .text          0x8005f3d4      0xd86 S2_Fusion_SSI_New_or_Old_Program_engine_v1_1.o
                0x8005fcf0                S2_Fusion_SSI_New_or_Old_Program_engine_v1_1_EventHandler
                0x8005f5fe                S2_Fusion_SSI_New_or_Old_Program_engine_v1_1EventHandler00000
                0x8006011e                S2_Fusion_SSI_New_or_Old_Program_engine_v1_1EventHandler00001
                0x8005fdca                S2_Fusion_SSI_New_or_Old_Program_engine_v1_1_main
 *fill*         0x8006015a        0x2
 .text          0x8006015c     0xa932 S2_Fusion_SSI_GUID_Updater_Helper_v1_0_2__2_series_only_.o
                0x80069cf0                S2_Fusion_SSI_GUID_Updater_Helper_v1_0_2__2_series_only_EventHandler00005
                0x80068302                S2_Fusion_SSI_GUID_Updater_Helper_v1_0_2__2_series_only_EventHandler00001
                0x80069ab6                S2_Fusion_SSI_GUID_Updater_Helper_v1_0_2__2_series_only_EventHandler00003
                0x8006a994                S2_Fusion_SSI_GUID_Updater_Helper_v1_0_2__2_series_only_EventHandler00000
                0x8006896c                S2_Fusion_SSI_GUID_Updater_Helper_v1_0_2__2_series_only_EventHandler00002
                0x8006a2b6                S2_Fusion_SSI_GUID_Updater_Helper_v1_0_2__2_series_only__main
                0x8006a15c                S2_Fusion_SSI_GUID_Updater_Helper_v1_0_2__2_series_only__EventHandler
                0x8006a9de                S2_Fusion_SSI_GUID_Updater_Helper_v1_0_2__2_series_only_EventHandler00004
 *fill*         0x8006aa8e        0x2
 .text          0x8006aa90      0x9a6 S2_Fusion_Generic_Text_Queue_v1_0_0.o
                0x8006b3d0                S2_Fusion_Generic_Text_Queue_v1_0_0EventHandler00000
                0x8006ad64                S2_Fusion_Generic_Text_Queue_v1_0_0EventHandler00001
                0x8006b072                S2_Fusion_Generic_Text_Queue_v1_0_0_main
                0x8006af92                S2_Fusion_Generic_Text_Queue_v1_0_0_EventHandler
 *fill*         0x8006b436        0x2
 .text          0x8006b438     0x3a40 S2_Fusion_SSI_System_Information_v1_1.o
                0x8006ecb8                S2_Fusion_SSI_System_Information_v1_1_SYSTEM_INFO_Destructor
                0x8006ecc2                S2_Fusion_SSI_System_Information_v1_1EventHandler00000
                0x8006e14c                S2_Fusion_SSI_System_Information_v1_1EventHandler00002
                0x8006e4da                S2_Fusion_SSI_System_Information_v1_1_EventHandler
                0x8006ed78                S2_Fusion_SSI_System_Information_v1_1EventHandler00001
                0x8006e5da                S2_Fusion_SSI_System_Information_v1_1_main
                0x8006e3a8                S2_Fusion_SSI_System_Information_v1_1_SYSTEM_INFO_Constructor
 .text          0x8006ee78      0x948 S2_Fusion_Time_Sync_v1_1_0.o
                0x8006f098                S2_Fusion_Time_Sync_v1_1_0EventHandler00001
                0x8006ee78                S2_Fusion_Time_Sync_v1_1_0EventHandler00000
                0x8006f74e                S2_Fusion_Time_Sync_v1_1_0_main
                0x8006f674                S2_Fusion_Time_Sync_v1_1_0_EventHandler
 .text          0x8006f7c0     0x1c0e S2_Fusion_SSI_Device_Usage_Helper_v1_0_0.o
                0x80071356                S2_Fusion_SSI_Device_Usage_Helper_v1_0_0EventHandler00005
                0x8007112c                S2_Fusion_SSI_Device_Usage_Helper_v1_0_0EventHandler00003
                0x80070842                S2_Fusion_SSI_Device_Usage_Helper_v1_0_0_EventHandler
                0x80070932                S2_Fusion_SSI_Device_Usage_Helper_v1_0_0_main
                0x8007123e                S2_Fusion_SSI_Device_Usage_Helper_v1_0_0EventHandler00004
                0x800703ae                S2_Fusion_SSI_Device_Usage_Helper_v1_0_0EventHandler00007
                0x80070ea0                S2_Fusion_SSI_Device_Usage_Helper_v1_0_0_STRUCTUREDEVICE_Constructor
                0x80071014                S2_Fusion_SSI_Device_Usage_Helper_v1_0_0EventHandler00002
                0x8006ffea                S2_Fusion_SSI_Device_Usage_Helper_v1_0_0EventHandler00000
                0x8007025c                S2_Fusion_SSI_Device_Usage_Helper_v1_0_0EventHandler00006
                0x80070f02                S2_Fusion_SSI_Device_Usage_Helper_v1_0_0EventHandler00001
                0x80070ef8                S2_Fusion_SSI_Device_Usage_Helper_v1_0_0_STRUCTUREDEVICE_Destructor
                0x80070584                S2_Fusion_SSI_Device_Usage_Helper_v1_0_0EventHandler00008
 *fill*         0x800713ce        0x2
 .text          0x800713d0      0xf3a S2_Panasonic_PT_RZX70_v1_0_Processor.o
                0x800713d0                S2_Panasonic_PT_RZX70_v1_0_ProcessorEventHandler00000
                0x8007150c                S2_Panasonic_PT_RZX70_v1_0_ProcessorEventHandler00001
                0x8007164a                S2_Panasonic_PT_RZX70_v1_0_ProcessorEventHandler00002
                0x8007209a                S2_Panasonic_PT_RZX70_v1_0_Processor_EventHandler
                0x80072190                S2_Panasonic_PT_RZX70_v1_0_Processor_main
 *fill*         0x8007230a        0x2
 .text          0x8007230c     0x58e2 S2_Biamp_Tesira_Command_Processor_v1_7.o
                0x800778e8                S2_Biamp_Tesira_Command_Processor_v1_7STARTHEARTBEATPROCESS
                0x80077890                S2_Biamp_Tesira_Command_Processor_v1_7REGISTRATIONWAIT
                0x80077828                S2_Biamp_Tesira_Command_Processor_v1_7__COMMQUEUE_Destructor
                0x80077140                S2_Biamp_Tesira_Command_Processor_v1_7EventHandler00004
                0x800777f4                S2_Biamp_Tesira_Command_Processor_v1_7__MODULECOMM_Constructor
                0x800777fe                S2_Biamp_Tesira_Command_Processor_v1_7__MODULECOMM_Destructor
                0x80076f12                S2_Biamp_Tesira_Command_Processor_v1_7EventHandler00001
                0x800740ca                S2_Biamp_Tesira_Command_Processor_v1_7QUEUEFALSERESPONSE
                0x80076cdc                S2_Biamp_Tesira_Command_Processor_v1_7EventHandler00000
                0x800779d0                S2_Biamp_Tesira_Command_Processor_v1_7EventHandler00002
                0x80077832                S2_Biamp_Tesira_Command_Processor_v1_7HEARTBEAT
                0x80077ab0                S2_Biamp_Tesira_Command_Processor_v1_7EventHandler00003
                0x80077808                S2_Biamp_Tesira_Command_Processor_v1_7__COMMQUEUE_Constructor
                0x80077356                S2_Biamp_Tesira_Command_Processor_v1_7_EventHandler
                0x80077ba4                S2_Biamp_Tesira_Command_Processor_v1_7EventHandler00005
                0x80077438                S2_Biamp_Tesira_Command_Processor_v1_7_main
 *fill*         0x80077bee        0x2
 .text          0x80077bf0     0x7e6a S2_Biamp_Tesira_Level_Control_v1_7.o
                0x8007f698                S2_Biamp_Tesira_Level_Control_v1_7RAISE_LEVEL
                0x8007f76c                S2_Biamp_Tesira_Level_Control_v1_7EventHandler00000
                0x8007f4d0                S2_Biamp_Tesira_Level_Control_v1_7_main
                0x8007f8f0                S2_Biamp_Tesira_Level_Control_v1_7EventHandler00002
                0x8007f406                S2_Biamp_Tesira_Level_Control_v1_7_EventHandler
                0x8007f9e4                S2_Biamp_Tesira_Level_Control_v1_7EventHandler00003
                0x8007f702                S2_Biamp_Tesira_Level_Control_v1_7LOWER_LEVEL
                0x8007ed80                S2_Biamp_Tesira_Level_Control_v1_7EventHandler00004
                0x8007f044                S2_Biamp_Tesira_Level_Control_v1_7EventHandler00005
                0x8007f82e                S2_Biamp_Tesira_Level_Control_v1_7EventHandler00001
 *fill*         0x8007fa5a        0x2
 .text          0x8007fa5c     0x6070 S2_Biamp_Tesira_State_Control_v1_7.o
                0x800857e8                S2_Biamp_Tesira_State_Control_v1_7_EventHandler
                0x80083a42                S2_Biamp_Tesira_State_Control_v1_7EventHandler00002
                0x800836f8                S2_Biamp_Tesira_State_Control_v1_7EventHandler00000
                0x8008546e                S2_Biamp_Tesira_State_Control_v1_7EventHandler00004
                0x800858ae                S2_Biamp_Tesira_State_Control_v1_7_main
                0x8008389e                S2_Biamp_Tesira_State_Control_v1_7EventHandler00001
                0x80085a56                S2_Biamp_Tesira_State_Control_v1_7EventHandler00003
 .text          0x80085acc     0x2678 S2_Contemporary_Research_Rev_3.o
                0x80085acc                S2_Contemporary_Research_Rev_3EventHandler00000
                0x800862d4                S2_Contemporary_Research_Rev_3EventHandler00004
                0x800868da                S2_Contemporary_Research_Rev_3EventHandler00007
                0x800870d4                S2_Contemporary_Research_Rev_3EventHandler0000B
                0x80086ee0                S2_Contemporary_Research_Rev_3EventHandler0000A
                0x80086adc                S2_Contemporary_Research_Rev_3EventHandler00008
                0x80088042                S2_Contemporary_Research_Rev_3EventHandler0000E
                0x80087b78                S2_Contemporary_Research_Rev_3_EventHandler
                0x8008776e                S2_Contemporary_Research_Rev_3__SPLS_TMPVAR__WAITLABEL_0__
                0x80086cde                S2_Contemporary_Research_Rev_3EventHandler00009
                0x800866d8                S2_Contemporary_Research_Rev_3EventHandler00006
                0x800864d6                S2_Contemporary_Research_Rev_3EventHandler00005
                0x80087c62                S2_Contemporary_Research_Rev_3_main
                0x80087f40                S2_Contemporary_Research_Rev_3EventHandler0000D
                0x80087e0e                S2_Contemporary_Research_Rev_3EventHandler0000C
                0x80085cce                S2_Contemporary_Research_Rev_3EventHandler00001
                0x800875b4                S2_Contemporary_Research_Rev_3EventHandler00010
                0x800873cc                S2_Contemporary_Research_Rev_3EventHandler0000F
                0x800860d2                S2_Contemporary_Research_Rev_3EventHandler00003
                0x80085ed0                S2_Contemporary_Research_Rev_3EventHandler00002
 .text          0x80088144      0x61e S2_Contemporary_Research_Preset_Text_v1.o
                0x80088440                S2_Contemporary_Research_Preset_Text_v1_EventHandler
                0x800886f2                S2_Contemporary_Research_Preset_Text_v1EventHandler00000
                0x80088520                S2_Contemporary_Research_Preset_Text_v1_main
                0x80088144                S2_Contemporary_Research_Preset_Text_v1EventHandler00001
 *fill*         0x80088762        0x2
 .text          0x80088764     0x5de4 S2_Oppo_Time_Processor_v1_0.o
                0x8008e254                S2_Oppo_Time_Processor_v1_0_main
                0x8008c248                S2_Oppo_Time_Processor_v1_0EventHandler00001
                0x8008caec                S2_Oppo_Time_Processor_v1_0EventHandler00003
                0x8008cc2c                S2_Oppo_Time_Processor_v1_0EventHandler00004
                0x8008e1b4                S2_Oppo_Time_Processor_v1_0_EventHandler
                0x80088764                S2_Oppo_Time_Processor_v1_0EventHandler00000
                0x8008c388                S2_Oppo_Time_Processor_v1_0EventHandler00002
                0x8008daaa                S2_Oppo_Time_Processor_v1_0EventHandler00006
                0x8008d390                S2_Oppo_Time_Processor_v1_0EventHandler00005
 .text          0x8008e548      0x3ee S2_Core_3_XPanel_Web_Configuration_Module_v1_1.o
                0x8008e548                S2_Core_3_XPanel_Web_Configuration_Module_v1_1EventHandler00000
                0x8008e7e0                S2_Core_3_XPanel_Web_Configuration_Module_v1_1_main
                0x8008e722                S2_Core_3_XPanel_Web_Configuration_Module_v1_1_EventHandler
 *fill*         0x8008e936        0x2
 .text          0x8008e938     0x1774 S2_Roboshot_IP_PTZ.o
                0x8008fe90                S2_Roboshot_IP_PTZEventHandler0000C
                0x8008f83c                S2_Roboshot_IP_PTZEventHandler00004
                0x8008f78e                S2_Roboshot_IP_PTZEventHandler00001
                0x8008ff9e                S2_Roboshot_IP_PTZEventHandler0000D
                0x8008f378                S2_Roboshot_IP_PTZ_main
                0x8008f94a                S2_Roboshot_IP_PTZEventHandler00007
                0x8008fd82                S2_Roboshot_IP_PTZEventHandler0000B
                0x8008fa58                S2_Roboshot_IP_PTZEventHandler00008
                0x8008f2ae                S2_Roboshot_IP_PTZ_EventHandler
                0x8008fb66                S2_Roboshot_IP_PTZEventHandler00009
                0x8008fc74                S2_Roboshot_IP_PTZEventHandler0000A
                0x8008ef0e                S2_Roboshot_IP_PTZEventHandler00006
                0x8008eb2a                S2_Roboshot_IP_PTZEventHandler00003
                0x8008ed1c                S2_Roboshot_IP_PTZEventHandler00005
                0x8008e938                S2_Roboshot_IP_PTZEventHandler00002
                0x8008f6e0                S2_Roboshot_IP_PTZEventHandler00000
 .text          0x800900ac     0x5836 library.o
                0x80094298                RotateRightLong
                0x800948a6                IsSystem
                0x800941fc                Seed
                0x80091af4                Remove
                0x80093e78                Ltoa
                0x80093ba4                Atoi
                0x80092f0c                InitRampInfoArray
                0x80094652                Right
                0x80095682                LockInputSema
                0x80094126                Mod
                0x8009430e                Getc
                0x8009405a                SMuldiv
                0x80094888                IsHidden
                0x80093f3e                Min
                0x80095496                hextosi
                0x80094a2c                WriteIntegerArray
                0x80094fa2                GetSignedIntArrayElementPtr
                0x800938c6                CheckStructArray
                0x800954aa                hextosl
                0x80094bb2                WriteSignedIntegerArray
                0x8009358e                InitStringParamArray
                0x80092860                ReadSignedLongIntegerArray
                0x80091782                GatherToDelimiter
                0x800933b2                InitStringArray
                0x80093f18                Max
                0x800948e2                IsReadOnly
                0x80094022                SMax
                0x80091926                GatherByLength
                0x80093db2                Chr
                0x80094a04                ReadSignedLongInteger
                0x80093e30                Itohex
                0x80093838                GetStructArrayElement
                0x80093b2c                UNS_SetByte
                0x80094626                ReverseFindi
                0x80092d08                ReadStringArray
                0x80094db2                GetIntArrayElementPtr
                0x80094462                Lower
                0x80094218                RotateLeft
                0x800955ca                ResizeIfAutogrow
                0x80093038                CheckInputArray
                0x8009061a                ResizeStringArray
                0x80093d44                Atosl
                0x80093b6c                High
                0x800941c8                Rnd
                0x800940ea                UMod
                0x8009426e                RotateLeftLong
                0x800956f6                FindNumericChar
                0x800951fa                CheckIOArrayBounds2
                0x80094840                MakeProgramFilename
                0x8009403e                SMin
                0x80094396                Left
                0x800942d8                CheckBufferThreshold
                0x800949bc                ReadSignedInteger
                0x80093b96                LowWord
                0x800900ac                Bit
                0x8009496c                ReadLongInteger
                0x800939aa                Byte
                0x80094eaa                GetLongArrayElementPtr
                0x800945f8                ReverseFind
                0x80094856                GetSeries
                0x800957c2                InitTcpServer
                0x8009444a                Len
                0x800952ca                InitializeRampInfoInternal
                0x80093f64                Divide
                0x80093cb0                Atol
                0x8009484c                GetModelNumber
                0x80095192                CheckIOArrayBounds
                0x80093092                CheckStringInputArray
                0x80094c74                WriteSignedLongIntegerArray
                0x80093782                GetStringArrayElement
                0x80093ebc                Ltohex
                0x80093de8                Itoa
                0x80094242                RotateRight
                0x80091de2                InternalReverseFind
                0x8009494c                WriteLongInteger
                0x800932b6                InitDynamicStringStruct
                0x800931a8                SetStringArray
                0x8009263e                ReadSignedIntegerArray
                0x800930ec                SetOutputArray
                0x800948fc                WriteInteger
                0x80093716                InitStructDynamicArray
                0x8009206c                SetString
                0x80094162                Random
                0x80094994                WriteSignedInteger
                0x80090310                Find
                0x80094860                GetProgramNumber
                0x80094536                Mid
                0x80095734                InitTcpClient
                0x800911fe                ResizeStructArray
                0x8009509a                GetSignedLongArrayElementPtr
                0x800954bc                hextol
                0x80092a82                ReadString
                0x80093448                InitDynamicStringArray
                0x800955a2                UpperChar
                0x80093c40                Atosi
                0x80094924                ReadInteger
                0x80093fd6                Muldiv
                0x8009315a                SetStringOutputArray
                0x80094d38                WriteString
                0x80090c72                ResizeIntegerArray
                0x80093000                InitInOutArray
                0x80093656                InitNvramStringArray
                0x80093f00                Abs
                0x800940a6                SDivide
                0x800921fc                ReadIntegerArray
                0x800901bc                CompareStrings
                0x8009557a                LowerChar
                0x80095852                InitUdpSocket
                0x800942c0                ClearBuffer
                0x8009470e                Upper
                0x800936f2                InitStructArray
                0x800947e4                MakeLower
                0x800948c4                IsVolume
                0x80091c4e                RemoveByLength
                0x80093942                CheckStringOutputArrayIndex
                0x80094aee                WriteLongIntegerArray
                0x80095376                InitRampInfoStructArray
                0x80093b88                HighWord
                0x80090484                ResizeString
                0x8009486a                IsDirectory
                0x8009241c                ReadLongIntegerArray
                0x80093b7a                Low
                0x80091628                Gather
                0x80094812                MakeUpper
                0x80093278                InitStringStruct
                0x80095262                CheckStringArrayBounds
                0x80093fa8                CheckDenominator
                0x8009547e                hextoi
                0x80092ba0                WriteStringArray
                0x80093a6a                SetByte
                0x80095320                InitializeRampInfo
                0x800956bc                UnLockInputSema
                0x800949e4                WriteSignedLongInteger
                0x8009336a                InitNvramStringStruct
 *fill*         0x800958e2        0xe
                0x800958f0                .=ALIGN(0x10)
 *(.eh_frame)
                0x800958f0                .=ALIGN(0x10)
 *(.gnu.linkonce.t.*)
                0x800958f0                .=ALIGN(0x4)
                0x800958f0                __CTOR_LIST__=.
                0x800958f0                ___CTOR_LIST__=.
                0x800958f0        0x4 LONG 0x0 (((__CTOR_END__-__CTOR_LIST__)/0x4)-0x2)
 *(.ctors)
                0x800958f4        0x4 LONG 0x0
                0x800958f8                __CTOR_END__=.
                0x800958f8                __DTOR_LIST__=.
                0x800958f8                ___DTOR_LIST__=.
                0x800958f8        0x4 LONG 0x0 (((__DTOR_END__-__DTOR_LIST__)/0x4)-0x2)
 *(.dtors)
                0x800958fc        0x4 LONG 0x0
                0x80095900                __DTOR_END__=.
 *(.rodata)
 .rodata        0x80095900      0x23b S2_String_Check.o
 .rodata        0x80095b3b      0x2f5 S2_MPS_Text_Centering.o
 .rodata        0x80095e30      0x3fb S2_Knob_Acceleration__Pkt_.o
 .rodata        0x8009622b      0x687 S2_DMPS_Text_Router_v1_0.o
 .rodata        0x800968b2     0x2b1d S2_DMPS_Installer_Tools_v1_13.o
 .rodata        0x800993cf      0x3b7 S2_APAD_Long_Text_Edit.o
 .rodata        0x80099786      0x457 S2_UserProgCmd_Interface_v1_0.o
 .rodata        0x80099bdd      0x24a S2_UserProgCmd_Interface_Serial_To_Analog_v1_0.o
 .rodata        0x80099e27      0x814 S2_DMPS_System_Info_V1_0_2.o
 .rodata        0x8009a63b      0x38d S2_Single_Line_Scroller_v1_2.o
 .rodata        0x8009a9c8      0x261 S2_IP_Address_Edit_with_Up_Down.o
 .rodata        0x8009ac29      0x2de S2_IP_Address_Edit_Acceleration.o
 .rodata        0x8009af07      0x2d2 S2_DMPS_Analog_To_String_Conversion_v1_1.o
 .rodata        0x8009b1d9      0x23b S2_DMPS_String_to_Analog_Conversion_v1_1.o
 .rodata        0x8009b414      0x239 S2_Back_Button_Analog_Track.o
 .rodata        0x8009b64d      0x2dd S2_Towson_Assignable_List.o
 .rodata        0x8009b92a      0x3a0 S2_Fusion_SSI_New_or_Old_Program_engine_v1_1.o
 .rodata        0x8009bcca     0x1d4e S2_Fusion_SSI_GUID_Updater_Helper_v1_0_2__2_series_only_.o
 .rodata        0x8009da18      0x30a S2_Fusion_Generic_Text_Queue_v1_0_0.o
 .rodata        0x8009dd22      0x73e S2_Fusion_SSI_System_Information_v1_1.o
 .rodata        0x8009e460      0x385 S2_Fusion_Time_Sync_v1_1_0.o
 .rodata        0x8009e7e5      0x48c S2_Fusion_SSI_Device_Usage_Helper_v1_0_0.o
 .rodata        0x8009ec71      0x2f3 S2_Panasonic_PT_RZX70_v1_0_Processor.o
 .rodata        0x8009ef64      0x66d S2_Biamp_Tesira_Command_Processor_v1_7.o
 .rodata        0x8009f5d1      0x8e8 S2_Biamp_Tesira_Level_Control_v1_7.o
 .rodata        0x8009feb9      0x6cc S2_Biamp_Tesira_State_Control_v1_7.o
 .rodata        0x800a0585      0x3cb S2_Contemporary_Research_Rev_3.o
 .rodata        0x800a0950      0x2b5 S2_Contemporary_Research_Preset_Text_v1.o
 .rodata        0x800a0c05      0x666 S2_Oppo_Time_Processor_v1_0.o
 .rodata        0x800a126b      0x48d S2_Core_3_XPanel_Web_Configuration_Module_v1_1.o
 .rodata        0x800a16f8      0x481 S2_Roboshot_IP_PTZ.o
 .rodata        0x800a1b79      0xc54 library.o
 *(.gcc_except_table)
 *fill*         0x800a27cd        0x1
                0x800a27ce                .=ALIGN(0x2)
                0x800a27ce                __INIT_SECTION__=.
                0x800a27ce        0x4 LONG 0x4e560000
 *(.init)
                0x800a27d2        0x2 SHORT 0x4e5e
                0x800a27d4        0x2 SHORT 0x4e75
                0x800a27d6                __FINI_SECTION__=.
                0x800a27d6        0x4 LONG 0x4e560000
 *(.fini)
                0x800a27da        0x2 SHORT 0x4e5e
                0x800a27dc        0x2 SHORT 0x4e75
 *(.lit)
 *fill*         0x800a27de        0x2
                0x800a27e0                .=ALIGN(0x10)
                0x800a27e0                _etext=.
                0x800a27e0                etext=.

.data           0x800a27e0        0x0
                0x800a27e0                copy_start=.
 *(.shdata)
 *(.data)
 *(.gnu.linkonce.d.*)
                0x800a27e0                .=ALIGN(0x10)
                0x800a27e0                _edata=.
                0x800a27e0                copy_end=.

.got
 *(.got.plt)
 *(.got)

EntryList       0x800a27e0     0x20f0
 *(EntryList)
 EntryList      0x800a27e0      0x110 S2_String_Check.o
                0x800a27e0                S2_String_Check_Entry
 EntryList      0x800a28f0      0x110 S2_MPS_Text_Centering.o
                0x800a28f0                S2_MPS_Text_Centering_Entry
 EntryList      0x800a2a00      0x110 S2_Knob_Acceleration__Pkt_.o
                0x800a2a00                S2_Knob_Acceleration__Pkt__Entry
 EntryList      0x800a2b10      0x110 S2_DMPS_Text_Router_v1_0.o
                0x800a2b10                S2_DMPS_Text_Router_v1_0_Entry
 EntryList      0x800a2c20      0x110 S2_DMPS_Installer_Tools_v1_13.o
                0x800a2c20                S2_DMPS_Installer_Tools_v1_13_Entry
 EntryList      0x800a2d30      0x110 S2_APAD_Long_Text_Edit.o
                0x800a2d30                S2_APAD_Long_Text_Edit_Entry
 EntryList      0x800a2e40      0x110 S2_UserProgCmd_Interface_v1_0.o
                0x800a2e40                S2_UserProgCmd_Interface_v1_0_Entry
 EntryList      0x800a2f50      0x110 S2_UserProgCmd_Interface_Serial_To_Analog_v1_0.o
                0x800a2f50                S2_UserProgCmd_Interface_Serial_To_Analog_v1_0_Entry
 EntryList      0x800a3060      0x110 S2_DMPS_System_Info_V1_0_2.o
                0x800a3060                S2_DMPS_System_Info_V1_0_2_Entry
 EntryList      0x800a3170      0x110 S2_Single_Line_Scroller_v1_2.o
                0x800a3170                S2_Single_Line_Scroller_v1_2_Entry
 EntryList      0x800a3280      0x110 S2_IP_Address_Edit_with_Up_Down.o
                0x800a3280                S2_IP_Address_Edit_with_Up_Down_Entry
 EntryList      0x800a3390      0x110 S2_IP_Address_Edit_Acceleration.o
                0x800a3390                S2_IP_Address_Edit_Acceleration_Entry
 EntryList      0x800a34a0      0x110 S2_DMPS_Analog_To_String_Conversion_v1_1.o
                0x800a34a0                S2_DMPS_Analog_To_String_Conversion_v1_1_Entry
 EntryList      0x800a35b0      0x110 S2_DMPS_String_to_Analog_Conversion_v1_1.o
                0x800a35b0                S2_DMPS_String_to_Analog_Conversion_v1_1_Entry
 EntryList      0x800a36c0      0x110 S2_Back_Button_Analog_Track.o
                0x800a36c0                S2_Back_Button_Analog_Track_Entry
 EntryList      0x800a37d0      0x110 S2_Towson_Assignable_List.o
                0x800a37d0                S2_Towson_Assignable_List_Entry
 EntryList      0x800a38e0      0x110 S2_Fusion_SSI_New_or_Old_Program_engine_v1_1.o
                0x800a38e0                S2_Fusion_SSI_New_or_Old_Program_engine_v1_1_Entry
 EntryList      0x800a39f0      0x110 S2_Fusion_SSI_GUID_Updater_Helper_v1_0_2__2_series_only_.o
                0x800a39f0                S2_Fusion_SSI_GUID_Updater_Helper_v1_0_2__2_series_only__Entry
 EntryList      0x800a3b00      0x110 S2_Fusion_Generic_Text_Queue_v1_0_0.o
                0x800a3b00                S2_Fusion_Generic_Text_Queue_v1_0_0_Entry
 EntryList      0x800a3c10      0x110 S2_Fusion_SSI_System_Information_v1_1.o
                0x800a3c10                S2_Fusion_SSI_System_Information_v1_1_Entry
 EntryList      0x800a3d20      0x110 S2_Fusion_Time_Sync_v1_1_0.o
                0x800a3d20                S2_Fusion_Time_Sync_v1_1_0_Entry
 EntryList      0x800a3e30      0x110 S2_Fusion_SSI_Device_Usage_Helper_v1_0_0.o
                0x800a3e30                S2_Fusion_SSI_Device_Usage_Helper_v1_0_0_Entry
 EntryList      0x800a3f40      0x110 S2_Panasonic_PT_RZX70_v1_0_Processor.o
                0x800a3f40                S2_Panasonic_PT_RZX70_v1_0_Processor_Entry
 EntryList      0x800a4050      0x110 S2_Biamp_Tesira_Command_Processor_v1_7.o
                0x800a4050                S2_Biamp_Tesira_Command_Processor_v1_7_Entry
 EntryList      0x800a4160      0x110 S2_Biamp_Tesira_Level_Control_v1_7.o
                0x800a4160                S2_Biamp_Tesira_Level_Control_v1_7_Entry
 EntryList      0x800a4270      0x110 S2_Biamp_Tesira_State_Control_v1_7.o
                0x800a4270                S2_Biamp_Tesira_State_Control_v1_7_Entry
 EntryList      0x800a4380      0x110 S2_Contemporary_Research_Rev_3.o
                0x800a4380                S2_Contemporary_Research_Rev_3_Entry
 EntryList      0x800a4490      0x110 S2_Contemporary_Research_Preset_Text_v1.o
                0x800a4490                S2_Contemporary_Research_Preset_Text_v1_Entry
 EntryList      0x800a45a0      0x110 S2_Oppo_Time_Processor_v1_0.o
                0x800a45a0                S2_Oppo_Time_Processor_v1_0_Entry
 EntryList      0x800a46b0      0x110 S2_Core_3_XPanel_Web_Configuration_Module_v1_1.o
                0x800a46b0                S2_Core_3_XPanel_Web_Configuration_Module_v1_1_Entry
 EntryList      0x800a47c0      0x110 S2_Roboshot_IP_PTZ.o
                0x800a47c0                S2_Roboshot_IP_PTZ_Entry
                0x800a48d0                .=ALIGN(0x4)

FunctionList    0x800a48d0        0x4
 *(FunctionList)
 FunctionList   0x800a48d0        0x4 globals.o
                0x800a48d0                g_pFunctions
                0x800a48d4                .=ALIGN(0x4)

.bss            0x800a48d4        0x0
                0x800a48d4                .=ALIGN(0x4)
                0x800a48d4                __bss_start=.
 *(.shbss)
 *(.bss)
 *(COMMON)
                0x800a48d8                _end=ALIGN(0x8)
                0x800a48d8                __end=_end

.stab
 *(.stab)

.stabstr
 *(.stabstr)

.debug
 *(.debug)

.line
 *(.line)

.debug_srcinfo
 *(.debug_srcinfo)

.debug_sfnames
 *(.debug_sfnames)

.debug_aranges
 *(.debug_aranges)

.debug_pubnames
 *(.debug_pubnames)

.debug_info
 *(.debug_info)

.debug_abbrev
 *(.debug_abbrev)

.debug_line
 *(.debug_line)

.debug_frame
 *(.debug_frame)

.debug_str
 *(.debug_str)

.debug_loc
 *(.debug_loc)

.debug_macinfo
 *(.debug_macinfo)

.debug_weaknames
 *(.debug_weaknames)

.debug_funcnames
 *(.debug_funcnames)

.debug_typenames
 *(.debug_typenames)

.debug_varnames
 *(.debug_varnames)
LOAD S2_String_Check.o
LOAD S2_MPS_Text_Centering.o
LOAD S2_Knob_Acceleration__Pkt_.o
LOAD S2_DMPS_Text_Router_v1_0.o
LOAD S2_DMPS_Installer_Tools_v1_13.o
LOAD S2_APAD_Long_Text_Edit.o
LOAD S2_UserProgCmd_Interface_v1_0.o
LOAD S2_UserProgCmd_Interface_Serial_To_Analog_v1_0.o
LOAD S2_DMPS_System_Info_V1_0_2.o
LOAD S2_Single_Line_Scroller_v1_2.o
LOAD S2_IP_Address_Edit_with_Up_Down.o
LOAD S2_IP_Address_Edit_Acceleration.o
LOAD S2_DMPS_Analog_To_String_Conversion_v1_1.o
LOAD S2_DMPS_String_to_Analog_Conversion_v1_1.o
LOAD S2_Back_Button_Analog_Track.o
LOAD S2_Towson_Assignable_List.o
LOAD S2_Fusion_SSI_New_or_Old_Program_engine_v1_1.o
LOAD S2_Fusion_SSI_GUID_Updater_Helper_v1_0_2__2_series_only_.o
LOAD S2_Fusion_Generic_Text_Queue_v1_0_0.o
LOAD S2_Fusion_SSI_System_Information_v1_1.o
LOAD S2_Fusion_Time_Sync_v1_1_0.o
LOAD S2_Fusion_SSI_Device_Usage_Helper_v1_0_0.o
LOAD S2_Panasonic_PT_RZX70_v1_0_Processor.o
LOAD S2_Biamp_Tesira_Command_Processor_v1_7.o
LOAD S2_Biamp_Tesira_Level_Control_v1_7.o
LOAD S2_Biamp_Tesira_State_Control_v1_7.o
LOAD S2_Contemporary_Research_Rev_3.o
LOAD S2_Contemporary_Research_Preset_Text_v1.o
LOAD S2_Oppo_Time_Processor_v1_0.o
LOAD S2_Core_3_XPanel_Web_Configuration_Module_v1_1.o
LOAD S2_Roboshot_IP_PTZ.o
LOAD globals.o
LOAD library.o
OUTPUT(_S2_TUBaseDMPS300BU0111.spl elf32-m68k)

.comment        0x800a48d4      0x4e6
 .comment       0x800a48d4       0x26 S2_String_Check.o
 .comment       0x800a48fa       0x26 S2_MPS_Text_Centering.o
 .comment       0x800a4920       0x26 S2_Knob_Acceleration__Pkt_.o
 .comment       0x800a4946       0x26 S2_DMPS_Text_Router_v1_0.o
 .comment       0x800a496c       0x26 S2_DMPS_Installer_Tools_v1_13.o
 .comment       0x800a4992       0x26 S2_APAD_Long_Text_Edit.o
 .comment       0x800a49b8       0x26 S2_UserProgCmd_Interface_v1_0.o
 .comment       0x800a49de       0x26 S2_UserProgCmd_Interface_Serial_To_Analog_v1_0.o
 .comment       0x800a4a04       0x26 S2_DMPS_System_Info_V1_0_2.o
 .comment       0x800a4a2a       0x26 S2_Single_Line_Scroller_v1_2.o
 .comment       0x800a4a50       0x26 S2_IP_Address_Edit_with_Up_Down.o
 .comment       0x800a4a76       0x26 S2_IP_Address_Edit_Acceleration.o
 .comment       0x800a4a9c       0x26 S2_DMPS_Analog_To_String_Conversion_v1_1.o
 .comment       0x800a4ac2       0x26 S2_DMPS_String_to_Analog_Conversion_v1_1.o
 .comment       0x800a4ae8       0x26 S2_Back_Button_Analog_Track.o
 .comment       0x800a4b0e       0x26 S2_Towson_Assignable_List.o
 .comment       0x800a4b34       0x26 S2_Fusion_SSI_New_or_Old_Program_engine_v1_1.o
 .comment       0x800a4b5a       0x26 S2_Fusion_SSI_GUID_Updater_Helper_v1_0_2__2_series_only_.o
 .comment       0x800a4b80       0x26 S2_Fusion_Generic_Text_Queue_v1_0_0.o
 .comment       0x800a4ba6       0x26 S2_Fusion_SSI_System_Information_v1_1.o
 .comment       0x800a4bcc       0x26 S2_Fusion_Time_Sync_v1_1_0.o
 .comment       0x800a4bf2       0x26 S2_Fusion_SSI_Device_Usage_Helper_v1_0_0.o
 .comment       0x800a4c18       0x26 S2_Panasonic_PT_RZX70_v1_0_Processor.o
 .comment       0x800a4c3e       0x26 S2_Biamp_Tesira_Command_Processor_v1_7.o
 .comment       0x800a4c64       0x26 S2_Biamp_Tesira_Level_Control_v1_7.o
 .comment       0x800a4c8a       0x26 S2_Biamp_Tesira_State_Control_v1_7.o
 .comment       0x800a4cb0       0x26 S2_Contemporary_Research_Rev_3.o
 .comment       0x800a4cd6       0x26 S2_Contemporary_Research_Preset_Text_v1.o
 .comment       0x800a4cfc       0x26 S2_Oppo_Time_Processor_v1_0.o
 .comment       0x800a4d22       0x26 S2_Core_3_XPanel_Web_Configuration_Module_v1_1.o
 .comment       0x800a4d48       0x26 S2_Roboshot_IP_PTZ.o
 .comment       0x800a4d6e       0x26 globals.o
 .comment       0x800a4d94       0x26 library.o
