
Memory Configuration

Name             Origin             Length             Attributes
ram              0x80000000         0x00500000         xrw
*default*        0x00000000         0xffffffff

Linker script and memory map

                0x00000000                __DYNAMIC=0x0
                0x00400000                PROVIDE (__stack, 0x400000)
                0x00000000                PROVIDE (hardware_init_hook, 0x0)
                0x00000000                PROVIDE (_hardware_init_hook, 0x0)
                0x00000000                PROVIDE (software_init_hook, 0x0)
                0x00000000                PROVIDE (_software_init_hook, 0x0)

.text           0x80000000    0x91570
 *(.text)
 .text          0x80000000      0x258 S2_String_Check.o
                0x80000000                S2_String_Check_EventHandler
                0x8000017e                S2_String_CheckEventHandler00000
                0x800000bc                S2_String_Check_main
 .text          0x80000258      0x94a S2_MPS_Text_Centering.o
                0x80000710                S2_MPS_Text_CenteringEventHandler00000
                0x800009c2                S2_MPS_Text_Centering_main
                0x800008f2                S2_MPS_Text_Centering_EventHandler
 *fill*         0x80000ba2        0x2
 .text          0x80000ba4      0xe48 S2_Knob_Acceleration__Pkt_.o
                0x80001518                S2_Knob_Acceleration__Pkt__main
                0x800011a6                S2_Knob_Acceleration__Pkt_EventHandler00000
                0x8000143a                S2_Knob_Acceleration__Pkt__EventHandler
 .text          0x800019ec     0x5420 S2_DMPS_Text_Router_v1_0.o
                0x80006c44                S2_DMPS_Text_Router_v1_0EventHandler00009
                0x80006bee                S2_DMPS_Text_Router_v1_0EventHandler00008
                0x800061aa                S2_DMPS_Text_Router_v1_0_main
                0x8000689c                S2_DMPS_Text_Router_v1_0EventHandler00001
                0x80006a8e                S2_DMPS_Text_Router_v1_0EventHandler00004
                0x80006d8a                S2_DMPS_Text_Router_v1_0EventHandler0000B
                0x80006b1a                S2_DMPS_Text_Router_v1_0EventHandler00007
                0x8000697a                S2_DMPS_Text_Router_v1_0EventHandler00002
                0x80005f66                S2_DMPS_Text_Router_v1_0_EventHandler
                0x800067be                S2_DMPS_Text_Router_v1_0EventHandler00000
                0x80003c78                S2_DMPS_Text_Router_v1_0EventHandler00005
                0x80004c2a                S2_DMPS_Text_Router_v1_0EventHandler00006
                0x80006a02                S2_DMPS_Text_Router_v1_0EventHandler00003
                0x80006ce6                S2_DMPS_Text_Router_v1_0EventHandler0000A
 .text          0x80006e0c    0x4be18 S2_DMPS_Installer_Tools_v1_13.o
                0x80042190                S2_DMPS_Installer_Tools_v1_13EventHandler00029
                0x80044cb0                S2_DMPS_Installer_Tools_v1_13EventHandler00051
                0x8003fbf0                S2_DMPS_Installer_Tools_v1_13EventHandler00014
                0x8005257a                S2_DMPS_Installer_Tools_v1_13EventHandler00044
                0x80016cea                S2_DMPS_Installer_Tools_v1_13EventHandler00001
                0x80012936                S2_DMPS_Installer_Tools_v1_13KEYPADIDWAIT
                0x80051fec                S2_DMPS_Installer_Tools_v1_13EventHandler0003B
                0x80052264                S2_DMPS_Installer_Tools_v1_13EventHandler0003F
                0x8001fc56                S2_DMPS_Installer_Tools_v1_13EventHandler00006
                0x800523a0                S2_DMPS_Installer_Tools_v1_13EventHandler00041
                0x8001b00a                S2_DMPS_Installer_Tools_v1_13EventHandler00004
                0x80052752                S2_DMPS_Installer_Tools_v1_13EventHandler00047
                0x80043a62                S2_DMPS_Installer_Tools_v1_13EventHandler0004D
                0x80046d84                S2_DMPS_Installer_Tools_v1_13_main
                0x800255d4                S2_DMPS_Installer_Tools_v1_13EventHandler0000A
                0x80042ce8                S2_DMPS_Installer_Tools_v1_13EventHandler0002F
                0x80051762                S2_DMPS_Installer_Tools_v1_13EventHandler00011
                0x80052b46                S2_DMPS_Installer_Tools_v1_13EventHandler00054
                0x80040cc6                S2_DMPS_Installer_Tools_v1_13EventHandler0001B
                0x80024c86                S2_DMPS_Installer_Tools_v1_13EventHandler00008
                0x8005288a                S2_DMPS_Installer_Tools_v1_13EventHandler00049
                0x80052bda                S2_DMPS_Installer_Tools_v1_13EventHandler00056
                0x80051eb0                S2_DMPS_Installer_Tools_v1_13EventHandler00039
                0x800517ee                S2_DMPS_Installer_Tools_v1_13EventHandler00019
                0x80041636                S2_DMPS_Installer_Tools_v1_13EventHandler00022
                0x80041cbe                S2_DMPS_Installer_Tools_v1_13EventHandler00026
                0x800516e6                S2_DMPS_Installer_Tools_v1_13PASSWORDWAIT
                0x800521c6                S2_DMPS_Installer_Tools_v1_13EventHandler0003E
                0x80052926                S2_DMPS_Installer_Tools_v1_13EventHandler0004A
                0x80040ffe                S2_DMPS_Installer_Tools_v1_13EventHandler0001C
                0x8004352a                S2_DMPS_Installer_Tools_v1_13EventHandler00032
                0x80052afc                S2_DMPS_Installer_Tools_v1_13EventHandler00053
                0x800424b0                S2_DMPS_Installer_Tools_v1_13EventHandler0002B
                0x800403cc                S2_DMPS_Installer_Tools_v1_13EventHandler00016
                0x80051b9a                S2_DMPS_Installer_Tools_v1_13EventHandler00034
                0x8003ddda                S2_DMPS_Installer_Tools_v1_13EventHandler0000E
                0x80046c60                S2_DMPS_Installer_Tools_v1_13_EventHandler
                0x800526b6                S2_DMPS_Installer_Tools_v1_13EventHandler00046
                0x8002575c                S2_DMPS_Installer_Tools_v1_13EventHandler0000B
                0x80052a5e                S2_DMPS_Installer_Tools_v1_13EventHandler0004E
                0x800172e6                S2_DMPS_Installer_Tools_v1_13EventHandler00003
                0x80052302                S2_DMPS_Installer_Tools_v1_13EventHandler00040
                0x80051f4e                S2_DMPS_Installer_Tools_v1_13EventHandler0003A
                0x8001b53e                S2_DMPS_Installer_Tools_v1_13EventHandler00005
                0x800527ee                S2_DMPS_Installer_Tools_v1_13EventHandler00048
                0x80052b90                S2_DMPS_Installer_Tools_v1_13EventHandler00055
                0x80051a2a                S2_DMPS_Installer_Tools_v1_13EventHandler0001E
                0x8002544c                S2_DMPS_Installer_Tools_v1_13EventHandler00009
                0x80043400                S2_DMPS_Installer_Tools_v1_13EventHandler00031
                0x8003e474                S2_DMPS_Installer_Tools_v1_13EventHandler00010
                0x8004197a                S2_DMPS_Installer_Tools_v1_13EventHandler00024
                0x8004373e                S2_DMPS_Installer_Tools_v1_13EventHandler0004C
                0x8004295c                S2_DMPS_Installer_Tools_v1_13EventHandler0002E
                0x80051cd6                S2_DMPS_Installer_Tools_v1_13EventHandler00036
                0x80042002                S2_DMPS_Installer_Tools_v1_13EventHandler00028
                0x80051e12                S2_DMPS_Installer_Tools_v1_13EventHandler00038
                0x8003d91e                S2_DMPS_Installer_Tools_v1_13RESTOREAUDIODEFAULTSWAIT
                0x8004263e                S2_DMPS_Installer_Tools_v1_13EventHandler0002C
                0x800407ba                S2_DMPS_Installer_Tools_v1_13EventHandler00017
                0x8003db7c                S2_DMPS_Installer_Tools_v1_13RESTOREDEFAULTSWAIT
                0x800529c2                S2_DMPS_Installer_Tools_v1_13EventHandler0004B
                0x80051afc                S2_DMPS_Installer_Tools_v1_13EventHandler00033
                0x8004451e                S2_DMPS_Installer_Tools_v1_13EventHandler00050
                0x80042320                S2_DMPS_Installer_Tools_v1_13EventHandler0002A
                0x8003faaa                S2_DMPS_Installer_Tools_v1_13EventHandler00013
                0x80045442                S2_DMPS_Installer_Tools_v1_13EventHandler00052
                0x8003ffde                S2_DMPS_Installer_Tools_v1_13EventHandler00015
                0x80029752                S2_DMPS_Installer_Tools_v1_13EventHandler0000C
                0x80043d8c                S2_DMPS_Installer_Tools_v1_13EventHandler0004F
                0x8005208a                S2_DMPS_Installer_Tools_v1_13EventHandler0003C
                0x800298ca                S2_DMPS_Installer_Tools_v1_13EventHandler0000D
                0x80045f7e                S2_DMPS_Installer_Tools_v1_13EventHandler00058
                0x800524dc                S2_DMPS_Installer_Tools_v1_13EventHandler00043
                0x80016696                S2_DMPS_Installer_Tools_v1_13EventHandler00000
                0x8002041c                S2_DMPS_Installer_Tools_v1_13EventHandler00007
                0x8005243e                S2_DMPS_Installer_Tools_v1_13EventHandler00042
                0x80052618                S2_DMPS_Installer_Tools_v1_13EventHandler00045
                0x80051724                S2_DMPS_Installer_Tools_v1_13WRONGPASSWORDWAIT
                0x8001704a                S2_DMPS_Installer_Tools_v1_13EventHandler00002
                0x8003ea88                S2_DMPS_Installer_Tools_v1_13EventHandler00012
                0x80045bd4                S2_DMPS_Installer_Tools_v1_13EventHandler00057
                0x800518c6                S2_DMPS_Installer_Tools_v1_13EventHandler0001A
                0x8004118c                S2_DMPS_Installer_Tools_v1_13EventHandler0001F
                0x80043074                S2_DMPS_Installer_Tools_v1_13EventHandler00030
                0x80051d74                S2_DMPS_Installer_Tools_v1_13EventHandler00037
                0x8003e148                S2_DMPS_Installer_Tools_v1_13EventHandler0000F
                0x800417d8                S2_DMPS_Installer_Tools_v1_13EventHandler00023
                0x80041b1c                S2_DMPS_Installer_Tools_v1_13EventHandler00025
                0x800427cc                S2_DMPS_Installer_Tools_v1_13EventHandler0002D
                0x80040a40                S2_DMPS_Installer_Tools_v1_13EventHandler00018
                0x800414a8                S2_DMPS_Installer_Tools_v1_13EventHandler00021
                0x8004131a                S2_DMPS_Installer_Tools_v1_13EventHandler00020
                0x80041e60                S2_DMPS_Installer_Tools_v1_13EventHandler00027
                0x8005199e                S2_DMPS_Installer_Tools_v1_13EventHandler0001D
                0x80051c38                S2_DMPS_Installer_Tools_v1_13EventHandler00035
                0x80052128                S2_DMPS_Installer_Tools_v1_13EventHandler0003D
 .text          0x80052c24     0x2168 S2_APAD_Long_Text_Edit.o
                0x80054ca4                S2_APAD_Long_Text_EditEventHandler0000D
                0x800546fe                S2_APAD_Long_Text_Edit_main
                0x80053958                S2_APAD_Long_Text_EditEventHandler00005
                0x800548f2                S2_APAD_Long_Text_EditEventHandler00002
                0x80054b6e                S2_APAD_Long_Text_EditEventHandler0000A
                0x80053f50                S2_APAD_Long_Text_EditEventHandler00007
                0x80054baa                S2_APAD_Long_Text_EditEventHandler0000B
                0x80053b80                S2_APAD_Long_Text_EditEventHandler00006
                0x800549b4                S2_APAD_Long_Text_EditEventHandler00003
                0x80054be6                S2_APAD_Long_Text_EditEventHandler0000C
                0x80054a4c                S2_APAD_Long_Text_EditEventHandler00008
                0x80054618                S2_APAD_Long_Text_Edit_EventHandler
                0x8005432a                S2_APAD_Long_Text_EditEventHandler00009
                0x80053442                S2_APAD_Long_Text_EditEventHandler00000
                0x800536f6                S2_APAD_Long_Text_EditEventHandler00004
                0x8005359c                S2_APAD_Long_Text_EditEventHandler00001
 .text          0x80054d8c     0x1078 S2_UserProgCmd_Interface_v1_0.o
                0x80054ea6                S2_UserProgCmd_Interface_v1_0EventHandler00000
                0x80055c8c                S2_UserProgCmd_Interface_v1_0_main
                0x80055ba8                S2_UserProgCmd_Interface_v1_0_EventHandler
 .text          0x80055e04      0x34c S2_UserProgCmd_Interface_Serial_To_Analog_v1_0.o
                0x80055f02                S2_UserProgCmd_Interface_Serial_To_Analog_v1_0_main
                0x80055e04                S2_UserProgCmd_Interface_Serial_To_Analog_v1_0_EventHandler
                0x800560c0                S2_UserProgCmd_Interface_Serial_To_Analog_v1_0EventHandler00001
                0x80055fce                S2_UserProgCmd_Interface_Serial_To_Analog_v1_0EventHandler00000
 .text          0x80056150     0x32b4 S2_DMPS_System_Info_V1_0_2.o
                0x80058f96                S2_DMPS_System_Info_V1_0_2EventHandler00002
                0x80059362                S2_DMPS_System_Info_V1_0_2EventHandler00008
                0x8005921e                S2_DMPS_System_Info_V1_0_2EventHandler00006
                0x80056150                S2_DMPS_System_Info_V1_0_2EventHandler00000
                0x80059038                S2_DMPS_System_Info_V1_0_2EventHandler00003
                0x80058c28                S2_DMPS_System_Info_V1_0_2_EventHandler
                0x80058cda                S2_DMPS_System_Info_V1_0_2_main
                0x80056558                S2_DMPS_System_Info_V1_0_2EventHandler00001
                0x80058ee2                S2_DMPS_System_Info_V1_0_2__SPLS_TMPVAR__WAITLABEL_0__
                0x8005917c                S2_DMPS_System_Info_V1_0_2EventHandler00005
                0x800590da                S2_DMPS_System_Info_V1_0_2EventHandler00004
                0x800592c0                S2_DMPS_System_Info_V1_0_2EventHandler00007
 .text          0x80059404     0x1e9c S2_Single_Line_Scroller_v1_2.o
                0x80059ab4                S2_Single_Line_Scroller_v1_2EventHandler00000
                0x8005a08a                S2_Single_Line_Scroller_v1_2EventHandler00001
                0x8005ae64                S2_Single_Line_Scroller_v1_2_main
                0x8005a22a                S2_Single_Line_Scroller_v1_2EventHandler00002
                0x8005b212                S2_Single_Line_Scroller_v1_2EventHandler00006
                0x8005aa82                S2_Single_Line_Scroller_v1_2EventHandler00007
                0x8005ad98                S2_Single_Line_Scroller_v1_2_EventHandler
                0x8005a86a                S2_Single_Line_Scroller_v1_2EventHandler00005
                0x8005a47e                S2_Single_Line_Scroller_v1_2EventHandler00003
                0x8005a6be                S2_Single_Line_Scroller_v1_2EventHandler00004
 .text          0x8005b2a0     0x1140 S2_IP_Address_Edit_with_Up_Down.o
                0x8005c368                S2_IP_Address_Edit_with_Up_DownEventHandler00000
                0x8005c3a4                S2_IP_Address_Edit_with_Up_DownEventHandler00001
                0x8005bfbc                S2_IP_Address_Edit_with_Up_Down_EventHandler
                0x8005c0aa                S2_IP_Address_Edit_with_Up_Down_main
 .text          0x8005c3e0      0xd38 S2_IP_Address_Edit_Acceleration.o
                0x8005c8b4                S2_IP_Address_Edit_AccelerationEventHandler00000
                0x8005cb48                S2_IP_Address_Edit_Acceleration_EventHandler
                0x8005cc26                S2_IP_Address_Edit_Acceleration_main
 .text          0x8005d118      0x53c S2_DMPS_Analog_To_String_Conversion_v1_1.o
                0x8005d118                S2_DMPS_Analog_To_String_Conversion_v1_1EventHandler00000
                0x8005d538                S2_DMPS_Analog_To_String_Conversion_v1_1_EventHandler
                0x8005d5f4                S2_DMPS_Analog_To_String_Conversion_v1_1_main
 .text          0x8005d654      0x31c S2_DMPS_String_to_Analog_Conversion_v1_1.o
                0x8005d8e0                S2_DMPS_String_to_Analog_Conversion_v1_1_main
                0x8005d654                S2_DMPS_String_to_Analog_Conversion_v1_1EventHandler00000
                0x8005d83a                S2_DMPS_String_to_Analog_Conversion_v1_1_EventHandler
 .text          0x8005d970     0x2d34 S2_NTP_Time_Sync_v1_0.o
                0x80060540                S2_NTP_Time_Sync_v1_0_main
                0x80060194                S2_NTP_Time_Sync_v1_0EventHandler00001
                0x80060434                S2_NTP_Time_Sync_v1_0_EventHandler
                0x8005fe8a                S2_NTP_Time_Sync_v1_0SERVERWAIT
                0x8005fb1a                S2_NTP_Time_Sync_v1_0EventHandler00000
 .text          0x800606a4     0x1100 S2_Panasonic_PT_FW300NT_v1_0_Processor.o
                0x80061324                S2_Panasonic_PT_FW300NT_v1_0_Processor_EventHandler
                0x800607e0                S2_Panasonic_PT_FW300NT_v1_0_ProcessorEventHandler00003
                0x800616c0                S2_Panasonic_PT_FW300NT_v1_0_ProcessorEventHandler00001
                0x8006143c                S2_Panasonic_PT_FW300NT_v1_0_Processor_main
                0x800606a4                S2_Panasonic_PT_FW300NT_v1_0_ProcessorEventHandler00002
                0x800615e0                S2_Panasonic_PT_FW300NT_v1_0_ProcessorEventHandler00000
 .text          0x800617a4      0xc2c S2_WolfVision_Eye_12_TCP_IP_Queue_v1_0.o
                0x800622c4                S2_WolfVision_Eye_12_TCP_IP_Queue_v1_0EventHandler00002
                0x80061b38                S2_WolfVision_Eye_12_TCP_IP_Queue_v1_0EventHandler00005
                0x800620a2                S2_WolfVision_Eye_12_TCP_IP_Queue_v1_0_main
                0x8006221e                S2_WolfVision_Eye_12_TCP_IP_Queue_v1_0WTIMEOUT
                0x8006231e                S2_WolfVision_Eye_12_TCP_IP_Queue_v1_0EventHandler00003
                0x8006226c                S2_WolfVision_Eye_12_TCP_IP_Queue_v1_0EventHandler00000
                0x800617a4                S2_WolfVision_Eye_12_TCP_IP_Queue_v1_0EventHandler00001
                0x80062376                S2_WolfVision_Eye_12_TCP_IP_Queue_v1_0EventHandler00004
                0x80061fdc                S2_WolfVision_Eye_12_TCP_IP_Queue_v1_0_EventHandler
 .text          0x800623d0      0xfe8 S2_RVSE2_Device_Usage_Que_v1_1a_.o
                0x80063352                S2_RVSE2_Device_Usage_Que_v1_1a_EventHandler00000
                0x800626aa                S2_RVSE2_Device_Usage_Que_v1_1a_EventHandler00001
                0x8006310c                S2_RVSE2_Device_Usage_Que_v1_1a__main
                0x8006302c                S2_RVSE2_Device_Usage_Que_v1_1a__EventHandler
 .text          0x800633b8      0xa6e S2_RVSE_Device_Usage_v2_1_.o
                0x80063cae                S2_RVSE_Device_Usage_v2_1_EventHandler00002
                0x80063ace                S2_RVSE_Device_Usage_v2_1__main
                0x800637d4                S2_RVSE_Device_Usage_v2_1_EventHandler00000
                0x80063c14                S2_RVSE_Device_Usage_v2_1_EventHandler00001
                0x80063d58                S2_RVSE_Device_Usage_v2_1_EventHandler00003
                0x80063a08                S2_RVSE_Device_Usage_v2_1__EventHandler
 *fill*         0x80063e26        0x2
 .text          0x80063e28      0x808 S2_Analog_to_Number.o
                0x80063e28                S2_Analog_to_NumberEventHandler00000
                0x8006454a                S2_Analog_to_Number_EventHandler
                0x800645ea                S2_Analog_to_Number_main
 .text          0x80064630     0x58e2 S2_Biamp_Tesira_Command_Processor_v1_7.o
                0x80069c0c                S2_Biamp_Tesira_Command_Processor_v1_7STARTHEARTBEATPROCESS
                0x80069bb4                S2_Biamp_Tesira_Command_Processor_v1_7REGISTRATIONWAIT
                0x80069b4c                S2_Biamp_Tesira_Command_Processor_v1_7__COMMQUEUE_Destructor
                0x80069464                S2_Biamp_Tesira_Command_Processor_v1_7EventHandler00004
                0x80069b18                S2_Biamp_Tesira_Command_Processor_v1_7__MODULECOMM_Constructor
                0x80069b22                S2_Biamp_Tesira_Command_Processor_v1_7__MODULECOMM_Destructor
                0x80069236                S2_Biamp_Tesira_Command_Processor_v1_7EventHandler00001
                0x800663ee                S2_Biamp_Tesira_Command_Processor_v1_7QUEUEFALSERESPONSE
                0x80069000                S2_Biamp_Tesira_Command_Processor_v1_7EventHandler00000
                0x80069cf4                S2_Biamp_Tesira_Command_Processor_v1_7EventHandler00002
                0x80069b56                S2_Biamp_Tesira_Command_Processor_v1_7HEARTBEAT
                0x80069dd4                S2_Biamp_Tesira_Command_Processor_v1_7EventHandler00003
                0x80069b2c                S2_Biamp_Tesira_Command_Processor_v1_7__COMMQUEUE_Constructor
                0x8006967a                S2_Biamp_Tesira_Command_Processor_v1_7_EventHandler
                0x80069ec8                S2_Biamp_Tesira_Command_Processor_v1_7EventHandler00005
                0x8006975c                S2_Biamp_Tesira_Command_Processor_v1_7_main
 *fill*         0x80069f12        0x2
 .text          0x80069f14     0x7e6a S2_Biamp_Tesira_Level_Control_v1_7.o
                0x800719bc                S2_Biamp_Tesira_Level_Control_v1_7RAISE_LEVEL
                0x80071a90                S2_Biamp_Tesira_Level_Control_v1_7EventHandler00000
                0x800717f4                S2_Biamp_Tesira_Level_Control_v1_7_main
                0x80071c14                S2_Biamp_Tesira_Level_Control_v1_7EventHandler00002
                0x8007172a                S2_Biamp_Tesira_Level_Control_v1_7_EventHandler
                0x80071d08                S2_Biamp_Tesira_Level_Control_v1_7EventHandler00003
                0x80071a26                S2_Biamp_Tesira_Level_Control_v1_7LOWER_LEVEL
                0x800710a4                S2_Biamp_Tesira_Level_Control_v1_7EventHandler00004
                0x80071368                S2_Biamp_Tesira_Level_Control_v1_7EventHandler00005
                0x80071b52                S2_Biamp_Tesira_Level_Control_v1_7EventHandler00001
 *fill*         0x80071d7e        0x2
 .text          0x80071d80     0x6070 S2_Biamp_Tesira_State_Control_v1_7.o
                0x80077b0c                S2_Biamp_Tesira_State_Control_v1_7_EventHandler
                0x80075d66                S2_Biamp_Tesira_State_Control_v1_7EventHandler00002
                0x80075a1c                S2_Biamp_Tesira_State_Control_v1_7EventHandler00000
                0x80077792                S2_Biamp_Tesira_State_Control_v1_7EventHandler00004
                0x80077bd2                S2_Biamp_Tesira_State_Control_v1_7_main
                0x80075bc2                S2_Biamp_Tesira_State_Control_v1_7EventHandler00001
                0x80077d7a                S2_Biamp_Tesira_State_Control_v1_7EventHandler00003
 .text          0x80077df0     0xa6ae S2_Vaddio_RoboSHOT_30_v1_0_Processor.o
                0x8007cd58                S2_Vaddio_RoboSHOT_30_v1_0_ProcessorEventHandler0000A
                0x80079268                S2_Vaddio_RoboSHOT_30_v1_0_ProcessorEventHandler00003
                0x80082420                S2_Vaddio_RoboSHOT_30_v1_0_ProcessorEventHandler00006
                0x8007eb3c                S2_Vaddio_RoboSHOT_30_v1_0_ProcessorEventHandler0000C
                0x80077df0                S2_Vaddio_RoboSHOT_30_v1_0_ProcessorEventHandler00000
                0x8008236a                S2_Vaddio_RoboSHOT_30_v1_0_Processor_EventHandler
                0x800804e8                S2_Vaddio_RoboSHOT_30_v1_0_ProcessorEventHandler0000D
                0x8007b512                S2_Vaddio_RoboSHOT_30_v1_0_ProcessorEventHandler00008
                0x80077f70                S2_Vaddio_RoboSHOT_30_v1_0_ProcessorEventHandler00001
                0x8007dc36                S2_Vaddio_RoboSHOT_30_v1_0_ProcessorEventHandler0000B
                0x8007c120                S2_Vaddio_RoboSHOT_30_v1_0_ProcessorEventHandler00009
                0x8007a922                S2_Vaddio_RoboSHOT_30_v1_0_ProcessorEventHandler00007
                0x80079be6                S2_Vaddio_RoboSHOT_30_v1_0_ProcessorEventHandler00004
                0x8007a566                S2_Vaddio_RoboSHOT_30_v1_0_ProcessorEventHandler00005
                0x800788f0                S2_Vaddio_RoboSHOT_30_v1_0_ProcessorEventHandler00002
                0x800820a4                S2_Vaddio_RoboSHOT_30_v1_0_Processor_main
 *fill*         0x8008249e        0x2
 .text          0x800824a0     0x5836 library.o
                0x8008668c                RotateRightLong
                0x80086c9a                IsSystem
                0x800865f0                Seed
                0x80083ee8                Remove
                0x8008626c                Ltoa
                0x80085f98                Atoi
                0x80085300                InitRampInfoArray
                0x80086a46                Right
                0x80087a76                LockInputSema
                0x8008651a                Mod
                0x80086702                Getc
                0x8008644e                SMuldiv
                0x80086c7c                IsHidden
                0x80086332                Min
                0x8008788a                hextosi
                0x80086e20                WriteIntegerArray
                0x80087396                GetSignedIntArrayElementPtr
                0x80085cba                CheckStructArray
                0x8008789e                hextosl
                0x80086fa6                WriteSignedIntegerArray
                0x80085982                InitStringParamArray
                0x80084c54                ReadSignedLongIntegerArray
                0x80083b76                GatherToDelimiter
                0x800857a6                InitStringArray
                0x8008630c                Max
                0x80086cd6                IsReadOnly
                0x80086416                SMax
                0x80083d1a                GatherByLength
                0x800861a6                Chr
                0x80086df8                ReadSignedLongInteger
                0x80086224                Itohex
                0x80085c2c                GetStructArrayElement
                0x80085f20                UNS_SetByte
                0x80086a1a                ReverseFindi
                0x800850fc                ReadStringArray
                0x800871a6                GetIntArrayElementPtr
                0x80086856                Lower
                0x8008660c                RotateLeft
                0x800879be                ResizeIfAutogrow
                0x8008542c                CheckInputArray
                0x80082a0e                ResizeStringArray
                0x80086138                Atosl
                0x80085f60                High
                0x800865bc                Rnd
                0x800864de                UMod
                0x80086662                RotateLeftLong
                0x80087aea                FindNumericChar
                0x800875ee                CheckIOArrayBounds2
                0x80086c34                MakeProgramFilename
                0x80086432                SMin
                0x8008678a                Left
                0x800866cc                CheckBufferThreshold
                0x80086db0                ReadSignedInteger
                0x80085f8a                LowWord
                0x800824a0                Bit
                0x80086d60                ReadLongInteger
                0x80085d9e                Byte
                0x8008729e                GetLongArrayElementPtr
                0x800869ec                ReverseFind
                0x80086c4a                GetSeries
                0x80087bb6                InitTcpServer
                0x8008683e                Len
                0x800876be                InitializeRampInfoInternal
                0x80086358                Divide
                0x800860a4                Atol
                0x80086c40                GetModelNumber
                0x80087586                CheckIOArrayBounds
                0x80085486                CheckStringInputArray
                0x80087068                WriteSignedLongIntegerArray
                0x80085b76                GetStringArrayElement
                0x800862b0                Ltohex
                0x800861dc                Itoa
                0x80086636                RotateRight
                0x800841d6                InternalReverseFind
                0x80086d40                WriteLongInteger
                0x800856aa                InitDynamicStringStruct
                0x8008559c                SetStringArray
                0x80084a32                ReadSignedIntegerArray
                0x800854e0                SetOutputArray
                0x80086cf0                WriteInteger
                0x80085b0a                InitStructDynamicArray
                0x80084460                SetString
                0x80086556                Random
                0x80086d88                WriteSignedInteger
                0x80082704                Find
                0x80086c54                GetProgramNumber
                0x8008692a                Mid
                0x80087b28                InitTcpClient
                0x800835f2                ResizeStructArray
                0x8008748e                GetSignedLongArrayElementPtr
                0x800878b0                hextol
                0x80084e76                ReadString
                0x8008583c                InitDynamicStringArray
                0x80087996                UpperChar
                0x80086034                Atosi
                0x80086d18                ReadInteger
                0x800863ca                Muldiv
                0x8008554e                SetStringOutputArray
                0x8008712c                WriteString
                0x80083066                ResizeIntegerArray
                0x800853f4                InitInOutArray
                0x80085a4a                InitNvramStringArray
                0x800862f4                Abs
                0x8008649a                SDivide
                0x800845f0                ReadIntegerArray
                0x800825b0                CompareStrings
                0x8008796e                LowerChar
                0x80087c46                InitUdpSocket
                0x800866b4                ClearBuffer
                0x80086b02                Upper
                0x80085ae6                InitStructArray
                0x80086bd8                MakeLower
                0x80086cb8                IsVolume
                0x80084042                RemoveByLength
                0x80085d36                CheckStringOutputArrayIndex
                0x80086ee2                WriteLongIntegerArray
                0x8008776a                InitRampInfoStructArray
                0x80085f7c                HighWord
                0x80082878                ResizeString
                0x80086c5e                IsDirectory
                0x80084810                ReadLongIntegerArray
                0x80085f6e                Low
                0x80083a1c                Gather
                0x80086c06                MakeUpper
                0x8008566c                InitStringStruct
                0x80087656                CheckStringArrayBounds
                0x8008639c                CheckDenominator
                0x80087872                hextoi
                0x80084f94                WriteStringArray
                0x80085e5e                SetByte
                0x80087714                InitializeRampInfo
                0x80087ab0                UnLockInputSema
                0x80086dd8                WriteSignedLongInteger
                0x8008575e                InitNvramStringStruct
 *fill*         0x80087cd6        0xa
                0x80087ce0                .=ALIGN(0x10)
 *(.eh_frame)
                0x80087ce0                .=ALIGN(0x10)
 *(.gnu.linkonce.t.*)
                0x80087ce0                .=ALIGN(0x4)
                0x80087ce0                __CTOR_LIST__=.
                0x80087ce0                ___CTOR_LIST__=.
                0x80087ce0        0x4 LONG 0x0 (((__CTOR_END__-__CTOR_LIST__)/0x4)-0x2)
 *(.ctors)
                0x80087ce4        0x4 LONG 0x0
                0x80087ce8                __CTOR_END__=.
                0x80087ce8                __DTOR_LIST__=.
                0x80087ce8                ___DTOR_LIST__=.
                0x80087ce8        0x4 LONG 0x0 (((__DTOR_END__-__DTOR_LIST__)/0x4)-0x2)
 *(.dtors)
                0x80087cec        0x4 LONG 0x0
                0x80087cf0                __DTOR_END__=.
 *(.rodata)
 .rodata        0x80087cf0      0x23b S2_String_Check.o
 .rodata        0x80087f2b      0x2f5 S2_MPS_Text_Centering.o
 .rodata        0x80088220      0x3fb S2_Knob_Acceleration__Pkt_.o
 .rodata        0x8008861b      0x687 S2_DMPS_Text_Router_v1_0.o
 .rodata        0x80088ca2     0x2b1d S2_DMPS_Installer_Tools_v1_13.o
 .rodata        0x8008b7bf      0x3b7 S2_APAD_Long_Text_Edit.o
 .rodata        0x8008bb76      0x457 S2_UserProgCmd_Interface_v1_0.o
 .rodata        0x8008bfcd      0x24a S2_UserProgCmd_Interface_Serial_To_Analog_v1_0.o
 .rodata        0x8008c217      0x814 S2_DMPS_System_Info_V1_0_2.o
 .rodata        0x8008ca2b      0x38d S2_Single_Line_Scroller_v1_2.o
 .rodata        0x8008cdb8      0x261 S2_IP_Address_Edit_with_Up_Down.o
 .rodata        0x8008d019      0x2de S2_IP_Address_Edit_Acceleration.o
 .rodata        0x8008d2f7      0x2d2 S2_DMPS_Analog_To_String_Conversion_v1_1.o
 .rodata        0x8008d5c9      0x23b S2_DMPS_String_to_Analog_Conversion_v1_1.o
 .rodata        0x8008d804      0x836 S2_NTP_Time_Sync_v1_0.o
 .rodata        0x8008e03a      0x310 S2_Panasonic_PT_FW300NT_v1_0_Processor.o
 .rodata        0x8008e34a      0x2c7 S2_WolfVision_Eye_12_TCP_IP_Queue_v1_0.o
 .rodata        0x8008e611      0x40d S2_RVSE2_Device_Usage_Que_v1_1a_.o
 .rodata        0x8008ea1e      0x31d S2_RVSE_Device_Usage_v2_1_.o
 .rodata        0x8008ed3b      0x24c S2_Analog_to_Number.o
 .rodata        0x8008ef87      0x66d S2_Biamp_Tesira_Command_Processor_v1_7.o
 .rodata        0x8008f5f4      0x8e8 S2_Biamp_Tesira_Level_Control_v1_7.o
 .rodata        0x8008fedc      0x6cc S2_Biamp_Tesira_State_Control_v1_7.o
 .rodata        0x800905a8      0x362 S2_Vaddio_RoboSHOT_30_v1_0_Processor.o
 .rodata        0x8009090a      0xc54 library.o
 *(.gcc_except_table)
                0x8009155e                .=ALIGN(0x2)
                0x8009155e                __INIT_SECTION__=.
                0x8009155e        0x4 LONG 0x4e560000
 *(.init)
                0x80091562        0x2 SHORT 0x4e5e
                0x80091564        0x2 SHORT 0x4e75
                0x80091566                __FINI_SECTION__=.
                0x80091566        0x4 LONG 0x4e560000
 *(.fini)
                0x8009156a        0x2 SHORT 0x4e5e
                0x8009156c        0x2 SHORT 0x4e75
 *(.lit)
 *fill*         0x8009156e        0x2
                0x80091570                .=ALIGN(0x10)
                0x80091570                _etext=.
                0x80091570                etext=.

.data           0x80091570        0x0
                0x80091570                copy_start=.
 *(.shdata)
 *(.data)
 *(.gnu.linkonce.d.*)
                0x80091570                .=ALIGN(0x10)
                0x80091570                _edata=.
                0x80091570                copy_end=.

.got
 *(.got.plt)
 *(.got)

EntryList       0x80091570     0x1980
 *(EntryList)
 EntryList      0x80091570      0x110 S2_String_Check.o
                0x80091570                S2_String_Check_Entry
 EntryList      0x80091680      0x110 S2_MPS_Text_Centering.o
                0x80091680                S2_MPS_Text_Centering_Entry
 EntryList      0x80091790      0x110 S2_Knob_Acceleration__Pkt_.o
                0x80091790                S2_Knob_Acceleration__Pkt__Entry
 EntryList      0x800918a0      0x110 S2_DMPS_Text_Router_v1_0.o
                0x800918a0                S2_DMPS_Text_Router_v1_0_Entry
 EntryList      0x800919b0      0x110 S2_DMPS_Installer_Tools_v1_13.o
                0x800919b0                S2_DMPS_Installer_Tools_v1_13_Entry
 EntryList      0x80091ac0      0x110 S2_APAD_Long_Text_Edit.o
                0x80091ac0                S2_APAD_Long_Text_Edit_Entry
 EntryList      0x80091bd0      0x110 S2_UserProgCmd_Interface_v1_0.o
                0x80091bd0                S2_UserProgCmd_Interface_v1_0_Entry
 EntryList      0x80091ce0      0x110 S2_UserProgCmd_Interface_Serial_To_Analog_v1_0.o
                0x80091ce0                S2_UserProgCmd_Interface_Serial_To_Analog_v1_0_Entry
 EntryList      0x80091df0      0x110 S2_DMPS_System_Info_V1_0_2.o
                0x80091df0                S2_DMPS_System_Info_V1_0_2_Entry
 EntryList      0x80091f00      0x110 S2_Single_Line_Scroller_v1_2.o
                0x80091f00                S2_Single_Line_Scroller_v1_2_Entry
 EntryList      0x80092010      0x110 S2_IP_Address_Edit_with_Up_Down.o
                0x80092010                S2_IP_Address_Edit_with_Up_Down_Entry
 EntryList      0x80092120      0x110 S2_IP_Address_Edit_Acceleration.o
                0x80092120                S2_IP_Address_Edit_Acceleration_Entry
 EntryList      0x80092230      0x110 S2_DMPS_Analog_To_String_Conversion_v1_1.o
                0x80092230                S2_DMPS_Analog_To_String_Conversion_v1_1_Entry
 EntryList      0x80092340      0x110 S2_DMPS_String_to_Analog_Conversion_v1_1.o
                0x80092340                S2_DMPS_String_to_Analog_Conversion_v1_1_Entry
 EntryList      0x80092450      0x110 S2_NTP_Time_Sync_v1_0.o
                0x80092450                S2_NTP_Time_Sync_v1_0_Entry
 EntryList      0x80092560      0x110 S2_Panasonic_PT_FW300NT_v1_0_Processor.o
                0x80092560                S2_Panasonic_PT_FW300NT_v1_0_Processor_Entry
 EntryList      0x80092670      0x110 S2_WolfVision_Eye_12_TCP_IP_Queue_v1_0.o
                0x80092670                S2_WolfVision_Eye_12_TCP_IP_Queue_v1_0_Entry
 EntryList      0x80092780      0x110 S2_RVSE2_Device_Usage_Que_v1_1a_.o
                0x80092780                S2_RVSE2_Device_Usage_Que_v1_1a__Entry
 EntryList      0x80092890      0x110 S2_RVSE_Device_Usage_v2_1_.o
                0x80092890                S2_RVSE_Device_Usage_v2_1__Entry
 EntryList      0x800929a0      0x110 S2_Analog_to_Number.o
                0x800929a0                S2_Analog_to_Number_Entry
 EntryList      0x80092ab0      0x110 S2_Biamp_Tesira_Command_Processor_v1_7.o
                0x80092ab0                S2_Biamp_Tesira_Command_Processor_v1_7_Entry
 EntryList      0x80092bc0      0x110 S2_Biamp_Tesira_Level_Control_v1_7.o
                0x80092bc0                S2_Biamp_Tesira_Level_Control_v1_7_Entry
 EntryList      0x80092cd0      0x110 S2_Biamp_Tesira_State_Control_v1_7.o
                0x80092cd0                S2_Biamp_Tesira_State_Control_v1_7_Entry
 EntryList      0x80092de0      0x110 S2_Vaddio_RoboSHOT_30_v1_0_Processor.o
                0x80092de0                S2_Vaddio_RoboSHOT_30_v1_0_Processor_Entry
                0x80092ef0                .=ALIGN(0x4)

FunctionList    0x80092ef0        0x4
 *(FunctionList)
 FunctionList   0x80092ef0        0x4 globals.o
                0x80092ef0                g_pFunctions
                0x80092ef4                .=ALIGN(0x4)

.bss            0x80092ef4        0x0
                0x80092ef4                .=ALIGN(0x4)
                0x80092ef4                __bss_start=.
 *(.shbss)
 *(.bss)
 *(COMMON)
                0x80092ef8                _end=ALIGN(0x8)
                0x80092ef8                __end=_end

.stab
 *(.stab)

.stabstr
 *(.stabstr)

.debug
 *(.debug)

.line
 *(.line)

.debug_srcinfo
 *(.debug_srcinfo)

.debug_sfnames
 *(.debug_sfnames)

.debug_aranges
 *(.debug_aranges)

.debug_pubnames
 *(.debug_pubnames)

.debug_info
 *(.debug_info)

.debug_abbrev
 *(.debug_abbrev)

.debug_line
 *(.debug_line)

.debug_frame
 *(.debug_frame)

.debug_str
 *(.debug_str)

.debug_loc
 *(.debug_loc)

.debug_macinfo
 *(.debug_macinfo)

.debug_weaknames
 *(.debug_weaknames)

.debug_funcnames
 *(.debug_funcnames)

.debug_typenames
 *(.debug_typenames)

.debug_varnames
 *(.debug_varnames)
LOAD S2_String_Check.o
LOAD S2_MPS_Text_Centering.o
LOAD S2_Knob_Acceleration__Pkt_.o
LOAD S2_DMPS_Text_Router_v1_0.o
LOAD S2_DMPS_Installer_Tools_v1_13.o
LOAD S2_APAD_Long_Text_Edit.o
LOAD S2_UserProgCmd_Interface_v1_0.o
LOAD S2_UserProgCmd_Interface_Serial_To_Analog_v1_0.o
LOAD S2_DMPS_System_Info_V1_0_2.o
LOAD S2_Single_Line_Scroller_v1_2.o
LOAD S2_IP_Address_Edit_with_Up_Down.o
LOAD S2_IP_Address_Edit_Acceleration.o
LOAD S2_DMPS_Analog_To_String_Conversion_v1_1.o
LOAD S2_DMPS_String_to_Analog_Conversion_v1_1.o
LOAD S2_NTP_Time_Sync_v1_0.o
LOAD S2_Panasonic_PT_FW300NT_v1_0_Processor.o
LOAD S2_WolfVision_Eye_12_TCP_IP_Queue_v1_0.o
LOAD S2_RVSE2_Device_Usage_Que_v1_1a_.o
LOAD S2_RVSE_Device_Usage_v2_1_.o
LOAD S2_Analog_to_Number.o
LOAD S2_Biamp_Tesira_Command_Processor_v1_7.o
LOAD S2_Biamp_Tesira_Level_Control_v1_7.o
LOAD S2_Biamp_Tesira_State_Control_v1_7.o
LOAD S2_Vaddio_RoboSHOT_30_v1_0_Processor.o
LOAD globals.o
LOAD library.o
OUTPUT(_S2_VB0116_20191025_DMB.spl elf32-m68k)

.comment        0x80092ef4      0x3dc
 .comment       0x80092ef4       0x26 S2_String_Check.o
 .comment       0x80092f1a       0x26 S2_MPS_Text_Centering.o
 .comment       0x80092f40       0x26 S2_Knob_Acceleration__Pkt_.o
 .comment       0x80092f66       0x26 S2_DMPS_Text_Router_v1_0.o
 .comment       0x80092f8c       0x26 S2_DMPS_Installer_Tools_v1_13.o
 .comment       0x80092fb2       0x26 S2_APAD_Long_Text_Edit.o
 .comment       0x80092fd8       0x26 S2_UserProgCmd_Interface_v1_0.o
 .comment       0x80092ffe       0x26 S2_UserProgCmd_Interface_Serial_To_Analog_v1_0.o
 .comment       0x80093024       0x26 S2_DMPS_System_Info_V1_0_2.o
 .comment       0x8009304a       0x26 S2_Single_Line_Scroller_v1_2.o
 .comment       0x80093070       0x26 S2_IP_Address_Edit_with_Up_Down.o
 .comment       0x80093096       0x26 S2_IP_Address_Edit_Acceleration.o
 .comment       0x800930bc       0x26 S2_DMPS_Analog_To_String_Conversion_v1_1.o
 .comment       0x800930e2       0x26 S2_DMPS_String_to_Analog_Conversion_v1_1.o
 .comment       0x80093108       0x26 S2_NTP_Time_Sync_v1_0.o
 .comment       0x8009312e       0x26 S2_Panasonic_PT_FW300NT_v1_0_Processor.o
 .comment       0x80093154       0x26 S2_WolfVision_Eye_12_TCP_IP_Queue_v1_0.o
 .comment       0x8009317a       0x26 S2_RVSE2_Device_Usage_Que_v1_1a_.o
 .comment       0x800931a0       0x26 S2_RVSE_Device_Usage_v2_1_.o
 .comment       0x800931c6       0x26 S2_Analog_to_Number.o
 .comment       0x800931ec       0x26 S2_Biamp_Tesira_Command_Processor_v1_7.o
 .comment       0x80093212       0x26 S2_Biamp_Tesira_Level_Control_v1_7.o
 .comment       0x80093238       0x26 S2_Biamp_Tesira_State_Control_v1_7.o
 .comment       0x8009325e       0x26 S2_Vaddio_RoboSHOT_30_v1_0_Processor.o
 .comment       0x80093284       0x26 globals.o
 .comment       0x800932aa       0x26 library.o
